******************************************************************************
               TMS320C6x Linker PC v7.4.24                     
******************************************************************************
>> Linked Fri Dec 26 15:22:00 2025

OUTPUT FILE NAME:   <current_control_ver2_new.out>
ENTRY POINT SYMBOL: "_c_int00"  address: 0c041400


MEMORY CONFIGURATION

         name            origin    length      used     unused   attr    fill
----------------------  --------  ---------  --------  --------  ----  --------
  IPC_ISR_REG           02620244   00000004  00000000  00000004  RWIX
  DDR3_INIT_CODE        0c000000   00018000  00000000  00018000  RW X
  USER_SRAM_1_4         0c018000   000e8000  0002cc0c  000bb3f4  RWIX
  KNL0_SRAM_1_4         10800000   000fff80  00000000  000fff80  RWIX
  KNL0_BOOT_AREA        108fff80   0000007c  00000000  0000007c  RWIX
  KNL0_MAGIC_ADDRESS    108ffffc   00000004  00000000  00000004  RWIX
  CTRL_PARAS            11800000   00000100  00000000  00000100  RWIX
  KNL1_SRAM_1_2         11800100   0003ff00  00000000  0003ff00  RWIX
  CSL_INTC              11840000   00010000  00000000  00010000  RWIX
  USER_MAGIC_ADDRESS    118fff80   00000004  00000000  00000004  R   
  KNL1_BOOT_AREA        118fff84   00000078  00000000  00000078  RWIX
  KNL1_MAGIC_ADDRESS    118ffffc   00000004  00000000  00000004  RWIX
  USER_SRAM_2_4         11e00000   00008000  000033e0  00004c20  RWIX
  USER_SRAM_3_4         11f00000   00008000  00004e3c  000031c4  RWIX
  TI_BOOT_ROM           20b00000   00020000  00000000  00020000  RWIX
  KNL0_SRAM_2_4         80000000   000fe000  00000000  000fe000  RWIX
  USER_SRAM_4_4         80100000   01800000  00000000  01800000  RWIX
  KNL0_SRAM_3_4         82000000   0d000000  00000000  0d000000  RWIX
  KNL0_SRAM_4_4         8f000000   01000000  00000000  01000000  RWIX
  KNL1_SRAM_2_2         90000000   10000000  00000000  10000000  RWIX


SEGMENT ALLOCATION MAP

run origin  load origin   length   init length attrs members
----------  ----------- ---------- ----------- ----- -------
0c018000    0c018000    00029b40   00029b40    r-x
  0c018000    0c018000    00029b40   00029b40    r-x .text
0c041b40    0c041b40    00000b2c   00000b2c    rw-
  0c041b40    0c041b40    00000b2c   00000b2c    rw- .fardata
0c042680    0c042680    00000098   00000098    r--
  0c042680    0c042680    00000098   00000098    r-- .const
0c042718    0c042718    00000058   00000000    rw-
  0c042718    0c042718    00000058   00000000    rw- .far
0c042780    0c042780    00000010   00000010    r--
  0c042780    0c042780    00000010   00000010    r-- .switch
0c042800    0c042800    000024a0   000024a0    r--
  0c042800    0c042800    000024a0   000024a0    r-- .cinit
11e00000    11e00000    000033e0   000033e0    r-x
  11e00000    11e00000    000033e0   000033e0    r-x .text_2
11f00000    11f00000    000022b8   000022b8    rw-
  11f00000    11f00000    000022b8   000022b8    rw- .data_2
11f02300    11f02300    00002400   00001400    rw-
  11f02300    11f02300    00001400   00001400    rw- .DATA_ON_HIGHER_SPEED
  11f03700    11f03700    00001000   00000000    rw- .stack
11f04700    11f04700    00000784   0000042c    rw-
  11f04700    11f04700    0000042c   0000042c    rw- .neardata
  11f04b2c    11f04b2c    00000358   00000000    rw- .bss


SECTION ALLOCATION MAP

 output                                  attributes/
section   page    origin      length       input sections
--------  ----  ----------  ----------   ----------------
.text      0    0c018000    00029b40     
                  0c018000    0001fc40     current_control_ver2_new.obj (.text)
                  0c037c40    000044c0     current_control_ver2_new.obj (.text:retain)
                  0c03c100    00000b20     enc.obj (.text)
                  0c03cc20    00000700     rts6600_elf.lib : pow.obj (.text:pow)
                  0c03d320    000006c0     mwio4.lib : mw_i2c_eeprom.obj (.text)
                  0c03d9e0    000005e0     rts6600_elf.lib : powf.obj (.text:powf)
                  0c03dfc0    000005c0                     : divd.obj (.text:__c6xabi_divd)
                  0c03e580    000003c0     mwio4.lib : mw_spi.obj (.text)
                  0c03e940    00000360               : mw_flash.obj (.text)
                  0c03eca0    00000340               : mw_platform.obj (.text)
                  0c03efe0    000002c0     rts6600_elf.lib : cos.obj (.text:cos)
                  0c03f2a0    00000280                     : divf.obj (.text:__c6xabi_divf)
                  0c03f520    00000280                     : sin.obj (.text:sin)
                  0c03f7a0    00000240     mwio4.lib : FPGA_LIB.obj (.text)
                  0c03f9e0    00000200               : IPFPGA_LIB.obj (.text)
                  0c03fbe0    000001e0     rts6600_elf.lib : acos.obj (.text:acos)
                  0c03fdc0    000001c0                     : atan.obj (.text:atan)
                  0c03ff80    000001a0                     : expf.obj (.text:expf)
                  0c040120    00000180                     : copy_decompress_rle.obj (.text:__TI_decompress_rle_core)
                  0c0402a0    00000180                     : atan2.obj (.text:atan2)
                  0c040420    00000180                     : frexp.obj (.text:frexp)
                  0c0405a0    00000160                     : frexpf.obj (.text:frexpf)
                  0c040700    00000160                     : ldexp.obj (.text:ldexp)
                  0c040860    00000160                     : ldexpf.obj (.text:ldexpf)
                  0c0409c0    00000160                     : sqrt.obj (.text:sqrt)
                  0c040b20    00000100                     : autoinit.obj (.text:_auto_init_elf)
                  0c040c20    00000100                     : cpy_tbl.obj (.text:copy_in)
                  0c040d20    000000e0                     : divi.obj (.text:__divi)
                  0c040e00    000000e0                     : memset.obj (.text:memset)
                  0c040ee0    000000c0                     : divu.obj (.text:__divu)
                  0c040fa0    000000c0                     : exit.obj (.text:exit)
                  0c041060    000000c0                     : tls.obj (.text:tls:init:__TI_tls_init)
                  0c041120    000000a0                     : round.obj (.text:__c6xabi_nround)
                  0c0411c0    000000a0                     : memcpy64.obj (.text:memcpy)
                  0c041260    000000a0                     : modf.obj (.text:modf)
                  0c041300    00000080                     : fixdu.obj (.text:__c6xabi_fixdu)
                  0c041380    00000080                     : roundf.obj (.text:__c6xabi_roundf)
                  0c041400    00000080                     : boot.obj (.text:_c_int00)
                  0c041480    00000080     mwio4.lib : PEV_LIB.obj (.text)
                  0c041500    00000080               : mw_i2c.obj (.text)
                  0c041580    00000060     rts6600_elf.lib : cpp_init.obj (.text:__TI_cpp_init)
                  0c0415e0    00000060                     : frcmpyd_div.obj (.text:__c6xabi_frcmpyd_div)
                  0c041640    00000060                     : llshift.obj (.text:__c6xabi_llshru)
                  0c0416a0    00000060                     : modff.obj (.text:modff)
                  0c041700    00000040                     : args_main.obj (.text:_args_main)
                  0c041740    00000020     ti.csl.ae66 : csl_gpioGetBaseAddress.oe66 (.text:CSL_GPIO_open)
                  0c041760    00000020     Main.obj (.text)
                  0c041780    00000020     rts6600_elf.lib : errno.obj (.text:__c6xabi_errno_addr)
                  0c0417a0    00000020                     : trunc.obj (.text:__c6xabi_trunc)
                  0c0417c0    00000020                     : truncf.obj (.text:__c6xabi_truncf)
                  0c0417e0    00000020                     : exit.obj (.text:abort)
                  0c041800    00000020                     : copy_decompress_none.obj (.text:decompress:none:__TI_decompress_none)
                  0c041820    00000020                     : copy_decompress_rle.obj (.text:decompress:rle24:__TI_decompress_rle24)
                  0c041840    00000010     mwio4.lib : EMIF16.obj ($Tramp$S$$EMF_EnableIntr_s32)
                  0c041850    00000010               : gpio_int.obj ($Tramp$S$$GPI_init_vo)
                  0c041860    00000010               : mwintc.obj ($Tramp$S$$mwintc_setupApp)
                  0c041870    00000010               : PEV_INV_LIB.obj ($Tramp$S$$PEV_ad_set_offset)
                  0c041880    00000010               : EMIF16.obj ($Tramp$S$$EMF_Read_s32)
                  0c041890    00000010               : EMIF16.obj ($Tramp$S$$EMF_ReadFpgaBoard_s32)
                  0c0418a0    00000010               : EMIF16.obj ($Tramp$S$$EMF_Write2_s32)
                  0c0418b0    00000010               : gpio_int.obj ($Tramp$S$$GPI_int_ack_vo)
                  0c0418c0    00000010               : timer_lib.obj ($Tramp$S$$C6657_timer2_read)
                  0c0418d0    00000010               : timer_lib.obj ($Tramp$S$$C6657_timer1_read)
                  0c0418e0    00000010               : timer_lib.obj ($Tramp$S$$C6657_timer1_start)
                  0c0418f0    00000010               : timer_lib.obj ($Tramp$S$$C6657_timer1_clear)
                  0c041900    00000010               : timer_lib.obj ($Tramp$S$$C6657_timer0_read)
                  0c041910    00000010               : timer_lib.obj ($Tramp$S$$C6657_timer0_start)
                  0c041920    00000010               : timer_lib.obj ($Tramp$S$$C6657_timer0_clear)
                  0c041930    00000010               : timer_lib.obj ($Tramp$S$$C6657_timer1_stop)
                  0c041940    00000010               : timer_lib.obj ($Tramp$S$$C6657_timer0_stop)
                  0c041950    00000010               : timer_lib.obj ($Tramp$S$$C6657_timer2_start)
                  0c041960    00000010               : timer_lib.obj ($Tramp$S$$C6657_timer2_clear)
                  0c041970    00000010               : timer_lib.obj ($Tramp$S$$C6657_timer2_stop)
                  0c041980    00000010               : PEV_INV_LIB.obj ($Tramp$S$$PEV_inverter_start_pwm)
                  0c041990    00000010               : timer_lib.obj ($Tramp$S$$C6657_timer2_disable_int)
                  0c0419a0    00000010               : timer_lib.obj ($Tramp$S$$C6657_timer1_disable_int)
                  0c0419b0    00000010               : timer_lib.obj ($Tramp$S$$C6657_timer0_disable_int)
                  0c0419c0    00000010               : PEV_INV_LIB.obj ($Tramp$S$$PEV_ad_disable_int)
                  0c0419d0    00000010               : mwintc.obj ($Tramp$S$$IRQ_globalEnable)
                  0c0419e0    00000010               : timer_lib.obj ($Tramp$S$$C6657_timer2_init)
                  0c0419f0    00000010               : timer_lib.obj ($Tramp$S$$C6657_timer1_init)
                  0c041a00    00000010               : timer_lib.obj ($Tramp$S$$C6657_timer0_init)
                  0c041a10    00000010               : PEV_INV_LIB.obj ($Tramp$S$$PEV_inverter_control_break)
                  0c041a20    00000010               : PEV_INV_LIB.obj ($Tramp$S$$PEV_inverter_enable_int)
                  0c041a30    00000010               : PEV_INV_LIB.obj ($Tramp$S$$PEV_inverter_init_refload_timing)
                  0c041a40    00000010               : PEV_INV_LIB.obj ($Tramp$S$$PEV_inverter_init_adtrig_timing)
                  0c041a50    00000010               : PEV_INV_LIB.obj ($Tramp$S$$PEV_inverter_set_uvw)
                  0c041a60    00000010               : PEV_INV_LIB.obj ($Tramp$S$$PEV_ad_set_mode)
                  0c041a70    00000010               : PEV_INV_LIB.obj ($Tramp$S$$PEV_ad_set_range)
                  0c041a80    00000010               : PEV_INV_LIB.obj ($Tramp$S$$PEV_sync_pwm_out)
                  0c041a90    00000010               : PEV_INV_LIB.obj ($Tramp$S$$PEV_sync_pwm_init)
                  0c041aa0    00000010               : PEV_INV_LIB.obj ($Tramp$S$$PEV_sync_ad_out)
                  0c041ab0    00000010               : PEV_INV_LIB.obj ($Tramp$S$$PEV_sync_ad_init)
                  0c041ac0    00000010               : PEV_INV_LIB.obj ($Tramp$S$$PEV_inverter_init)
                  0c041ad0    00000010               : gpio_int.obj ($Tramp$S$$GPI_enable_int_vo)
                  0c041ae0    00000010               : gpio_int.obj ($Tramp$S$$GPI_setVector_vo)
                  0c041af0    00000010               : PEV_INV_LIB.obj ($Tramp$S$$PEV_int_init)
                  0c041b00    00000010               : mwintc.obj ($Tramp$S$$IRQ_globalDisable)
                  0c041b10    00000010               : PEV_INV_LIB.obj ($Tramp$S$$PEV_ad_in_grp)
                  0c041b20    00000010               : PEV_INV_LIB.obj ($Tramp$S$$PEV_ad_in_st)
                  0c041b30    00000010               : PEV_INV_LIB.obj ($Tramp$S$$PEV_inverter_set_uvw_br)

.fardata   0    0c041b40    00000b2c     
                  0c041b40    00000120     current_control_ver2_new.obj (.fardata:sen)
                  0c041c60    000000a8     mwio4.lib : mw_platform.obj (.fardata)
                  0c041d08    00000088     rts6600_elf.lib : pow.obj (.fardata:A1$1)
                  0c041d90    00000084     current_control_ver2_new.obj (.fardata:LPF_cmd)
                  0c041e14    00000004     rts6600_elf.lib : errno.obj (.fardata)
                  0c041e18    00000084     current_control_ver2_new.obj (.fardata:LPF_motor)
                  0c041e9c    00000004     --HOLE--
                  0c041ea0    00000060     rts6600_elf.lib : acos.obj (.fardata:asin_consts$1)
                  0c041f00    00000048     current_control_ver2_new.obj (.fardata:d_current)
                  0c041f48    00000048     current_control_ver2_new.obj (.fardata:position)
                  0c041f90    00000048     current_control_ver2_new.obj (.fardata:q_current)
                  0c041fd8    00000048     current_control_ver2_new.obj (.fardata:velocity)
                  0c042020    00000044     rts6600_elf.lib : powf.obj (.fardata:A1$1)
                  0c042064    00000004     --HOLE--
                  0c042068    00000040                     : pow.obj (.fardata:A2$2)
                  0c0420a8    00000040                     : cos.obj (.fardata:R$1)
                  0c0420e8    00000040                     : sin.obj (.fardata:R$1)
                  0c042128    00000040                     : atan.obj (.fardata:arctan_consts$1)
                  0c042168    00000038                     : pow.obj (.fardata:Q$4)
                  0c0421a0    00000024     current_control_ver2_new.obj (.fardata:J$137)
                  0c0421c4    00000004     --HOLE--
                  0c0421c8    00000020     rts6600_elf.lib : atan.obj (.fardata:A$2)
                  0c0421e8    00000020                     : powf.obj (.fardata:A2$2)
                  0c042208    00000020                     : pow.obj (.fardata:P$3)
                  0c042228    00000020     current_control_ver2_new.obj (.fardata:range)
                  0c042248    0000001c     rts6600_elf.lib : expf.obj (.fardata:exp_consts$1)
                  0c042264    00000004     --HOLE--
                  0c042268    0000000c                     : powf.obj (.fardata:Q$4)
                  0c042274    00000004     --HOLE--
                  0c042278    0000000c     current_control_ver2_new.obj (.fardata:Vdc_mean$218)
                  0c042284    00000004     --HOLE--
                  0c042288    0000000c     current_control_ver2_new.obj (.fardata:Vdc_sum$217)
                  0c042294    00000004     --HOLE--
                  0c042298    0000000c     current_control_ver2_new.obj (.fardata:counter$216)
                  0c0422a4    00000004     --HOLE--
                  0c0422a8    0000000c     current_control_ver2_new.obj (.fardata:est_Qs_Z$27)
                  0c0422b4    00000004     --HOLE--
                  0c0422b8    0000000c     current_control_ver2_new.obj (.fardata:est_Qs_Z1$24)
                  0c0422c4    00000004     --HOLE--
                  0c0422c8    0000000c     current_control_ver2_new.obj (.fardata:est_wL_Z$28)
                  0c0422d4    00000004     --HOLE--
                  0c0422d8    0000000c     current_control_ver2_new.obj (.fardata:est_wL_Z1$25)
                  0c0422e4    00000004     --HOLE--
                  0c0422e8    0000000c     current_control_ver2_new.obj (.fardata:est_wM_Z$26)
                  0c0422f4    00000004     --HOLE--
                  0c0422f8    0000000c     current_control_ver2_new.obj (.fardata:est_wM_Z1$23)
                  0c042304    00000004     --HOLE--
                  0c042308    0000000c     current_control_ver2_new.obj (.fardata:goalZ$105)
                  0c042314    00000004     --HOLE--
                  0c042318    0000000c     current_control_ver2_new.obj (.fardata:goalZ$84)
                  0c042324    00000004     --HOLE--
                  0c042328    0000000c     current_control_ver2_new.obj (.fardata:goalZ$96)
                  0c042334    00000004     --HOLE--
                  0c042338    0000000c     current_control_ver2_new.obj (.fardata:hand_cmd$3)
                  0c042344    00000004     --HOLE--
                  0c042348    0000000c     current_control_ver2_new.obj (.fardata:hand_vel$4)
                  0c042354    00000004     --HOLE--
                  0c042358    0000000c     current_control_ver2_new.obj (.fardata:joint_cmd$5)
                  0c042364    00000004     --HOLE--
                  0c042368    0000000c     current_control_ver2_new.obj (.fardata:loop_count_num$188)
                  0c042374    00000004     --HOLE--
                  0c042378    0000000c     current_control_ver2_new.obj (.fardata:m_Z$208)
                  0c042384    00000004     --HOLE--
                  0c042388    0000000c     current_control_ver2_new.obj (.fardata:m_Z1$215)
                  0c042394    00000004     --HOLE--
                  0c042398    0000000c     current_control_ver2_new.obj (.fardata:motor_cmd$6)
                  0c0423a4    00000004     --HOLE--
                  0c0423a8    0000000c     current_control_ver2_new.obj (.fardata:motor_cmd_init$8)
                  0c0423b4    00000004     --HOLE--
                  0c0423b8    0000000c     current_control_ver2_new.obj (.fardata:motor_vel_cmd$7)
                  0c0423c4    00000004     --HOLE--
                  0c0423c8    0000000c     current_control_ver2_new.obj (.fardata:n_Z$207)
                  0c0423d4    00000004     --HOLE--
                  0c0423d8    0000000c     current_control_ver2_new.obj (.fardata:n_Z1$214)
                  0c0423e4    00000004     --HOLE--
                  0c0423e8    0000000c     current_control_ver2_new.obj (.fardata:p1$136)
                  0c0423f4    00000004     --HOLE--
                  0c0423f8    0000000c     current_control_ver2_new.obj (.fardata:ql_Z$194)
                  0c042404    00000004     --HOLE--
                  0c042408    0000000c     current_control_ver2_new.obj (.fardata:ql_Z$206)
                  0c042414    00000004     --HOLE--
                  0c042418    0000000c     current_control_ver2_new.obj (.fardata:ql_Z1$200)
                  0c042424    00000004     --HOLE--
                  0c042428    0000000c     current_control_ver2_new.obj (.fardata:ql_Z1$213)
                  0c042434    00000004     --HOLE--
                  0c042438    0000000c     current_control_ver2_new.obj (.fardata:qm_Z$191)
                  0c042444    00000004     --HOLE--
                  0c042448    0000000c     current_control_ver2_new.obj (.fardata:qm_Z$203)
                  0c042454    00000004     --HOLE--
                  0c042458    0000000c     current_control_ver2_new.obj (.fardata:qm_Z1$197)
                  0c042464    00000004     --HOLE--
                  0c042468    0000000c     current_control_ver2_new.obj (.fardata:qm_Z1$210)
                  0c042474    00000004     --HOLE--
                  0c042478    0000000c     current_control_ver2_new.obj (.fardata:qm_prev$187)
                  0c042484    00000004     --HOLE--
                  0c042488    0000000c     current_control_ver2_new.obj (.fardata:qs_Z$192)
                  0c042494    00000004     --HOLE--
                  0c042498    0000000c     current_control_ver2_new.obj (.fardata:qs_Z$204)
                  0c0424a4    00000004     --HOLE--
                  0c0424a8    0000000c     current_control_ver2_new.obj (.fardata:qs_Z$30)
                  0c0424b4    00000004     --HOLE--
                  0c0424b8    0000000c     current_control_ver2_new.obj (.fardata:qs_Z$36)
                  0c0424c4    00000004     --HOLE--
                  0c0424c8    0000000c     current_control_ver2_new.obj (.fardata:qs_Z1$198)
                  0c0424d4    00000004     --HOLE--
                  0c0424d8    0000000c     current_control_ver2_new.obj (.fardata:qs_Z1$211)
                  0c0424e4    00000004     --HOLE--
                  0c0424e8    0000000c     current_control_ver2_new.obj (.fardata:qs_Z1$33)
                  0c0424f4    00000004     --HOLE--
                  0c0424f8    0000000c     current_control_ver2_new.obj (.fardata:qs_Z1$39)
                  0c042504    0000000c     rts6600_elf.lib : exit.obj (.fardata)
                  0c042510    0000000c     current_control_ver2_new.obj (.fardata:sign_invers$189)
                  0c04251c    00000004     --HOLE--
                  0c042520    0000000c     current_control_ver2_new.obj (.fardata:start_hand)
                  0c04252c    00000004     --HOLE--
                  0c042530    0000000c     current_control_ver2_new.obj (.fardata:wl_Z$193)
                  0c04253c    00000004     --HOLE--
                  0c042540    0000000c     current_control_ver2_new.obj (.fardata:wl_Z$205)
                  0c04254c    00000004     --HOLE--
                  0c042550    0000000c     current_control_ver2_new.obj (.fardata:wl_Z$31)
                  0c04255c    00000004     --HOLE--
                  0c042560    0000000c     current_control_ver2_new.obj (.fardata:wl_Z$37)
                  0c04256c    00000004     --HOLE--
                  0c042570    0000000c     current_control_ver2_new.obj (.fardata:wl_Z1$199)
                  0c04257c    00000004     --HOLE--
                  0c042580    0000000c     current_control_ver2_new.obj (.fardata:wl_Z1$212)
                  0c04258c    00000004     --HOLE--
                  0c042590    0000000c     current_control_ver2_new.obj (.fardata:wl_Z1$34)
                  0c04259c    00000004     --HOLE--
                  0c0425a0    0000000c     current_control_ver2_new.obj (.fardata:wl_Z1$40)
                  0c0425ac    00000004     --HOLE--
                  0c0425b0    0000000c     current_control_ver2_new.obj (.fardata:wm_Z$190)
                  0c0425bc    00000004     --HOLE--
                  0c0425c0    0000000c     current_control_ver2_new.obj (.fardata:wm_Z$202)
                  0c0425cc    00000004     --HOLE--
                  0c0425d0    0000000c     current_control_ver2_new.obj (.fardata:wm_Z$29)
                  0c0425dc    00000004     --HOLE--
                  0c0425e0    0000000c     current_control_ver2_new.obj (.fardata:wm_Z$35)
                  0c0425ec    00000004     --HOLE--
                  0c0425f0    0000000c     current_control_ver2_new.obj (.fardata:wm_Z1$196)
                  0c0425fc    00000004     --HOLE--
                  0c042600    0000000c     current_control_ver2_new.obj (.fardata:wm_Z1$209)
                  0c04260c    00000004     --HOLE--
                  0c042610    0000000c     current_control_ver2_new.obj (.fardata:wm_Z1$32)
                  0c04261c    00000004     --HOLE--
                  0c042620    0000000c     current_control_ver2_new.obj (.fardata:wm_Z1$38)
                  0c04262c    00000004     --HOLE--
                  0c042630    0000000c     current_control_ver2_new.obj (.fardata:wm_prev$186)
                  0c04263c    00000004     --HOLE--
                  0c042640    0000000c     current_control_ver2_new.obj (.fardata:z_Z$195)
                  0c04264c    00000004     --HOLE--
                  0c042650    0000000c     current_control_ver2_new.obj (.fardata:z_Z1$201)
                  0c04265c    00000004     --HOLE--
                  0c042660    00000008     current_control_ver2_new.obj (.fardata:loop_count_num$220)
                  0c042668    00000004     rts6600_elf.lib : powf.obj (.fardata:P$3)

.const     0    0c042680    00000098     
                  0c042680    00000020     current_control_ver2_new.obj (.const:$P$T1$19)
                  0c0426a0    00000020     current_control_ver2_new.obj (.const:$P$T2$20)
                  0c0426c0    0000000c     current_control_ver2_new.obj (.const:$P$T0$18)
                  0c0426cc    00000004     --HOLE-- [fill = 0]
                  0c0426d0    0000000c     current_control_ver2_new.obj (.const:$P$T3$219)
                  0c0426dc    00000004     --HOLE-- [fill = 0]
                  0c0426e0    0000000c     current_control_ver2_new.obj (.const:CmdGain)
                  0c0426ec    00000004     --HOLE-- [fill = 0]
                  0c0426f0    0000000c     current_control_ver2_new.obj (.const:CmdGain_EX)
                  0c0426fc    00000004     --HOLE-- [fill = 0]
                  0c042700    00000008     current_control_ver2_new.obj (.const:cmd_1_soft)
                  0c042708    00000008     current_control_ver2_new.obj (.const:cmd_2_soft)
                  0c042710    00000008     current_control_ver2_new.obj (.const:cmd_3_soft)

.far       0    0c042718    00000058     UNINITIALIZED
                  0c042718    0000004c     current_control_ver2_new.obj (.far)
                  0c042764    0000000c     mwio4.lib : EMIF16.obj (.far)

.switch    0    0c042780    00000010     
                  0c042780    00000010     mwio4.lib : mw_flash.obj (.switch:mw_nor_erase)

.cinit     0    0c042800    000024a0     
                  0c042800    00002069     (.cinit..data_2.load) [load image, compression = rle]
                  0c044869    00000003     --HOLE-- [fill = 0]
                  0c04486c    00000393     (.cinit..fardata.load) [load image, compression = rle]
                  0c044bff    00000001     --HOLE-- [fill = 0]
                  0c044c00    0000005a     (.cinit..neardata.load) [load image, compression = rle]
                  0c044c5a    00000002     --HOLE-- [fill = 0]
                  0c044c5c    0000001a     (.cinit..DATA_ON_HIGHER_SPEED.load) [load image, compression = rle]
                  0c044c76    00000002     --HOLE-- [fill = 0]
                  0c044c78    00000008     (__TI_handler_table)
                  0c044c80    00000020     (__TI_cinit_table)

.text_2    0    11e00000    000033e0     
                  11e00000    00001960     mwio4.lib : PEV_INV_LIB.obj (.text)
                  11e01960    00000640               : timer_lib.obj (.text)
                  11e01fa0    00000620               : EMIF16.obj (.text)
                  11e025c0    00000440               : mwintc.obj (.text)
                  11e02a00    00000320               : csl2_intcHwControl.obj (.text:csl_section:intc)
                  11e02d20    000001e0               : EMIF16.obj (.text:retain)
                  11e02f00    000001a0               : gpio_int.obj (.text)
                  11e030a0    00000180               : csl2_intcOpen.obj (.text:csl_section:intc)
                  11e03220    00000140               : _csl2_intcIntrEnDisRes_eabi.obj (.text)
                  11e03360    00000020               : _csl2_intcDispatcher.obj (.text:csl_section:intc)
                  11e03380    00000020               : _csl2_intcDispatcher.obj (.text:csl_section:intc:retain)
                  11e033a0    00000010     ti.csl.ae66 : csl_gpioGetBaseAddress.oe66 ($Tramp$S$$CSL_GPIO_open)
                  11e033b0    00000010     rts6600_elf.lib : fixdu.obj ($Tramp$S$$__c6xabi_fixdu)
                  11e033c0    00000010                     : divd.obj ($Tramp$S$$__c6xabi_divd)
                  11e033d0    00000010                     : divi.obj ($Tramp$S$$__c6xabi_divi)

.data_2    0    11f00000    000022b8     
                  11f00000    00000170     mwio4.lib : PEV_INV_LIB.obj (.far) [fill = 0]
                  11f00170    000000c0               : gpio_int.obj (.far) [fill = 0]
                  11f00230    00000024               : timer_lib.obj (.far) [fill = 0]
                  11f00254    00000018               : csl2_intcHwControl.obj (.switch:CSL2_intcHwControl)
                  11f0026c    00000004     --HOLE--
                  11f00270    00000040               : gpio_int.obj (.fardata:gpio_int_map)
                  11f002b0    00002008               : _mwsintbl.obj (.const:_mwSinTbl)

.DATA_ON_HIGHER_SPEED 
*          0    11f02300    00001400     
                  11f02300    000013e8     current_control_ver2_new.obj (.DATA_ON_HIGHER_SPEED:init)
                  11f036e8    00000018     current_control_ver2_new.obj (.DATA_ON_HIGHER_SPEED:uninit) [fill = 0]

.stack     0    11f03700    00001000     UNINITIALIZED
                  11f03700    00000008     rts6600_elf.lib : boot.obj (.stack)
                  11f03708    00000ff8     --HOLE--

.neardata 
*          0    11f04700    0000042c     
                  11f04700    00000418     current_control_ver2_new.obj (.neardata)
                  11f04b18    0000000c     mwio4.lib : timer_lib.obj (.neardata)
                  11f04b24    00000004               : csl2_intcOpen.obj (.neardata)
                  11f04b28    00000004               : mw_platform.obj (.neardata)

.bss       0    11f04b2c    00000358     UNINITIALIZED
                  11f04b2c    00000348     current_control_ver2_new.obj (.bss)
                  11f04e74    00000008     mwio4.lib : EMIF16.obj (.bss)
                  11f04e7c    00000004               : gpio_int.obj (.bss)
                  11f04e80    00000004               : mw_spi.obj (.bss)


LINKER GENERATED COPY TABLES

__TI_cinit_table @ 0c044c80 records: 4, size/record: 8, table size: 32
	.data_2: load addr=0c042800, load size=00002069 bytes, run addr=11f00000, run size=000022b8 bytes, compression=rle
	.fardata: load addr=0c04486c, load size=00000393 bytes, run addr=0c041b40, run size=00000b2c bytes, compression=rle
	.neardata: load addr=0c044c00, load size=0000005a bytes, run addr=11f04700, run size=0000042c bytes, compression=rle
	.DATA_ON_HIGHER_SPEED: load addr=0c044c5c, load size=0000001a bytes, run addr=11f02300, run size=00001400 bytes, compression=rle


LINKER GENERATED HANDLER TABLE

__TI_handler_table @ 0c044c78 records: 2, size/record: 4, table size: 8
	index: 0, handler: __TI_decompress_rle24
	index: 1, handler: __TI_decompress_none


FAR CALL TRAMPOLINES

callee name               trampoline name
   callee addr  tramp addr   call addr  call info
--------------  -----------  ---------  ----------------
$.text:mwio4.lib<EMIF16.obj>$0x58c  $Tramp$S$$EMF_EnableIntr_s32
   11e0252c     0c041840     0c04176c   Main.obj (.text)
$.text:mwio4.lib<gpio_int.obj>$0x124  $Tramp$S$$GPI_init_vo
   11e03024     0c041850     0c041768   Main.obj (.text)
$.text:mwio4.lib<mwintc.obj>$0x34  $Tramp$S$$mwintc_setupApp
   11e025f4     0c041860     0c041764   Main.obj (.text)
$.text:mwio4.lib<PEV_INV_LIB.obj>$0xf98  $Tramp$S$$PEV_ad_set_offset
   11e00f98     0c041870     0c0414a0   mwio4.lib : PEV_LIB.obj (.text)
$.text:mwio4.lib<EMIF16.obj>$0x218  $Tramp$S$$EMF_Read_s32
   11e021b8     0c041880     0c03f9b4   mwio4.lib : FPGA_LIB.obj (.text)
                             0c03fbb0             : IPFPGA_LIB.obj (.text)
                             0c0414c8             : PEV_LIB.obj (.text)
$.text:mwio4.lib<EMIF16.obj>$0x28c  $Tramp$S$$EMF_ReadFpgaBoard_s32
   11e0222c     0c041890     0c03f928   mwio4.lib : FPGA_LIB.obj (.text)
                             0c03f988             : FPGA_LIB.obj (.text)
                             0c03fb14             : IPFPGA_LIB.obj (.text)
                             0c03fb84             : IPFPGA_LIB.obj (.text)
$.text:mwio4.lib<EMIF16.obj>$0x180  $Tramp$S$$EMF_Write2_s32
   11e02120     0c0418a0     0c03f854   mwio4.lib : FPGA_LIB.obj (.text)
                             0c03f8c4             : FPGA_LIB.obj (.text)
                             0c03fa44             : IPFPGA_LIB.obj (.text)
                             0c03fab0             : IPFPGA_LIB.obj (.text)
$.text:mwio4.lib<gpio_int.obj>$0xd4  $Tramp$S$$GPI_int_ack_vo
   11e02fd4     0c0418b0     0c03c020   current_control_ver2_new.obj (.text:retain)
$.text:mwio4.lib<timer_lib.obj>$0x178  $Tramp$S$$C6657_timer2_read
   11e01ad8     0c0418c0     0c03bfe0   current_control_ver2_new.obj (.text:retain)
$.text:mwio4.lib<timer_lib.obj>$0x340  $Tramp$S$$C6657_timer1_read
   11e01ca0     0c0418d0     0c03a4c0   current_control_ver2_new.obj (.text:retain)
                             0c03b1f4   current_control_ver2_new.obj (.text:retain)
$.text:mwio4.lib<timer_lib.obj>$0x320  $Tramp$S$$C6657_timer1_start
   11e01c80     0c0418e0     0c0386c4   current_control_ver2_new.obj (.text:retain)
$.text:mwio4.lib<timer_lib.obj>$0x48c  $Tramp$S$$C6657_timer1_clear
   11e01dec     0c0418f0     0c0386c0   current_control_ver2_new.obj (.text:retain)
$.text:mwio4.lib<timer_lib.obj>$0x4e0  $Tramp$S$$C6657_timer0_read
   11e01e40     0c041900     0c038668   current_control_ver2_new.obj (.text:retain)
$.text:mwio4.lib<timer_lib.obj>$0x4c0  $Tramp$S$$C6657_timer0_start
   11e01e20     0c041910     0c0384f4   current_control_ver2_new.obj (.text:retain)
$.text:mwio4.lib<timer_lib.obj>$0x62c  $Tramp$S$$C6657_timer0_clear
   11e01f8c     0c041920     0c0384f0   current_control_ver2_new.obj (.text:retain)
$.text:mwio4.lib<timer_lib.obj>$0x308  $Tramp$S$$C6657_timer1_stop
   11e01c68     0c041930     0c0384d8   current_control_ver2_new.obj (.text:retain)
$.text:mwio4.lib<timer_lib.obj>$0x4a8  $Tramp$S$$C6657_timer0_stop
   11e01e08     0c041940     0c0384d4   current_control_ver2_new.obj (.text:retain)
$.text:mwio4.lib<timer_lib.obj>$0x154  $Tramp$S$$C6657_timer2_start
   11e01ab4     0c041950     0c037cf8   current_control_ver2_new.obj (.text:retain)
$.text:mwio4.lib<timer_lib.obj>$0x2ec  $Tramp$S$$C6657_timer2_clear
   11e01c4c     0c041960     0c037cf4   current_control_ver2_new.obj (.text:retain)
$.text:mwio4.lib<timer_lib.obj>$0x140  $Tramp$S$$C6657_timer2_stop
   11e01aa0     0c041970     0c037cec   current_control_ver2_new.obj (.text:retain)
$.text:mwio4.lib<PEV_INV_LIB.obj>$0x394  $Tramp$S$$PEV_inverter_start_pwm
   11e00394     0c041980     0c026054   current_control_ver2_new.obj (.text)
                             0c026060   current_control_ver2_new.obj (.text)
                             0c026064   current_control_ver2_new.obj (.text)
$.text:mwio4.lib<timer_lib.obj>$0x298  $Tramp$S$$C6657_timer2_disable_int
   11e01bf8     0c041990     0c026044   current_control_ver2_new.obj (.text)
$.text:mwio4.lib<timer_lib.obj>$0x438  $Tramp$S$$C6657_timer1_disable_int
   11e01d98     0c0419a0     0c026040   current_control_ver2_new.obj (.text)
$.text:mwio4.lib<timer_lib.obj>$0x5d8  $Tramp$S$$C6657_timer0_disable_int
   11e01f38     0c0419b0     0c026038   current_control_ver2_new.obj (.text)
$.text:mwio4.lib<PEV_INV_LIB.obj>$0x1460  $Tramp$S$$PEV_ad_disable_int
   11e01460     0c0419c0     0c026024   current_control_ver2_new.obj (.text)
                             0c02602c   current_control_ver2_new.obj (.text)
                             0c026030   current_control_ver2_new.obj (.text)
$.text:mwio4.lib<mwintc.obj>$0x3f0  $Tramp$S$$IRQ_globalEnable
   11e029b0     0c0419d0     0c026020   current_control_ver2_new.obj (.text)
$.text:mwio4.lib<timer_lib.obj>$0x1d0  $Tramp$S$$C6657_timer2_init
   11e01b30     0c0419e0     0c026018   current_control_ver2_new.obj (.text)
$.text:mwio4.lib<timer_lib.obj>$0x370  $Tramp$S$$C6657_timer1_init
   11e01cd0     0c0419f0     0c02600c   current_control_ver2_new.obj (.text)
$.text:mwio4.lib<timer_lib.obj>$0x510  $Tramp$S$$C6657_timer0_init
   11e01e70     0c041a00     0c026000   current_control_ver2_new.obj (.text)
$.text:mwio4.lib<PEV_INV_LIB.obj>$0xda8  $Tramp$S$$PEV_inverter_control_break
   11e00da8     0c041a10     0c025fe0   current_control_ver2_new.obj (.text)
                             0c025fe8   current_control_ver2_new.obj (.text)
                             0c025ff0   current_control_ver2_new.obj (.text)
$.text:mwio4.lib<PEV_INV_LIB.obj>$0xcf4  $Tramp$S$$PEV_inverter_enable_int
   11e00cf4     0c041a20     0c025fc8   current_control_ver2_new.obj (.text)
                             0c025fd0   current_control_ver2_new.obj (.text)
                             0c025fd4   current_control_ver2_new.obj (.text)
$.text:mwio4.lib<PEV_INV_LIB.obj>$0x958  $Tramp$S$$PEV_inverter_init_refload_timing
   11e00958     0c041a30     0c025fac   current_control_ver2_new.obj (.text)
                             0c025fb8   current_control_ver2_new.obj (.text)
                             0c025fc0   current_control_ver2_new.obj (.text)
$.text:mwio4.lib<PEV_INV_LIB.obj>$0xaa8  $Tramp$S$$PEV_inverter_init_adtrig_timing
   11e00aa8     0c041a40     0c025f88   current_control_ver2_new.obj (.text)
                             0c025f98   current_control_ver2_new.obj (.text)
                             0c025fa0   current_control_ver2_new.obj (.text)
$.text:mwio4.lib<PEV_INV_LIB.obj>$0x5e8  $Tramp$S$$PEV_inverter_set_uvw
   11e005e8     0c041a50     0c025f54   current_control_ver2_new.obj (.text)
                             0c025f68   current_control_ver2_new.obj (.text)
                             0c025f78   current_control_ver2_new.obj (.text)
$.text:mwio4.lib<PEV_INV_LIB.obj>$0xfe0  $Tramp$S$$PEV_ad_set_mode
   11e00fe0     0c041a60     0c025f04   current_control_ver2_new.obj (.text)
                             0c025f18   current_control_ver2_new.obj (.text)
                             0c025f2c   current_control_ver2_new.obj (.text)
$.text:mwio4.lib<PEV_INV_LIB.obj>$0xf48  $Tramp$S$$PEV_ad_set_range
   11e00f48     0c041a70     0c025f00   current_control_ver2_new.obj (.text)
                             0c025f0c   current_control_ver2_new.obj (.text)
                             0c025f24   current_control_ver2_new.obj (.text)
$.text:mwio4.lib<PEV_INV_LIB.obj>$0x150  $Tramp$S$$PEV_sync_pwm_out
   11e00150     0c041a80     0c025ed0   current_control_ver2_new.obj (.text)
                             0c025ee4   current_control_ver2_new.obj (.text)
$.text:mwio4.lib<PEV_INV_LIB.obj>$0x260  $Tramp$S$$PEV_sync_pwm_init
   11e00260     0c041a90     0c025eb0   current_control_ver2_new.obj (.text)
                             0c025eb8   current_control_ver2_new.obj (.text)
                             0c025ec8   current_control_ver2_new.obj (.text)
$.text:mwio4.lib<PEV_INV_LIB.obj>$0x2b4  $Tramp$S$$PEV_sync_ad_out
   11e002b4     0c041aa0     0c025ea8   current_control_ver2_new.obj (.text)
$.text:mwio4.lib<PEV_INV_LIB.obj>$0x30c  $Tramp$S$$PEV_sync_ad_init
   11e0030c     0c041ab0     0c025e84   current_control_ver2_new.obj (.text)
                             0c025e90   current_control_ver2_new.obj (.text)
                             0c025e98   current_control_ver2_new.obj (.text)
$.text:mwio4.lib<PEV_INV_LIB.obj>$0xb84  $Tramp$S$$PEV_inverter_init
   11e00b84     0c041ac0     0c025e54   current_control_ver2_new.obj (.text)
                             0c025e68   current_control_ver2_new.obj (.text)
                             0c025e78   current_control_ver2_new.obj (.text)
$.text:mwio4.lib<gpio_int.obj>$0x14c  $Tramp$S$$GPI_enable_int_vo
   11e0304c     0c041ad0     0c025e34   current_control_ver2_new.obj (.text)
$.text:mwio4.lib<gpio_int.obj>$0x0  $Tramp$S$$GPI_setVector_vo
   11e02f00     0c041ae0     0c025e30   current_control_ver2_new.obj (.text)
$.text:mwio4.lib<PEV_INV_LIB.obj>$0xde0  $Tramp$S$$PEV_int_init
   11e00de0     0c041af0     0c025e08   current_control_ver2_new.obj (.text)
$.text:mwio4.lib<mwintc.obj>$0x410  $Tramp$S$$IRQ_globalDisable
   11e029d0     0c041b00     0c025a38   current_control_ver2_new.obj (.text)
$.text:mwio4.lib<PEV_INV_LIB.obj>$0x106c  $Tramp$S$$PEV_ad_in_grp
   11e0106c     0c041b10     0c01a9ec   current_control_ver2_new.obj (.text)
                             0c01acc0   current_control_ver2_new.obj (.text)
$.text:mwio4.lib<PEV_INV_LIB.obj>$0x1040  $Tramp$S$$PEV_ad_in_st
   11e01040     0c041b20     0c01a9b4   current_control_ver2_new.obj (.text)
                             0c01a9d8   current_control_ver2_new.obj (.text)
                             0c01a9e8   current_control_ver2_new.obj (.text)
                             0c01ac78   current_control_ver2_new.obj (.text)
                             0c01acac   current_control_ver2_new.obj (.text)
                             0c01acb8   current_control_ver2_new.obj (.text)
$.text:mwio4.lib<PEV_INV_LIB.obj>$0x3cc  $Tramp$S$$PEV_inverter_set_uvw_br
   11e003cc     0c041b30     0c019a20   current_control_ver2_new.obj (.text)
                             0c019a4c   current_control_ver2_new.obj (.text)
                             0c019a6c   current_control_ver2_new.obj (.text)
$.text:CSL_GPIO_open:ti.csl.ae66<csl_gpioGetBaseAddress.oe66>$0x0  $Tramp$S$$CSL_GPIO_open
   0c041740     11e033a0     11e03028   mwio4.lib : gpio_int.obj (.text)
$.text:__c6xabi_fixdu:rts6600_elf.lib<fixdu.obj>$0x0  $Tramp$S$$__c6xabi_fixdu
   0c041300     11e033b0     11e01a1c   mwio4.lib : timer_lib.obj (.text)
                             11e01b90             : timer_lib.obj (.text)
                             11e01d30             : timer_lib.obj (.text)
                             11e01ed0             : timer_lib.obj (.text)
$.text:__c6xabi_divd:rts6600_elf.lib<divd.obj>$0x0  $Tramp$S$$__c6xabi_divd
   0c03dfc0     11e033c0     11e01a14   mwio4.lib : timer_lib.obj (.text)
                             11e01b88             : timer_lib.obj (.text)
                             11e01d28             : timer_lib.obj (.text)
                             11e01ec8             : timer_lib.obj (.text)
$.text:__divi:rts6600_elf.lib<divi.obj>$0x0  $Tramp$S$$__c6xabi_divi
   0c040d20     11e033d0     11e001f8   mwio4.lib : PEV_INV_LIB.obj (.text)
                             11e00448             : PEV_INV_LIB.obj (.text)
                             11e00470             : PEV_INV_LIB.obj (.text)
                             11e00658             : PEV_INV_LIB.obj (.text)
                             11e00684             : PEV_INV_LIB.obj (.text)
                             11e00a48             : PEV_INV_LIB.obj (.text)
                             11e00b24             : PEV_INV_LIB.obj (.text)
                             11e00bec             : PEV_INV_LIB.obj (.text)

[52 trampolines]
[107 trampoline calls]


GLOBAL SYMBOLS: SORTED ALPHABETICALLY BY Name 

address    name
--------   ----
0c0329ac   BrakeController
0c0417e0   C$$EXIT
11e01f8c   C6657_timer0_clear
11e01f78   C6657_timer0_clear_eventflag
11e01f38   C6657_timer0_disable_int
11e01ee4   C6657_timer0_enable_int
11e01e70   C6657_timer0_init
11e01e4c   C6657_timer0_init_vector
11e01e40   C6657_timer0_read
11e01e20   C6657_timer0_start
11e01e08   C6657_timer0_stop
11e01df8   C6657_timer0_write
11e01dec   C6657_timer1_clear
11e01de0   C6657_timer1_clear_eventflag
11e01d98   C6657_timer1_disable_int
11e01d44   C6657_timer1_enable_int
11e01cd0   C6657_timer1_init
11e01cac   C6657_timer1_init_vector
11e01ca0   C6657_timer1_read
11e01c80   C6657_timer1_start
11e01c68   C6657_timer1_stop
11e01c58   C6657_timer1_write
11e01c4c   C6657_timer2_clear
11e01c40   C6657_timer2_clear_eventflag
11e01bf8   C6657_timer2_disable_int
11e01ba4   C6657_timer2_enable_int
11e01b30   C6657_timer2_init
11e01ae8   C6657_timer2_init_vector
11e01ad8   C6657_timer2_read
11e01ab4   C6657_timer2_start
11e01aa0   C6657_timer2_stop
11e01a94   C6657_timer2_write
11e01a84   C6657_timer3_hi_clear_eventflag
11e01a2c   C6657_timer3_hi_enable_int
11e019b8   C6657_timer3_hi_init
11e01994   C6657_timer3_hi_init_vector
11e01974   C6657_timer3_hi_start
11e01960   C6657_timer3_hi_stop
11e02a00   CSL2_intcHwControl
11e030b4   CSL2_intcOpen2
11e030a0   CSL2_loadResource
0c041740   CSL_GPIO_open
11e032a8   CSL_intcGlobalEnable
11e03300   CSL_intcGlobalNmiEnable
11e03240   CSL_intcInterruptDisable
11e03220   CSL_intcInterruptEnable
0c01b32c   CalcDynamicsInit
0c0218f4   CalcFDTDTSOBInit
0c035fb8   CalcFDTDWrInit_QmrefInputType
0c01f590   CalcFDTDWrInit_WmcmdInputType
0c0353a8   CalcFDTDWrUpdate_QmrefInputType_1st2nd
0c034e00   CalcFDTDWrUpdate_QmrefInputType_2nd
0c02f728   CalcFDTDWrUpdate_WmcmdInputType_1st2nd
0c02ec84   CalcFDTDWrUpdate_WmcmdInputType_2nd
0c033ac0   CalcFDTDWr_QmrefInputType
0c02cad0   CalcFDTDWr_WmcmdInputType
0c0292e4   CalcGravIcmp
0c0316c4   CalcHandCmdCircle
0c0334c4   CalcHandCmdDiamond
0c032f84   CalcHandCmdRectangle
0c031b0c   CalcInverseCmd_vel
0c029414   CalcJl
0c029744   CalcJlWr
0c01a94c   CalcOffset
0c029a70   CalcPVGain
0c024654   CalcPVGainInitCDM
0c032e90   CalcPref2axis
0c032c94   CalcPrefRep2axis
0c032aa0   CalcPrefRep3axis
0c02e350   CalcTauLDyn
0c0328d0   CalcVdcMean
0c02b294   CalcWrGain
0c037c40   ControlFunction
0c02924c   DecouplingControl
11e0252c   EMF_EnableIntr_s32
11e02d20   EMF_ErrIntr_vo
11f04e78   EMF_ExtWaitErrCnt_u32s
11f04e74   EMF_ExtWaitErrInfo_u32s
11e024cc   EMF_Initialization_s32
11e02414   EMF_Read2_s32
11e023a8   EMF_Read3_s32
11e022e0   EMF_ReadFlashRom_s32
11e0222c   EMF_ReadFpgaBoard_s32
11e021b8   EMF_Read_s32
11e02120   EMF_Write2_s32
11e02018   EMF_WriteFlashRom_s32
11e01fa0   EMF_Write_s32
0c042764   EMIF_IntrErr_sts
0c03cb68   ENC_batt_alm_en
0c03caac   ENC_get_abm
0c03c9ec   ENC_get_abs
0c03c960   ENC_get_almc
0c03c8c8   ENC_get_status
0c03c800   ENC_reset_abm
0c03c728   ENC_reset_abs
0c03c660   ENC_reset_err
0c03c5a8   ENC_set_refresh
0c03c4c0   ENC_ss_get_abm
0c03c3c0   ENC_ss_get_abs
0c03c30c   ENC_ss_get_start
0c03c260   ENC_ss_init
0c03c1ac   ENC_start_abs
0c03c100   ENC_stop_abs
0c028720   FDTDSOB
0c027904   FDTD_T_SOB
0c0276a8   FDTD_Tm
0c023c94   FDTD_Tm_Full_Init
0c026f80   FDTD_Tm_Full_Update
0c026cc4   FDTD_Tm_Full_woG
0c026920   FDTD_Tm_Init
0c0266c8   FDTD_Tm_woG
0c03f9b0   FPGA_get_fpga_ver
0c03f964   FPGA_read
0c03f8f8   FPGA_read_f32
0c03f880   FPGA_write
0c03f7f0   FPGA_write_f32
11f047e0   Flag_ARCS_clear
11f047dc   Flag_ARCS_start
11e0306c   GPI_disable_int_vo
11e0304c   GPI_enable_int_vo
11e03024   GPI_init_vo
11e02fd4   GPI_int_ack_vo
11e02f00   GPI_setVector_vo
0c026620   GeneratorCircle1st
0c026570   GeneratorCircle2nd
0c0264c8   GeneratorCircle3rd
0c026320   GetFilterdSignal
0c01ae68   GetMultiPositions
0c0262e8   GetVelocity
0c01ac30   GetVoltAndCurrent
0c03fbac   IPFPGA_get_fpga_ver
0c03fb60   IPFPGA_read
0c03fae8   IPFPGA_read_f32
0c03fa6c   IPFPGA_write
0c03f9e0   IPFPGA_write_f32
11e029d0   IRQ_globalDisable
11e029b0   IRQ_globalEnable
11e029a8   IRQ_globalRestore
0c0262c8   Integrator_acc_ref
0c0262a8   Integrator_acc_ref2
0c026288   Integrator_acc_ref3
0c026268   Integrator_w_ref
0c026248   Integrator_w_ref2
0c026228   Integrator_w_ref3
11f047d8   Iq_off
0c041d90   LPF_cmd
0c041e18   LPF_motor
0c0260d0   LimDiffCalcDQ
0c02606c   LimitPosCmd
0c019744   Limiter
0c025a30   MW_main
0c01a718   ManyRampGenerator1stAxis
0c01a4e8   ManyRampGenerator2ndAxis
0c01a2b4   ManyRampGenerator3rdAxis
11f036f4   ModRatioU
11f036f8   ModRatioV
11f036fc   ModRatioW
11e01914   PEV_abz_clear
11e018e0   PEV_abz_clear_resolver_err
11e018a4   PEV_abz_get_resolver_err
11e01864   PEV_abz_get_resolver_pos
11e01834   PEV_abz_in_pin
11e017e8   PEV_abz_init_maxcount
11e017a4   PEV_abz_read
11e01734   PEV_abz_set_mode
11e016e8   PEV_abz_write
11e01494   PEV_ad_abz_read
11e01460   PEV_ad_disable_int
11e01418   PEV_ad_enable_int
11e012b0   PEV_ad_in_4ch
11e0106c   PEV_ad_in_grp
11e01040   PEV_ad_in_st
11e00fe0   PEV_ad_set_mode
11e00f98   PEV_ad_set_offset
11e00f48   PEV_ad_set_range
11e00f10   PEV_ad_start
0c0414c4   PEV_get_fpga_ver
0c041480   PEV_init
11e00de0   PEV_int_init
11e00da8   PEV_inverter_control_break
11e00d70   PEV_inverter_control_gate
11e00d38   PEV_inverter_disable_int
11e00cf4   PEV_inverter_enable_int
11e00b84   PEV_inverter_init
11e00aa8   PEV_inverter_init_adtrig_timing
11e009b8   PEV_inverter_init_int_timing
11e00958   PEV_inverter_init_refload_timing
11e008d4   PEV_inverter_set_ab
11e007d4   PEV_inverter_set_ra
11e005e8   PEV_inverter_set_uvw
11e003cc   PEV_inverter_set_uvw_br
11e00394   PEV_inverter_start_pwm
11e00360   PEV_inverter_stop_pwm
11e0030c   PEV_sync_ad_init
11e002b4   PEV_sync_ad_out
11e00260   PEV_sync_pwm_init
11e00150   PEV_sync_pwm_out
11e00100   PEV_sync_z_out
11e000c8   PEV_updown_clear_cnt
11e00078   PEV_updown_init_maxcount
11e00034   PEV_updown_read_cnt
11e00000   PEV_updown_set_mode
0c01a26c   PIcontroller
0c01a228   PIcontroller_withAntiwindup
0c01a218   Pcontroller
11f047d0   Ref_Iq_ref_direct
11f047d4   Ref_wM_direct
0c01a214   SetBDN
0c01a210   SetENC_CH
0c019d68   SetGain
0c019ce0   SetLPF
0c019b24   SetRampParams
0c019764   SetVoltReferences
0c019144   StateObserver
11f03640   Tm_full_sub
11f035f8   Tm_sub
0c018a20   TriangularAccelerationCommandGenerator
0c018060   TriangularAccelerationCommandGeneratorInit
0c01800c   VconPI5Axis
11f04814   WAVE_ACC_LW8079
11f04818   WAVE_ACC_LW8174
11f0481c   WAVE_ACC_LW8174_axis
11f04bc8   WAVE_ENC1
11f04bcc   WAVE_ENC2
11f04bd0   WAVE_ENC3
11f04bbc   WAVE_ENC_temp1
11f04bc0   WAVE_ENC_temp2
11f04bc4   WAVE_ENC_temp3
11f02300   WAVE_Enc_error
11f04704   WAVE_FIL_Y
11f04820   WAVE_Fz
11f04760   WAVE_HandX
11f04764   WAVE_HandY
11f04768   WAVE_HandZ
11f04700   WAVE_INIT_COUNT
11f04d4c   WAVE_Icmp1
11f04d50   WAVE_Icmp2
11f04d54   WAVE_Icmp3
11f04bb0   WAVE_Idc1
11f04bb4   WAVE_Idc2
11f04bb8   WAVE_Idc3
11f04d64   WAVE_Iff_1
11f04d68   WAVE_Iff_2
11f04d6c   WAVE_Iff_3
11f04c68   WAVE_Ipi1
11f04c6c   WAVE_Ipi2
11f04c70   WAVE_Ipi3
11f04c5c   WAVE_Iq1
11f04c60   WAVE_Iq2
11f04c64   WAVE_Iq3
11f04cc8   WAVE_IrefD1
11f04ccc   WAVE_IrefD2
11f04cd0   WAVE_IrefD3
11f04cd4   WAVE_IrefQ1
11f04cd8   WAVE_IrefQ2
11f04cdc   WAVE_IrefQ3
11f04b8c   WAVE_IresD1
11f04b90   WAVE_IresD2
11f04b94   WAVE_IresD3
11f04b98   WAVE_IresQ1
11f04b9c   WAVE_IresQ2
11f04ba0   WAVE_IresQ3
11f047f0   WAVE_IresU1
11f047f4   WAVE_IresU2
11f047f8   WAVE_IresU3
11f047fc   WAVE_IresV1
11f04800   WAVE_IresV2
11f04804   WAVE_IresV3
11f04808   WAVE_IresW1
11f0480c   WAVE_IresW2
11f04810   WAVE_IresW3
11f04c74   WAVE_Isfb1
11f04c78   WAVE_Isfb2
11f04c7c   WAVE_Isfb3
11f04b80   WAVE_Jl_Wr1
11f04b84   WAVE_Jl_Wr2
11f04b88   WAVE_Jl_Wr3
11f04b74   WAVE_Jl_calc1
11f04b78   WAVE_Jl_calc2
11f04b7c   WAVE_Jl_calc3
11f04754   WAVE_Joint1
11f04758   WAVE_Joint2
11f0475c   WAVE_Joint3
11f0473c   WAVE_LoopCount
11f04b50   WAVE_MRBR1
11f04b54   WAVE_MRBR2
11f04b58   WAVE_MRBR3
11f04b2c   WAVE_MRU1
11f04b38   WAVE_MRU2
11f04b44   WAVE_MRU3
11f04b30   WAVE_MRV1
11f04b3c   WAVE_MRV2
11f04b48   WAVE_MRV3
11f04b34   WAVE_MRW1
11f04b40   WAVE_MRW2
11f04b4c   WAVE_MRW3
11f04c04   WAVE_TRG_WM1
11f04c08   WAVE_TRG_WM2
11f04c0c   WAVE_TRG_WM3
11f04748   WAVE_Timer0
11f0474c   WAVE_Timer1
11f04750   WAVE_Timer2
11f04d40   WAVE_Tq1
11f04d44   WAVE_Tq2
11f04d48   WAVE_Tq3
11f04830   WAVE_U_modulation
11f04d74   WAVE_VWX
11f04d78   WAVE_VWY
11f04d7c   WAVE_VWZ
11f04834   WAVE_V_modulation
11f04ba4   WAVE_Vdc1
11f04ba8   WAVE_Vdc2
11f04bac   WAVE_Vdc3
11f02310   WAVE_Vdc_ofst
11f04cf8   WAVE_VrefD1
11f04d00   WAVE_VrefD2
11f04d08   WAVE_VrefD3
11f04ce0   WAVE_VrefD_dcpl1
11f04ce8   WAVE_VrefD_dcpl2
11f04cf0   WAVE_VrefD_dcpl3
11f04cfc   WAVE_VrefQ1
11f04d04   WAVE_VrefQ2
11f04d0c   WAVE_VrefQ3
11f04ce4   WAVE_VrefQ_dcpl1
11f04cec   WAVE_VrefQ_dcpl2
11f04cf4   WAVE_VrefQ_dcpl3
11f04c80   WAVE_VrefU1
11f04c8c   WAVE_VrefU2
11f04c98   WAVE_VrefU3
11f04c84   WAVE_VrefV1
11f04c90   WAVE_VrefV2
11f04c9c   WAVE_VrefV3
11f04c88   WAVE_VrefW1
11f04c94   WAVE_VrefW2
11f04ca0   WAVE_VrefW3
11f04824   WAVE_WSX
11f04828   WAVE_WSY
11f0482c   WAVE_WSZ
11f04838   WAVE_W_modulation
11f04788   WAVE_check
11f0476c   WAVE_fx
11f04770   WAVE_fy
11f04774   WAVE_fz
11f02304   WAVE_ofst_Iu
11f02308   WAVE_ofst_Iv
11f0230c   WAVE_ofst_Iw
11f04d28   WAVE_omega_rm1
11f04d34   WAVE_omega_rm1_ref
11f04d2c   WAVE_omega_rm2
11f04d38   WAVE_omega_rm2_ref
11f04d30   WAVE_omega_rm3
11f04d3c   WAVE_omega_rm3_ref
11f04c50   WAVE_ql1
11f04c54   WAVE_ql2
11f04c58   WAVE_ql3
11f04c38   WAVE_qm1
11f04c3c   WAVE_qm2
11f04c40   WAVE_qm3
11f04c44   WAVE_qm_ref1
11f04c48   WAVE_qm_ref2
11f04c4c   WAVE_qm_ref3
11f04784   WAVE_state
11f04d70   WAVE_tauL_dyn_2nd
11f04b5c   WAVE_tauLdyn1
11f04b60   WAVE_tauLdyn2
11f04b64   WAVE_tauLdyn3
11f04b68   WAVE_tauLwoG1
11f04b6c   WAVE_tauLwoG2
11f04b70   WAVE_tauLwoG3
11f04bf8   WAVE_theta_re1
11f04bfc   WAVE_theta_re2
11f04c00   WAVE_theta_re3
11f04bd4   WAVE_theta_rm1
11f04bd8   WAVE_theta_rm2
11f04bdc   WAVE_theta_rm3
11f04bec   WAVE_theta_rm_full1
11f04bf0   WAVE_theta_rm_full2
11f04bf4   WAVE_theta_rm_full3
11f04be0   WAVE_theta_rm_ref1
11f04be4   WAVE_theta_rm_ref2
11f04be8   WAVE_theta_rm_ref3
11f04d10   WAVE_vd_lim_dif1
11f04d18   WAVE_vd_lim_dif2
11f04d20   WAVE_vd_lim_dif3
11f04d14   WAVE_vq_lim_dif1
11f04d1c   WAVE_vq_lim_dif2
11f04d24   WAVE_vq_lim_dif3
11f04ca4   WAVE_vu_ref_stand1
11f04cb0   WAVE_vu_ref_stand2
11f04cbc   WAVE_vu_ref_stand3
11f04ca8   WAVE_vv_ref_stand1
11f04cb4   WAVE_vv_ref_stand2
11f04cc0   WAVE_vv_ref_stand3
11f04cac   WAVE_vw_ref_stand1
11f04cb8   WAVE_vw_ref_stand2
11f04cc4   WAVE_vw_ref_stand3
11f04778   WAVE_vx
11f0477c   WAVE_vy
11f04780   WAVE_vz
11f04c10   WAVE_wm1
11f04c14   WAVE_wm2
11f04c18   WAVE_wm3
11f04c2c   WAVE_wm_cmd1
11f04c30   WAVE_wm_cmd2
11f04c34   WAVE_wm_cmd3
11f04c20   WAVE_wm_ref1
11f04c24   WAVE_wm_ref2
11f04c28   WAVE_wm_ref3
11f04c1c   WAVE_wm_ref_org
11f03000   Wr_DPD
11f0484c   Wr_Throth_check
11f02ce8   Wr_sub
11e03380   _CSL2_intcDispatcherDummy
11e032c8   _CSL_intcGlobalDisable
11e0333c   _CSL_intcGlobalExcepClear
11e03314   _CSL_intcGlobalExcepEnable
11e03328   _CSL_intcGlobalExtExcepEnable
11e032e8   _CSL_intcGlobalRestore
11e03260   _CSL_intcInterruptClear
11e03278   _CSL_intcInterruptRestore
11e0326c   _CSL_intcInterruptSet
11e03290   _CSL_intcQueryInterruptStatus
0c044c80   __TI_CINIT_Base
0c044ca0   __TI_CINIT_Limit
0c044c78   __TI_Handler_Table_Base
0c044c80   __TI_Handler_Table_Limit
UNDEFED    __TI_INITARRAY_Base
UNDEFED    __TI_INITARRAY_Limit
11f04700   __TI_STACK_END
00001000   __TI_STACK_SIZE
11f04700   __TI_STATIC_BASE
UNDEFED    __TI_TLS_INIT_Base
UNDEFED    __TI_TLS_INIT_Limit
00000001   __TI_args_main
0c041580   __TI_cpp_init
0c041800   __TI_decompress_none
0c041820   __TI_decompress_rle24
0c04250c   __TI_enable_exit_profile_output
ffffffff   __TI_pprof_out_hndl
ffffffff   __TI_prof_data_size
ffffffff   __TI_prof_data_start
0c041060   __TI_tls_init
ffffffff   __binit__
0c03dfc0   __c6xabi_divd
0c03f2a0   __c6xabi_divf
0c040d20   __c6xabi_divi
0c040ee0   __c6xabi_divu
0c041780   __c6xabi_errno_addr
0c041300   __c6xabi_fixdu
0c0415e0   __c6xabi_frcmpyd_div
0c041640   __c6xabi_llshru
0c041120   __c6xabi_nround
0c041380   __c6xabi_roundf
0c0417a0   __c6xabi_trunc
0c0417c0   __c6xabi_truncf
ffffffff   __c_args__
0c040d20   __divi
0c040ee0   __divu
0c041e14   __errno
0c041700   _args_main
0c040b20   _auto_init_elf
0c041400   _c_int00
0c042504   _cleanup_ptr
0c042508   _dtors_ptr
11f002b0   _mwSinTbl
11f03700   _stack
0c0417e0   abort
0c03fbe0   acos
11f036e8   ad1
11f036ec   ad2
11f036f0   ad3
0c03fdc0   atan
0c0402a0   atan2
0c018000   backward_diff
ffffffff   binit
11e02688   cic0Out2Evnt
0c040c20   copy_in
0c03efe0   cos
11f04738   counter_2
0c03f7c8   cvt_to_float_from_u32
0c03f7a0   cvt_to_u32_from_float
0c041f00   d_current
11f02318   debug
11f02328   debug2
11f02338   debug3
11f047ec   debug_theta
11f03318   dyn
0c041e14   errno
0c041500   evmI2CInit
0c040fa0   exit
0c03ff80   expf
11f04714   flag_CalcHandCmd
11f0479c   flag_CircleStart1
11f047a0   flag_CircleStart2
11f047a4   flag_CircleStart3
11f04728   flag_FBgain
11f04730   flag_FF
11f04740   flag_FF_triple
11f0472c   flag_PPgain
11f04734   flag_SOB
11f04724   flag_Vdc_setted
11f04744   flag_cmd_end
11f04708   flag_cont_start
11f0470c   flag_dead
11f04718   flag_debug
11f04720   flag_delay
11f04710   flag_dyn_payload
11f047a8   flag_end1
11f047ac   flag_end2
11f047b0   flag_end3
11f04848   flag_fin
11f04794   flag_first_back
11f04790   flag_first_go
11f04798   flag_hard
11f047b4   flag_on
11f0471c   flag_pv
11f0478c   flag_reposition
0c040420   frexp
0c0405a0   frexpf
11f00270   gpio_int_map
11f03498   gsub
11f04e7c   hGpio
0c03d874   i2cEepromGetStatus2
0c03d6f8   i2cEepromRead2
0c03d368   i2cEepromWriteBlock2
0c03d5e0   i2cEepromWriteByteAddr2
11e02968   int_begin_nestint
11e02918   int_end_nestint
11f00170   intcObj
11f02348   joint
0c040700   ldexp
0c040860   ldexpf
0c041760   main
0c0411c0   memcpy
0c040e00   memset
0c041260   modf
0c0416a0   modff
0c03efa4   mw_Osal_platformSpiCsEnter
0c03ef90   mw_Osal_platformSpiCsExit
11f04b24   mw_gp__CSL_intcCpuIntrTable
0c03eb98   mw_nor_erase
0c03eb2c   mw_nor_get_details
0c03eab8   mw_nor_init
0c03ea04   mw_nor_read
0c03e940   mw_nor_write
0c03ef70   mw_platform_delaycycles
0c03ef04   mw_platform_device_close
0c03eec4   mw_platform_device_erase_block
0c03edec   mw_platform_device_open
0c03ed50   mw_platform_device_read
0c03ecb4   mw_platform_device_write
11f04b28   mw_platform_errno
11e03360   mw_setVect
0c03e7b8   mw_spi_claim
0c03e74c   mw_spi_cmd
0c03e740   mw_spi_cmd_read
0c03e730   mw_spi_cmd_write
0c03e6c4   mw_spi_release
0c03e580   mw_spi_xfer
11e02904   mwintc_clearSysInterrupt
11e028ec   mwintc_disableHostInterrupt
11e028d4   mwintc_disableSysInterrupt
11e028c0   mwintc_enableHostInterrupt
11e028a8   mwintc_enableSysInterrupt
11e02878   mwintc_getInterruptStatus
11e02860   mwintc_mapSystemIntrToChannel
11e02714   mwintc_setup
11e02794   mwintc_setup2
11e025f4   mwintc_setupApp
11f02b88   ob_sub
0c03eca0   platform_write
0c041f48   position
0c03cc20   pow
0c03d9e0   powf
0c041f90   q_current
0c042228   range
11f0483c   ref_Iq_direct1
11f04840   ref_Iq_direct2
11f04844   ref_Iq_direct3
11f04d58   ref_Iq_freq_direct1
11f04d5c   ref_Iq_freq_direct2
11f04d60   ref_Iq_freq_direct3
11f047e8   ref_wm_direct
0c041b40   sen
0c03f520   sin
11f047e4   speed_hand
0c0409c0   sqrt
11f047c4   start_back1
11f047c8   start_back2
11f047cc   start_back3
11f047b8   start_go1
11f047bc   start_go2
11f047c0   start_go3
11f04b18   tmr1regs
11f04b1c   tmr2regs
11f04b20   tmr3regs
11f03420   tri
0c041fd8   velocity


GLOBAL SYMBOLS: SORTED BY Symbol Address 

address    name
--------   ----
00000001   __TI_args_main
00001000   __TI_STACK_SIZE
0c018000   backward_diff
0c01800c   VconPI5Axis
0c018060   TriangularAccelerationCommandGeneratorInit
0c018a20   TriangularAccelerationCommandGenerator
0c019144   StateObserver
0c019744   Limiter
0c019764   SetVoltReferences
0c019b24   SetRampParams
0c019ce0   SetLPF
0c019d68   SetGain
0c01a210   SetENC_CH
0c01a214   SetBDN
0c01a218   Pcontroller
0c01a228   PIcontroller_withAntiwindup
0c01a26c   PIcontroller
0c01a2b4   ManyRampGenerator3rdAxis
0c01a4e8   ManyRampGenerator2ndAxis
0c01a718   ManyRampGenerator1stAxis
0c01a94c   CalcOffset
0c01ac30   GetVoltAndCurrent
0c01ae68   GetMultiPositions
0c01b32c   CalcDynamicsInit
0c01f590   CalcFDTDWrInit_WmcmdInputType
0c0218f4   CalcFDTDTSOBInit
0c023c94   FDTD_Tm_Full_Init
0c024654   CalcPVGainInitCDM
0c025a30   MW_main
0c02606c   LimitPosCmd
0c0260d0   LimDiffCalcDQ
0c026228   Integrator_w_ref3
0c026248   Integrator_w_ref2
0c026268   Integrator_w_ref
0c026288   Integrator_acc_ref3
0c0262a8   Integrator_acc_ref2
0c0262c8   Integrator_acc_ref
0c0262e8   GetVelocity
0c026320   GetFilterdSignal
0c0264c8   GeneratorCircle3rd
0c026570   GeneratorCircle2nd
0c026620   GeneratorCircle1st
0c0266c8   FDTD_Tm_woG
0c026920   FDTD_Tm_Init
0c026cc4   FDTD_Tm_Full_woG
0c026f80   FDTD_Tm_Full_Update
0c0276a8   FDTD_Tm
0c027904   FDTD_T_SOB
0c028720   FDTDSOB
0c02924c   DecouplingControl
0c0292e4   CalcGravIcmp
0c029414   CalcJl
0c029744   CalcJlWr
0c029a70   CalcPVGain
0c02b294   CalcWrGain
0c02cad0   CalcFDTDWr_WmcmdInputType
0c02e350   CalcTauLDyn
0c02ec84   CalcFDTDWrUpdate_WmcmdInputType_2nd
0c02f728   CalcFDTDWrUpdate_WmcmdInputType_1st2nd
0c0316c4   CalcHandCmdCircle
0c031b0c   CalcInverseCmd_vel
0c0328d0   CalcVdcMean
0c0329ac   BrakeController
0c032aa0   CalcPrefRep3axis
0c032c94   CalcPrefRep2axis
0c032e90   CalcPref2axis
0c032f84   CalcHandCmdRectangle
0c0334c4   CalcHandCmdDiamond
0c033ac0   CalcFDTDWr_QmrefInputType
0c034e00   CalcFDTDWrUpdate_QmrefInputType_2nd
0c0353a8   CalcFDTDWrUpdate_QmrefInputType_1st2nd
0c035fb8   CalcFDTDWrInit_QmrefInputType
0c037c40   ControlFunction
0c03c100   ENC_stop_abs
0c03c1ac   ENC_start_abs
0c03c260   ENC_ss_init
0c03c30c   ENC_ss_get_start
0c03c3c0   ENC_ss_get_abs
0c03c4c0   ENC_ss_get_abm
0c03c5a8   ENC_set_refresh
0c03c660   ENC_reset_err
0c03c728   ENC_reset_abs
0c03c800   ENC_reset_abm
0c03c8c8   ENC_get_status
0c03c960   ENC_get_almc
0c03c9ec   ENC_get_abs
0c03caac   ENC_get_abm
0c03cb68   ENC_batt_alm_en
0c03cc20   pow
0c03d368   i2cEepromWriteBlock2
0c03d5e0   i2cEepromWriteByteAddr2
0c03d6f8   i2cEepromRead2
0c03d874   i2cEepromGetStatus2
0c03d9e0   powf
0c03dfc0   __c6xabi_divd
0c03e580   mw_spi_xfer
0c03e6c4   mw_spi_release
0c03e730   mw_spi_cmd_write
0c03e740   mw_spi_cmd_read
0c03e74c   mw_spi_cmd
0c03e7b8   mw_spi_claim
0c03e940   mw_nor_write
0c03ea04   mw_nor_read
0c03eab8   mw_nor_init
0c03eb2c   mw_nor_get_details
0c03eb98   mw_nor_erase
0c03eca0   platform_write
0c03ecb4   mw_platform_device_write
0c03ed50   mw_platform_device_read
0c03edec   mw_platform_device_open
0c03eec4   mw_platform_device_erase_block
0c03ef04   mw_platform_device_close
0c03ef70   mw_platform_delaycycles
0c03ef90   mw_Osal_platformSpiCsExit
0c03efa4   mw_Osal_platformSpiCsEnter
0c03efe0   cos
0c03f2a0   __c6xabi_divf
0c03f520   sin
0c03f7a0   cvt_to_u32_from_float
0c03f7c8   cvt_to_float_from_u32
0c03f7f0   FPGA_write_f32
0c03f880   FPGA_write
0c03f8f8   FPGA_read_f32
0c03f964   FPGA_read
0c03f9b0   FPGA_get_fpga_ver
0c03f9e0   IPFPGA_write_f32
0c03fa6c   IPFPGA_write
0c03fae8   IPFPGA_read_f32
0c03fb60   IPFPGA_read
0c03fbac   IPFPGA_get_fpga_ver
0c03fbe0   acos
0c03fdc0   atan
0c03ff80   expf
0c0402a0   atan2
0c040420   frexp
0c0405a0   frexpf
0c040700   ldexp
0c040860   ldexpf
0c0409c0   sqrt
0c040b20   _auto_init_elf
0c040c20   copy_in
0c040d20   __c6xabi_divi
0c040d20   __divi
0c040e00   memset
0c040ee0   __c6xabi_divu
0c040ee0   __divu
0c040fa0   exit
0c041060   __TI_tls_init
0c041120   __c6xabi_nround
0c0411c0   memcpy
0c041260   modf
0c041300   __c6xabi_fixdu
0c041380   __c6xabi_roundf
0c041400   _c_int00
0c041480   PEV_init
0c0414c4   PEV_get_fpga_ver
0c041500   evmI2CInit
0c041580   __TI_cpp_init
0c0415e0   __c6xabi_frcmpyd_div
0c041640   __c6xabi_llshru
0c0416a0   modff
0c041700   _args_main
0c041740   CSL_GPIO_open
0c041760   main
0c041780   __c6xabi_errno_addr
0c0417a0   __c6xabi_trunc
0c0417c0   __c6xabi_truncf
0c0417e0   C$$EXIT
0c0417e0   abort
0c041800   __TI_decompress_none
0c041820   __TI_decompress_rle24
0c041b40   sen
0c041d90   LPF_cmd
0c041e14   __errno
0c041e14   errno
0c041e18   LPF_motor
0c041f00   d_current
0c041f48   position
0c041f90   q_current
0c041fd8   velocity
0c042228   range
0c042504   _cleanup_ptr
0c042508   _dtors_ptr
0c04250c   __TI_enable_exit_profile_output
0c042764   EMIF_IntrErr_sts
0c044c78   __TI_Handler_Table_Base
0c044c80   __TI_CINIT_Base
0c044c80   __TI_Handler_Table_Limit
0c044ca0   __TI_CINIT_Limit
11e00000   PEV_updown_set_mode
11e00034   PEV_updown_read_cnt
11e00078   PEV_updown_init_maxcount
11e000c8   PEV_updown_clear_cnt
11e00100   PEV_sync_z_out
11e00150   PEV_sync_pwm_out
11e00260   PEV_sync_pwm_init
11e002b4   PEV_sync_ad_out
11e0030c   PEV_sync_ad_init
11e00360   PEV_inverter_stop_pwm
11e00394   PEV_inverter_start_pwm
11e003cc   PEV_inverter_set_uvw_br
11e005e8   PEV_inverter_set_uvw
11e007d4   PEV_inverter_set_ra
11e008d4   PEV_inverter_set_ab
11e00958   PEV_inverter_init_refload_timing
11e009b8   PEV_inverter_init_int_timing
11e00aa8   PEV_inverter_init_adtrig_timing
11e00b84   PEV_inverter_init
11e00cf4   PEV_inverter_enable_int
11e00d38   PEV_inverter_disable_int
11e00d70   PEV_inverter_control_gate
11e00da8   PEV_inverter_control_break
11e00de0   PEV_int_init
11e00f10   PEV_ad_start
11e00f48   PEV_ad_set_range
11e00f98   PEV_ad_set_offset
11e00fe0   PEV_ad_set_mode
11e01040   PEV_ad_in_st
11e0106c   PEV_ad_in_grp
11e012b0   PEV_ad_in_4ch
11e01418   PEV_ad_enable_int
11e01460   PEV_ad_disable_int
11e01494   PEV_ad_abz_read
11e016e8   PEV_abz_write
11e01734   PEV_abz_set_mode
11e017a4   PEV_abz_read
11e017e8   PEV_abz_init_maxcount
11e01834   PEV_abz_in_pin
11e01864   PEV_abz_get_resolver_pos
11e018a4   PEV_abz_get_resolver_err
11e018e0   PEV_abz_clear_resolver_err
11e01914   PEV_abz_clear
11e01960   C6657_timer3_hi_stop
11e01974   C6657_timer3_hi_start
11e01994   C6657_timer3_hi_init_vector
11e019b8   C6657_timer3_hi_init
11e01a2c   C6657_timer3_hi_enable_int
11e01a84   C6657_timer3_hi_clear_eventflag
11e01a94   C6657_timer2_write
11e01aa0   C6657_timer2_stop
11e01ab4   C6657_timer2_start
11e01ad8   C6657_timer2_read
11e01ae8   C6657_timer2_init_vector
11e01b30   C6657_timer2_init
11e01ba4   C6657_timer2_enable_int
11e01bf8   C6657_timer2_disable_int
11e01c40   C6657_timer2_clear_eventflag
11e01c4c   C6657_timer2_clear
11e01c58   C6657_timer1_write
11e01c68   C6657_timer1_stop
11e01c80   C6657_timer1_start
11e01ca0   C6657_timer1_read
11e01cac   C6657_timer1_init_vector
11e01cd0   C6657_timer1_init
11e01d44   C6657_timer1_enable_int
11e01d98   C6657_timer1_disable_int
11e01de0   C6657_timer1_clear_eventflag
11e01dec   C6657_timer1_clear
11e01df8   C6657_timer0_write
11e01e08   C6657_timer0_stop
11e01e20   C6657_timer0_start
11e01e40   C6657_timer0_read
11e01e4c   C6657_timer0_init_vector
11e01e70   C6657_timer0_init
11e01ee4   C6657_timer0_enable_int
11e01f38   C6657_timer0_disable_int
11e01f78   C6657_timer0_clear_eventflag
11e01f8c   C6657_timer0_clear
11e01fa0   EMF_Write_s32
11e02018   EMF_WriteFlashRom_s32
11e02120   EMF_Write2_s32
11e021b8   EMF_Read_s32
11e0222c   EMF_ReadFpgaBoard_s32
11e022e0   EMF_ReadFlashRom_s32
11e023a8   EMF_Read3_s32
11e02414   EMF_Read2_s32
11e024cc   EMF_Initialization_s32
11e0252c   EMF_EnableIntr_s32
11e025f4   mwintc_setupApp
11e02688   cic0Out2Evnt
11e02714   mwintc_setup
11e02794   mwintc_setup2
11e02860   mwintc_mapSystemIntrToChannel
11e02878   mwintc_getInterruptStatus
11e028a8   mwintc_enableSysInterrupt
11e028c0   mwintc_enableHostInterrupt
11e028d4   mwintc_disableSysInterrupt
11e028ec   mwintc_disableHostInterrupt
11e02904   mwintc_clearSysInterrupt
11e02918   int_end_nestint
11e02968   int_begin_nestint
11e029a8   IRQ_globalRestore
11e029b0   IRQ_globalEnable
11e029d0   IRQ_globalDisable
11e02a00   CSL2_intcHwControl
11e02d20   EMF_ErrIntr_vo
11e02f00   GPI_setVector_vo
11e02fd4   GPI_int_ack_vo
11e03024   GPI_init_vo
11e0304c   GPI_enable_int_vo
11e0306c   GPI_disable_int_vo
11e030a0   CSL2_loadResource
11e030b4   CSL2_intcOpen2
11e03220   CSL_intcInterruptEnable
11e03240   CSL_intcInterruptDisable
11e03260   _CSL_intcInterruptClear
11e0326c   _CSL_intcInterruptSet
11e03278   _CSL_intcInterruptRestore
11e03290   _CSL_intcQueryInterruptStatus
11e032a8   CSL_intcGlobalEnable
11e032c8   _CSL_intcGlobalDisable
11e032e8   _CSL_intcGlobalRestore
11e03300   CSL_intcGlobalNmiEnable
11e03314   _CSL_intcGlobalExcepEnable
11e03328   _CSL_intcGlobalExtExcepEnable
11e0333c   _CSL_intcGlobalExcepClear
11e03360   mw_setVect
11e03380   _CSL2_intcDispatcherDummy
11f00170   intcObj
11f00270   gpio_int_map
11f002b0   _mwSinTbl
11f02300   WAVE_Enc_error
11f02304   WAVE_ofst_Iu
11f02308   WAVE_ofst_Iv
11f0230c   WAVE_ofst_Iw
11f02310   WAVE_Vdc_ofst
11f02318   debug
11f02328   debug2
11f02338   debug3
11f02348   joint
11f02b88   ob_sub
11f02ce8   Wr_sub
11f03000   Wr_DPD
11f03318   dyn
11f03420   tri
11f03498   gsub
11f035f8   Tm_sub
11f03640   Tm_full_sub
11f036e8   ad1
11f036ec   ad2
11f036f0   ad3
11f036f4   ModRatioU
11f036f8   ModRatioV
11f036fc   ModRatioW
11f03700   _stack
11f04700   WAVE_INIT_COUNT
11f04700   __TI_STACK_END
11f04700   __TI_STATIC_BASE
11f04704   WAVE_FIL_Y
11f04708   flag_cont_start
11f0470c   flag_dead
11f04710   flag_dyn_payload
11f04714   flag_CalcHandCmd
11f04718   flag_debug
11f0471c   flag_pv
11f04720   flag_delay
11f04724   flag_Vdc_setted
11f04728   flag_FBgain
11f0472c   flag_PPgain
11f04730   flag_FF
11f04734   flag_SOB
11f04738   counter_2
11f0473c   WAVE_LoopCount
11f04740   flag_FF_triple
11f04744   flag_cmd_end
11f04748   WAVE_Timer0
11f0474c   WAVE_Timer1
11f04750   WAVE_Timer2
11f04754   WAVE_Joint1
11f04758   WAVE_Joint2
11f0475c   WAVE_Joint3
11f04760   WAVE_HandX
11f04764   WAVE_HandY
11f04768   WAVE_HandZ
11f0476c   WAVE_fx
11f04770   WAVE_fy
11f04774   WAVE_fz
11f04778   WAVE_vx
11f0477c   WAVE_vy
11f04780   WAVE_vz
11f04784   WAVE_state
11f04788   WAVE_check
11f0478c   flag_reposition
11f04790   flag_first_go
11f04794   flag_first_back
11f04798   flag_hard
11f0479c   flag_CircleStart1
11f047a0   flag_CircleStart2
11f047a4   flag_CircleStart3
11f047a8   flag_end1
11f047ac   flag_end2
11f047b0   flag_end3
11f047b4   flag_on
11f047b8   start_go1
11f047bc   start_go2
11f047c0   start_go3
11f047c4   start_back1
11f047c8   start_back2
11f047cc   start_back3
11f047d0   Ref_Iq_ref_direct
11f047d4   Ref_wM_direct
11f047d8   Iq_off
11f047dc   Flag_ARCS_start
11f047e0   Flag_ARCS_clear
11f047e4   speed_hand
11f047e8   ref_wm_direct
11f047ec   debug_theta
11f047f0   WAVE_IresU1
11f047f4   WAVE_IresU2
11f047f8   WAVE_IresU3
11f047fc   WAVE_IresV1
11f04800   WAVE_IresV2
11f04804   WAVE_IresV3
11f04808   WAVE_IresW1
11f0480c   WAVE_IresW2
11f04810   WAVE_IresW3
11f04814   WAVE_ACC_LW8079
11f04818   WAVE_ACC_LW8174
11f0481c   WAVE_ACC_LW8174_axis
11f04820   WAVE_Fz
11f04824   WAVE_WSX
11f04828   WAVE_WSY
11f0482c   WAVE_WSZ
11f04830   WAVE_U_modulation
11f04834   WAVE_V_modulation
11f04838   WAVE_W_modulation
11f0483c   ref_Iq_direct1
11f04840   ref_Iq_direct2
11f04844   ref_Iq_direct3
11f04848   flag_fin
11f0484c   Wr_Throth_check
11f04b18   tmr1regs
11f04b1c   tmr2regs
11f04b20   tmr3regs
11f04b24   mw_gp__CSL_intcCpuIntrTable
11f04b28   mw_platform_errno
11f04b2c   WAVE_MRU1
11f04b30   WAVE_MRV1
11f04b34   WAVE_MRW1
11f04b38   WAVE_MRU2
11f04b3c   WAVE_MRV2
11f04b40   WAVE_MRW2
11f04b44   WAVE_MRU3
11f04b48   WAVE_MRV3
11f04b4c   WAVE_MRW3
11f04b50   WAVE_MRBR1
11f04b54   WAVE_MRBR2
11f04b58   WAVE_MRBR3
11f04b5c   WAVE_tauLdyn1
11f04b60   WAVE_tauLdyn2
11f04b64   WAVE_tauLdyn3
11f04b68   WAVE_tauLwoG1
11f04b6c   WAVE_tauLwoG2
11f04b70   WAVE_tauLwoG3
11f04b74   WAVE_Jl_calc1
11f04b78   WAVE_Jl_calc2
11f04b7c   WAVE_Jl_calc3
11f04b80   WAVE_Jl_Wr1
11f04b84   WAVE_Jl_Wr2
11f04b88   WAVE_Jl_Wr3
11f04b8c   WAVE_IresD1
11f04b90   WAVE_IresD2
11f04b94   WAVE_IresD3
11f04b98   WAVE_IresQ1
11f04b9c   WAVE_IresQ2
11f04ba0   WAVE_IresQ3
11f04ba4   WAVE_Vdc1
11f04ba8   WAVE_Vdc2
11f04bac   WAVE_Vdc3
11f04bb0   WAVE_Idc1
11f04bb4   WAVE_Idc2
11f04bb8   WAVE_Idc3
11f04bbc   WAVE_ENC_temp1
11f04bc0   WAVE_ENC_temp2
11f04bc4   WAVE_ENC_temp3
11f04bc8   WAVE_ENC1
11f04bcc   WAVE_ENC2
11f04bd0   WAVE_ENC3
11f04bd4   WAVE_theta_rm1
11f04bd8   WAVE_theta_rm2
11f04bdc   WAVE_theta_rm3
11f04be0   WAVE_theta_rm_ref1
11f04be4   WAVE_theta_rm_ref2
11f04be8   WAVE_theta_rm_ref3
11f04bec   WAVE_theta_rm_full1
11f04bf0   WAVE_theta_rm_full2
11f04bf4   WAVE_theta_rm_full3
11f04bf8   WAVE_theta_re1
11f04bfc   WAVE_theta_re2
11f04c00   WAVE_theta_re3
11f04c04   WAVE_TRG_WM1
11f04c08   WAVE_TRG_WM2
11f04c0c   WAVE_TRG_WM3
11f04c10   WAVE_wm1
11f04c14   WAVE_wm2
11f04c18   WAVE_wm3
11f04c1c   WAVE_wm_ref_org
11f04c20   WAVE_wm_ref1
11f04c24   WAVE_wm_ref2
11f04c28   WAVE_wm_ref3
11f04c2c   WAVE_wm_cmd1
11f04c30   WAVE_wm_cmd2
11f04c34   WAVE_wm_cmd3
11f04c38   WAVE_qm1
11f04c3c   WAVE_qm2
11f04c40   WAVE_qm3
11f04c44   WAVE_qm_ref1
11f04c48   WAVE_qm_ref2
11f04c4c   WAVE_qm_ref3
11f04c50   WAVE_ql1
11f04c54   WAVE_ql2
11f04c58   WAVE_ql3
11f04c5c   WAVE_Iq1
11f04c60   WAVE_Iq2
11f04c64   WAVE_Iq3
11f04c68   WAVE_Ipi1
11f04c6c   WAVE_Ipi2
11f04c70   WAVE_Ipi3
11f04c74   WAVE_Isfb1
11f04c78   WAVE_Isfb2
11f04c7c   WAVE_Isfb3
11f04c80   WAVE_VrefU1
11f04c84   WAVE_VrefV1
11f04c88   WAVE_VrefW1
11f04c8c   WAVE_VrefU2
11f04c90   WAVE_VrefV2
11f04c94   WAVE_VrefW2
11f04c98   WAVE_VrefU3
11f04c9c   WAVE_VrefV3
11f04ca0   WAVE_VrefW3
11f04ca4   WAVE_vu_ref_stand1
11f04ca8   WAVE_vv_ref_stand1
11f04cac   WAVE_vw_ref_stand1
11f04cb0   WAVE_vu_ref_stand2
11f04cb4   WAVE_vv_ref_stand2
11f04cb8   WAVE_vw_ref_stand2
11f04cbc   WAVE_vu_ref_stand3
11f04cc0   WAVE_vv_ref_stand3
11f04cc4   WAVE_vw_ref_stand3
11f04cc8   WAVE_IrefD1
11f04ccc   WAVE_IrefD2
11f04cd0   WAVE_IrefD3
11f04cd4   WAVE_IrefQ1
11f04cd8   WAVE_IrefQ2
11f04cdc   WAVE_IrefQ3
11f04ce0   WAVE_VrefD_dcpl1
11f04ce4   WAVE_VrefQ_dcpl1
11f04ce8   WAVE_VrefD_dcpl2
11f04cec   WAVE_VrefQ_dcpl2
11f04cf0   WAVE_VrefD_dcpl3
11f04cf4   WAVE_VrefQ_dcpl3
11f04cf8   WAVE_VrefD1
11f04cfc   WAVE_VrefQ1
11f04d00   WAVE_VrefD2
11f04d04   WAVE_VrefQ2
11f04d08   WAVE_VrefD3
11f04d0c   WAVE_VrefQ3
11f04d10   WAVE_vd_lim_dif1
11f04d14   WAVE_vq_lim_dif1
11f04d18   WAVE_vd_lim_dif2
11f04d1c   WAVE_vq_lim_dif2
11f04d20   WAVE_vd_lim_dif3
11f04d24   WAVE_vq_lim_dif3
11f04d28   WAVE_omega_rm1
11f04d2c   WAVE_omega_rm2
11f04d30   WAVE_omega_rm3
11f04d34   WAVE_omega_rm1_ref
11f04d38   WAVE_omega_rm2_ref
11f04d3c   WAVE_omega_rm3_ref
11f04d40   WAVE_Tq1
11f04d44   WAVE_Tq2
11f04d48   WAVE_Tq3
11f04d4c   WAVE_Icmp1
11f04d50   WAVE_Icmp2
11f04d54   WAVE_Icmp3
11f04d58   ref_Iq_freq_direct1
11f04d5c   ref_Iq_freq_direct2
11f04d60   ref_Iq_freq_direct3
11f04d64   WAVE_Iff_1
11f04d68   WAVE_Iff_2
11f04d6c   WAVE_Iff_3
11f04d70   WAVE_tauL_dyn_2nd
11f04d74   WAVE_VWX
11f04d78   WAVE_VWY
11f04d7c   WAVE_VWZ
11f04e74   EMF_ExtWaitErrInfo_u32s
11f04e78   EMF_ExtWaitErrCnt_u32s
11f04e7c   hGpio
ffffffff   __TI_pprof_out_hndl
ffffffff   __TI_prof_data_size
ffffffff   __TI_prof_data_start
ffffffff   __binit__
ffffffff   __c_args__
ffffffff   binit
UNDEFED    __TI_INITARRAY_Base
UNDEFED    __TI_INITARRAY_Limit
UNDEFED    __TI_TLS_INIT_Base
UNDEFED    __TI_TLS_INIT_Limit

[598 symbols]
