******************************************************************************
               TMS320C6x Linker PC v7.4.24                     
******************************************************************************
>> Linked Tue Jan 27 10:22:16 2026

OUTPUT FILE NAME:   <current_control_ver2_new.out>
ENTRY POINT SYMBOL: "_c_int00"  address: 0c041d60


MEMORY CONFIGURATION

         name            origin    length      used     unused   attr    fill
----------------------  --------  ---------  --------  --------  ----  --------
  IPC_ISR_REG           02620244   00000004  00000000  00000004  RWIX
  DDR3_INIT_CODE        0c000000   00018000  00000000  00018000  RW X
  USER_SRAM_1_4         0c018000   000e8000  0002e91c  000b96e4  RWIX
  KNL0_SRAM_1_4         10800000   000fff80  00000000  000fff80  RWIX
  KNL0_BOOT_AREA        108fff80   0000007c  00000000  0000007c  RWIX
  KNL0_MAGIC_ADDRESS    108ffffc   00000004  00000000  00000004  RWIX
  CTRL_PARAS            11800000   00000100  00000000  00000100  RWIX
  KNL1_SRAM_1_2         11800100   0003ff00  00000000  0003ff00  RWIX
  CSL_INTC              11840000   00010000  00000000  00010000  RWIX
  USER_MAGIC_ADDRESS    118fff80   00000004  00000000  00000004  R   
  KNL1_BOOT_AREA        118fff84   00000078  00000000  00000078  RWIX
  KNL1_MAGIC_ADDRESS    118ffffc   00000004  00000000  00000004  RWIX
  USER_SRAM_2_4         11e00000   00008000  000033e0  00004c20  RWIX
  USER_SRAM_3_4         11f00000   00008000  00003a04  000045fc  RWIX
  TI_BOOT_ROM           20b00000   00020000  00000000  00020000  RWIX
  KNL0_SRAM_2_4         80000000   000fe000  00000000  000fe000  RWIX
  USER_SRAM_4_4         80100000   01800000  00000000  01800000  RWIX
  KNL0_SRAM_3_4         82000000   0d000000  00000000  0d000000  RWIX
  KNL0_SRAM_4_4         8f000000   01000000  00000000  01000000  RWIX
  KNL1_SRAM_2_2         90000000   10000000  00000000  10000000  RWIX


SEGMENT ALLOCATION MAP

run origin  load origin   length   init length attrs members
----------  ----------- ---------- ----------- ----- -------
0c018000    0c018000    0002a4a0   0002a4a0    r-x
  0c018000    0c018000    0002a4a0   0002a4a0    r-x .text
0c0424a0    0c0424a0    00001ebc   00001ebc    rw-
  0c0424a0    0c0424a0    00001ebc   00001ebc    rw- .fardata
0c044360    0c044360    00000088   00000000    rw-
  0c044360    0c044360    00000088   00000000    rw- .far
0c044400    0c044400    00000078   00000078    r--
  0c044400    0c044400    00000078   00000078    r-- .const
0c044480    0c044480    00000010   00000010    r--
  0c044480    0c044480    00000010   00000010    r-- .switch
0c044500    0c044500    000024b0   000024b0    r--
  0c044500    0c044500    000024b0   000024b0    r-- .cinit
11e00000    11e00000    000033e0   000033e0    r-x
  11e00000    11e00000    000033e0   000033e0    r-x .text_2
11f00000    11f00000    000032b8   000022b8    rw-
  11f00000    11f00000    000022b8   000022b8    rw- .data_2
  11f022b8    11f022b8    00001000   00000000    rw- .stack
11f032b8    11f032b8    0000074c   000003f4    rw-
  11f032b8    11f032b8    000003f4   000003f4    rw- .neardata
  11f036ac    11f036ac    00000358   00000000    rw- .bss


SECTION ALLOCATION MAP

 output                                  attributes/
section   page    origin      length       input sections
--------  ----  ----------  ----------   ----------------
.text      0    0c018000    0002a4a0     
                  0c018000    0001fec0     current_control_ver2_new.obj (.text)
                  0c037ec0    00004960     current_control_ver2_new.obj (.text:retain)
                  0c03c820    00000b20     enc.obj (.text)
                  0c03d340    00000700     rts6600_elf.lib : pow.obj (.text:pow)
                  0c03da40    000006c0     mwio4.lib : mw_i2c_eeprom.obj (.text)
                  0c03e100    000005e0     rts6600_elf.lib : powf.obj (.text:powf)
                  0c03e6e0    000005c0                     : divd.obj (.text:__c6xabi_divd)
                  0c03eca0    000003c0     mwio4.lib : mw_spi.obj (.text)
                  0c03f060    00000360               : mw_flash.obj (.text)
                  0c03f3c0    00000340               : mw_platform.obj (.text)
                  0c03f700    000002c0     rts6600_elf.lib : cos.obj (.text:cos)
                  0c03f9c0    00000280                     : divf.obj (.text:__c6xabi_divf)
                  0c03fc40    00000280                     : sin.obj (.text:sin)
                  0c03fec0    00000240     mwio4.lib : FPGA_LIB.obj (.text)
                  0c040100    00000240     rts6600_elf.lib : sinf.obj (.text:sinf)
                  0c040340    00000200     mwio4.lib : IPFPGA_LIB.obj (.text)
                  0c040540    000001e0     rts6600_elf.lib : acos.obj (.text:acos)
                  0c040720    000001c0                     : atan.obj (.text:atan)
                  0c0408e0    000001a0                     : expf.obj (.text:expf)
                  0c040a80    00000180                     : copy_decompress_rle.obj (.text:__TI_decompress_rle_core)
                  0c040c00    00000180                     : atan2.obj (.text:atan2)
                  0c040d80    00000180                     : frexp.obj (.text:frexp)
                  0c040f00    00000160                     : frexpf.obj (.text:frexpf)
                  0c041060    00000160                     : ldexp.obj (.text:ldexp)
                  0c0411c0    00000160                     : ldexpf.obj (.text:ldexpf)
                  0c041320    00000160                     : sqrt.obj (.text:sqrt)
                  0c041480    00000100                     : autoinit.obj (.text:_auto_init_elf)
                  0c041580    00000100                     : cpy_tbl.obj (.text:copy_in)
                  0c041680    000000e0                     : divi.obj (.text:__divi)
                  0c041760    000000e0                     : memset.obj (.text:memset)
                  0c041840    000000c0                     : divu.obj (.text:__divu)
                  0c041900    000000c0                     : exit.obj (.text:exit)
                  0c0419c0    000000c0                     : tls.obj (.text:tls:init:__TI_tls_init)
                  0c041a80    000000a0                     : round.obj (.text:__c6xabi_nround)
                  0c041b20    000000a0                     : memcpy64.obj (.text:memcpy)
                  0c041bc0    000000a0                     : modf.obj (.text:modf)
                  0c041c60    00000080                     : fixdu.obj (.text:__c6xabi_fixdu)
                  0c041ce0    00000080                     : roundf.obj (.text:__c6xabi_roundf)
                  0c041d60    00000080                     : boot.obj (.text:_c_int00)
                  0c041de0    00000080     mwio4.lib : PEV_LIB.obj (.text)
                  0c041e60    00000080               : mw_i2c.obj (.text)
                  0c041ee0    00000060     rts6600_elf.lib : cpp_init.obj (.text:__TI_cpp_init)
                  0c041f40    00000060                     : frcmpyd_div.obj (.text:__c6xabi_frcmpyd_div)
                  0c041fa0    00000060                     : llshift.obj (.text:__c6xabi_llshru)
                  0c042000    00000060                     : modff.obj (.text:modff)
                  0c042060    00000040                     : args_main.obj (.text:_args_main)
                  0c0420a0    00000020     ti.csl.ae66 : csl_gpioGetBaseAddress.oe66 (.text:CSL_GPIO_open)
                  0c0420c0    00000020     Main.obj (.text)
                  0c0420e0    00000020     rts6600_elf.lib : errno.obj (.text:__c6xabi_errno_addr)
                  0c042100    00000020                     : trunc.obj (.text:__c6xabi_trunc)
                  0c042120    00000020                     : truncf.obj (.text:__c6xabi_truncf)
                  0c042140    00000020                     : exit.obj (.text:abort)
                  0c042160    00000020                     : copy_decompress_none.obj (.text:decompress:none:__TI_decompress_none)
                  0c042180    00000020                     : copy_decompress_rle.obj (.text:decompress:rle24:__TI_decompress_rle24)
                  0c0421a0    00000010     mwio4.lib : EMIF16.obj ($Tramp$S$$EMF_EnableIntr_s32)
                  0c0421b0    00000010               : gpio_int.obj ($Tramp$S$$GPI_init_vo)
                  0c0421c0    00000010               : mwintc.obj ($Tramp$S$$mwintc_setupApp)
                  0c0421d0    00000010               : PEV_INV_LIB.obj ($Tramp$S$$PEV_ad_set_offset)
                  0c0421e0    00000010               : EMIF16.obj ($Tramp$S$$EMF_Read_s32)
                  0c0421f0    00000010               : EMIF16.obj ($Tramp$S$$EMF_ReadFpgaBoard_s32)
                  0c042200    00000010               : EMIF16.obj ($Tramp$S$$EMF_Write2_s32)
                  0c042210    00000010               : gpio_int.obj ($Tramp$S$$GPI_int_ack_vo)
                  0c042220    00000010               : timer_lib.obj ($Tramp$S$$C6657_timer2_read)
                  0c042230    00000010               : timer_lib.obj ($Tramp$S$$C6657_timer2_start)
                  0c042240    00000010               : timer_lib.obj ($Tramp$S$$C6657_timer2_clear)
                  0c042250    00000010               : timer_lib.obj ($Tramp$S$$C6657_timer2_stop)
                  0c042260    00000010               : timer_lib.obj ($Tramp$S$$C6657_timer1_read)
                  0c042270    00000010               : timer_lib.obj ($Tramp$S$$C6657_timer1_start)
                  0c042280    00000010               : timer_lib.obj ($Tramp$S$$C6657_timer1_clear)
                  0c042290    00000010               : timer_lib.obj ($Tramp$S$$C6657_timer1_stop)
                  0c0422a0    00000010               : timer_lib.obj ($Tramp$S$$C6657_timer0_read)
                  0c0422b0    00000010               : timer_lib.obj ($Tramp$S$$C6657_timer0_start)
                  0c0422c0    00000010               : timer_lib.obj ($Tramp$S$$C6657_timer0_clear)
                  0c0422d0    00000010               : timer_lib.obj ($Tramp$S$$C6657_timer0_stop)
                  0c0422e0    00000010               : PEV_INV_LIB.obj ($Tramp$S$$PEV_inverter_start_pwm)
                  0c0422f0    00000010               : timer_lib.obj ($Tramp$S$$C6657_timer2_disable_int)
                  0c042300    00000010               : timer_lib.obj ($Tramp$S$$C6657_timer1_disable_int)
                  0c042310    00000010               : timer_lib.obj ($Tramp$S$$C6657_timer0_disable_int)
                  0c042320    00000010               : PEV_INV_LIB.obj ($Tramp$S$$PEV_ad_disable_int)
                  0c042330    00000010               : mwintc.obj ($Tramp$S$$IRQ_globalEnable)
                  0c042340    00000010               : timer_lib.obj ($Tramp$S$$C6657_timer2_init)
                  0c042350    00000010               : timer_lib.obj ($Tramp$S$$C6657_timer1_init)
                  0c042360    00000010               : timer_lib.obj ($Tramp$S$$C6657_timer0_init)
                  0c042370    00000010               : PEV_INV_LIB.obj ($Tramp$S$$PEV_inverter_control_break)
                  0c042380    00000010               : PEV_INV_LIB.obj ($Tramp$S$$PEV_inverter_enable_int)
                  0c042390    00000010               : PEV_INV_LIB.obj ($Tramp$S$$PEV_inverter_init_refload_timing)
                  0c0423a0    00000010               : PEV_INV_LIB.obj ($Tramp$S$$PEV_inverter_init_adtrig_timing)
                  0c0423b0    00000010               : PEV_INV_LIB.obj ($Tramp$S$$PEV_inverter_set_uvw)
                  0c0423c0    00000010               : PEV_INV_LIB.obj ($Tramp$S$$PEV_ad_set_mode)
                  0c0423d0    00000010               : PEV_INV_LIB.obj ($Tramp$S$$PEV_ad_set_range)
                  0c0423e0    00000010               : PEV_INV_LIB.obj ($Tramp$S$$PEV_sync_pwm_out)
                  0c0423f0    00000010               : PEV_INV_LIB.obj ($Tramp$S$$PEV_sync_pwm_init)
                  0c042400    00000010               : PEV_INV_LIB.obj ($Tramp$S$$PEV_sync_ad_out)
                  0c042410    00000010               : PEV_INV_LIB.obj ($Tramp$S$$PEV_sync_ad_init)
                  0c042420    00000010               : PEV_INV_LIB.obj ($Tramp$S$$PEV_inverter_init)
                  0c042430    00000010               : gpio_int.obj ($Tramp$S$$GPI_enable_int_vo)
                  0c042440    00000010               : gpio_int.obj ($Tramp$S$$GPI_setVector_vo)
                  0c042450    00000010               : PEV_INV_LIB.obj ($Tramp$S$$PEV_int_init)
                  0c042460    00000010               : mwintc.obj ($Tramp$S$$IRQ_globalDisable)
                  0c042470    00000010               : PEV_INV_LIB.obj ($Tramp$S$$PEV_ad_in_grp)
                  0c042480    00000010               : PEV_INV_LIB.obj ($Tramp$S$$PEV_ad_in_st)
                  0c042490    00000010               : PEV_INV_LIB.obj ($Tramp$S$$PEV_inverter_set_uvw_br)

.fardata   0    0c0424a0    00001ebc     
                  0c0424a0    00000840     current_control_ver2_new.obj (.fardata:joint)
                  0c042ce0    00000318     current_control_ver2_new.obj (.fardata:Wr_DPD)
                  0c042ff8    00000318     current_control_ver2_new.obj (.fardata:Wr_sub)
                  0c043310    0000015c     current_control_ver2_new.obj (.fardata:gsub)
                  0c04346c    00000004     rts6600_elf.lib : errno.obj (.fardata)
                  0c043470    0000015c     current_control_ver2_new.obj (.fardata:ob_sub)
                  0c0435cc    00000004     --HOLE--
                  0c0435d0    00000120     current_control_ver2_new.obj (.fardata:sen)
                  0c0436f0    00000104     current_control_ver2_new.obj (.fardata)
                  0c0437f4    00000004     --HOLE--
                  0c0437f8    000000a8     current_control_ver2_new.obj (.fardata:Tm_full_sub)
                  0c0438a0    000000a8     mwio4.lib : mw_platform.obj (.fardata)
                  0c043948    00000088     rts6600_elf.lib : pow.obj (.fardata:A1$1)
                  0c0439d0    00000084     current_control_ver2_new.obj (.fardata:LPF_cmd)
                  0c043a54    00000004     --HOLE--
                  0c043a58    00000084     current_control_ver2_new.obj (.fardata:LPF_motor)
                  0c043adc    00000004     --HOLE--
                  0c043ae0    00000078     current_control_ver2_new.obj (.fardata:tri)
                  0c043b58    00000060     rts6600_elf.lib : acos.obj (.fardata:asin_consts$1)
                  0c043bb8    00000048     current_control_ver2_new.obj (.fardata:Tm_sub)
                  0c043c00    00000048     current_control_ver2_new.obj (.fardata:d_current)
                  0c043c48    00000048     current_control_ver2_new.obj (.fardata:position)
                  0c043c90    00000048     current_control_ver2_new.obj (.fardata:q_current)
                  0c043cd8    00000048     current_control_ver2_new.obj (.fardata:velocity)
                  0c043d20    00000044     rts6600_elf.lib : powf.obj (.fardata:A1$1)
                  0c043d64    00000004     --HOLE--
                  0c043d68    00000040                     : pow.obj (.fardata:A2$2)
                  0c043da8    00000040                     : cos.obj (.fardata:R$1)
                  0c043de8    00000040                     : sin.obj (.fardata:R$1)
                  0c043e28    00000040                     : atan.obj (.fardata:arctan_consts$1)
                  0c043e68    00000038                     : pow.obj (.fardata:Q$4)
                  0c043ea0    00000024     current_control_ver2_new.obj (.fardata:J$144)
                  0c043ec4    00000004     --HOLE--
                  0c043ec8    00000020     rts6600_elf.lib : atan.obj (.fardata:A$2)
                  0c043ee8    00000020                     : powf.obj (.fardata:A2$2)
                  0c043f08    00000020                     : pow.obj (.fardata:P$3)
                  0c043f28    00000020     current_control_ver2_new.obj (.fardata:range)
                  0c043f48    0000001c     rts6600_elf.lib : expf.obj (.fardata:exp_consts$1)
                  0c043f64    00000004     --HOLE--
                  0c043f68    00000010                     : sinf.obj (.fardata:R$1)
                  0c043f78    00000010     current_control_ver2_new.obj (.fardata:debug3)
                  0c043f88    0000000c     rts6600_elf.lib : powf.obj (.fardata:Q$4)
                  0c043f94    00000004     --HOLE--
                  0c043f98    0000000c     current_control_ver2_new.obj (.fardata:Vdc_mean$225)
                  0c043fa4    00000004     --HOLE--
                  0c043fa8    0000000c     current_control_ver2_new.obj (.fardata:Vdc_sum$224)
                  0c043fb4    00000004     --HOLE--
                  0c043fb8    0000000c     current_control_ver2_new.obj (.fardata:counter$223)
                  0c043fc4    00000004     --HOLE--
                  0c043fc8    0000000c     current_control_ver2_new.obj (.fardata:est_Qs_Z$34)
                  0c043fd4    00000004     --HOLE--
                  0c043fd8    0000000c     current_control_ver2_new.obj (.fardata:est_Qs_Z1$31)
                  0c043fe4    00000004     --HOLE--
                  0c043fe8    0000000c     current_control_ver2_new.obj (.fardata:est_wL_Z$35)
                  0c043ff4    00000004     --HOLE--
                  0c043ff8    0000000c     current_control_ver2_new.obj (.fardata:est_wL_Z1$32)
                  0c044004    00000004     --HOLE--
                  0c044008    0000000c     current_control_ver2_new.obj (.fardata:est_wM_Z$33)
                  0c044014    00000004     --HOLE--
                  0c044018    0000000c     current_control_ver2_new.obj (.fardata:est_wM_Z1$30)
                  0c044024    00000004     --HOLE--
                  0c044028    0000000c     current_control_ver2_new.obj (.fardata:goalZ$103)
                  0c044034    00000004     --HOLE--
                  0c044038    0000000c     current_control_ver2_new.obj (.fardata:goalZ$112)
                  0c044044    00000004     --HOLE--
                  0c044048    0000000c     current_control_ver2_new.obj (.fardata:goalZ$91)
                  0c044054    00000004     --HOLE--
                  0c044058    0000000c     current_control_ver2_new.obj (.fardata:hand_cmd$3)
                  0c044064    00000004     --HOLE--
                  0c044068    0000000c     current_control_ver2_new.obj (.fardata:hand_vel$4)
                  0c044074    00000004     --HOLE--
                  0c044078    0000000c     current_control_ver2_new.obj (.fardata:loop_count_num$195)
                  0c044084    00000004     --HOLE--
                  0c044088    0000000c     current_control_ver2_new.obj (.fardata:m_Z$215)
                  0c044094    00000004     --HOLE--
                  0c044098    0000000c     current_control_ver2_new.obj (.fardata:m_Z1$222)
                  0c0440a4    00000004     --HOLE--
                  0c0440a8    0000000c     current_control_ver2_new.obj (.fardata:motor_cmd$6)
                  0c0440b4    00000004     --HOLE--
                  0c0440b8    0000000c     current_control_ver2_new.obj (.fardata:n_Z$214)
                  0c0440c4    00000004     --HOLE--
                  0c0440c8    0000000c     current_control_ver2_new.obj (.fardata:n_Z1$221)
                  0c0440d4    00000004     --HOLE--
                  0c0440d8    0000000c     current_control_ver2_new.obj (.fardata:p1$143)
                  0c0440e4    00000004     --HOLE--
                  0c0440e8    0000000c     current_control_ver2_new.obj (.fardata:ql_Z$201)
                  0c0440f4    00000004     --HOLE--
                  0c0440f8    0000000c     current_control_ver2_new.obj (.fardata:ql_Z$213)
                  0c044104    00000004     --HOLE--
                  0c044108    0000000c     current_control_ver2_new.obj (.fardata:ql_Z1$207)
                  0c044114    00000004     --HOLE--
                  0c044118    0000000c     current_control_ver2_new.obj (.fardata:ql_Z1$220)
                  0c044124    00000004     --HOLE--
                  0c044128    0000000c     current_control_ver2_new.obj (.fardata:qm_Z$198)
                  0c044134    00000004     --HOLE--
                  0c044138    0000000c     current_control_ver2_new.obj (.fardata:qm_Z$210)
                  0c044144    00000004     --HOLE--
                  0c044148    0000000c     current_control_ver2_new.obj (.fardata:qm_Z1$204)
                  0c044154    00000004     --HOLE--
                  0c044158    0000000c     current_control_ver2_new.obj (.fardata:qm_Z1$217)
                  0c044164    00000004     --HOLE--
                  0c044168    0000000c     current_control_ver2_new.obj (.fardata:qm_prev$194)
                  0c044174    00000004     --HOLE--
                  0c044178    0000000c     current_control_ver2_new.obj (.fardata:qs_Z$199)
                  0c044184    00000004     --HOLE--
                  0c044188    0000000c     current_control_ver2_new.obj (.fardata:qs_Z$211)
                  0c044194    00000004     --HOLE--
                  0c044198    0000000c     current_control_ver2_new.obj (.fardata:qs_Z$37)
                  0c0441a4    00000004     --HOLE--
                  0c0441a8    0000000c     current_control_ver2_new.obj (.fardata:qs_Z$43)
                  0c0441b4    00000004     --HOLE--
                  0c0441b8    0000000c     current_control_ver2_new.obj (.fardata:qs_Z1$205)
                  0c0441c4    00000004     --HOLE--
                  0c0441c8    0000000c     current_control_ver2_new.obj (.fardata:qs_Z1$218)
                  0c0441d4    00000004     --HOLE--
                  0c0441d8    0000000c     current_control_ver2_new.obj (.fardata:qs_Z1$40)
                  0c0441e4    00000004     --HOLE--
                  0c0441e8    0000000c     current_control_ver2_new.obj (.fardata:qs_Z1$46)
                  0c0441f4    0000000c     rts6600_elf.lib : exit.obj (.fardata)
                  0c044200    0000000c     current_control_ver2_new.obj (.fardata:sign_invers$196)
                  0c04420c    00000004     --HOLE--
                  0c044210    0000000c     current_control_ver2_new.obj (.fardata:start_hand)
                  0c04421c    00000004     --HOLE--
                  0c044220    0000000c     current_control_ver2_new.obj (.fardata:wl_Z$200)
                  0c04422c    00000004     --HOLE--
                  0c044230    0000000c     current_control_ver2_new.obj (.fardata:wl_Z$212)
                  0c04423c    00000004     --HOLE--
                  0c044240    0000000c     current_control_ver2_new.obj (.fardata:wl_Z$38)
                  0c04424c    00000004     --HOLE--
                  0c044250    0000000c     current_control_ver2_new.obj (.fardata:wl_Z$44)
                  0c04425c    00000004     --HOLE--
                  0c044260    0000000c     current_control_ver2_new.obj (.fardata:wl_Z1$206)
                  0c04426c    00000004     --HOLE--
                  0c044270    0000000c     current_control_ver2_new.obj (.fardata:wl_Z1$219)
                  0c04427c    00000004     --HOLE--
                  0c044280    0000000c     current_control_ver2_new.obj (.fardata:wl_Z1$41)
                  0c04428c    00000004     --HOLE--
                  0c044290    0000000c     current_control_ver2_new.obj (.fardata:wl_Z1$47)
                  0c04429c    00000004     --HOLE--
                  0c0442a0    0000000c     current_control_ver2_new.obj (.fardata:wm_Z$197)
                  0c0442ac    00000004     --HOLE--
                  0c0442b0    0000000c     current_control_ver2_new.obj (.fardata:wm_Z$209)
                  0c0442bc    00000004     --HOLE--
                  0c0442c0    0000000c     current_control_ver2_new.obj (.fardata:wm_Z$36)
                  0c0442cc    00000004     --HOLE--
                  0c0442d0    0000000c     current_control_ver2_new.obj (.fardata:wm_Z$42)
                  0c0442dc    00000004     --HOLE--
                  0c0442e0    0000000c     current_control_ver2_new.obj (.fardata:wm_Z1$203)
                  0c0442ec    00000004     --HOLE--
                  0c0442f0    0000000c     current_control_ver2_new.obj (.fardata:wm_Z1$216)
                  0c0442fc    00000004     --HOLE--
                  0c044300    0000000c     current_control_ver2_new.obj (.fardata:wm_Z1$39)
                  0c04430c    00000004     --HOLE--
                  0c044310    0000000c     current_control_ver2_new.obj (.fardata:wm_Z1$45)
                  0c04431c    00000004     --HOLE--
                  0c044320    0000000c     current_control_ver2_new.obj (.fardata:wm_prev$193)
                  0c04432c    00000004     --HOLE--
                  0c044330    0000000c     current_control_ver2_new.obj (.fardata:z_Z$202)
                  0c04433c    00000004     --HOLE--
                  0c044340    0000000c     current_control_ver2_new.obj (.fardata:z_Z1$208)
                  0c04434c    00000004     --HOLE--
                  0c044350    00000008     current_control_ver2_new.obj (.fardata:loop_count_num$227)
                  0c044358    00000004     rts6600_elf.lib : powf.obj (.fardata:P$3)

.far       0    0c044360    00000088     UNINITIALIZED
                  0c044360    0000007c     current_control_ver2_new.obj (.far)
                  0c0443dc    0000000c     mwio4.lib : EMIF16.obj (.far)

.const     0    0c044400    00000078     
                  0c044400    00000020     current_control_ver2_new.obj (.const:$P$T1$26)
                  0c044420    00000020     current_control_ver2_new.obj (.const:$P$T2$27)
                  0c044440    0000000c     current_control_ver2_new.obj (.const:$P$T0$25)
                  0c04444c    00000004     --HOLE-- [fill = 0]
                  0c044450    0000000c     current_control_ver2_new.obj (.const:$P$T3$226)
                  0c04445c    00000004     --HOLE-- [fill = 0]
                  0c044460    00000008     current_control_ver2_new.obj (.const:cmd_1_soft)
                  0c044468    00000008     current_control_ver2_new.obj (.const:cmd_2_soft)
                  0c044470    00000008     current_control_ver2_new.obj (.const:cmd_3_soft)

.switch    0    0c044480    00000010     
                  0c044480    00000010     mwio4.lib : mw_flash.obj (.switch:mw_nor_erase)

.cinit     0    0c044500    000024b0     
                  0c044500    00002069     (.cinit..data_2.load) [load image, compression = rle]
                  0c046569    00000003     --HOLE-- [fill = 0]
                  0c04656c    000003aa     (.cinit..fardata.load) [load image, compression = rle]
                  0c046916    00000002     --HOLE-- [fill = 0]
                  0c046918    00000074     (.cinit..neardata.load) [load image, compression = rle]
                  0c04698c    00000008     (__TI_handler_table)
                  0c046994    00000004     --HOLE-- [fill = 0]
                  0c046998    00000018     (__TI_cinit_table)

.text_2    0    11e00000    000033e0     
                  11e00000    00001960     mwio4.lib : PEV_INV_LIB.obj (.text)
                  11e01960    00000640               : timer_lib.obj (.text)
                  11e01fa0    00000620               : EMIF16.obj (.text)
                  11e025c0    00000440               : mwintc.obj (.text)
                  11e02a00    00000320               : csl2_intcHwControl.obj (.text:csl_section:intc)
                  11e02d20    000001e0               : EMIF16.obj (.text:retain)
                  11e02f00    000001a0               : gpio_int.obj (.text)
                  11e030a0    00000180               : csl2_intcOpen.obj (.text:csl_section:intc)
                  11e03220    00000140               : _csl2_intcIntrEnDisRes_eabi.obj (.text)
                  11e03360    00000020               : _csl2_intcDispatcher.obj (.text:csl_section:intc)
                  11e03380    00000020               : _csl2_intcDispatcher.obj (.text:csl_section:intc:retain)
                  11e033a0    00000010     ti.csl.ae66 : csl_gpioGetBaseAddress.oe66 ($Tramp$S$$CSL_GPIO_open)
                  11e033b0    00000010     rts6600_elf.lib : fixdu.obj ($Tramp$S$$__c6xabi_fixdu)
                  11e033c0    00000010                     : divd.obj ($Tramp$S$$__c6xabi_divd)
                  11e033d0    00000010                     : divi.obj ($Tramp$S$$__c6xabi_divi)

.data_2    0    11f00000    000022b8     
                  11f00000    00000170     mwio4.lib : PEV_INV_LIB.obj (.far) [fill = 0]
                  11f00170    000000c0               : gpio_int.obj (.far) [fill = 0]
                  11f00230    00000024               : timer_lib.obj (.far) [fill = 0]
                  11f00254    00000018               : csl2_intcHwControl.obj (.switch:CSL2_intcHwControl)
                  11f0026c    00000004     --HOLE--
                  11f00270    00000040               : gpio_int.obj (.fardata:gpio_int_map)
                  11f002b0    00002008               : _mwsintbl.obj (.const:_mwSinTbl)

.stack     0    11f022b8    00001000     UNINITIALIZED
                  11f022b8    00000008     rts6600_elf.lib : boot.obj (.stack)
                  11f022c0    00000ff8     --HOLE--

.neardata 
*          0    11f032b8    000003f4     
                  11f032b8    000003e0     current_control_ver2_new.obj (.neardata)
                  11f03698    0000000c     mwio4.lib : timer_lib.obj (.neardata)
                  11f036a4    00000004               : csl2_intcOpen.obj (.neardata)
                  11f036a8    00000004               : mw_platform.obj (.neardata)

.bss       0    11f036ac    00000358     UNINITIALIZED
                  11f036ac    00000348     current_control_ver2_new.obj (.bss)
                  11f039f4    00000008     mwio4.lib : EMIF16.obj (.bss)
                  11f039fc    00000004               : gpio_int.obj (.bss)
                  11f03a00    00000004               : mw_spi.obj (.bss)


LINKER GENERATED COPY TABLES

__TI_cinit_table @ 0c046998 records: 3, size/record: 8, table size: 24
	.data_2: load addr=0c044500, load size=00002069 bytes, run addr=11f00000, run size=000022b8 bytes, compression=rle
	.fardata: load addr=0c04656c, load size=000003aa bytes, run addr=0c0424a0, run size=00001ebc bytes, compression=rle
	.neardata: load addr=0c046918, load size=00000074 bytes, run addr=11f032b8, run size=000003f4 bytes, compression=rle


LINKER GENERATED HANDLER TABLE

__TI_handler_table @ 0c04698c records: 2, size/record: 4, table size: 8
	index: 0, handler: __TI_decompress_rle24
	index: 1, handler: __TI_decompress_none


FAR CALL TRAMPOLINES

callee name               trampoline name
   callee addr  tramp addr   call addr  call info
--------------  -----------  ---------  ----------------
$.text:mwio4.lib<EMIF16.obj>$0x58c  $Tramp$S$$EMF_EnableIntr_s32
   11e0252c     0c0421a0     0c0420cc   Main.obj (.text)
$.text:mwio4.lib<gpio_int.obj>$0x124  $Tramp$S$$GPI_init_vo
   11e03024     0c0421b0     0c0420c8   Main.obj (.text)
$.text:mwio4.lib<mwintc.obj>$0x34  $Tramp$S$$mwintc_setupApp
   11e025f4     0c0421c0     0c0420c4   Main.obj (.text)
$.text:mwio4.lib<PEV_INV_LIB.obj>$0xf98  $Tramp$S$$PEV_ad_set_offset
   11e00f98     0c0421d0     0c041e00   mwio4.lib : PEV_LIB.obj (.text)
$.text:mwio4.lib<EMIF16.obj>$0x218  $Tramp$S$$EMF_Read_s32
   11e021b8     0c0421e0     0c0400d4   mwio4.lib : FPGA_LIB.obj (.text)
                             0c040510             : IPFPGA_LIB.obj (.text)
                             0c041e28             : PEV_LIB.obj (.text)
$.text:mwio4.lib<EMIF16.obj>$0x28c  $Tramp$S$$EMF_ReadFpgaBoard_s32
   11e0222c     0c0421f0     0c040048   mwio4.lib : FPGA_LIB.obj (.text)
                             0c0400a8             : FPGA_LIB.obj (.text)
                             0c040474             : IPFPGA_LIB.obj (.text)
                             0c0404e4             : IPFPGA_LIB.obj (.text)
$.text:mwio4.lib<EMIF16.obj>$0x180  $Tramp$S$$EMF_Write2_s32
   11e02120     0c042200     0c03ff74   mwio4.lib : FPGA_LIB.obj (.text)
                             0c03ffe4             : FPGA_LIB.obj (.text)
                             0c0403a4             : IPFPGA_LIB.obj (.text)
                             0c040410             : IPFPGA_LIB.obj (.text)
$.text:mwio4.lib<gpio_int.obj>$0xd4  $Tramp$S$$GPI_int_ack_vo
   11e02fd4     0c042210     0c03c748   current_control_ver2_new.obj (.text:retain)
$.text:mwio4.lib<timer_lib.obj>$0x178  $Tramp$S$$C6657_timer2_read
   11e01ad8     0c042220     0c03c6cc   current_control_ver2_new.obj (.text:retain)
$.text:mwio4.lib<timer_lib.obj>$0x154  $Tramp$S$$C6657_timer2_start
   11e01ab4     0c042230     0c03bf84   current_control_ver2_new.obj (.text:retain)
$.text:mwio4.lib<timer_lib.obj>$0x2ec  $Tramp$S$$C6657_timer2_clear
   11e01c4c     0c042240     0c03bf80   current_control_ver2_new.obj (.text:retain)
$.text:mwio4.lib<timer_lib.obj>$0x140  $Tramp$S$$C6657_timer2_stop
   11e01aa0     0c042250     0c03bf74   current_control_ver2_new.obj (.text:retain)
$.text:mwio4.lib<timer_lib.obj>$0x340  $Tramp$S$$C6657_timer1_read
   11e01ca0     0c042260     0c03bec0   current_control_ver2_new.obj (.text:retain)
                             0c03bf30   current_control_ver2_new.obj (.text:retain)
$.text:mwio4.lib<timer_lib.obj>$0x320  $Tramp$S$$C6657_timer1_start
   11e01c80     0c042270     0c0384b8   current_control_ver2_new.obj (.text:retain)
$.text:mwio4.lib<timer_lib.obj>$0x48c  $Tramp$S$$C6657_timer1_clear
   11e01dec     0c042280     0c0384b4   current_control_ver2_new.obj (.text:retain)
$.text:mwio4.lib<timer_lib.obj>$0x308  $Tramp$S$$C6657_timer1_stop
   11e01c68     0c042290     0c0384ac   current_control_ver2_new.obj (.text:retain)
$.text:mwio4.lib<timer_lib.obj>$0x4e0  $Tramp$S$$C6657_timer0_read
   11e01e40     0c0422a0     0c03846c   current_control_ver2_new.obj (.text:retain)
                             0c03c708   current_control_ver2_new.obj (.text:retain)
$.text:mwio4.lib<timer_lib.obj>$0x4c0  $Tramp$S$$C6657_timer0_start
   11e01e20     0c0422b0     0c037f78   current_control_ver2_new.obj (.text:retain)
$.text:mwio4.lib<timer_lib.obj>$0x62c  $Tramp$S$$C6657_timer0_clear
   11e01f8c     0c0422c0     0c037f74   current_control_ver2_new.obj (.text:retain)
$.text:mwio4.lib<timer_lib.obj>$0x4a8  $Tramp$S$$C6657_timer0_stop
   11e01e08     0c0422d0     0c037f6c   current_control_ver2_new.obj (.text:retain)
$.text:mwio4.lib<PEV_INV_LIB.obj>$0x394  $Tramp$S$$PEV_inverter_start_pwm
   11e00394     0c0422e0     0c025fc0   current_control_ver2_new.obj (.text)
                             0c025fc8   current_control_ver2_new.obj (.text)
                             0c025fcc   current_control_ver2_new.obj (.text)
$.text:mwio4.lib<timer_lib.obj>$0x298  $Tramp$S$$C6657_timer2_disable_int
   11e01bf8     0c0422f0     0c025fb0   current_control_ver2_new.obj (.text)
$.text:mwio4.lib<timer_lib.obj>$0x438  $Tramp$S$$C6657_timer1_disable_int
   11e01d98     0c042300     0c025fac   current_control_ver2_new.obj (.text)
$.text:mwio4.lib<timer_lib.obj>$0x5d8  $Tramp$S$$C6657_timer0_disable_int
   11e01f38     0c042310     0c025fa8   current_control_ver2_new.obj (.text)
$.text:mwio4.lib<PEV_INV_LIB.obj>$0x1460  $Tramp$S$$PEV_ad_disable_int
   11e01460     0c042320     0c025f90   current_control_ver2_new.obj (.text)
                             0c025f98   current_control_ver2_new.obj (.text)
                             0c025fa0   current_control_ver2_new.obj (.text)
$.text:mwio4.lib<mwintc.obj>$0x3f0  $Tramp$S$$IRQ_globalEnable
   11e029b0     0c042330     0c025f8c   current_control_ver2_new.obj (.text)
$.text:mwio4.lib<timer_lib.obj>$0x1d0  $Tramp$S$$C6657_timer2_init
   11e01b30     0c042340     0c025f84   current_control_ver2_new.obj (.text)
$.text:mwio4.lib<timer_lib.obj>$0x370  $Tramp$S$$C6657_timer1_init
   11e01cd0     0c042350     0c025f78   current_control_ver2_new.obj (.text)
$.text:mwio4.lib<timer_lib.obj>$0x510  $Tramp$S$$C6657_timer0_init
   11e01e70     0c042360     0c025f6c   current_control_ver2_new.obj (.text)
$.text:mwio4.lib<PEV_INV_LIB.obj>$0xda8  $Tramp$S$$PEV_inverter_control_break
   11e00da8     0c042370     0c025f4c   current_control_ver2_new.obj (.text)
                             0c025f54   current_control_ver2_new.obj (.text)
                             0c025f60   current_control_ver2_new.obj (.text)
$.text:mwio4.lib<PEV_INV_LIB.obj>$0xcf4  $Tramp$S$$PEV_inverter_enable_int
   11e00cf4     0c042380     0c025f34   current_control_ver2_new.obj (.text)
                             0c025f40   current_control_ver2_new.obj (.text)
                             0c025f44   current_control_ver2_new.obj (.text)
$.text:mwio4.lib<PEV_INV_LIB.obj>$0x958  $Tramp$S$$PEV_inverter_init_refload_timing
   11e00958     0c042390     0c025f18   current_control_ver2_new.obj (.text)
                             0c025f28   current_control_ver2_new.obj (.text)
                             0c025f2c   current_control_ver2_new.obj (.text)
$.text:mwio4.lib<PEV_INV_LIB.obj>$0xaa8  $Tramp$S$$PEV_inverter_init_adtrig_timing
   11e00aa8     0c0423a0     0c025ef4   current_control_ver2_new.obj (.text)
                             0c025f08   current_control_ver2_new.obj (.text)
                             0c025f0c   current_control_ver2_new.obj (.text)
$.text:mwio4.lib<PEV_INV_LIB.obj>$0x5e8  $Tramp$S$$PEV_inverter_set_uvw
   11e005e8     0c0423b0     0c025ec4   current_control_ver2_new.obj (.text)
                             0c025ed4   current_control_ver2_new.obj (.text)
                             0c025ee8   current_control_ver2_new.obj (.text)
$.text:mwio4.lib<PEV_INV_LIB.obj>$0xfe0  $Tramp$S$$PEV_ad_set_mode
   11e00fe0     0c0423c0     0c025e70   current_control_ver2_new.obj (.text)
                             0c025e88   current_control_ver2_new.obj (.text)
                             0c025e98   current_control_ver2_new.obj (.text)
$.text:mwio4.lib<PEV_INV_LIB.obj>$0xf48  $Tramp$S$$PEV_ad_set_range
   11e00f48     0c0423d0     0c025e6c   current_control_ver2_new.obj (.text)
                             0c025e78   current_control_ver2_new.obj (.text)
                             0c025e90   current_control_ver2_new.obj (.text)
$.text:mwio4.lib<PEV_INV_LIB.obj>$0x150  $Tramp$S$$PEV_sync_pwm_out
   11e00150     0c0423e0     0c025e44   current_control_ver2_new.obj (.text)
                             0c025e50   current_control_ver2_new.obj (.text)
$.text:mwio4.lib<PEV_INV_LIB.obj>$0x260  $Tramp$S$$PEV_sync_pwm_init
   11e00260     0c0423f0     0c025e20   current_control_ver2_new.obj (.text)
                             0c025e2c   current_control_ver2_new.obj (.text)
                             0c025e34   current_control_ver2_new.obj (.text)
$.text:mwio4.lib<PEV_INV_LIB.obj>$0x2b4  $Tramp$S$$PEV_sync_ad_out
   11e002b4     0c042400     0c025e14   current_control_ver2_new.obj (.text)
$.text:mwio4.lib<PEV_INV_LIB.obj>$0x30c  $Tramp$S$$PEV_sync_ad_init
   11e0030c     0c042410     0c025df4   current_control_ver2_new.obj (.text)
                             0c025e04   current_control_ver2_new.obj (.text)
                             0c025e0c   current_control_ver2_new.obj (.text)
$.text:mwio4.lib<PEV_INV_LIB.obj>$0xb84  $Tramp$S$$PEV_inverter_init
   11e00b84     0c042420     0c025dc8   current_control_ver2_new.obj (.text)
                             0c025dd8   current_control_ver2_new.obj (.text)
                             0c025de8   current_control_ver2_new.obj (.text)
$.text:mwio4.lib<gpio_int.obj>$0x14c  $Tramp$S$$GPI_enable_int_vo
   11e0304c     0c042430     0c025da8   current_control_ver2_new.obj (.text)
$.text:mwio4.lib<gpio_int.obj>$0x0  $Tramp$S$$GPI_setVector_vo
   11e02f00     0c042440     0c025da4   current_control_ver2_new.obj (.text)
$.text:mwio4.lib<PEV_INV_LIB.obj>$0xde0  $Tramp$S$$PEV_int_init
   11e00de0     0c042450     0c025d78   current_control_ver2_new.obj (.text)
$.text:mwio4.lib<mwintc.obj>$0x410  $Tramp$S$$IRQ_globalDisable
   11e029d0     0c042460     0c0259b8   current_control_ver2_new.obj (.text)
$.text:mwio4.lib<PEV_INV_LIB.obj>$0x106c  $Tramp$S$$PEV_ad_in_grp
   11e0106c     0c042470     0c01a984   current_control_ver2_new.obj (.text)
                             0c01ac44   current_control_ver2_new.obj (.text)
$.text:mwio4.lib<PEV_INV_LIB.obj>$0x1040  $Tramp$S$$PEV_ad_in_st
   11e01040     0c042480     0c01a950   current_control_ver2_new.obj (.text)
                             0c01a970   current_control_ver2_new.obj (.text)
                             0c01a980   current_control_ver2_new.obj (.text)
                             0c01ac0c   current_control_ver2_new.obj (.text)
                             0c01ac30   current_control_ver2_new.obj (.text)
                             0c01ac40   current_control_ver2_new.obj (.text)
$.text:mwio4.lib<PEV_INV_LIB.obj>$0x3cc  $Tramp$S$$PEV_inverter_set_uvw_br
   11e003cc     0c042490     0c019a44   current_control_ver2_new.obj (.text)
                             0c019a80   current_control_ver2_new.obj (.text)
                             0c019aa4   current_control_ver2_new.obj (.text)
$.text:CSL_GPIO_open:ti.csl.ae66<csl_gpioGetBaseAddress.oe66>$0x0  $Tramp$S$$CSL_GPIO_open
   0c0420a0     11e033a0     11e03028   mwio4.lib : gpio_int.obj (.text)
$.text:__c6xabi_fixdu:rts6600_elf.lib<fixdu.obj>$0x0  $Tramp$S$$__c6xabi_fixdu
   0c041c60     11e033b0     11e01a1c   mwio4.lib : timer_lib.obj (.text)
                             11e01b90             : timer_lib.obj (.text)
                             11e01d30             : timer_lib.obj (.text)
                             11e01ed0             : timer_lib.obj (.text)
$.text:__c6xabi_divd:rts6600_elf.lib<divd.obj>$0x0  $Tramp$S$$__c6xabi_divd
   0c03e6e0     11e033c0     11e01a14   mwio4.lib : timer_lib.obj (.text)
                             11e01b88             : timer_lib.obj (.text)
                             11e01d28             : timer_lib.obj (.text)
                             11e01ec8             : timer_lib.obj (.text)
$.text:__divi:rts6600_elf.lib<divi.obj>$0x0  $Tramp$S$$__c6xabi_divi
   0c041680     11e033d0     11e001f8   mwio4.lib : PEV_INV_LIB.obj (.text)
                             11e00448             : PEV_INV_LIB.obj (.text)
                             11e00470             : PEV_INV_LIB.obj (.text)
                             11e00658             : PEV_INV_LIB.obj (.text)
                             11e00684             : PEV_INV_LIB.obj (.text)
                             11e00a48             : PEV_INV_LIB.obj (.text)
                             11e00b24             : PEV_INV_LIB.obj (.text)
                             11e00bec             : PEV_INV_LIB.obj (.text)

[52 trampolines]
[108 trampoline calls]


GLOBAL SYMBOLS: SORTED ALPHABETICALLY BY Name 

address    name
--------   ----
0c031a74   BrakeController
0c042140   C$$EXIT
11e01f8c   C6657_timer0_clear
11e01f78   C6657_timer0_clear_eventflag
11e01f38   C6657_timer0_disable_int
11e01ee4   C6657_timer0_enable_int
11e01e70   C6657_timer0_init
11e01e4c   C6657_timer0_init_vector
11e01e40   C6657_timer0_read
11e01e20   C6657_timer0_start
11e01e08   C6657_timer0_stop
11e01df8   C6657_timer0_write
11e01dec   C6657_timer1_clear
11e01de0   C6657_timer1_clear_eventflag
11e01d98   C6657_timer1_disable_int
11e01d44   C6657_timer1_enable_int
11e01cd0   C6657_timer1_init
11e01cac   C6657_timer1_init_vector
11e01ca0   C6657_timer1_read
11e01c80   C6657_timer1_start
11e01c68   C6657_timer1_stop
11e01c58   C6657_timer1_write
11e01c4c   C6657_timer2_clear
11e01c40   C6657_timer2_clear_eventflag
11e01bf8   C6657_timer2_disable_int
11e01ba4   C6657_timer2_enable_int
11e01b30   C6657_timer2_init
11e01ae8   C6657_timer2_init_vector
11e01ad8   C6657_timer2_read
11e01ab4   C6657_timer2_start
11e01aa0   C6657_timer2_stop
11e01a94   C6657_timer2_write
11e01a84   C6657_timer3_hi_clear_eventflag
11e01a2c   C6657_timer3_hi_enable_int
11e019b8   C6657_timer3_hi_init
11e01994   C6657_timer3_hi_init_vector
11e01974   C6657_timer3_hi_start
11e01960   C6657_timer3_hi_stop
11e02a00   CSL2_intcHwControl
11e030b4   CSL2_intcOpen2
11e030a0   CSL2_loadResource
0c0420a0   CSL_GPIO_open
11e032a8   CSL_intcGlobalEnable
11e03300   CSL_intcGlobalNmiEnable
11e03240   CSL_intcInterruptDisable
11e03220   CSL_intcInterruptEnable
0c01b2a4   CalcDynamicsInit
0c021874   CalcFDTDTSOBInit
0c036250   CalcFDTDWrInit_QmrefInputType
0c01f510   CalcFDTDWrInit_WmcmdInputType
0c035640   CalcFDTDWrUpdate_QmrefInputType_1st2nd
0c035094   CalcFDTDWrUpdate_QmrefInputType_2nd
0c02f5c8   CalcFDTDWrUpdate_WmcmdInputType_1st2nd
0c02eb24   CalcFDTDWrUpdate_WmcmdInputType_2nd
0c033d48   CalcFDTDWr_QmrefInputType
0c02c970   CalcFDTDWr_WmcmdInputType
0c029184   CalcGravIcmp
0c031564   CalcHandCmdCircle
0c0334a0   CalcHandCmdDiamond
0c032e20   CalcHandCmdRectangle
0c032060   CalcInverseCmd_vel
0c0292b8   CalcJl
0c0295e8   CalcJlWr
0c01a8ec   CalcOffset
0c029914   CalcPVGain
0c0245d4   CalcPVGainInitCDM
0c031f64   CalcPref2axis
0c031d64   CalcPrefRep2axis
0c031b64   CalcPrefRep3axis
0c02e1f0   CalcTauLDyn
0c0319a0   CalcVdcMean
0c02b138   CalcWrGain
0c037ec0   ControlFunction
0c0290ec   DecouplingControl
11e0252c   EMF_EnableIntr_s32
11e02d20   EMF_ErrIntr_vo
11f039f8   EMF_ExtWaitErrCnt_u32s
11f039f4   EMF_ExtWaitErrInfo_u32s
11e024cc   EMF_Initialization_s32
11e02414   EMF_Read2_s32
11e023a8   EMF_Read3_s32
11e022e0   EMF_ReadFlashRom_s32
11e0222c   EMF_ReadFpgaBoard_s32
11e021b8   EMF_Read_s32
11e02120   EMF_Write2_s32
11e02018   EMF_WriteFlashRom_s32
11e01fa0   EMF_Write_s32
0c0443dc   EMIF_IntrErr_sts
0c03d288   ENC_batt_alm_en
0c03d1cc   ENC_get_abm
0c03d10c   ENC_get_abs
0c03d080   ENC_get_almc
0c03cfe8   ENC_get_status
0c03cf20   ENC_reset_abm
0c03ce48   ENC_reset_abs
0c03cd80   ENC_reset_err
0c03ccc8   ENC_set_refresh
0c03cbe0   ENC_ss_get_abm
0c03cae0   ENC_ss_get_abs
0c03ca2c   ENC_ss_get_start
0c03c980   ENC_ss_init
0c03c8cc   ENC_start_abs
0c03c820   ENC_stop_abs
0c0285c0   FDTDSOB
0c0277a4   FDTD_T_SOB
0c027548   FDTD_Tm
0c023c14   FDTD_Tm_Full_Init
0c026e20   FDTD_Tm_Full_Update
0c026b64   FDTD_Tm_Full_woG
0c0267c0   FDTD_Tm_Init
0c026568   FDTD_Tm_woG
0c0400d0   FPGA_get_fpga_ver
0c040084   FPGA_read
0c040018   FPGA_read_f32
0c03ffa0   FPGA_write
0c03ff10   FPGA_write_f32
11f03380   Flag_ARCS_clear
11f0337c   Flag_ARCS_start
11e0306c   GPI_disable_int_vo
11e0304c   GPI_enable_int_vo
11e03024   GPI_init_vo
11e02fd4   GPI_int_ack_vo
11e02f00   GPI_setVector_vo
0c0264c0   GeneratorCircle1st
0c026410   GeneratorCircle2nd
0c026368   GeneratorCircle3rd
0c0261c8   GetFilterdSignal
0c01ade4   GetMultiPositions
0c026194   GetVelocity
0c01abc0   GetVoltAndCurrent
0c04050c   IPFPGA_get_fpga_ver
0c0404c0   IPFPGA_read
0c040448   IPFPGA_read_f32
0c0403cc   IPFPGA_write
0c040340   IPFPGA_write_f32
11e029d0   IRQ_globalDisable
11e029b0   IRQ_globalEnable
11e029a8   IRQ_globalRestore
11f03378   Iq_off
0c0439d0   LPF_cmd
0c043a58   LPF_motor
0c026038   LimDiffCalcDQ
0c025fd4   LimitPosCmd
0c019744   Limiter
0c0259b0   MW_main
0c01a6b8   ManyRampGenerator1stAxis
0c01a488   ManyRampGenerator2ndAxis
0c01a254   ManyRampGenerator3rdAxis
11f038f8   ModRatioU
11f038fc   ModRatioV
11f03900   ModRatioW
11e01914   PEV_abz_clear
11e018e0   PEV_abz_clear_resolver_err
11e018a4   PEV_abz_get_resolver_err
11e01864   PEV_abz_get_resolver_pos
11e01834   PEV_abz_in_pin
11e017e8   PEV_abz_init_maxcount
11e017a4   PEV_abz_read
11e01734   PEV_abz_set_mode
11e016e8   PEV_abz_write
11e01494   PEV_ad_abz_read
11e01460   PEV_ad_disable_int
11e01418   PEV_ad_enable_int
11e012b0   PEV_ad_in_4ch
11e0106c   PEV_ad_in_grp
11e01040   PEV_ad_in_st
11e00fe0   PEV_ad_set_mode
11e00f98   PEV_ad_set_offset
11e00f48   PEV_ad_set_range
11e00f10   PEV_ad_start
0c041e24   PEV_get_fpga_ver
0c041de0   PEV_init
11e00de0   PEV_int_init
11e00da8   PEV_inverter_control_break
11e00d70   PEV_inverter_control_gate
11e00d38   PEV_inverter_disable_int
11e00cf4   PEV_inverter_enable_int
11e00b84   PEV_inverter_init
11e00aa8   PEV_inverter_init_adtrig_timing
11e009b8   PEV_inverter_init_int_timing
11e00958   PEV_inverter_init_refload_timing
11e008d4   PEV_inverter_set_ab
11e007d4   PEV_inverter_set_ra
11e005e8   PEV_inverter_set_uvw
11e003cc   PEV_inverter_set_uvw_br
11e00394   PEV_inverter_start_pwm
11e00360   PEV_inverter_stop_pwm
11e0030c   PEV_sync_ad_init
11e002b4   PEV_sync_ad_out
11e00260   PEV_sync_pwm_init
11e00150   PEV_sync_pwm_out
11e00100   PEV_sync_z_out
11e000c8   PEV_updown_clear_cnt
11e00078   PEV_updown_init_maxcount
11e00034   PEV_updown_read_cnt
11e00000   PEV_updown_set_mode
0c01a20c   PIcontroller
0c01a1c8   PIcontroller_withAntiwindup
0c01a1b8   Pcontroller
11f03364   Ref_Iq_ref_direct
11f03368   Ref_Iq_ref_direct1
11f0336c   Ref_Iq_ref_direct2
11f03370   Ref_Iq_ref_direct3
11f03374   Ref_wM_direct
0c01a1b4   SetBDN
0c01a1b0   SetENC_CH
0c019d08   SetGain
0c019c80   SetLPF
0c019ac4   SetRampParams
0c019764   SetVoltReferences
0c019144   StateObserver
0c0437f8   Tm_full_sub
0c043bb8   Tm_sub
0c018a20   TriangularAccelerationCommandGenerator
0c018060   TriangularAccelerationCommandGeneratorInit
0c01800c   VconPI5Axis
11f033ac   WAVE_ACC_LW8079
11f033b0   WAVE_ACC_LW8174
11f033b4   WAVE_ACC_LW8174_axis
11f03790   WAVE_ENC1
11f03794   WAVE_ENC2
11f03798   WAVE_ENC3
11f03784   WAVE_ENC_temp1
11f03788   WAVE_ENC_temp2
11f0378c   WAVE_ENC_temp3
11f033dc   WAVE_Enc_error
11f032bc   WAVE_FIL_Y
11f033b8   WAVE_Fz
11f032b8   WAVE_INIT_COUNT
11f038c8   WAVE_Icmp1
11f038cc   WAVE_Icmp2
11f038d0   WAVE_Icmp3
11f03778   WAVE_Idc1
11f0377c   WAVE_Idc2
11f03780   WAVE_Idc3
11f03754   WAVE_IdifD1
11f03758   WAVE_IdifD2
11f0375c   WAVE_IdifD3
11f03760   WAVE_IdifQ1
11f03764   WAVE_IdifQ2
11f03768   WAVE_IdifQ3
11f038d4   WAVE_Iff_1
11f038d8   WAVE_Iff_2
11f038dc   WAVE_Iff_3
11f037fc   WAVE_Ipi1
11f03800   WAVE_Ipi2
11f03804   WAVE_Ipi3
11f037f0   WAVE_Iq1
11f037f4   WAVE_Iq2
11f037f8   WAVE_Iq3
11f0385c   WAVE_IrefD1
11f03860   WAVE_IrefD2
11f03864   WAVE_IrefD3
11f03868   WAVE_IrefQ1
11f0386c   WAVE_IrefQ2
11f03870   WAVE_IrefQ3
11f0373c   WAVE_IresD1
11f03740   WAVE_IresD2
11f03744   WAVE_IresD3
11f03748   WAVE_IresQ1
11f0374c   WAVE_IresQ2
11f03750   WAVE_IresQ3
11f03388   WAVE_IresU1
11f0338c   WAVE_IresU2
11f03390   WAVE_IresU3
11f03394   WAVE_IresV1
11f03398   WAVE_IresV2
11f0339c   WAVE_IresV3
11f033a0   WAVE_IresW1
11f033a4   WAVE_IresW2
11f033a8   WAVE_IresW3
11f03808   WAVE_Isfb1
11f0380c   WAVE_Isfb2
11f03810   WAVE_Isfb3
11f03730   WAVE_Jl_Wr1
11f03734   WAVE_Jl_Wr2
11f03738   WAVE_Jl_Wr3
11f03724   WAVE_Jl_calc1
11f03728   WAVE_Jl_calc2
11f0372c   WAVE_Jl_calc3
11f032f4   WAVE_LoopCount
11f03700   WAVE_MRBR1
11f03704   WAVE_MRBR2
11f03708   WAVE_MRBR3
11f036b8   WAVE_MRU1
11f036c4   WAVE_MRU2
11f036d0   WAVE_MRU3
11f036bc   WAVE_MRV1
11f036c8   WAVE_MRV2
11f036d4   WAVE_MRV3
11f036c0   WAVE_MRW1
11f036cc   WAVE_MRW2
11f036d8   WAVE_MRW3
11f0379c   WAVE_TRG_WM1
11f037a0   WAVE_TRG_WM2
11f037a4   WAVE_TRG_WM3
11f03310   WAVE_Timer0
11f03314   WAVE_Timer1
11f03318   WAVE_Timer2
11f0331c   WAVE_TimerAll
11f038bc   WAVE_Tq1
11f038c0   WAVE_Tq2
11f038c4   WAVE_Tq3
11f033c8   WAVE_U_modulation
11f038e0   WAVE_VWX
11f038e4   WAVE_VWY
11f038e8   WAVE_VWZ
11f033cc   WAVE_V_modulation
11f0376c   WAVE_Vdc1
11f03770   WAVE_Vdc2
11f03774   WAVE_Vdc3
11f033ec   WAVE_Vdc_ofst
11f0388c   WAVE_VrefD1
11f03894   WAVE_VrefD2
11f0389c   WAVE_VrefD3
11f03874   WAVE_VrefD_dcpl1
11f0387c   WAVE_VrefD_dcpl2
11f03884   WAVE_VrefD_dcpl3
11f03890   WAVE_VrefQ1
11f03898   WAVE_VrefQ2
11f038a0   WAVE_VrefQ3
11f03878   WAVE_VrefQ_dcpl1
11f03880   WAVE_VrefQ_dcpl2
11f03888   WAVE_VrefQ_dcpl3
11f03814   WAVE_VrefU1
11f03820   WAVE_VrefU2
11f0382c   WAVE_VrefU3
11f03818   WAVE_VrefV1
11f03824   WAVE_VrefV2
11f03830   WAVE_VrefV3
11f0381c   WAVE_VrefW1
11f03828   WAVE_VrefW2
11f03834   WAVE_VrefW3
11f033bc   WAVE_WSX
11f033c0   WAVE_WSY
11f033c4   WAVE_WSZ
11f033d0   WAVE_W_modulation
11f033e0   WAVE_ofst_Iu
11f033e4   WAVE_ofst_Iv
11f033e8   WAVE_ofst_Iw
11f037e4   WAVE_ql1
11f037e8   WAVE_ql2
11f037ec   WAVE_ql3
11f037cc   WAVE_qm1
11f037d0   WAVE_qm2
11f037d4   WAVE_qm3
11f037d8   WAVE_qm_ref1
11f037dc   WAVE_qm_ref2
11f037e0   WAVE_qm_ref3
11f0370c   WAVE_tauLdyn1
11f03710   WAVE_tauLdyn2
11f03714   WAVE_tauLdyn3
11f03718   WAVE_tauLwoG1
11f0371c   WAVE_tauLwoG2
11f03720   WAVE_tauLwoG3
11f036ac   WAVE_theta_re1
11f036b0   WAVE_theta_re2
11f036b4   WAVE_theta_re3
11f038a4   WAVE_vd_lim_dif1
11f038ac   WAVE_vd_lim_dif2
11f038b4   WAVE_vd_lim_dif3
11f038a8   WAVE_vq_lim_dif1
11f038b0   WAVE_vq_lim_dif2
11f038b8   WAVE_vq_lim_dif3
11f03838   WAVE_vu_ref_stand1
11f03844   WAVE_vu_ref_stand2
11f03850   WAVE_vu_ref_stand3
11f0383c   WAVE_vv_ref_stand1
11f03848   WAVE_vv_ref_stand2
11f03854   WAVE_vv_ref_stand3
11f03840   WAVE_vw_ref_stand1
11f0384c   WAVE_vw_ref_stand2
11f03858   WAVE_vw_ref_stand3
11f037a8   WAVE_wm1
11f037ac   WAVE_wm2
11f037b0   WAVE_wm3
11f037c0   WAVE_wm_cmd1
11f037c4   WAVE_wm_cmd2
11f037c8   WAVE_wm_cmd3
11f037b4   WAVE_wm_ref1
11f037b8   WAVE_wm_ref2
11f037bc   WAVE_wm_ref3
11f033d4   Wave_FRAFreq
11f033d8   Wave_FRATime
0c042ce0   Wr_DPD
11f033f4   Wr_Throth_check
0c042ff8   Wr_sub
11e03380   _CSL2_intcDispatcherDummy
11e032c8   _CSL_intcGlobalDisable
11e0333c   _CSL_intcGlobalExcepClear
11e03314   _CSL_intcGlobalExcepEnable
11e03328   _CSL_intcGlobalExtExcepEnable
11e032e8   _CSL_intcGlobalRestore
11e03260   _CSL_intcInterruptClear
11e03278   _CSL_intcInterruptRestore
11e0326c   _CSL_intcInterruptSet
11e03290   _CSL_intcQueryInterruptStatus
0c046998   __TI_CINIT_Base
0c0469b0   __TI_CINIT_Limit
0c04698c   __TI_Handler_Table_Base
0c046994   __TI_Handler_Table_Limit
UNDEFED    __TI_INITARRAY_Base
UNDEFED    __TI_INITARRAY_Limit
11f032b8   __TI_STACK_END
00001000   __TI_STACK_SIZE
11f032b8   __TI_STATIC_BASE
UNDEFED    __TI_TLS_INIT_Base
UNDEFED    __TI_TLS_INIT_Limit
00000001   __TI_args_main
0c041ee0   __TI_cpp_init
0c042160   __TI_decompress_none
0c042180   __TI_decompress_rle24
0c0441fc   __TI_enable_exit_profile_output
ffffffff   __TI_pprof_out_hndl
ffffffff   __TI_prof_data_size
ffffffff   __TI_prof_data_start
0c0419c0   __TI_tls_init
ffffffff   __binit__
0c03e6e0   __c6xabi_divd
0c03f9c0   __c6xabi_divf
0c041680   __c6xabi_divi
0c041840   __c6xabi_divu
0c0420e0   __c6xabi_errno_addr
0c041c60   __c6xabi_fixdu
0c041f40   __c6xabi_frcmpyd_div
0c041fa0   __c6xabi_llshru
0c041a80   __c6xabi_nround
0c041ce0   __c6xabi_roundf
0c042100   __c6xabi_trunc
0c042120   __c6xabi_truncf
ffffffff   __c_args__
0c041680   __divi
0c041840   __divu
0c04346c   __errno
0c042060   _args_main
0c041480   _auto_init_elf
0c041d60   _c_int00
0c0441f4   _cleanup_ptr
0c0441f8   _dtors_ptr
11f002b0   _mwSinTbl
11f022b8   _stack
0c042140   abort
0c040540   acos
11f038ec   ad1
11f038f0   ad2
11f038f4   ad3
0c040720   atan
0c040c00   atan2
0c018000   backward_diff
ffffffff   binit
11e02688   cic0Out2Evnt
0c041580   copy_in
0c03f700   cos
11f032f0   counter_2
0c03fee8   cvt_to_float_from_u32
0c03fec0   cvt_to_u32_from_float
0c043c00   d_current
0c043f78   debug3
0c0436f0   dyn
0c04346c   errno
0c041e60   evmI2CInit
0c041900   exit
0c0408e0   expf
11f032cc   flag_CalcHandCmd
11f03330   flag_CircleStart1
11f03334   flag_CircleStart2
11f03338   flag_CircleStart3
11f032e0   flag_FBgain
11f032e8   flag_FF
11f032f8   flag_FF_triple
11f03300   flag_FRA_Axis
11f03308   flag_FRA_test_end
11f03304   flag_FRA_test_start
11f032e4   flag_PPgain
11f032ec   flag_SOB
11f032dc   flag_Vdc_setted
11f032fc   flag_cmd_end
11f032c0   flag_cont_start
11f032c4   flag_dead
11f032d0   flag_debug
11f032d8   flag_delay
11f032c8   flag_dyn_payload
11f0333c   flag_end1
11f03340   flag_end2
11f03344   flag_end3
11f033f0   flag_fin
11f03328   flag_first_back
11f03324   flag_first_go
11f0332c   flag_hard
11f03348   flag_on
11f032d4   flag_pv
11f03320   flag_reposition
11f0330c   flag_tuneNo
0c040d80   frexp
0c040f00   frexpf
11f00270   gpio_int_map
0c043310   gsub
11f039fc   hGpio
0c03df94   i2cEepromGetStatus2
0c03de18   i2cEepromRead2
0c03da88   i2cEepromWriteBlock2
0c03dd00   i2cEepromWriteByteAddr2
11e02968   int_begin_nestint
11e02918   int_end_nestint
11f00170   intcObj
0c0424a0   joint
0c041060   ldexp
0c0411c0   ldexpf
0c0420c0   main
0c041b20   memcpy
0c041760   memset
0c041bc0   modf
0c042000   modff
0c03f6c4   mw_Osal_platformSpiCsEnter
0c03f6b0   mw_Osal_platformSpiCsExit
11f036a4   mw_gp__CSL_intcCpuIntrTable
0c03f2b8   mw_nor_erase
0c03f24c   mw_nor_get_details
0c03f1d8   mw_nor_init
0c03f124   mw_nor_read
0c03f060   mw_nor_write
0c03f690   mw_platform_delaycycles
0c03f624   mw_platform_device_close
0c03f5e4   mw_platform_device_erase_block
0c03f50c   mw_platform_device_open
0c03f470   mw_platform_device_read
0c03f3d4   mw_platform_device_write
11f036a8   mw_platform_errno
11e03360   mw_setVect
0c03eed8   mw_spi_claim
0c03ee6c   mw_spi_cmd
0c03ee60   mw_spi_cmd_read
0c03ee50   mw_spi_cmd_write
0c03ede4   mw_spi_release
0c03eca0   mw_spi_xfer
11e02904   mwintc_clearSysInterrupt
11e028ec   mwintc_disableHostInterrupt
11e028d4   mwintc_disableSysInterrupt
11e028c0   mwintc_enableHostInterrupt
11e028a8   mwintc_enableSysInterrupt
11e02878   mwintc_getInterruptStatus
11e02860   mwintc_mapSystemIntrToChannel
11e02714   mwintc_setup
11e02794   mwintc_setup2
11e025f4   mwintc_setupApp
0c043470   ob_sub
0c03f3c0   platform_write
0c043c48   position
0c03d340   pow
0c03e100   powf
0c043c90   q_current
0c043f28   range
0c0435d0   sen
11f036dc   sense_Iu_off1
11f036e8   sense_Iu_off2
11f036f4   sense_Iu_off3
11f036e0   sense_Iv_off1
11f036ec   sense_Iv_off2
11f036f8   sense_Iv_off3
11f036e4   sense_Iw_off1
11f036f0   sense_Iw_off2
11f036fc   sense_Iw_off3
0c03fc40   sin
0c040100   sinf
11f03384   speed_hand
0c041320   sqrt
11f03358   start_back1
11f0335c   start_back2
11f03360   start_back3
11f0334c   start_go1
11f03350   start_go2
11f03354   start_go3
11f03698   tmr1regs
11f0369c   tmr2regs
11f036a0   tmr3regs
0c043ae0   tri
0c043cd8   velocity


GLOBAL SYMBOLS: SORTED BY Symbol Address 

address    name
--------   ----
00000001   __TI_args_main
00001000   __TI_STACK_SIZE
0c018000   backward_diff
0c01800c   VconPI5Axis
0c018060   TriangularAccelerationCommandGeneratorInit
0c018a20   TriangularAccelerationCommandGenerator
0c019144   StateObserver
0c019744   Limiter
0c019764   SetVoltReferences
0c019ac4   SetRampParams
0c019c80   SetLPF
0c019d08   SetGain
0c01a1b0   SetENC_CH
0c01a1b4   SetBDN
0c01a1b8   Pcontroller
0c01a1c8   PIcontroller_withAntiwindup
0c01a20c   PIcontroller
0c01a254   ManyRampGenerator3rdAxis
0c01a488   ManyRampGenerator2ndAxis
0c01a6b8   ManyRampGenerator1stAxis
0c01a8ec   CalcOffset
0c01abc0   GetVoltAndCurrent
0c01ade4   GetMultiPositions
0c01b2a4   CalcDynamicsInit
0c01f510   CalcFDTDWrInit_WmcmdInputType
0c021874   CalcFDTDTSOBInit
0c023c14   FDTD_Tm_Full_Init
0c0245d4   CalcPVGainInitCDM
0c0259b0   MW_main
0c025fd4   LimitPosCmd
0c026038   LimDiffCalcDQ
0c026194   GetVelocity
0c0261c8   GetFilterdSignal
0c026368   GeneratorCircle3rd
0c026410   GeneratorCircle2nd
0c0264c0   GeneratorCircle1st
0c026568   FDTD_Tm_woG
0c0267c0   FDTD_Tm_Init
0c026b64   FDTD_Tm_Full_woG
0c026e20   FDTD_Tm_Full_Update
0c027548   FDTD_Tm
0c0277a4   FDTD_T_SOB
0c0285c0   FDTDSOB
0c0290ec   DecouplingControl
0c029184   CalcGravIcmp
0c0292b8   CalcJl
0c0295e8   CalcJlWr
0c029914   CalcPVGain
0c02b138   CalcWrGain
0c02c970   CalcFDTDWr_WmcmdInputType
0c02e1f0   CalcTauLDyn
0c02eb24   CalcFDTDWrUpdate_WmcmdInputType_2nd
0c02f5c8   CalcFDTDWrUpdate_WmcmdInputType_1st2nd
0c031564   CalcHandCmdCircle
0c0319a0   CalcVdcMean
0c031a74   BrakeController
0c031b64   CalcPrefRep3axis
0c031d64   CalcPrefRep2axis
0c031f64   CalcPref2axis
0c032060   CalcInverseCmd_vel
0c032e20   CalcHandCmdRectangle
0c0334a0   CalcHandCmdDiamond
0c033d48   CalcFDTDWr_QmrefInputType
0c035094   CalcFDTDWrUpdate_QmrefInputType_2nd
0c035640   CalcFDTDWrUpdate_QmrefInputType_1st2nd
0c036250   CalcFDTDWrInit_QmrefInputType
0c037ec0   ControlFunction
0c03c820   ENC_stop_abs
0c03c8cc   ENC_start_abs
0c03c980   ENC_ss_init
0c03ca2c   ENC_ss_get_start
0c03cae0   ENC_ss_get_abs
0c03cbe0   ENC_ss_get_abm
0c03ccc8   ENC_set_refresh
0c03cd80   ENC_reset_err
0c03ce48   ENC_reset_abs
0c03cf20   ENC_reset_abm
0c03cfe8   ENC_get_status
0c03d080   ENC_get_almc
0c03d10c   ENC_get_abs
0c03d1cc   ENC_get_abm
0c03d288   ENC_batt_alm_en
0c03d340   pow
0c03da88   i2cEepromWriteBlock2
0c03dd00   i2cEepromWriteByteAddr2
0c03de18   i2cEepromRead2
0c03df94   i2cEepromGetStatus2
0c03e100   powf
0c03e6e0   __c6xabi_divd
0c03eca0   mw_spi_xfer
0c03ede4   mw_spi_release
0c03ee50   mw_spi_cmd_write
0c03ee60   mw_spi_cmd_read
0c03ee6c   mw_spi_cmd
0c03eed8   mw_spi_claim
0c03f060   mw_nor_write
0c03f124   mw_nor_read
0c03f1d8   mw_nor_init
0c03f24c   mw_nor_get_details
0c03f2b8   mw_nor_erase
0c03f3c0   platform_write
0c03f3d4   mw_platform_device_write
0c03f470   mw_platform_device_read
0c03f50c   mw_platform_device_open
0c03f5e4   mw_platform_device_erase_block
0c03f624   mw_platform_device_close
0c03f690   mw_platform_delaycycles
0c03f6b0   mw_Osal_platformSpiCsExit
0c03f6c4   mw_Osal_platformSpiCsEnter
0c03f700   cos
0c03f9c0   __c6xabi_divf
0c03fc40   sin
0c03fec0   cvt_to_u32_from_float
0c03fee8   cvt_to_float_from_u32
0c03ff10   FPGA_write_f32
0c03ffa0   FPGA_write
0c040018   FPGA_read_f32
0c040084   FPGA_read
0c0400d0   FPGA_get_fpga_ver
0c040100   sinf
0c040340   IPFPGA_write_f32
0c0403cc   IPFPGA_write
0c040448   IPFPGA_read_f32
0c0404c0   IPFPGA_read
0c04050c   IPFPGA_get_fpga_ver
0c040540   acos
0c040720   atan
0c0408e0   expf
0c040c00   atan2
0c040d80   frexp
0c040f00   frexpf
0c041060   ldexp
0c0411c0   ldexpf
0c041320   sqrt
0c041480   _auto_init_elf
0c041580   copy_in
0c041680   __c6xabi_divi
0c041680   __divi
0c041760   memset
0c041840   __c6xabi_divu
0c041840   __divu
0c041900   exit
0c0419c0   __TI_tls_init
0c041a80   __c6xabi_nround
0c041b20   memcpy
0c041bc0   modf
0c041c60   __c6xabi_fixdu
0c041ce0   __c6xabi_roundf
0c041d60   _c_int00
0c041de0   PEV_init
0c041e24   PEV_get_fpga_ver
0c041e60   evmI2CInit
0c041ee0   __TI_cpp_init
0c041f40   __c6xabi_frcmpyd_div
0c041fa0   __c6xabi_llshru
0c042000   modff
0c042060   _args_main
0c0420a0   CSL_GPIO_open
0c0420c0   main
0c0420e0   __c6xabi_errno_addr
0c042100   __c6xabi_trunc
0c042120   __c6xabi_truncf
0c042140   C$$EXIT
0c042140   abort
0c042160   __TI_decompress_none
0c042180   __TI_decompress_rle24
0c0424a0   joint
0c042ce0   Wr_DPD
0c042ff8   Wr_sub
0c043310   gsub
0c04346c   __errno
0c04346c   errno
0c043470   ob_sub
0c0435d0   sen
0c0436f0   dyn
0c0437f8   Tm_full_sub
0c0439d0   LPF_cmd
0c043a58   LPF_motor
0c043ae0   tri
0c043bb8   Tm_sub
0c043c00   d_current
0c043c48   position
0c043c90   q_current
0c043cd8   velocity
0c043f28   range
0c043f78   debug3
0c0441f4   _cleanup_ptr
0c0441f8   _dtors_ptr
0c0441fc   __TI_enable_exit_profile_output
0c0443dc   EMIF_IntrErr_sts
0c04698c   __TI_Handler_Table_Base
0c046994   __TI_Handler_Table_Limit
0c046998   __TI_CINIT_Base
0c0469b0   __TI_CINIT_Limit
11e00000   PEV_updown_set_mode
11e00034   PEV_updown_read_cnt
11e00078   PEV_updown_init_maxcount
11e000c8   PEV_updown_clear_cnt
11e00100   PEV_sync_z_out
11e00150   PEV_sync_pwm_out
11e00260   PEV_sync_pwm_init
11e002b4   PEV_sync_ad_out
11e0030c   PEV_sync_ad_init
11e00360   PEV_inverter_stop_pwm
11e00394   PEV_inverter_start_pwm
11e003cc   PEV_inverter_set_uvw_br
11e005e8   PEV_inverter_set_uvw
11e007d4   PEV_inverter_set_ra
11e008d4   PEV_inverter_set_ab
11e00958   PEV_inverter_init_refload_timing
11e009b8   PEV_inverter_init_int_timing
11e00aa8   PEV_inverter_init_adtrig_timing
11e00b84   PEV_inverter_init
11e00cf4   PEV_inverter_enable_int
11e00d38   PEV_inverter_disable_int
11e00d70   PEV_inverter_control_gate
11e00da8   PEV_inverter_control_break
11e00de0   PEV_int_init
11e00f10   PEV_ad_start
11e00f48   PEV_ad_set_range
11e00f98   PEV_ad_set_offset
11e00fe0   PEV_ad_set_mode
11e01040   PEV_ad_in_st
11e0106c   PEV_ad_in_grp
11e012b0   PEV_ad_in_4ch
11e01418   PEV_ad_enable_int
11e01460   PEV_ad_disable_int
11e01494   PEV_ad_abz_read
11e016e8   PEV_abz_write
11e01734   PEV_abz_set_mode
11e017a4   PEV_abz_read
11e017e8   PEV_abz_init_maxcount
11e01834   PEV_abz_in_pin
11e01864   PEV_abz_get_resolver_pos
11e018a4   PEV_abz_get_resolver_err
11e018e0   PEV_abz_clear_resolver_err
11e01914   PEV_abz_clear
11e01960   C6657_timer3_hi_stop
11e01974   C6657_timer3_hi_start
11e01994   C6657_timer3_hi_init_vector
11e019b8   C6657_timer3_hi_init
11e01a2c   C6657_timer3_hi_enable_int
11e01a84   C6657_timer3_hi_clear_eventflag
11e01a94   C6657_timer2_write
11e01aa0   C6657_timer2_stop
11e01ab4   C6657_timer2_start
11e01ad8   C6657_timer2_read
11e01ae8   C6657_timer2_init_vector
11e01b30   C6657_timer2_init
11e01ba4   C6657_timer2_enable_int
11e01bf8   C6657_timer2_disable_int
11e01c40   C6657_timer2_clear_eventflag
11e01c4c   C6657_timer2_clear
11e01c58   C6657_timer1_write
11e01c68   C6657_timer1_stop
11e01c80   C6657_timer1_start
11e01ca0   C6657_timer1_read
11e01cac   C6657_timer1_init_vector
11e01cd0   C6657_timer1_init
11e01d44   C6657_timer1_enable_int
11e01d98   C6657_timer1_disable_int
11e01de0   C6657_timer1_clear_eventflag
11e01dec   C6657_timer1_clear
11e01df8   C6657_timer0_write
11e01e08   C6657_timer0_stop
11e01e20   C6657_timer0_start
11e01e40   C6657_timer0_read
11e01e4c   C6657_timer0_init_vector
11e01e70   C6657_timer0_init
11e01ee4   C6657_timer0_enable_int
11e01f38   C6657_timer0_disable_int
11e01f78   C6657_timer0_clear_eventflag
11e01f8c   C6657_timer0_clear
11e01fa0   EMF_Write_s32
11e02018   EMF_WriteFlashRom_s32
11e02120   EMF_Write2_s32
11e021b8   EMF_Read_s32
11e0222c   EMF_ReadFpgaBoard_s32
11e022e0   EMF_ReadFlashRom_s32
11e023a8   EMF_Read3_s32
11e02414   EMF_Read2_s32
11e024cc   EMF_Initialization_s32
11e0252c   EMF_EnableIntr_s32
11e025f4   mwintc_setupApp
11e02688   cic0Out2Evnt
11e02714   mwintc_setup
11e02794   mwintc_setup2
11e02860   mwintc_mapSystemIntrToChannel
11e02878   mwintc_getInterruptStatus
11e028a8   mwintc_enableSysInterrupt
11e028c0   mwintc_enableHostInterrupt
11e028d4   mwintc_disableSysInterrupt
11e028ec   mwintc_disableHostInterrupt
11e02904   mwintc_clearSysInterrupt
11e02918   int_end_nestint
11e02968   int_begin_nestint
11e029a8   IRQ_globalRestore
11e029b0   IRQ_globalEnable
11e029d0   IRQ_globalDisable
11e02a00   CSL2_intcHwControl
11e02d20   EMF_ErrIntr_vo
11e02f00   GPI_setVector_vo
11e02fd4   GPI_int_ack_vo
11e03024   GPI_init_vo
11e0304c   GPI_enable_int_vo
11e0306c   GPI_disable_int_vo
11e030a0   CSL2_loadResource
11e030b4   CSL2_intcOpen2
11e03220   CSL_intcInterruptEnable
11e03240   CSL_intcInterruptDisable
11e03260   _CSL_intcInterruptClear
11e0326c   _CSL_intcInterruptSet
11e03278   _CSL_intcInterruptRestore
11e03290   _CSL_intcQueryInterruptStatus
11e032a8   CSL_intcGlobalEnable
11e032c8   _CSL_intcGlobalDisable
11e032e8   _CSL_intcGlobalRestore
11e03300   CSL_intcGlobalNmiEnable
11e03314   _CSL_intcGlobalExcepEnable
11e03328   _CSL_intcGlobalExtExcepEnable
11e0333c   _CSL_intcGlobalExcepClear
11e03360   mw_setVect
11e03380   _CSL2_intcDispatcherDummy
11f00170   intcObj
11f00270   gpio_int_map
11f002b0   _mwSinTbl
11f022b8   _stack
11f032b8   WAVE_INIT_COUNT
11f032b8   __TI_STACK_END
11f032b8   __TI_STATIC_BASE
11f032bc   WAVE_FIL_Y
11f032c0   flag_cont_start
11f032c4   flag_dead
11f032c8   flag_dyn_payload
11f032cc   flag_CalcHandCmd
11f032d0   flag_debug
11f032d4   flag_pv
11f032d8   flag_delay
11f032dc   flag_Vdc_setted
11f032e0   flag_FBgain
11f032e4   flag_PPgain
11f032e8   flag_FF
11f032ec   flag_SOB
11f032f0   counter_2
11f032f4   WAVE_LoopCount
11f032f8   flag_FF_triple
11f032fc   flag_cmd_end
11f03300   flag_FRA_Axis
11f03304   flag_FRA_test_start
11f03308   flag_FRA_test_end
11f0330c   flag_tuneNo
11f03310   WAVE_Timer0
11f03314   WAVE_Timer1
11f03318   WAVE_Timer2
11f0331c   WAVE_TimerAll
11f03320   flag_reposition
11f03324   flag_first_go
11f03328   flag_first_back
11f0332c   flag_hard
11f03330   flag_CircleStart1
11f03334   flag_CircleStart2
11f03338   flag_CircleStart3
11f0333c   flag_end1
11f03340   flag_end2
11f03344   flag_end3
11f03348   flag_on
11f0334c   start_go1
11f03350   start_go2
11f03354   start_go3
11f03358   start_back1
11f0335c   start_back2
11f03360   start_back3
11f03364   Ref_Iq_ref_direct
11f03368   Ref_Iq_ref_direct1
11f0336c   Ref_Iq_ref_direct2
11f03370   Ref_Iq_ref_direct3
11f03374   Ref_wM_direct
11f03378   Iq_off
11f0337c   Flag_ARCS_start
11f03380   Flag_ARCS_clear
11f03384   speed_hand
11f03388   WAVE_IresU1
11f0338c   WAVE_IresU2
11f03390   WAVE_IresU3
11f03394   WAVE_IresV1
11f03398   WAVE_IresV2
11f0339c   WAVE_IresV3
11f033a0   WAVE_IresW1
11f033a4   WAVE_IresW2
11f033a8   WAVE_IresW3
11f033ac   WAVE_ACC_LW8079
11f033b0   WAVE_ACC_LW8174
11f033b4   WAVE_ACC_LW8174_axis
11f033b8   WAVE_Fz
11f033bc   WAVE_WSX
11f033c0   WAVE_WSY
11f033c4   WAVE_WSZ
11f033c8   WAVE_U_modulation
11f033cc   WAVE_V_modulation
11f033d0   WAVE_W_modulation
11f033d4   Wave_FRAFreq
11f033d8   Wave_FRATime
11f033dc   WAVE_Enc_error
11f033e0   WAVE_ofst_Iu
11f033e4   WAVE_ofst_Iv
11f033e8   WAVE_ofst_Iw
11f033ec   WAVE_Vdc_ofst
11f033f0   flag_fin
11f033f4   Wr_Throth_check
11f03698   tmr1regs
11f0369c   tmr2regs
11f036a0   tmr3regs
11f036a4   mw_gp__CSL_intcCpuIntrTable
11f036a8   mw_platform_errno
11f036ac   WAVE_theta_re1
11f036b0   WAVE_theta_re2
11f036b4   WAVE_theta_re3
11f036b8   WAVE_MRU1
11f036bc   WAVE_MRV1
11f036c0   WAVE_MRW1
11f036c4   WAVE_MRU2
11f036c8   WAVE_MRV2
11f036cc   WAVE_MRW2
11f036d0   WAVE_MRU3
11f036d4   WAVE_MRV3
11f036d8   WAVE_MRW3
11f036dc   sense_Iu_off1
11f036e0   sense_Iv_off1
11f036e4   sense_Iw_off1
11f036e8   sense_Iu_off2
11f036ec   sense_Iv_off2
11f036f0   sense_Iw_off2
11f036f4   sense_Iu_off3
11f036f8   sense_Iv_off3
11f036fc   sense_Iw_off3
11f03700   WAVE_MRBR1
11f03704   WAVE_MRBR2
11f03708   WAVE_MRBR3
11f0370c   WAVE_tauLdyn1
11f03710   WAVE_tauLdyn2
11f03714   WAVE_tauLdyn3
11f03718   WAVE_tauLwoG1
11f0371c   WAVE_tauLwoG2
11f03720   WAVE_tauLwoG3
11f03724   WAVE_Jl_calc1
11f03728   WAVE_Jl_calc2
11f0372c   WAVE_Jl_calc3
11f03730   WAVE_Jl_Wr1
11f03734   WAVE_Jl_Wr2
11f03738   WAVE_Jl_Wr3
11f0373c   WAVE_IresD1
11f03740   WAVE_IresD2
11f03744   WAVE_IresD3
11f03748   WAVE_IresQ1
11f0374c   WAVE_IresQ2
11f03750   WAVE_IresQ3
11f03754   WAVE_IdifD1
11f03758   WAVE_IdifD2
11f0375c   WAVE_IdifD3
11f03760   WAVE_IdifQ1
11f03764   WAVE_IdifQ2
11f03768   WAVE_IdifQ3
11f0376c   WAVE_Vdc1
11f03770   WAVE_Vdc2
11f03774   WAVE_Vdc3
11f03778   WAVE_Idc1
11f0377c   WAVE_Idc2
11f03780   WAVE_Idc3
11f03784   WAVE_ENC_temp1
11f03788   WAVE_ENC_temp2
11f0378c   WAVE_ENC_temp3
11f03790   WAVE_ENC1
11f03794   WAVE_ENC2
11f03798   WAVE_ENC3
11f0379c   WAVE_TRG_WM1
11f037a0   WAVE_TRG_WM2
11f037a4   WAVE_TRG_WM3
11f037a8   WAVE_wm1
11f037ac   WAVE_wm2
11f037b0   WAVE_wm3
11f037b4   WAVE_wm_ref1
11f037b8   WAVE_wm_ref2
11f037bc   WAVE_wm_ref3
11f037c0   WAVE_wm_cmd1
11f037c4   WAVE_wm_cmd2
11f037c8   WAVE_wm_cmd3
11f037cc   WAVE_qm1
11f037d0   WAVE_qm2
11f037d4   WAVE_qm3
11f037d8   WAVE_qm_ref1
11f037dc   WAVE_qm_ref2
11f037e0   WAVE_qm_ref3
11f037e4   WAVE_ql1
11f037e8   WAVE_ql2
11f037ec   WAVE_ql3
11f037f0   WAVE_Iq1
11f037f4   WAVE_Iq2
11f037f8   WAVE_Iq3
11f037fc   WAVE_Ipi1
11f03800   WAVE_Ipi2
11f03804   WAVE_Ipi3
11f03808   WAVE_Isfb1
11f0380c   WAVE_Isfb2
11f03810   WAVE_Isfb3
11f03814   WAVE_VrefU1
11f03818   WAVE_VrefV1
11f0381c   WAVE_VrefW1
11f03820   WAVE_VrefU2
11f03824   WAVE_VrefV2
11f03828   WAVE_VrefW2
11f0382c   WAVE_VrefU3
11f03830   WAVE_VrefV3
11f03834   WAVE_VrefW3
11f03838   WAVE_vu_ref_stand1
11f0383c   WAVE_vv_ref_stand1
11f03840   WAVE_vw_ref_stand1
11f03844   WAVE_vu_ref_stand2
11f03848   WAVE_vv_ref_stand2
11f0384c   WAVE_vw_ref_stand2
11f03850   WAVE_vu_ref_stand3
11f03854   WAVE_vv_ref_stand3
11f03858   WAVE_vw_ref_stand3
11f0385c   WAVE_IrefD1
11f03860   WAVE_IrefD2
11f03864   WAVE_IrefD3
11f03868   WAVE_IrefQ1
11f0386c   WAVE_IrefQ2
11f03870   WAVE_IrefQ3
11f03874   WAVE_VrefD_dcpl1
11f03878   WAVE_VrefQ_dcpl1
11f0387c   WAVE_VrefD_dcpl2
11f03880   WAVE_VrefQ_dcpl2
11f03884   WAVE_VrefD_dcpl3
11f03888   WAVE_VrefQ_dcpl3
11f0388c   WAVE_VrefD1
11f03890   WAVE_VrefQ1
11f03894   WAVE_VrefD2
11f03898   WAVE_VrefQ2
11f0389c   WAVE_VrefD3
11f038a0   WAVE_VrefQ3
11f038a4   WAVE_vd_lim_dif1
11f038a8   WAVE_vq_lim_dif1
11f038ac   WAVE_vd_lim_dif2
11f038b0   WAVE_vq_lim_dif2
11f038b4   WAVE_vd_lim_dif3
11f038b8   WAVE_vq_lim_dif3
11f038bc   WAVE_Tq1
11f038c0   WAVE_Tq2
11f038c4   WAVE_Tq3
11f038c8   WAVE_Icmp1
11f038cc   WAVE_Icmp2
11f038d0   WAVE_Icmp3
11f038d4   WAVE_Iff_1
11f038d8   WAVE_Iff_2
11f038dc   WAVE_Iff_3
11f038e0   WAVE_VWX
11f038e4   WAVE_VWY
11f038e8   WAVE_VWZ
11f038ec   ad1
11f038f0   ad2
11f038f4   ad3
11f038f8   ModRatioU
11f038fc   ModRatioV
11f03900   ModRatioW
11f039f4   EMF_ExtWaitErrInfo_u32s
11f039f8   EMF_ExtWaitErrCnt_u32s
11f039fc   hGpio
ffffffff   __TI_pprof_out_hndl
ffffffff   __TI_prof_data_size
ffffffff   __TI_prof_data_start
ffffffff   __binit__
ffffffff   __c_args__
ffffffff   binit
UNDEFED    __TI_INITARRAY_Base
UNDEFED    __TI_INITARRAY_Limit
UNDEFED    __TI_TLS_INIT_Base
UNDEFED    __TI_TLS_INIT_Limit

[577 symbols]
