******************************************************************************
               TMS320C6x Linker PC v7.4.24                     
******************************************************************************
>> Linked Thu Mar 13 16:31:11 2025

OUTPUT FILE NAME:   <current_control_ver2_new.out>
ENTRY POINT SYMBOL: "_c_int00"  address: 0c03a5c0


MEMORY CONFIGURATION

         name            origin    length      used     unused   attr    fill
----------------------  --------  ---------  --------  --------  ----  --------
  IPC_ISR_REG           02620244   00000004  00000000  00000004  RWIX
  DDR3_INIT_CODE        0c000000   00018000  00000000  00018000  RW X
  USER_SRAM_1_4         0c018000   000e8000  00025a7c  000c2584  RWIX
  KNL0_SRAM_1_4         10800000   000fff80  00000000  000fff80  RWIX
  KNL0_BOOT_AREA        108fff80   0000007c  00000000  0000007c  RWIX
  KNL0_MAGIC_ADDRESS    108ffffc   00000004  00000000  00000004  RWIX
  CTRL_PARAS            11800000   00000100  00000000  00000100  RWIX
  KNL1_SRAM_1_2         11800100   0003ff00  00000000  0003ff00  RWIX
  CSL_INTC              11840000   00010000  00000000  00010000  RWIX
  USER_MAGIC_ADDRESS    118fff80   00000004  00000000  00000004  R   
  KNL1_BOOT_AREA        118fff84   00000078  00000000  00000078  RWIX
  KNL1_MAGIC_ADDRESS    118ffffc   00000004  00000000  00000004  RWIX
  USER_SRAM_2_4         11e00000   00008000  000033e0  00004c20  RWIX
  USER_SRAM_3_4         11f00000   00008000  00004bac  00003454  RWIX
  TI_BOOT_ROM           20b00000   00020000  00000000  00020000  RWIX
  KNL0_SRAM_2_4         80000000   000fe000  00000000  000fe000  RWIX
  USER_SRAM_4_4         80100000   01800000  00000000  01800000  RWIX
  KNL0_SRAM_3_4         82000000   0d000000  00000000  0d000000  RWIX
  KNL0_SRAM_4_4         8f000000   01000000  00000000  01000000  RWIX
  KNL1_SRAM_2_2         90000000   10000000  00000000  10000000  RWIX


SEGMENT ALLOCATION MAP

run origin  load origin   length   init length attrs members
----------  ----------- ---------- ----------- ----- -------
0c018000    0c018000    00022d00   00022d00    r-x
  0c018000    0c018000    00022d00   00022d00    r-x .text
0c03ad00    0c03ad00    00000984   00000984    rw-
  0c03ad00    0c03ad00    00000984   00000984    rw- .fardata
0c03b688    0c03b688    00000018   00000000    rw-
  0c03b688    0c03b688    00000018   00000000    rw- .far
0c03b700    0c03b700    00000078   00000078    r--
  0c03b700    0c03b700    00000078   00000078    r-- .const
0c03b780    0c03b780    00000010   00000010    r--
  0c03b780    0c03b780    00000010   00000010    r-- .switch
0c03b800    0c03b800    00002358   00002358    r--
  0c03b800    0c03b800    00002358   00002358    r-- .cinit
11e00000    11e00000    000033e0   000033e0    r-x
  11e00000    11e00000    000033e0   000033e0    r-x .text_2
11f00000    11f00000    000022b8   000022b8    rw-
  11f00000    11f00000    000022b8   000022b8    rw- .data_2
11f02300    11f02300    00002158   00001158    rw-
  11f02300    11f02300    00001158   00001158    rw- .DATA_ON_HIGHER_SPEED
  11f03458    11f03458    00001000   00000000    rw- .stack
11f04458    11f04458    0000079c   000004f8    rw-
  11f04458    11f04458    000004f8   000004f8    rw- .neardata
  11f04950    11f04950    000002a4   00000000    rw- .bss


SECTION ALLOCATION MAP

 output                                  attributes/
section   page    origin      length       input sections
--------  ----  ----------  ----------   ----------------
.text      0    0c018000    00022d00     
                  0c018000    000196c0     current_control_ver2_new.obj (.text)
                  0c0316c0    000045c0     current_control_ver2_new.obj (.text:retain)
                  0c035c80    00000b20     enc.obj (.text)
                  0c0367a0    000006c0     mwio4.lib : mw_i2c_eeprom.obj (.text)
                  0c036e60    000005e0     rts6600_elf.lib : powf.obj (.text:powf)
                  0c037440    000005c0                     : divd.obj (.text:__c6xabi_divd)
                  0c037a00    000003c0     mwio4.lib : mw_spi.obj (.text)
                  0c037dc0    00000360               : mw_flash.obj (.text)
                  0c038120    00000340               : mw_platform.obj (.text)
                  0c038460    000002c0     rts6600_elf.lib : cos.obj (.text:cos)
                  0c038720    00000280                     : divf.obj (.text:__c6xabi_divf)
                  0c0389a0    00000280                     : sin.obj (.text:sin)
                  0c038c20    00000240     mwio4.lib : FPGA_LIB.obj (.text)
                  0c038e60    00000200               : IPFPGA_LIB.obj (.text)
                  0c039060    000001e0     rts6600_elf.lib : acos.obj (.text:acos)
                  0c039240    000001a0                     : expf.obj (.text:expf)
                  0c0393e0    00000180                     : copy_decompress_rle.obj (.text:__TI_decompress_rle_core)
                  0c039560    00000160                     : frexpf.obj (.text:frexpf)
                  0c0396c0    00000160                     : ldexpf.obj (.text:ldexpf)
                  0c039820    00000160                     : sqrt.obj (.text:sqrt)
                  0c039980    00000140                     : atan2f.obj (.text:atan2f)
                  0c039ac0    00000120                     : sqrtf.obj (.text:sqrtf)
                  0c039be0    00000100                     : autoinit.obj (.text:_auto_init_elf)
                  0c039ce0    00000100                     : atanf.obj (.text:atanf)
                  0c039de0    00000100                     : cpy_tbl.obj (.text:copy_in)
                  0c039ee0    000000e0                     : divi.obj (.text:__divi)
                  0c039fc0    000000e0                     : memset.obj (.text:memset)
                  0c03a0a0    000000c0                     : divu.obj (.text:__divu)
                  0c03a160    000000c0                     : exit.obj (.text:exit)
                  0c03a220    000000c0                     : tls.obj (.text:tls:init:__TI_tls_init)
                  0c03a2e0    000000a0                     : round.obj (.text:__c6xabi_nround)
                  0c03a380    000000a0                     : memcpy64.obj (.text:memcpy)
                  0c03a420    000000a0                     : modf.obj (.text:modf)
                  0c03a4c0    00000080                     : fixdu.obj (.text:__c6xabi_fixdu)
                  0c03a540    00000080                     : roundf.obj (.text:__c6xabi_roundf)
                  0c03a5c0    00000080                     : boot.obj (.text:_c_int00)
                  0c03a640    00000080     mwio4.lib : PEV_LIB.obj (.text)
                  0c03a6c0    00000080               : mw_i2c.obj (.text)
                  0c03a740    00000060     rts6600_elf.lib : cpp_init.obj (.text:__TI_cpp_init)
                  0c03a7a0    00000060                     : frcmpyd_div.obj (.text:__c6xabi_frcmpyd_div)
                  0c03a800    00000060                     : llshift.obj (.text:__c6xabi_llshru)
                  0c03a860    00000060                     : modff.obj (.text:modff)
                  0c03a8c0    00000040                     : args_main.obj (.text:_args_main)
                  0c03a900    00000020     ti.csl.ae66 : csl_gpioGetBaseAddress.oe66 (.text:CSL_GPIO_open)
                  0c03a920    00000020     Main.obj (.text)
                  0c03a940    00000020     rts6600_elf.lib : errno.obj (.text:__c6xabi_errno_addr)
                  0c03a960    00000020                     : trunc.obj (.text:__c6xabi_trunc)
                  0c03a980    00000020                     : truncf.obj (.text:__c6xabi_truncf)
                  0c03a9a0    00000020                     : exit.obj (.text:abort)
                  0c03a9c0    00000020                     : copy_decompress_none.obj (.text:decompress:none:__TI_decompress_none)
                  0c03a9e0    00000020                     : copy_decompress_rle.obj (.text:decompress:rle24:__TI_decompress_rle24)
                  0c03aa00    00000010     mwio4.lib : EMIF16.obj ($Tramp$S$$EMF_EnableIntr_s32)
                  0c03aa10    00000010               : gpio_int.obj ($Tramp$S$$GPI_init_vo)
                  0c03aa20    00000010               : mwintc.obj ($Tramp$S$$mwintc_setupApp)
                  0c03aa30    00000010               : PEV_INV_LIB.obj ($Tramp$S$$PEV_ad_set_offset)
                  0c03aa40    00000010               : EMIF16.obj ($Tramp$S$$EMF_Read_s32)
                  0c03aa50    00000010               : EMIF16.obj ($Tramp$S$$EMF_ReadFpgaBoard_s32)
                  0c03aa60    00000010               : EMIF16.obj ($Tramp$S$$EMF_Write2_s32)
                  0c03aa70    00000010               : gpio_int.obj ($Tramp$S$$GPI_int_ack_vo)
                  0c03aa80    00000010               : timer_lib.obj ($Tramp$S$$C6657_timer2_read)
                  0c03aa90    00000010               : timer_lib.obj ($Tramp$S$$C6657_timer1_read)
                  0c03aaa0    00000010               : timer_lib.obj ($Tramp$S$$C6657_timer1_start)
                  0c03aab0    00000010               : timer_lib.obj ($Tramp$S$$C6657_timer1_clear)
                  0c03aac0    00000010               : timer_lib.obj ($Tramp$S$$C6657_timer0_read)
                  0c03aad0    00000010               : timer_lib.obj ($Tramp$S$$C6657_timer0_start)
                  0c03aae0    00000010               : timer_lib.obj ($Tramp$S$$C6657_timer0_clear)
                  0c03aaf0    00000010               : timer_lib.obj ($Tramp$S$$C6657_timer1_stop)
                  0c03ab00    00000010               : timer_lib.obj ($Tramp$S$$C6657_timer0_stop)
                  0c03ab10    00000010               : timer_lib.obj ($Tramp$S$$C6657_timer2_start)
                  0c03ab20    00000010               : timer_lib.obj ($Tramp$S$$C6657_timer2_clear)
                  0c03ab30    00000010               : timer_lib.obj ($Tramp$S$$C6657_timer2_stop)
                  0c03ab40    00000010               : PEV_INV_LIB.obj ($Tramp$S$$PEV_inverter_start_pwm)
                  0c03ab50    00000010               : timer_lib.obj ($Tramp$S$$C6657_timer2_disable_int)
                  0c03ab60    00000010               : timer_lib.obj ($Tramp$S$$C6657_timer1_disable_int)
                  0c03ab70    00000010               : timer_lib.obj ($Tramp$S$$C6657_timer0_disable_int)
                  0c03ab80    00000010               : PEV_INV_LIB.obj ($Tramp$S$$PEV_ad_disable_int)
                  0c03ab90    00000010               : mwintc.obj ($Tramp$S$$IRQ_globalEnable)
                  0c03aba0    00000010               : timer_lib.obj ($Tramp$S$$C6657_timer2_init)
                  0c03abb0    00000010               : timer_lib.obj ($Tramp$S$$C6657_timer1_init)
                  0c03abc0    00000010               : timer_lib.obj ($Tramp$S$$C6657_timer0_init)
                  0c03abd0    00000010               : PEV_INV_LIB.obj ($Tramp$S$$PEV_inverter_control_break)
                  0c03abe0    00000010               : PEV_INV_LIB.obj ($Tramp$S$$PEV_inverter_enable_int)
                  0c03abf0    00000010               : PEV_INV_LIB.obj ($Tramp$S$$PEV_inverter_init_refload_timing)
                  0c03ac00    00000010               : PEV_INV_LIB.obj ($Tramp$S$$PEV_inverter_init_adtrig_timing)
                  0c03ac10    00000010               : PEV_INV_LIB.obj ($Tramp$S$$PEV_inverter_set_uvw)
                  0c03ac20    00000010               : PEV_INV_LIB.obj ($Tramp$S$$PEV_ad_set_mode)
                  0c03ac30    00000010               : PEV_INV_LIB.obj ($Tramp$S$$PEV_ad_set_range)
                  0c03ac40    00000010               : PEV_INV_LIB.obj ($Tramp$S$$PEV_sync_pwm_out)
                  0c03ac50    00000010               : PEV_INV_LIB.obj ($Tramp$S$$PEV_sync_pwm_init)
                  0c03ac60    00000010               : PEV_INV_LIB.obj ($Tramp$S$$PEV_sync_ad_out)
                  0c03ac70    00000010               : PEV_INV_LIB.obj ($Tramp$S$$PEV_sync_ad_init)
                  0c03ac80    00000010               : PEV_INV_LIB.obj ($Tramp$S$$PEV_inverter_init)
                  0c03ac90    00000010               : gpio_int.obj ($Tramp$S$$GPI_enable_int_vo)
                  0c03aca0    00000010               : gpio_int.obj ($Tramp$S$$GPI_setVector_vo)
                  0c03acb0    00000010               : PEV_INV_LIB.obj ($Tramp$S$$PEV_int_init)
                  0c03acc0    00000010               : mwintc.obj ($Tramp$S$$IRQ_globalDisable)
                  0c03acd0    00000010               : PEV_INV_LIB.obj ($Tramp$S$$PEV_ad_in_grp)
                  0c03ace0    00000010               : PEV_INV_LIB.obj ($Tramp$S$$PEV_ad_in_st)
                  0c03acf0    00000010               : PEV_INV_LIB.obj ($Tramp$S$$PEV_inverter_set_uvw_br)

.fardata   0    0c03ad00    00000984     
                  0c03ad00    00000120     current_control_ver2_new.obj (.fardata:sen)
                  0c03ae20    000000a8     mwio4.lib : mw_platform.obj (.fardata)
                  0c03aec8    00000084     current_control_ver2_new.obj (.fardata:LPF_cmd)
                  0c03af4c    00000004     rts6600_elf.lib : errno.obj (.fardata)
                  0c03af50    00000084     current_control_ver2_new.obj (.fardata:LPF_motor)
                  0c03afd4    00000004     --HOLE--
                  0c03afd8    00000060     rts6600_elf.lib : acos.obj (.fardata:asin_consts$1)
                  0c03b038    00000048     current_control_ver2_new.obj (.fardata:d_current)
                  0c03b080    00000048     current_control_ver2_new.obj (.fardata:position)
                  0c03b0c8    00000048     current_control_ver2_new.obj (.fardata:q_current)
                  0c03b110    00000048     current_control_ver2_new.obj (.fardata:velocity)
                  0c03b158    00000044     rts6600_elf.lib : powf.obj (.fardata:A1$1)
                  0c03b19c    00000004     --HOLE--
                  0c03b1a0    00000040                     : cos.obj (.fardata:R$1)
                  0c03b1e0    00000040                     : sin.obj (.fardata:R$1)
                  0c03b220    00000020                     : powf.obj (.fardata:A2$2)
                  0c03b240    00000020                     : atanf.obj (.fardata:arctan_consts$1)
                  0c03b260    00000020     current_control_ver2_new.obj (.fardata:range)
                  0c03b280    0000001c     rts6600_elf.lib : expf.obj (.fardata:exp_consts$1)
                  0c03b29c    00000004     --HOLE--
                  0c03b2a0    0000000c                     : powf.obj (.fardata:Q$4)
                  0c03b2ac    00000004     --HOLE--
                  0c03b2b0    0000000c     current_control_ver2_new.obj (.fardata:Vdc_mean$170)
                  0c03b2bc    00000004     --HOLE--
                  0c03b2c0    0000000c     current_control_ver2_new.obj (.fardata:Vdc_sum$169)
                  0c03b2cc    00000004     --HOLE--
                  0c03b2d0    0000000c     current_control_ver2_new.obj (.fardata:counter$168)
                  0c03b2dc    00000004     --HOLE--
                  0c03b2e0    0000000c     current_control_ver2_new.obj (.fardata:est_Qs_Z$28)
                  0c03b2ec    00000004     --HOLE--
                  0c03b2f0    0000000c     current_control_ver2_new.obj (.fardata:est_Qs_Z1$25)
                  0c03b2fc    00000004     --HOLE--
                  0c03b300    0000000c     current_control_ver2_new.obj (.fardata:est_wL_Z$29)
                  0c03b30c    00000004     --HOLE--
                  0c03b310    0000000c     current_control_ver2_new.obj (.fardata:est_wL_Z1$26)
                  0c03b31c    00000004     --HOLE--
                  0c03b320    0000000c     current_control_ver2_new.obj (.fardata:est_wM_Z$27)
                  0c03b32c    00000004     --HOLE--
                  0c03b330    0000000c     current_control_ver2_new.obj (.fardata:est_wM_Z1$24)
                  0c03b33c    00000004     --HOLE--
                  0c03b340    0000000c     current_control_ver2_new.obj (.fardata:goalZ$55)
                  0c03b34c    00000004     --HOLE--
                  0c03b350    0000000c     current_control_ver2_new.obj (.fardata:goalZ$64)
                  0c03b35c    00000004     --HOLE--
                  0c03b360    0000000c     current_control_ver2_new.obj (.fardata:goalZ$73)
                  0c03b36c    00000004     --HOLE--
                  0c03b370    0000000c     current_control_ver2_new.obj (.fardata:hand_cmd$3)
                  0c03b37c    00000004     --HOLE--
                  0c03b380    0000000c     current_control_ver2_new.obj (.fardata:joint_cmd$4)
                  0c03b38c    00000004     --HOLE--
                  0c03b390    0000000c     current_control_ver2_new.obj (.fardata:loop_count_num$140)
                  0c03b39c    00000004     --HOLE--
                  0c03b3a0    0000000c     current_control_ver2_new.obj (.fardata:m_Z$160)
                  0c03b3ac    00000004     --HOLE--
                  0c03b3b0    0000000c     current_control_ver2_new.obj (.fardata:m_Z1$167)
                  0c03b3bc    00000004     --HOLE--
                  0c03b3c0    0000000c     current_control_ver2_new.obj (.fardata:motor_cmd$5)
                  0c03b3cc    00000004     --HOLE--
                  0c03b3d0    0000000c     current_control_ver2_new.obj (.fardata:motor_vel_cmd$6)
                  0c03b3dc    00000004     --HOLE--
                  0c03b3e0    0000000c     current_control_ver2_new.obj (.fardata:n_Z$159)
                  0c03b3ec    00000004     --HOLE--
                  0c03b3f0    0000000c     current_control_ver2_new.obj (.fardata:n_Z1$166)
                  0c03b3fc    00000004     --HOLE--
                  0c03b400    0000000c     current_control_ver2_new.obj (.fardata:p1$82)
                  0c03b40c    00000004     --HOLE--
                  0c03b410    0000000c     current_control_ver2_new.obj (.fardata:ql_Z$146)
                  0c03b41c    00000004     --HOLE--
                  0c03b420    0000000c     current_control_ver2_new.obj (.fardata:ql_Z$158)
                  0c03b42c    00000004     --HOLE--
                  0c03b430    0000000c     current_control_ver2_new.obj (.fardata:ql_Z1$152)
                  0c03b43c    00000004     --HOLE--
                  0c03b440    0000000c     current_control_ver2_new.obj (.fardata:ql_Z1$165)
                  0c03b44c    00000004     --HOLE--
                  0c03b450    0000000c     current_control_ver2_new.obj (.fardata:qm_Z$143)
                  0c03b45c    00000004     --HOLE--
                  0c03b460    0000000c     current_control_ver2_new.obj (.fardata:qm_Z$155)
                  0c03b46c    00000004     --HOLE--
                  0c03b470    0000000c     current_control_ver2_new.obj (.fardata:qm_Z1$149)
                  0c03b47c    00000004     --HOLE--
                  0c03b480    0000000c     current_control_ver2_new.obj (.fardata:qm_Z1$162)
                  0c03b48c    00000004     --HOLE--
                  0c03b490    0000000c     current_control_ver2_new.obj (.fardata:qm_prev$139)
                  0c03b49c    00000004     --HOLE--
                  0c03b4a0    0000000c     current_control_ver2_new.obj (.fardata:qs_Z$144)
                  0c03b4ac    00000004     --HOLE--
                  0c03b4b0    0000000c     current_control_ver2_new.obj (.fardata:qs_Z$156)
                  0c03b4bc    00000004     --HOLE--
                  0c03b4c0    0000000c     current_control_ver2_new.obj (.fardata:qs_Z$31)
                  0c03b4cc    00000004     --HOLE--
                  0c03b4d0    0000000c     current_control_ver2_new.obj (.fardata:qs_Z$37)
                  0c03b4dc    00000004     --HOLE--
                  0c03b4e0    0000000c     current_control_ver2_new.obj (.fardata:qs_Z1$150)
                  0c03b4ec    00000004     --HOLE--
                  0c03b4f0    0000000c     current_control_ver2_new.obj (.fardata:qs_Z1$163)
                  0c03b4fc    00000004     --HOLE--
                  0c03b500    0000000c     current_control_ver2_new.obj (.fardata:qs_Z1$34)
                  0c03b50c    00000004     --HOLE--
                  0c03b510    0000000c     current_control_ver2_new.obj (.fardata:qs_Z1$40)
                  0c03b51c    0000000c     rts6600_elf.lib : exit.obj (.fardata)
                  0c03b528    0000000c     current_control_ver2_new.obj (.fardata:sign_invers$141)
                  0c03b534    00000004     --HOLE--
                  0c03b538    0000000c     current_control_ver2_new.obj (.fardata:start_hand)
                  0c03b544    00000004     --HOLE--
                  0c03b548    0000000c     current_control_ver2_new.obj (.fardata:wl_Z$145)
                  0c03b554    00000004     --HOLE--
                  0c03b558    0000000c     current_control_ver2_new.obj (.fardata:wl_Z$157)
                  0c03b564    00000004     --HOLE--
                  0c03b568    0000000c     current_control_ver2_new.obj (.fardata:wl_Z$32)
                  0c03b574    00000004     --HOLE--
                  0c03b578    0000000c     current_control_ver2_new.obj (.fardata:wl_Z$38)
                  0c03b584    00000004     --HOLE--
                  0c03b588    0000000c     current_control_ver2_new.obj (.fardata:wl_Z1$151)
                  0c03b594    00000004     --HOLE--
                  0c03b598    0000000c     current_control_ver2_new.obj (.fardata:wl_Z1$164)
                  0c03b5a4    00000004     --HOLE--
                  0c03b5a8    0000000c     current_control_ver2_new.obj (.fardata:wl_Z1$35)
                  0c03b5b4    00000004     --HOLE--
                  0c03b5b8    0000000c     current_control_ver2_new.obj (.fardata:wl_Z1$41)
                  0c03b5c4    00000004     --HOLE--
                  0c03b5c8    0000000c     current_control_ver2_new.obj (.fardata:wm_Z$142)
                  0c03b5d4    00000004     --HOLE--
                  0c03b5d8    0000000c     current_control_ver2_new.obj (.fardata:wm_Z$154)
                  0c03b5e4    00000004     --HOLE--
                  0c03b5e8    0000000c     current_control_ver2_new.obj (.fardata:wm_Z$30)
                  0c03b5f4    00000004     --HOLE--
                  0c03b5f8    0000000c     current_control_ver2_new.obj (.fardata:wm_Z$36)
                  0c03b604    00000004     --HOLE--
                  0c03b608    0000000c     current_control_ver2_new.obj (.fardata:wm_Z1$148)
                  0c03b614    00000004     --HOLE--
                  0c03b618    0000000c     current_control_ver2_new.obj (.fardata:wm_Z1$161)
                  0c03b624    00000004     --HOLE--
                  0c03b628    0000000c     current_control_ver2_new.obj (.fardata:wm_Z1$33)
                  0c03b634    00000004     --HOLE--
                  0c03b638    0000000c     current_control_ver2_new.obj (.fardata:wm_Z1$39)
                  0c03b644    00000004     --HOLE--
                  0c03b648    0000000c     current_control_ver2_new.obj (.fardata:wm_prev$138)
                  0c03b654    00000004     --HOLE--
                  0c03b658    0000000c     current_control_ver2_new.obj (.fardata:z_Z$147)
                  0c03b664    00000004     --HOLE--
                  0c03b668    0000000c     current_control_ver2_new.obj (.fardata:z_Z1$153)
                  0c03b674    00000004     --HOLE--
                  0c03b678    00000008     current_control_ver2_new.obj (.fardata:loop_count_num$172)
                  0c03b680    00000004     rts6600_elf.lib : powf.obj (.fardata:P$3)

.far       0    0c03b688    00000018     UNINITIALIZED
                  0c03b688    0000000c     current_control_ver2_new.obj (.far)
                  0c03b694    0000000c     mwio4.lib : EMIF16.obj (.far)

.const     0    0c03b700    00000078     
                  0c03b700    00000020     current_control_ver2_new.obj (.const:$P$T1$20)
                  0c03b720    00000020     current_control_ver2_new.obj (.const:$P$T2$21)
                  0c03b740    0000000c     current_control_ver2_new.obj (.const:$P$T0$19)
                  0c03b74c    00000004     --HOLE-- [fill = 0]
                  0c03b750    0000000c     current_control_ver2_new.obj (.const:$P$T3$171)
                  0c03b75c    00000004     --HOLE-- [fill = 0]
                  0c03b760    00000008     current_control_ver2_new.obj (.const:cmd_1_soft)
                  0c03b768    00000008     current_control_ver2_new.obj (.const:cmd_2_soft)
                  0c03b770    00000008     current_control_ver2_new.obj (.const:cmd_3_soft)

.switch    0    0c03b780    00000010     
                  0c03b780    00000010     mwio4.lib : mw_flash.obj (.switch:mw_nor_erase)

.cinit     0    0c03b800    00002358     
                  0c03b800    00002069     (.cinit..data_2.load) [load image, compression = rle]
                  0c03d869    00000003     --HOLE-- [fill = 0]
                  0c03d86c    00000243     (.cinit..fardata.load) [load image, compression = rle]
                  0c03daaf    00000001     --HOLE-- [fill = 0]
                  0c03dab0    00000064     (.cinit..neardata.load) [load image, compression = rle]
                  0c03db14    0000001a     (.cinit..DATA_ON_HIGHER_SPEED.load) [load image, compression = rle]
                  0c03db2e    00000002     --HOLE-- [fill = 0]
                  0c03db30    00000008     (__TI_handler_table)
                  0c03db38    00000020     (__TI_cinit_table)

.text_2    0    11e00000    000033e0     
                  11e00000    00001960     mwio4.lib : PEV_INV_LIB.obj (.text)
                  11e01960    00000640               : timer_lib.obj (.text)
                  11e01fa0    00000620               : EMIF16.obj (.text)
                  11e025c0    00000440               : mwintc.obj (.text)
                  11e02a00    00000320               : csl2_intcHwControl.obj (.text:csl_section:intc)
                  11e02d20    000001e0               : EMIF16.obj (.text:retain)
                  11e02f00    000001a0               : gpio_int.obj (.text)
                  11e030a0    00000180               : csl2_intcOpen.obj (.text:csl_section:intc)
                  11e03220    00000140               : _csl2_intcIntrEnDisRes_eabi.obj (.text)
                  11e03360    00000020               : _csl2_intcDispatcher.obj (.text:csl_section:intc)
                  11e03380    00000020               : _csl2_intcDispatcher.obj (.text:csl_section:intc:retain)
                  11e033a0    00000010     ti.csl.ae66 : csl_gpioGetBaseAddress.oe66 ($Tramp$S$$CSL_GPIO_open)
                  11e033b0    00000010     rts6600_elf.lib : fixdu.obj ($Tramp$S$$__c6xabi_fixdu)
                  11e033c0    00000010                     : divd.obj ($Tramp$S$$__c6xabi_divd)
                  11e033d0    00000010                     : divi.obj ($Tramp$S$$__c6xabi_divi)

.data_2    0    11f00000    000022b8     
                  11f00000    00000170     mwio4.lib : PEV_INV_LIB.obj (.far) [fill = 0]
                  11f00170    000000c0               : gpio_int.obj (.far) [fill = 0]
                  11f00230    00000024               : timer_lib.obj (.far) [fill = 0]
                  11f00254    00000018               : csl2_intcHwControl.obj (.switch:CSL2_intcHwControl)
                  11f0026c    00000004     --HOLE--
                  11f00270    00000040               : gpio_int.obj (.fardata:gpio_int_map)
                  11f002b0    00002008               : _mwsintbl.obj (.const:_mwSinTbl)

.DATA_ON_HIGHER_SPEED 
*          0    11f02300    00001158     
                  11f02300    00001140     current_control_ver2_new.obj (.DATA_ON_HIGHER_SPEED:init)
                  11f03440    00000018     current_control_ver2_new.obj (.DATA_ON_HIGHER_SPEED:uninit) [fill = 0]

.stack     0    11f03458    00001000     UNINITIALIZED
                  11f03458    00000008     rts6600_elf.lib : boot.obj (.stack)
                  11f03460    00000ff8     --HOLE--

.neardata 
*          0    11f04458    000004f8     
                  11f04458    000004e4     current_control_ver2_new.obj (.neardata)
                  11f0493c    0000000c     mwio4.lib : timer_lib.obj (.neardata)
                  11f04948    00000004               : csl2_intcOpen.obj (.neardata)
                  11f0494c    00000004               : mw_platform.obj (.neardata)

.bss       0    11f04950    000002a4     UNINITIALIZED
                  11f04950    00000294     current_control_ver2_new.obj (.bss)
                  11f04be4    00000008     mwio4.lib : EMIF16.obj (.bss)
                  11f04bec    00000004               : gpio_int.obj (.bss)
                  11f04bf0    00000004               : mw_spi.obj (.bss)


LINKER GENERATED COPY TABLES

__TI_cinit_table @ 0c03db38 records: 4, size/record: 8, table size: 32
	.data_2: load addr=0c03b800, load size=00002069 bytes, run addr=11f00000, run size=000022b8 bytes, compression=rle
	.fardata: load addr=0c03d86c, load size=00000243 bytes, run addr=0c03ad00, run size=00000984 bytes, compression=rle
	.neardata: load addr=0c03dab0, load size=00000064 bytes, run addr=11f04458, run size=000004f8 bytes, compression=rle
	.DATA_ON_HIGHER_SPEED: load addr=0c03db14, load size=0000001a bytes, run addr=11f02300, run size=00001158 bytes, compression=rle


LINKER GENERATED HANDLER TABLE

__TI_handler_table @ 0c03db30 records: 2, size/record: 4, table size: 8
	index: 0, handler: __TI_decompress_rle24
	index: 1, handler: __TI_decompress_none


FAR CALL TRAMPOLINES

callee name               trampoline name
   callee addr  tramp addr   call addr  call info
--------------  -----------  ---------  ----------------
$.text:mwio4.lib<EMIF16.obj>$0x58c  $Tramp$S$$EMF_EnableIntr_s32
   11e0252c     0c03aa00     0c03a92c   Main.obj (.text)
$.text:mwio4.lib<gpio_int.obj>$0x124  $Tramp$S$$GPI_init_vo
   11e03024     0c03aa10     0c03a928   Main.obj (.text)
$.text:mwio4.lib<mwintc.obj>$0x34  $Tramp$S$$mwintc_setupApp
   11e025f4     0c03aa20     0c03a924   Main.obj (.text)
$.text:mwio4.lib<PEV_INV_LIB.obj>$0xf98  $Tramp$S$$PEV_ad_set_offset
   11e00f98     0c03aa30     0c03a660   mwio4.lib : PEV_LIB.obj (.text)
$.text:mwio4.lib<EMIF16.obj>$0x218  $Tramp$S$$EMF_Read_s32
   11e021b8     0c03aa40     0c038e34   mwio4.lib : FPGA_LIB.obj (.text)
                             0c039030             : IPFPGA_LIB.obj (.text)
                             0c03a688             : PEV_LIB.obj (.text)
$.text:mwio4.lib<EMIF16.obj>$0x28c  $Tramp$S$$EMF_ReadFpgaBoard_s32
   11e0222c     0c03aa50     0c038da8   mwio4.lib : FPGA_LIB.obj (.text)
                             0c038e08             : FPGA_LIB.obj (.text)
                             0c038f94             : IPFPGA_LIB.obj (.text)
                             0c039004             : IPFPGA_LIB.obj (.text)
$.text:mwio4.lib<EMIF16.obj>$0x180  $Tramp$S$$EMF_Write2_s32
   11e02120     0c03aa60     0c038cd4   mwio4.lib : FPGA_LIB.obj (.text)
                             0c038d44             : FPGA_LIB.obj (.text)
                             0c038ec4             : IPFPGA_LIB.obj (.text)
                             0c038f30             : IPFPGA_LIB.obj (.text)
$.text:mwio4.lib<gpio_int.obj>$0xd4  $Tramp$S$$GPI_int_ack_vo
   11e02fd4     0c03aa70     0c035b94   current_control_ver2_new.obj (.text:retain)
$.text:mwio4.lib<timer_lib.obj>$0x178  $Tramp$S$$C6657_timer2_read
   11e01ad8     0c03aa80     0c035b48   current_control_ver2_new.obj (.text:retain)
$.text:mwio4.lib<timer_lib.obj>$0x340  $Tramp$S$$C6657_timer1_read
   11e01ca0     0c03aa90     0c032330   current_control_ver2_new.obj (.text:retain)
                             0c03239c   current_control_ver2_new.obj (.text:retain)
                             0c0323c4   current_control_ver2_new.obj (.text:retain)
                             0c0323ec   current_control_ver2_new.obj (.text:retain)
                             0c03241c   current_control_ver2_new.obj (.text:retain)
                             0c032434   current_control_ver2_new.obj (.text:retain)
                             0c03249c   current_control_ver2_new.obj (.text:retain)
                             0c0324b8   current_control_ver2_new.obj (.text:retain)
                             0c032520   current_control_ver2_new.obj (.text:retain)
                             0c032530   current_control_ver2_new.obj (.text:retain)
                             0c032b58   current_control_ver2_new.obj (.text:retain)
                             0c032bd0   current_control_ver2_new.obj (.text:retain)
                             0c033598   current_control_ver2_new.obj (.text:retain)
                             0c0335c8   current_control_ver2_new.obj (.text:retain)
                             0c034978   current_control_ver2_new.obj (.text:retain)
                             0c0349a8   current_control_ver2_new.obj (.text:retain)
$.text:mwio4.lib<timer_lib.obj>$0x320  $Tramp$S$$C6657_timer1_start
   11e01c80     0c03aaa0     0c03232c   current_control_ver2_new.obj (.text:retain)
$.text:mwio4.lib<timer_lib.obj>$0x48c  $Tramp$S$$C6657_timer1_clear
   11e01dec     0c03aab0     0c032328   current_control_ver2_new.obj (.text:retain)
$.text:mwio4.lib<timer_lib.obj>$0x4e0  $Tramp$S$$C6657_timer0_read
   11e01e40     0c03aac0     0c0321a8   current_control_ver2_new.obj (.text:retain)
                             0c0321ec   current_control_ver2_new.obj (.text:retain)
                             0c032260   current_control_ver2_new.obj (.text:retain)
                             0c032288   current_control_ver2_new.obj (.text:retain)
                             0c0322a0   current_control_ver2_new.obj (.text:retain)
                             0c0322cc   current_control_ver2_new.obj (.text:retain)
                             0c032ab0   current_control_ver2_new.obj (.text:retain)
                             0c033664   current_control_ver2_new.obj (.text:retain)
                             0c0336b8   current_control_ver2_new.obj (.text:retain)
                             0c0336f8   current_control_ver2_new.obj (.text:retain)
$.text:mwio4.lib<timer_lib.obj>$0x4c0  $Tramp$S$$C6657_timer0_start
   11e01e20     0c03aad0     0c032058   current_control_ver2_new.obj (.text:retain)
$.text:mwio4.lib<timer_lib.obj>$0x62c  $Tramp$S$$C6657_timer0_clear
   11e01f8c     0c03aae0     0c032054   current_control_ver2_new.obj (.text:retain)
$.text:mwio4.lib<timer_lib.obj>$0x308  $Tramp$S$$C6657_timer1_stop
   11e01c68     0c03aaf0     0c032034   current_control_ver2_new.obj (.text:retain)
$.text:mwio4.lib<timer_lib.obj>$0x4a8  $Tramp$S$$C6657_timer0_stop
   11e01e08     0c03ab00     0c032028   current_control_ver2_new.obj (.text:retain)
$.text:mwio4.lib<timer_lib.obj>$0x154  $Tramp$S$$C6657_timer2_start
   11e01ab4     0c03ab10     0c03178c   current_control_ver2_new.obj (.text:retain)
$.text:mwio4.lib<timer_lib.obj>$0x2ec  $Tramp$S$$C6657_timer2_clear
   11e01c4c     0c03ab20     0c031788   current_control_ver2_new.obj (.text:retain)
$.text:mwio4.lib<timer_lib.obj>$0x140  $Tramp$S$$C6657_timer2_stop
   11e01aa0     0c03ab30     0c031780   current_control_ver2_new.obj (.text:retain)
$.text:mwio4.lib<PEV_INV_LIB.obj>$0x394  $Tramp$S$$PEV_inverter_start_pwm
   11e00394     0c03ab40     0c0253f0   current_control_ver2_new.obj (.text)
                             0c0253f8   current_control_ver2_new.obj (.text)
                             0c025400   current_control_ver2_new.obj (.text)
$.text:mwio4.lib<timer_lib.obj>$0x298  $Tramp$S$$C6657_timer2_disable_int
   11e01bf8     0c03ab50     0c0253e0   current_control_ver2_new.obj (.text)
$.text:mwio4.lib<timer_lib.obj>$0x438  $Tramp$S$$C6657_timer1_disable_int
   11e01d98     0c03ab60     0c0253d8   current_control_ver2_new.obj (.text)
$.text:mwio4.lib<timer_lib.obj>$0x5d8  $Tramp$S$$C6657_timer0_disable_int
   11e01f38     0c03ab70     0c0253d4   current_control_ver2_new.obj (.text)
$.text:mwio4.lib<PEV_INV_LIB.obj>$0x1460  $Tramp$S$$PEV_ad_disable_int
   11e01460     0c03ab80     0c0253c0   current_control_ver2_new.obj (.text)
                             0c0253c8   current_control_ver2_new.obj (.text)
                             0c0253cc   current_control_ver2_new.obj (.text)
$.text:mwio4.lib<mwintc.obj>$0x3f0  $Tramp$S$$IRQ_globalEnable
   11e029b0     0c03ab90     0c0253bc   current_control_ver2_new.obj (.text)
$.text:mwio4.lib<timer_lib.obj>$0x1d0  $Tramp$S$$C6657_timer2_init
   11e01b30     0c03aba0     0c0253b4   current_control_ver2_new.obj (.text)
$.text:mwio4.lib<timer_lib.obj>$0x370  $Tramp$S$$C6657_timer1_init
   11e01cd0     0c03abb0     0c0253a8   current_control_ver2_new.obj (.text)
$.text:mwio4.lib<timer_lib.obj>$0x510  $Tramp$S$$C6657_timer0_init
   11e01e70     0c03abc0     0c025398   current_control_ver2_new.obj (.text)
$.text:mwio4.lib<PEV_INV_LIB.obj>$0xda8  $Tramp$S$$PEV_inverter_control_break
   11e00da8     0c03abd0     0c025378   current_control_ver2_new.obj (.text)
                             0c025384   current_control_ver2_new.obj (.text)
                             0c02538c   current_control_ver2_new.obj (.text)
$.text:mwio4.lib<PEV_INV_LIB.obj>$0xcf4  $Tramp$S$$PEV_inverter_enable_int
   11e00cf4     0c03abe0     0c025364   current_control_ver2_new.obj (.text)
                             0c02536c   current_control_ver2_new.obj (.text)
                             0c025370   current_control_ver2_new.obj (.text)
$.text:mwio4.lib<PEV_INV_LIB.obj>$0x958  $Tramp$S$$PEV_inverter_init_refload_timing
   11e00958     0c03abf0     0c025348   current_control_ver2_new.obj (.text)
                             0c025354   current_control_ver2_new.obj (.text)
                             0c025358   current_control_ver2_new.obj (.text)
$.text:mwio4.lib<PEV_INV_LIB.obj>$0xaa8  $Tramp$S$$PEV_inverter_init_adtrig_timing
   11e00aa8     0c03ac00     0c025324   current_control_ver2_new.obj (.text)
                             0c025334   current_control_ver2_new.obj (.text)
                             0c025338   current_control_ver2_new.obj (.text)
$.text:mwio4.lib<PEV_INV_LIB.obj>$0x5e8  $Tramp$S$$PEV_inverter_set_uvw
   11e005e8     0c03ac10     0c0252f0   current_control_ver2_new.obj (.text)
                             0c025304   current_control_ver2_new.obj (.text)
                             0c025314   current_control_ver2_new.obj (.text)
$.text:mwio4.lib<PEV_INV_LIB.obj>$0xfe0  $Tramp$S$$PEV_ad_set_mode
   11e00fe0     0c03ac20     0c0252a0   current_control_ver2_new.obj (.text)
                             0c0252b4   current_control_ver2_new.obj (.text)
                             0c0252c8   current_control_ver2_new.obj (.text)
$.text:mwio4.lib<PEV_INV_LIB.obj>$0xf48  $Tramp$S$$PEV_ad_set_range
   11e00f48     0c03ac30     0c025298   current_control_ver2_new.obj (.text)
                             0c0252a8   current_control_ver2_new.obj (.text)
                             0c0252c0   current_control_ver2_new.obj (.text)
$.text:mwio4.lib<PEV_INV_LIB.obj>$0x150  $Tramp$S$$PEV_sync_pwm_out
   11e00150     0c03ac40     0c02526c   current_control_ver2_new.obj (.text)
                             0c025280   current_control_ver2_new.obj (.text)
$.text:mwio4.lib<PEV_INV_LIB.obj>$0x260  $Tramp$S$$PEV_sync_pwm_init
   11e00260     0c03ac50     0c02524c   current_control_ver2_new.obj (.text)
                             0c025254   current_control_ver2_new.obj (.text)
                             0c025264   current_control_ver2_new.obj (.text)
$.text:mwio4.lib<PEV_INV_LIB.obj>$0x2b4  $Tramp$S$$PEV_sync_ad_out
   11e002b4     0c03ac60     0c025244   current_control_ver2_new.obj (.text)
$.text:mwio4.lib<PEV_INV_LIB.obj>$0x30c  $Tramp$S$$PEV_sync_ad_init
   11e0030c     0c03ac70     0c025220   current_control_ver2_new.obj (.text)
                             0c02522c   current_control_ver2_new.obj (.text)
                             0c025234   current_control_ver2_new.obj (.text)
$.text:mwio4.lib<PEV_INV_LIB.obj>$0xb84  $Tramp$S$$PEV_inverter_init
   11e00b84     0c03ac80     0c0251f0   current_control_ver2_new.obj (.text)
                             0c025204   current_control_ver2_new.obj (.text)
                             0c025214   current_control_ver2_new.obj (.text)
$.text:mwio4.lib<gpio_int.obj>$0x14c  $Tramp$S$$GPI_enable_int_vo
   11e0304c     0c03ac90     0c0251d0   current_control_ver2_new.obj (.text)
$.text:mwio4.lib<gpio_int.obj>$0x0  $Tramp$S$$GPI_setVector_vo
   11e02f00     0c03aca0     0c0251c0   current_control_ver2_new.obj (.text)
$.text:mwio4.lib<PEV_INV_LIB.obj>$0xde0  $Tramp$S$$PEV_int_init
   11e00de0     0c03acb0     0c0251a4   current_control_ver2_new.obj (.text)
$.text:mwio4.lib<mwintc.obj>$0x410  $Tramp$S$$IRQ_globalDisable
   11e029d0     0c03acc0     0c024e20   current_control_ver2_new.obj (.text)
$.text:mwio4.lib<PEV_INV_LIB.obj>$0x106c  $Tramp$S$$PEV_ad_in_grp
   11e0106c     0c03acd0     0c01aa50   current_control_ver2_new.obj (.text)
                             0c01ad20   current_control_ver2_new.obj (.text)
$.text:mwio4.lib<PEV_INV_LIB.obj>$0x1040  $Tramp$S$$PEV_ad_in_st
   11e01040     0c03ace0     0c01aa18   current_control_ver2_new.obj (.text)
                             0c01aa40   current_control_ver2_new.obj (.text)
                             0c01aa4c   current_control_ver2_new.obj (.text)
                             0c01ace0   current_control_ver2_new.obj (.text)
                             0c01ad0c   current_control_ver2_new.obj (.text)
                             0c01ad18   current_control_ver2_new.obj (.text)
$.text:mwio4.lib<PEV_INV_LIB.obj>$0x3cc  $Tramp$S$$PEV_inverter_set_uvw_br
   11e003cc     0c03acf0     0c019a8c   current_control_ver2_new.obj (.text)
                             0c019ab4   current_control_ver2_new.obj (.text)
                             0c019ad8   current_control_ver2_new.obj (.text)
$.text:CSL_GPIO_open:ti.csl.ae66<csl_gpioGetBaseAddress.oe66>$0x0  $Tramp$S$$CSL_GPIO_open
   0c03a900     11e033a0     11e03028   mwio4.lib : gpio_int.obj (.text)
$.text:__c6xabi_fixdu:rts6600_elf.lib<fixdu.obj>$0x0  $Tramp$S$$__c6xabi_fixdu
   0c03a4c0     11e033b0     11e01a1c   mwio4.lib : timer_lib.obj (.text)
                             11e01b90             : timer_lib.obj (.text)
                             11e01d30             : timer_lib.obj (.text)
                             11e01ed0             : timer_lib.obj (.text)
$.text:__c6xabi_divd:rts6600_elf.lib<divd.obj>$0x0  $Tramp$S$$__c6xabi_divd
   0c037440     11e033c0     11e01a14   mwio4.lib : timer_lib.obj (.text)
                             11e01b88             : timer_lib.obj (.text)
                             11e01d28             : timer_lib.obj (.text)
                             11e01ec8             : timer_lib.obj (.text)
$.text:__divi:rts6600_elf.lib<divi.obj>$0x0  $Tramp$S$$__c6xabi_divi
   0c039ee0     11e033d0     11e001f8   mwio4.lib : PEV_INV_LIB.obj (.text)
                             11e00448             : PEV_INV_LIB.obj (.text)
                             11e00470             : PEV_INV_LIB.obj (.text)
                             11e00658             : PEV_INV_LIB.obj (.text)
                             11e00684             : PEV_INV_LIB.obj (.text)
                             11e00a48             : PEV_INV_LIB.obj (.text)
                             11e00b24             : PEV_INV_LIB.obj (.text)
                             11e00bec             : PEV_INV_LIB.obj (.text)

[52 trampolines]
[130 trampoline calls]


GLOBAL SYMBOLS: SORTED ALPHABETICALLY BY Name 

address    name
--------   ----
0c02c3b8   BrakeController
0c03a9a0   C$$EXIT
11e01f8c   C6657_timer0_clear
11e01f78   C6657_timer0_clear_eventflag
11e01f38   C6657_timer0_disable_int
11e01ee4   C6657_timer0_enable_int
11e01e70   C6657_timer0_init
11e01e4c   C6657_timer0_init_vector
11e01e40   C6657_timer0_read
11e01e20   C6657_timer0_start
11e01e08   C6657_timer0_stop
11e01df8   C6657_timer0_write
11e01dec   C6657_timer1_clear
11e01de0   C6657_timer1_clear_eventflag
11e01d98   C6657_timer1_disable_int
11e01d44   C6657_timer1_enable_int
11e01cd0   C6657_timer1_init
11e01cac   C6657_timer1_init_vector
11e01ca0   C6657_timer1_read
11e01c80   C6657_timer1_start
11e01c68   C6657_timer1_stop
11e01c58   C6657_timer1_write
11e01c4c   C6657_timer2_clear
11e01c40   C6657_timer2_clear_eventflag
11e01bf8   C6657_timer2_disable_int
11e01ba4   C6657_timer2_enable_int
11e01b30   C6657_timer2_init
11e01ae8   C6657_timer2_init_vector
11e01ad8   C6657_timer2_read
11e01ab4   C6657_timer2_start
11e01aa0   C6657_timer2_stop
11e01a94   C6657_timer2_write
11e01a84   C6657_timer3_hi_clear_eventflag
11e01a2c   C6657_timer3_hi_enable_int
11e019b8   C6657_timer3_hi_init
11e01994   C6657_timer3_hi_init_vector
11e01974   C6657_timer3_hi_start
11e01960   C6657_timer3_hi_stop
11e02a00   CSL2_intcHwControl
11e030b4   CSL2_intcOpen2
11e030a0   CSL2_loadResource
0c03a900   CSL_GPIO_open
11e032a8   CSL_intcGlobalEnable
11e03300   CSL_intcGlobalNmiEnable
11e03240   CSL_intcInterruptDisable
11e03220   CSL_intcInterruptEnable
0c01b34c   CalcDynamicsInit
0c0212e8   CalcFDTDTSOBInit
0c02f830   CalcFDTDWrInit_QmrefInputType
0c01f5b0   CalcFDTDWrInit_WmcmdInputType
0c02ec84   CalcFDTDWrUpdate_QmrefInputType_1st2nd
0c02e700   CalcFDTDWrUpdate_QmrefInputType_2nd
0c02a94c   CalcFDTDWrUpdate_WmcmdInputType_1st2nd
0c02a1b4   CalcFDTDWrUpdate_WmcmdInputType_2nd
0c02d4c0   CalcFDTDWr_QmrefInputType
0c027aa0   CalcFDTDWr_WmcmdInputType
0c02762c   CalcGravIcmp
0c02bac4   CalcHandCmdCircle
0c02cec4   CalcHandCmdDiamond
0c02c984   CalcHandCmdRectangle
0c02be0c   CalcInverseCmd
0c02776c   CalcJl
0c01a9b0   CalcOffset
0c0298ec   CalcPVGain
0c023a20   CalcPVGainInitCDM
0c02c890   CalcPref2axis
0c02c690   CalcPrefRep2axis
0c02c48c   CalcPrefRep3axis
0c0291d8   CalcTauLDyn
0c02c2e4   CalcVdcMean
0c0316c0   ControlFunction
0c0275b0   DecouplingControl
11e0252c   EMF_EnableIntr_s32
11e02d20   EMF_ErrIntr_vo
11f04be8   EMF_ExtWaitErrCnt_u32s
11f04be4   EMF_ExtWaitErrInfo_u32s
11e024cc   EMF_Initialization_s32
11e02414   EMF_Read2_s32
11e023a8   EMF_Read3_s32
11e022e0   EMF_ReadFlashRom_s32
11e0222c   EMF_ReadFpgaBoard_s32
11e021b8   EMF_Read_s32
11e02120   EMF_Write2_s32
11e02018   EMF_WriteFlashRom_s32
11e01fa0   EMF_Write_s32
0c03b694   EMIF_IntrErr_sts
0c0366e8   ENC_batt_alm_en
0c03662c   ENC_get_abm
0c03656c   ENC_get_abs
0c0364e0   ENC_get_almc
0c036448   ENC_get_status
0c036380   ENC_reset_abm
0c0362a8   ENC_reset_abs
0c0361e0   ENC_reset_err
0c036128   ENC_set_refresh
0c036040   ENC_ss_get_abm
0c035f40   ENC_ss_get_abs
0c035e8c   ENC_ss_get_start
0c035de0   ENC_ss_init
0c035d2c   ENC_start_abs
0c035c80   ENC_stop_abs
0c026aa4   FDTDSOB
0c025ca4   FDTD_T_SOB
0c025a48   FDTD_Tm
0c023674   FDTD_Tm_Init
0c038e30   FPGA_get_fpga_ver
0c038de4   FPGA_read
0c038d78   FPGA_read_f32
0c038d00   FPGA_write
0c038c70   FPGA_write_f32
11f0456c   Flag_ARCS_clear
11f04568   Flag_ARCS_start
11e0306c   GPI_disable_int_vo
11e0304c   GPI_enable_int_vo
11e03024   GPI_init_vo
11e02fd4   GPI_int_ack_vo
11e02f00   GPI_setVector_vo
0c0259a0   GeneratorCircle1st
0c0258f0   GeneratorCircle2nd
0c025848   GeneratorCircle3rd
0c0256a0   GetFilterdSignal
0c01aec0   GetMultiPositions
0c02566c   GetVelocity
0c01ac94   GetVoltAndCurrent
0c03902c   IPFPGA_get_fpga_ver
0c038fe0   IPFPGA_read
0c038f68   IPFPGA_read_f32
0c038eec   IPFPGA_write
0c038e60   IPFPGA_write_f32
11e029d0   IRQ_globalDisable
11e029b0   IRQ_globalEnable
11e029a8   IRQ_globalRestore
0c02564c   Integrator_acc_ref
0c02562c   Integrator_acc_ref2
0c02560c   Integrator_acc_ref3
0c0255ec   Integrator_w_ref
0c0255cc   Integrator_w_ref2
0c0255ac   Integrator_w_ref3
11f04564   Iq_off
0c03aec8   LPF_cmd
0c03af50   LPF_motor
0c02546c   LimDiffCalcDQ
0c025408   LimitPosCmd
0c0197a4   Limiter
0c024e14   MW_main
0c01a750   ManyRampGenerator1stAxis
0c01a4f0   ManyRampGenerator2ndAxis
0c01a294   ManyRampGenerator3rdAxis
11f0344c   ModRatioU
11f03450   ModRatioV
11f03454   ModRatioW
11e01914   PEV_abz_clear
11e018e0   PEV_abz_clear_resolver_err
11e018a4   PEV_abz_get_resolver_err
11e01864   PEV_abz_get_resolver_pos
11e01834   PEV_abz_in_pin
11e017e8   PEV_abz_init_maxcount
11e017a4   PEV_abz_read
11e01734   PEV_abz_set_mode
11e016e8   PEV_abz_write
11e01494   PEV_ad_abz_read
11e01460   PEV_ad_disable_int
11e01418   PEV_ad_enable_int
11e012b0   PEV_ad_in_4ch
11e0106c   PEV_ad_in_grp
11e01040   PEV_ad_in_st
11e00fe0   PEV_ad_set_mode
11e00f98   PEV_ad_set_offset
11e00f48   PEV_ad_set_range
11e00f10   PEV_ad_start
0c03a684   PEV_get_fpga_ver
0c03a640   PEV_init
11e00de0   PEV_int_init
11e00da8   PEV_inverter_control_break
11e00d70   PEV_inverter_control_gate
11e00d38   PEV_inverter_disable_int
11e00cf4   PEV_inverter_enable_int
11e00b84   PEV_inverter_init
11e00aa8   PEV_inverter_init_adtrig_timing
11e009b8   PEV_inverter_init_int_timing
11e00958   PEV_inverter_init_refload_timing
11e008d4   PEV_inverter_set_ab
11e007d4   PEV_inverter_set_ra
11e005e8   PEV_inverter_set_uvw
11e003cc   PEV_inverter_set_uvw_br
11e00394   PEV_inverter_start_pwm
11e00360   PEV_inverter_stop_pwm
11e0030c   PEV_sync_ad_init
11e002b4   PEV_sync_ad_out
11e00260   PEV_sync_pwm_init
11e00150   PEV_sync_pwm_out
11e00100   PEV_sync_z_out
11e000c8   PEV_updown_clear_cnt
11e00078   PEV_updown_init_maxcount
11e00034   PEV_updown_read_cnt
11e00000   PEV_updown_set_mode
0c01a24c   PIcontroller
0c01a208   PIcontroller_withAntiwindup
0c01a1f8   Pcontroller
11f0455c   Ref_Iq_ref_direct
11f04560   Ref_wM_direct
0c01a1f4   SetBDN
0c01a1f0   SetENC_CH
0c019dc4   SetGain
0c019d34   SetLPF
0c019b94   SetRampParams
0c0197c4   SetVoltReferences
0c0191a0   StateObserver
11f033f8   Tm_sub
0c018a20   TriangularAccelerationCommandGenerator
0c018060   TriangularAccelerationCommandGeneratorInit
0c01800c   VconPI5Axis
11f04714   WAVE_ACC_LW8079
11f04718   WAVE_ACC_LW8174
11f0471c   WAVE_ACC_LW8174_axis
11f04748   WAVE_AccCmd1
11f04750   WAVE_AccCmd2
11f04758   WAVE_AccCmd3
11f049d4   WAVE_ENC1
11f049d8   WAVE_ENC2
11f049dc   WAVE_ENC3
11f049c8   WAVE_ENC_temp1
11f049cc   WAVE_ENC_temp2
11f049d0   WAVE_ENC_temp3
11f02300   WAVE_Enc_error
11f0445c   WAVE_FIL_Y
11f04720   WAVE_Fz
11f04500   WAVE_HandX
11f04504   WAVE_HandY
11f04508   WAVE_HandZ
11f04458   WAVE_INIT_COUNT
11f04b7c   WAVE_Icmp1
11f04b80   WAVE_Icmp2
11f04b84   WAVE_Icmp3
11f049bc   WAVE_Idc1
11f049c0   WAVE_Idc2
11f049c4   WAVE_Idc3
11f04b94   WAVE_Iff_1
11f04b98   WAVE_Iff_2
11f04b9c   WAVE_Iff_3
11f04a68   WAVE_Iq1
11f04a6c   WAVE_Iq2
11f04a70   WAVE_Iq3
11f04af8   WAVE_IrefD1
11f04afc   WAVE_IrefD2
11f04b00   WAVE_IrefD3
11f04b04   WAVE_IrefQ1
11f04b08   WAVE_IrefQ2
11f04b0c   WAVE_IrefQ3
11f04998   WAVE_IresD1
11f0499c   WAVE_IresD2
11f049a0   WAVE_IresD3
11f049a4   WAVE_IresQ1
11f049a8   WAVE_IresQ2
11f049ac   WAVE_IresQ3
11f046f0   WAVE_IresU1
11f046f4   WAVE_IresU2
11f046f8   WAVE_IresU3
11f046fc   WAVE_IresV1
11f04700   WAVE_IresV2
11f04704   WAVE_IresV3
11f04708   WAVE_IresW1
11f0470c   WAVE_IresW2
11f04710   WAVE_IresW3
11f04a74   WAVE_Isfb1
11f04a78   WAVE_Isfb2
11f04a7c   WAVE_Isfb3
11f0498c   WAVE_Jl_calc1
11f04990   WAVE_Jl_calc2
11f04994   WAVE_Jl_calc3
11f044f4   WAVE_Joint1
11f044f8   WAVE_Joint2
11f044fc   WAVE_Joint3
11f045b8   WAVE_Kpp1
11f045e8   WAVE_Kpp2
11f045d0   WAVE_Kpp3
11f045c0   WAVE_Kvi1
11f045f0   WAVE_Kvi2
11f045d8   WAVE_Kvi3
11f045bc   WAVE_Kvp1
11f045ec   WAVE_Kvp2
11f045d4   WAVE_Kvp3
11f04494   WAVE_LoopCount
11f04974   WAVE_MRBR1
11f04978   WAVE_MRBR2
11f0497c   WAVE_MRBR3
11f04950   WAVE_MRU1
11f0495c   WAVE_MRU2
11f04968   WAVE_MRU3
11f04954   WAVE_MRV1
11f04960   WAVE_MRV2
11f0496c   WAVE_MRV3
11f04958   WAVE_MRW1
11f04964   WAVE_MRW2
11f04970   WAVE_MRW3
11f04a10   WAVE_TRG_WM1
11f04a14   WAVE_TRG_WM2
11f04a18   WAVE_TRG_WM3
11f044e0   WAVE_TimeACC
11f044ec   WAVE_TimeCalcCmd
11f044f0   WAVE_TimeCalcInvCmd
11f044b4   WAVE_TimeConv2dq
11f044e4   WAVE_TimeConv2uvw
11f044c0   WAVE_TimeGain
11f044ac   WAVE_TimeGetEnc
11f044d4   WAVE_TimeGrav
11f044e8   WAVE_TimeInsert
11f044bc   WAVE_TimeJl
11f044dc   WAVE_TimeP_PI
11f044b8   WAVE_TimeResRatch
11f044d8   WAVE_TimeSOB
11f044b0   WAVE_TimeSetWm
11f044cc   WAVE_TimeTauLdyn
11f044d0   WAVE_TimeTm
11f044c8   WAVE_TimeWr
11f044c4   WAVE_TimeWrInit
11f044a0   WAVE_Timer0
11f044a4   WAVE_Timer1
11f044a8   WAVE_Timer2
11f04b70   WAVE_Tq1
11f04b74   WAVE_Tq2
11f04b78   WAVE_Tq3
11f04730   WAVE_U_modulation
11f04ba4   WAVE_VWX
11f04ba8   WAVE_VWY
11f04bac   WAVE_VWZ
11f04734   WAVE_V_modulation
11f049b0   WAVE_Vdc1
11f049b4   WAVE_Vdc2
11f049b8   WAVE_Vdc3
11f02310   WAVE_Vdc_ofst
11f0474c   WAVE_VelCmd1
11f04754   WAVE_VelCmd2
11f0475c   WAVE_VelCmd3
11f04b28   WAVE_VrefD1
11f04b30   WAVE_VrefD2
11f04b38   WAVE_VrefD3
11f04b10   WAVE_VrefD_dcpl1
11f04b18   WAVE_VrefD_dcpl2
11f04b20   WAVE_VrefD_dcpl3
11f04b2c   WAVE_VrefQ1
11f04b34   WAVE_VrefQ2
11f04b3c   WAVE_VrefQ3
11f04b14   WAVE_VrefQ_dcpl1
11f04b1c   WAVE_VrefQ_dcpl2
11f04b24   WAVE_VrefQ_dcpl3
11f04ab0   WAVE_VrefU1
11f04abc   WAVE_VrefU2
11f04ac8   WAVE_VrefU3
11f04ab4   WAVE_VrefV1
11f04ac0   WAVE_VrefV2
11f04acc   WAVE_VrefV3
11f04ab8   WAVE_VrefW1
11f04ac4   WAVE_VrefW2
11f04ad0   WAVE_VrefW3
11f04724   WAVE_WSX
11f04728   WAVE_WSY
11f0472c   WAVE_WSZ
11f04738   WAVE_W_modulation
11f04600   WAVE_al_calc1
11f04610   WAVE_al_calc2
11f04620   WAVE_al_calc3
11f04630   WAVE_al_calc_DPD1
11f04640   WAVE_al_calc_DPD2
11f04650   WAVE_al_calc_DPD3
11f04a8c   WAVE_am_TriAccCmd1
11f04a90   WAVE_am_TriAccCmd2
11f04a94   WAVE_am_TriAccCmd3
11f046d0   WAVE_est_ISOB_qs1
11f046dc   WAVE_est_ISOB_qs2
11f046e8   WAVE_est_ISOB_qs3
11f046d4   WAVE_est_ISOB_wl1
11f046e0   WAVE_est_ISOB_wl2
11f046ec   WAVE_est_ISOB_wl3
11f046cc   WAVE_est_ISOB_wm1
11f046d8   WAVE_est_ISOB_wm2
11f046e4   WAVE_est_ISOB_wm3
11f04688   WAVE_est_conv_qs1
11f04694   WAVE_est_conv_qs2
11f046a0   WAVE_est_conv_qs3
11f0468c   WAVE_est_conv_wl1
11f04698   WAVE_est_conv_wl2
11f046a4   WAVE_est_conv_wl3
11f04684   WAVE_est_conv_wm1
11f04690   WAVE_est_conv_wm2
11f0469c   WAVE_est_conv_wm3
11f046ac   WAVE_est_prop_qs1
11f046b8   WAVE_est_prop_qs2
11f046c4   WAVE_est_prop_qs3
11f046b0   WAVE_est_prop_wl1
11f046bc   WAVE_est_prop_wl2
11f046c8   WAVE_est_prop_wl3
11f046a8   WAVE_est_prop_wm1
11f046b4   WAVE_est_prop_wm2
11f046c0   WAVE_est_prop_wm3
11f04664   WAVE_est_qs1
11f04670   WAVE_est_qs2
11f0467c   WAVE_est_qs3
11f04668   WAVE_est_wl1
11f04674   WAVE_est_wl2
11f04680   WAVE_est_wl3
11f04660   WAVE_est_wm1
11f0466c   WAVE_est_wm2
11f04678   WAVE_est_wm3
11f045c8   WAVE_fqs1
11f045f8   WAVE_fqs2
11f045e0   WAVE_fqs3
11f045cc   WAVE_fwl1
11f045fc   WAVE_fwl2
11f045e4   WAVE_fwl3
11f045c4   WAVE_fwm1
11f045f4   WAVE_fwm2
11f045dc   WAVE_fwm3
11f0450c   WAVE_fx
11f04510   WAVE_fy
11f04514   WAVE_fz
11f04a80   WAVE_jark1
11f04a84   WAVE_jark2
11f04a88   WAVE_jark3
11f02304   WAVE_ofst_Iu
11f02308   WAVE_ofst_Iv
11f0230c   WAVE_ofst_Iw
11f04b58   WAVE_omega_rm1
11f04b64   WAVE_omega_rm1_ref
11f04b5c   WAVE_omega_rm2
11f04b68   WAVE_omega_rm2_ref
11f04b60   WAVE_omega_rm3
11f04b6c   WAVE_omega_rm3_ref
11f04a5c   WAVE_ql1
11f04a60   WAVE_ql2
11f04a64   WAVE_ql3
11f04608   WAVE_ql_calc1
11f04618   WAVE_ql_calc2
11f04628   WAVE_ql_calc3
11f04638   WAVE_ql_calc_DPD1
11f04648   WAVE_ql_calc_DPD2
11f04658   WAVE_ql_calc_DPD3
11f04a44   WAVE_qm1
11f04a48   WAVE_qm2
11f04a4c   WAVE_qm3
11f04aa4   WAVE_qm_TriAccCmd1
11f04aa8   WAVE_qm_TriAccCmd2
11f04aac   WAVE_qm_TriAccCmd3
11f04a50   WAVE_qm_ref1
11f04a54   WAVE_qm_ref2
11f04a58   WAVE_qm_ref3
11f04ba0   WAVE_tauL_dyn_2nd
11f04980   WAVE_tauLdyn1
11f04984   WAVE_tauLdyn2
11f04988   WAVE_tauLdyn3
11f04a04   WAVE_theta_re1
11f04a08   WAVE_theta_re2
11f04a0c   WAVE_theta_re3
11f049e0   WAVE_theta_rm1
11f049e4   WAVE_theta_rm2
11f049e8   WAVE_theta_rm3
11f049f8   WAVE_theta_rm_full1
11f049fc   WAVE_theta_rm_full2
11f04a00   WAVE_theta_rm_full3
11f049ec   WAVE_theta_rm_ref1
11f049f0   WAVE_theta_rm_ref2
11f049f4   WAVE_theta_rm_ref3
11f04b40   WAVE_vd_lim_dif1
11f04b48   WAVE_vd_lim_dif2
11f04b50   WAVE_vd_lim_dif3
11f04b44   WAVE_vq_lim_dif1
11f04b4c   WAVE_vq_lim_dif2
11f04b54   WAVE_vq_lim_dif3
11f04ad4   WAVE_vu_ref_stand1
11f04ae0   WAVE_vu_ref_stand2
11f04aec   WAVE_vu_ref_stand3
11f04ad8   WAVE_vv_ref_stand1
11f04ae4   WAVE_vv_ref_stand2
11f04af0   WAVE_vv_ref_stand3
11f04adc   WAVE_vw_ref_stand1
11f04ae8   WAVE_vw_ref_stand2
11f04af4   WAVE_vw_ref_stand3
11f04604   WAVE_wl_calc1
11f04614   WAVE_wl_calc2
11f04624   WAVE_wl_calc3
11f04634   WAVE_wl_calc_DPD1
11f04644   WAVE_wl_calc_DPD2
11f04654   WAVE_wl_calc_DPD3
11f04a1c   WAVE_wm1
11f04a20   WAVE_wm2
11f04a24   WAVE_wm3
11f04a98   WAVE_wm_TriAccCmd1
11f04a9c   WAVE_wm_TriAccCmd2
11f04aa0   WAVE_wm_TriAccCmd3
11f0460c   WAVE_wm_calc1
11f0461c   WAVE_wm_calc2
11f0462c   WAVE_wm_calc3
11f0463c   WAVE_wm_calc_DPD1
11f0464c   WAVE_wm_calc_DPD2
11f0465c   WAVE_wm_calc_DPD3
11f04a38   WAVE_wm_cmd1
11f04a3c   WAVE_wm_cmd2
11f04a40   WAVE_wm_cmd3
11f04a2c   WAVE_wm_ref1
11f04a30   WAVE_wm_ref2
11f04a34   WAVE_wm_ref3
11f04a28   WAVE_wm_ref_org
11f02e18   Wr_DPD
11f02b00   Wr_sub
11e03380   _CSL2_intcDispatcherDummy
11e032c8   _CSL_intcGlobalDisable
11e0333c   _CSL_intcGlobalExcepClear
11e03314   _CSL_intcGlobalExcepEnable
11e03328   _CSL_intcGlobalExtExcepEnable
11e032e8   _CSL_intcGlobalRestore
11e03260   _CSL_intcInterruptClear
11e03278   _CSL_intcInterruptRestore
11e0326c   _CSL_intcInterruptSet
11e03290   _CSL_intcQueryInterruptStatus
0c03db38   __TI_CINIT_Base
0c03db58   __TI_CINIT_Limit
0c03db30   __TI_Handler_Table_Base
0c03db38   __TI_Handler_Table_Limit
UNDEFED    __TI_INITARRAY_Base
UNDEFED    __TI_INITARRAY_Limit
11f04458   __TI_STACK_END
00001000   __TI_STACK_SIZE
11f04458   __TI_STATIC_BASE
UNDEFED    __TI_TLS_INIT_Base
UNDEFED    __TI_TLS_INIT_Limit
00000001   __TI_args_main
0c03a740   __TI_cpp_init
0c03a9c0   __TI_decompress_none
0c03a9e0   __TI_decompress_rle24
0c03b524   __TI_enable_exit_profile_output
ffffffff   __TI_pprof_out_hndl
ffffffff   __TI_prof_data_size
ffffffff   __TI_prof_data_start
0c03a220   __TI_tls_init
ffffffff   __binit__
0c037440   __c6xabi_divd
0c038720   __c6xabi_divf
0c039ee0   __c6xabi_divi
0c03a0a0   __c6xabi_divu
0c03a940   __c6xabi_errno_addr
0c03a4c0   __c6xabi_fixdu
0c03a7a0   __c6xabi_frcmpyd_div
0c03a800   __c6xabi_llshru
0c03a2e0   __c6xabi_nround
0c03a540   __c6xabi_roundf
0c03a960   __c6xabi_trunc
0c03a980   __c6xabi_truncf
ffffffff   __c_args__
0c039ee0   __divi
0c03a0a0   __divu
0c03af4c   __errno
0c03a8c0   _args_main
0c039be0   _auto_init_elf
0c03a5c0   _c_int00
0c03b51c   _cleanup_ptr
0c03b520   _dtors_ptr
11f002b0   _mwSinTbl
11f03458   _stack
0c03a9a0   abort
0c039060   acos
11f03440   ad1
11f03444   ad2
11f03448   ad3
0c039980   atan2f
0c039ce0   atanf
0c018000   backward_diff
ffffffff   binit
11e02688   cic0Out2Evnt
0c039de0   copy_in
0c038460   cos
11f04490   counter_2
0c038c48   cvt_to_float_from_u32
0c038c20   cvt_to_u32_from_float
0c03b038   d_current
11f02318   debug
11f02328   debug2
11f02338   debug3
11f04574   debug_theta
11f045a0   down_rotation_flag2
11f045a8   down_rotation_flag3
11f045b0   down_rotation_flag5
11f03130   dyn
0c03af4c   errno
0c03a6c0   evmI2CInit
0c03a160   exit
0c039240   expf
11f0446c   flag_CalcHandCmd
11f04528   flag_CircleStart1
11f0452c   flag_CircleStart2
11f04530   flag_CircleStart3
11f04480   flag_FBgain
11f04488   flag_FF
11f04498   flag_FF_triple
11f04484   flag_PPgain
11f0448c   flag_SOB
11f0447c   flag_Vdc_setted
11f0449c   flag_cmd_end
11f04460   flag_cont_start
11f04464   flag_dead
11f04470   flag_debug
11f04478   flag_delay
11f04468   flag_dyn_payload
11f04534   flag_end1
11f04538   flag_end2
11f0453c   flag_end3
11f04520   flag_first_back
11f0451c   flag_first_go
11f04524   flag_hard
11f04540   flag_on
11f04474   flag_pv
11f04518   flag_reposition
0c039560   frexpf
11f00270   gpio_int_map
11f032b0   gsub
11f04bec   hGpio
0c036cf4   i2cEepromGetStatus2
0c036b78   i2cEepromRead2
0c0367e8   i2cEepromWriteBlock2
0c036a60   i2cEepromWriteByteAddr2
11e02968   int_begin_nestint
11e02918   int_end_nestint
11f00170   intcObj
11f02348   joint
0c0396c0   ldexpf
11f04598   left_rotation_flag
11f04578   load_angle_limit_deg1
11f0457c   load_angle_limit_deg2
11f04580   load_angle_limit_deg3
11f04584   load_angle_limit_deg5
11f04588   load_angle_limit_rad1
11f0458c   load_angle_limit_rad2
11f04590   load_angle_limit_rad3
11f04594   load_angle_limit_rad5
0c03a920   main
0c03a380   memcpy
0c039fc0   memset
0c03a420   modf
0c03a860   modff
0c038424   mw_Osal_platformSpiCsEnter
0c038410   mw_Osal_platformSpiCsExit
11f04948   mw_gp__CSL_intcCpuIntrTable
0c038018   mw_nor_erase
0c037fac   mw_nor_get_details
0c037f38   mw_nor_init
0c037e84   mw_nor_read
0c037dc0   mw_nor_write
0c0383f0   mw_platform_delaycycles
0c038384   mw_platform_device_close
0c038344   mw_platform_device_erase_block
0c03826c   mw_platform_device_open
0c0381d0   mw_platform_device_read
0c038134   mw_platform_device_write
11f0494c   mw_platform_errno
11e03360   mw_setVect
0c037c38   mw_spi_claim
0c037bcc   mw_spi_cmd
0c037bc0   mw_spi_cmd_read
0c037bb0   mw_spi_cmd_write
0c037b44   mw_spi_release
0c037a00   mw_spi_xfer
11e02904   mwintc_clearSysInterrupt
11e028ec   mwintc_disableHostInterrupt
11e028d4   mwintc_disableSysInterrupt
11e028c0   mwintc_enableHostInterrupt
11e028a8   mwintc_enableSysInterrupt
11e02878   mwintc_getInterruptStatus
11e02860   mwintc_mapSystemIntrToChannel
11e02714   mwintc_setup
11e02794   mwintc_setup2
11e025f4   mwintc_setupApp
11f029a0   ob_sub
0c038120   platform_write
0c03b080   position
0c036e60   powf
0c03b0c8   q_current
0c03b260   range
11f0473c   ref_Iq_direct1
11f04740   ref_Iq_direct2
11f04744   ref_Iq_direct3
11f04b88   ref_Iq_freq_direct1
11f04b8c   ref_Iq_freq_direct2
11f04b90   ref_Iq_freq_direct3
11f04570   ref_wm_direct
11f0459c   right_rotation_flag
0c03ad00   sen
0c0389a0   sin
0c039820   sqrt
0c039ac0   sqrtf
11f04550   start_back1
11f04554   start_back2
11f04558   start_back3
11f04544   start_go1
11f04548   start_go2
11f0454c   start_go3
11f0493c   tmr1regs
11f04940   tmr2regs
11f04944   tmr3regs
11f03238   tri
11f045a4   up_rotation_flag2
11f045ac   up_rotation_flag3
11f045b4   up_rotation_flag5
0c03b110   velocity


GLOBAL SYMBOLS: SORTED BY Symbol Address 

address    name
--------   ----
00000001   __TI_args_main
00001000   __TI_STACK_SIZE
0c018000   backward_diff
0c01800c   VconPI5Axis
0c018060   TriangularAccelerationCommandGeneratorInit
0c018a20   TriangularAccelerationCommandGenerator
0c0191a0   StateObserver
0c0197a4   Limiter
0c0197c4   SetVoltReferences
0c019b94   SetRampParams
0c019d34   SetLPF
0c019dc4   SetGain
0c01a1f0   SetENC_CH
0c01a1f4   SetBDN
0c01a1f8   Pcontroller
0c01a208   PIcontroller_withAntiwindup
0c01a24c   PIcontroller
0c01a294   ManyRampGenerator3rdAxis
0c01a4f0   ManyRampGenerator2ndAxis
0c01a750   ManyRampGenerator1stAxis
0c01a9b0   CalcOffset
0c01ac94   GetVoltAndCurrent
0c01aec0   GetMultiPositions
0c01b34c   CalcDynamicsInit
0c01f5b0   CalcFDTDWrInit_WmcmdInputType
0c0212e8   CalcFDTDTSOBInit
0c023674   FDTD_Tm_Init
0c023a20   CalcPVGainInitCDM
0c024e14   MW_main
0c025408   LimitPosCmd
0c02546c   LimDiffCalcDQ
0c0255ac   Integrator_w_ref3
0c0255cc   Integrator_w_ref2
0c0255ec   Integrator_w_ref
0c02560c   Integrator_acc_ref3
0c02562c   Integrator_acc_ref2
0c02564c   Integrator_acc_ref
0c02566c   GetVelocity
0c0256a0   GetFilterdSignal
0c025848   GeneratorCircle3rd
0c0258f0   GeneratorCircle2nd
0c0259a0   GeneratorCircle1st
0c025a48   FDTD_Tm
0c025ca4   FDTD_T_SOB
0c026aa4   FDTDSOB
0c0275b0   DecouplingControl
0c02762c   CalcGravIcmp
0c02776c   CalcJl
0c027aa0   CalcFDTDWr_WmcmdInputType
0c0291d8   CalcTauLDyn
0c0298ec   CalcPVGain
0c02a1b4   CalcFDTDWrUpdate_WmcmdInputType_2nd
0c02a94c   CalcFDTDWrUpdate_WmcmdInputType_1st2nd
0c02bac4   CalcHandCmdCircle
0c02be0c   CalcInverseCmd
0c02c2e4   CalcVdcMean
0c02c3b8   BrakeController
0c02c48c   CalcPrefRep3axis
0c02c690   CalcPrefRep2axis
0c02c890   CalcPref2axis
0c02c984   CalcHandCmdRectangle
0c02cec4   CalcHandCmdDiamond
0c02d4c0   CalcFDTDWr_QmrefInputType
0c02e700   CalcFDTDWrUpdate_QmrefInputType_2nd
0c02ec84   CalcFDTDWrUpdate_QmrefInputType_1st2nd
0c02f830   CalcFDTDWrInit_QmrefInputType
0c0316c0   ControlFunction
0c035c80   ENC_stop_abs
0c035d2c   ENC_start_abs
0c035de0   ENC_ss_init
0c035e8c   ENC_ss_get_start
0c035f40   ENC_ss_get_abs
0c036040   ENC_ss_get_abm
0c036128   ENC_set_refresh
0c0361e0   ENC_reset_err
0c0362a8   ENC_reset_abs
0c036380   ENC_reset_abm
0c036448   ENC_get_status
0c0364e0   ENC_get_almc
0c03656c   ENC_get_abs
0c03662c   ENC_get_abm
0c0366e8   ENC_batt_alm_en
0c0367e8   i2cEepromWriteBlock2
0c036a60   i2cEepromWriteByteAddr2
0c036b78   i2cEepromRead2
0c036cf4   i2cEepromGetStatus2
0c036e60   powf
0c037440   __c6xabi_divd
0c037a00   mw_spi_xfer
0c037b44   mw_spi_release
0c037bb0   mw_spi_cmd_write
0c037bc0   mw_spi_cmd_read
0c037bcc   mw_spi_cmd
0c037c38   mw_spi_claim
0c037dc0   mw_nor_write
0c037e84   mw_nor_read
0c037f38   mw_nor_init
0c037fac   mw_nor_get_details
0c038018   mw_nor_erase
0c038120   platform_write
0c038134   mw_platform_device_write
0c0381d0   mw_platform_device_read
0c03826c   mw_platform_device_open
0c038344   mw_platform_device_erase_block
0c038384   mw_platform_device_close
0c0383f0   mw_platform_delaycycles
0c038410   mw_Osal_platformSpiCsExit
0c038424   mw_Osal_platformSpiCsEnter
0c038460   cos
0c038720   __c6xabi_divf
0c0389a0   sin
0c038c20   cvt_to_u32_from_float
0c038c48   cvt_to_float_from_u32
0c038c70   FPGA_write_f32
0c038d00   FPGA_write
0c038d78   FPGA_read_f32
0c038de4   FPGA_read
0c038e30   FPGA_get_fpga_ver
0c038e60   IPFPGA_write_f32
0c038eec   IPFPGA_write
0c038f68   IPFPGA_read_f32
0c038fe0   IPFPGA_read
0c03902c   IPFPGA_get_fpga_ver
0c039060   acos
0c039240   expf
0c039560   frexpf
0c0396c0   ldexpf
0c039820   sqrt
0c039980   atan2f
0c039ac0   sqrtf
0c039be0   _auto_init_elf
0c039ce0   atanf
0c039de0   copy_in
0c039ee0   __c6xabi_divi
0c039ee0   __divi
0c039fc0   memset
0c03a0a0   __c6xabi_divu
0c03a0a0   __divu
0c03a160   exit
0c03a220   __TI_tls_init
0c03a2e0   __c6xabi_nround
0c03a380   memcpy
0c03a420   modf
0c03a4c0   __c6xabi_fixdu
0c03a540   __c6xabi_roundf
0c03a5c0   _c_int00
0c03a640   PEV_init
0c03a684   PEV_get_fpga_ver
0c03a6c0   evmI2CInit
0c03a740   __TI_cpp_init
0c03a7a0   __c6xabi_frcmpyd_div
0c03a800   __c6xabi_llshru
0c03a860   modff
0c03a8c0   _args_main
0c03a900   CSL_GPIO_open
0c03a920   main
0c03a940   __c6xabi_errno_addr
0c03a960   __c6xabi_trunc
0c03a980   __c6xabi_truncf
0c03a9a0   C$$EXIT
0c03a9a0   abort
0c03a9c0   __TI_decompress_none
0c03a9e0   __TI_decompress_rle24
0c03ad00   sen
0c03aec8   LPF_cmd
0c03af4c   __errno
0c03af4c   errno
0c03af50   LPF_motor
0c03b038   d_current
0c03b080   position
0c03b0c8   q_current
0c03b110   velocity
0c03b260   range
0c03b51c   _cleanup_ptr
0c03b520   _dtors_ptr
0c03b524   __TI_enable_exit_profile_output
0c03b694   EMIF_IntrErr_sts
0c03db30   __TI_Handler_Table_Base
0c03db38   __TI_CINIT_Base
0c03db38   __TI_Handler_Table_Limit
0c03db58   __TI_CINIT_Limit
11e00000   PEV_updown_set_mode
11e00034   PEV_updown_read_cnt
11e00078   PEV_updown_init_maxcount
11e000c8   PEV_updown_clear_cnt
11e00100   PEV_sync_z_out
11e00150   PEV_sync_pwm_out
11e00260   PEV_sync_pwm_init
11e002b4   PEV_sync_ad_out
11e0030c   PEV_sync_ad_init
11e00360   PEV_inverter_stop_pwm
11e00394   PEV_inverter_start_pwm
11e003cc   PEV_inverter_set_uvw_br
11e005e8   PEV_inverter_set_uvw
11e007d4   PEV_inverter_set_ra
11e008d4   PEV_inverter_set_ab
11e00958   PEV_inverter_init_refload_timing
11e009b8   PEV_inverter_init_int_timing
11e00aa8   PEV_inverter_init_adtrig_timing
11e00b84   PEV_inverter_init
11e00cf4   PEV_inverter_enable_int
11e00d38   PEV_inverter_disable_int
11e00d70   PEV_inverter_control_gate
11e00da8   PEV_inverter_control_break
11e00de0   PEV_int_init
11e00f10   PEV_ad_start
11e00f48   PEV_ad_set_range
11e00f98   PEV_ad_set_offset
11e00fe0   PEV_ad_set_mode
11e01040   PEV_ad_in_st
11e0106c   PEV_ad_in_grp
11e012b0   PEV_ad_in_4ch
11e01418   PEV_ad_enable_int
11e01460   PEV_ad_disable_int
11e01494   PEV_ad_abz_read
11e016e8   PEV_abz_write
11e01734   PEV_abz_set_mode
11e017a4   PEV_abz_read
11e017e8   PEV_abz_init_maxcount
11e01834   PEV_abz_in_pin
11e01864   PEV_abz_get_resolver_pos
11e018a4   PEV_abz_get_resolver_err
11e018e0   PEV_abz_clear_resolver_err
11e01914   PEV_abz_clear
11e01960   C6657_timer3_hi_stop
11e01974   C6657_timer3_hi_start
11e01994   C6657_timer3_hi_init_vector
11e019b8   C6657_timer3_hi_init
11e01a2c   C6657_timer3_hi_enable_int
11e01a84   C6657_timer3_hi_clear_eventflag
11e01a94   C6657_timer2_write
11e01aa0   C6657_timer2_stop
11e01ab4   C6657_timer2_start
11e01ad8   C6657_timer2_read
11e01ae8   C6657_timer2_init_vector
11e01b30   C6657_timer2_init
11e01ba4   C6657_timer2_enable_int
11e01bf8   C6657_timer2_disable_int
11e01c40   C6657_timer2_clear_eventflag
11e01c4c   C6657_timer2_clear
11e01c58   C6657_timer1_write
11e01c68   C6657_timer1_stop
11e01c80   C6657_timer1_start
11e01ca0   C6657_timer1_read
11e01cac   C6657_timer1_init_vector
11e01cd0   C6657_timer1_init
11e01d44   C6657_timer1_enable_int
11e01d98   C6657_timer1_disable_int
11e01de0   C6657_timer1_clear_eventflag
11e01dec   C6657_timer1_clear
11e01df8   C6657_timer0_write
11e01e08   C6657_timer0_stop
11e01e20   C6657_timer0_start
11e01e40   C6657_timer0_read
11e01e4c   C6657_timer0_init_vector
11e01e70   C6657_timer0_init
11e01ee4   C6657_timer0_enable_int
11e01f38   C6657_timer0_disable_int
11e01f78   C6657_timer0_clear_eventflag
11e01f8c   C6657_timer0_clear
11e01fa0   EMF_Write_s32
11e02018   EMF_WriteFlashRom_s32
11e02120   EMF_Write2_s32
11e021b8   EMF_Read_s32
11e0222c   EMF_ReadFpgaBoard_s32
11e022e0   EMF_ReadFlashRom_s32
11e023a8   EMF_Read3_s32
11e02414   EMF_Read2_s32
11e024cc   EMF_Initialization_s32
11e0252c   EMF_EnableIntr_s32
11e025f4   mwintc_setupApp
11e02688   cic0Out2Evnt
11e02714   mwintc_setup
11e02794   mwintc_setup2
11e02860   mwintc_mapSystemIntrToChannel
11e02878   mwintc_getInterruptStatus
11e028a8   mwintc_enableSysInterrupt
11e028c0   mwintc_enableHostInterrupt
11e028d4   mwintc_disableSysInterrupt
11e028ec   mwintc_disableHostInterrupt
11e02904   mwintc_clearSysInterrupt
11e02918   int_end_nestint
11e02968   int_begin_nestint
11e029a8   IRQ_globalRestore
11e029b0   IRQ_globalEnable
11e029d0   IRQ_globalDisable
11e02a00   CSL2_intcHwControl
11e02d20   EMF_ErrIntr_vo
11e02f00   GPI_setVector_vo
11e02fd4   GPI_int_ack_vo
11e03024   GPI_init_vo
11e0304c   GPI_enable_int_vo
11e0306c   GPI_disable_int_vo
11e030a0   CSL2_loadResource
11e030b4   CSL2_intcOpen2
11e03220   CSL_intcInterruptEnable
11e03240   CSL_intcInterruptDisable
11e03260   _CSL_intcInterruptClear
11e0326c   _CSL_intcInterruptSet
11e03278   _CSL_intcInterruptRestore
11e03290   _CSL_intcQueryInterruptStatus
11e032a8   CSL_intcGlobalEnable
11e032c8   _CSL_intcGlobalDisable
11e032e8   _CSL_intcGlobalRestore
11e03300   CSL_intcGlobalNmiEnable
11e03314   _CSL_intcGlobalExcepEnable
11e03328   _CSL_intcGlobalExtExcepEnable
11e0333c   _CSL_intcGlobalExcepClear
11e03360   mw_setVect
11e03380   _CSL2_intcDispatcherDummy
11f00170   intcObj
11f00270   gpio_int_map
11f002b0   _mwSinTbl
11f02300   WAVE_Enc_error
11f02304   WAVE_ofst_Iu
11f02308   WAVE_ofst_Iv
11f0230c   WAVE_ofst_Iw
11f02310   WAVE_Vdc_ofst
11f02318   debug
11f02328   debug2
11f02338   debug3
11f02348   joint
11f029a0   ob_sub
11f02b00   Wr_sub
11f02e18   Wr_DPD
11f03130   dyn
11f03238   tri
11f032b0   gsub
11f033f8   Tm_sub
11f03440   ad1
11f03444   ad2
11f03448   ad3
11f0344c   ModRatioU
11f03450   ModRatioV
11f03454   ModRatioW
11f03458   _stack
11f04458   WAVE_INIT_COUNT
11f04458   __TI_STACK_END
11f04458   __TI_STATIC_BASE
11f0445c   WAVE_FIL_Y
11f04460   flag_cont_start
11f04464   flag_dead
11f04468   flag_dyn_payload
11f0446c   flag_CalcHandCmd
11f04470   flag_debug
11f04474   flag_pv
11f04478   flag_delay
11f0447c   flag_Vdc_setted
11f04480   flag_FBgain
11f04484   flag_PPgain
11f04488   flag_FF
11f0448c   flag_SOB
11f04490   counter_2
11f04494   WAVE_LoopCount
11f04498   flag_FF_triple
11f0449c   flag_cmd_end
11f044a0   WAVE_Timer0
11f044a4   WAVE_Timer1
11f044a8   WAVE_Timer2
11f044ac   WAVE_TimeGetEnc
11f044b0   WAVE_TimeSetWm
11f044b4   WAVE_TimeConv2dq
11f044b8   WAVE_TimeResRatch
11f044bc   WAVE_TimeJl
11f044c0   WAVE_TimeGain
11f044c4   WAVE_TimeWrInit
11f044c8   WAVE_TimeWr
11f044cc   WAVE_TimeTauLdyn
11f044d0   WAVE_TimeTm
11f044d4   WAVE_TimeGrav
11f044d8   WAVE_TimeSOB
11f044dc   WAVE_TimeP_PI
11f044e0   WAVE_TimeACC
11f044e4   WAVE_TimeConv2uvw
11f044e8   WAVE_TimeInsert
11f044ec   WAVE_TimeCalcCmd
11f044f0   WAVE_TimeCalcInvCmd
11f044f4   WAVE_Joint1
11f044f8   WAVE_Joint2
11f044fc   WAVE_Joint3
11f04500   WAVE_HandX
11f04504   WAVE_HandY
11f04508   WAVE_HandZ
11f0450c   WAVE_fx
11f04510   WAVE_fy
11f04514   WAVE_fz
11f04518   flag_reposition
11f0451c   flag_first_go
11f04520   flag_first_back
11f04524   flag_hard
11f04528   flag_CircleStart1
11f0452c   flag_CircleStart2
11f04530   flag_CircleStart3
11f04534   flag_end1
11f04538   flag_end2
11f0453c   flag_end3
11f04540   flag_on
11f04544   start_go1
11f04548   start_go2
11f0454c   start_go3
11f04550   start_back1
11f04554   start_back2
11f04558   start_back3
11f0455c   Ref_Iq_ref_direct
11f04560   Ref_wM_direct
11f04564   Iq_off
11f04568   Flag_ARCS_start
11f0456c   Flag_ARCS_clear
11f04570   ref_wm_direct
11f04574   debug_theta
11f04578   load_angle_limit_deg1
11f0457c   load_angle_limit_deg2
11f04580   load_angle_limit_deg3
11f04584   load_angle_limit_deg5
11f04588   load_angle_limit_rad1
11f0458c   load_angle_limit_rad2
11f04590   load_angle_limit_rad3
11f04594   load_angle_limit_rad5
11f04598   left_rotation_flag
11f0459c   right_rotation_flag
11f045a0   down_rotation_flag2
11f045a4   up_rotation_flag2
11f045a8   down_rotation_flag3
11f045ac   up_rotation_flag3
11f045b0   down_rotation_flag5
11f045b4   up_rotation_flag5
11f045b8   WAVE_Kpp1
11f045bc   WAVE_Kvp1
11f045c0   WAVE_Kvi1
11f045c4   WAVE_fwm1
11f045c8   WAVE_fqs1
11f045cc   WAVE_fwl1
11f045d0   WAVE_Kpp3
11f045d4   WAVE_Kvp3
11f045d8   WAVE_Kvi3
11f045dc   WAVE_fwm3
11f045e0   WAVE_fqs3
11f045e4   WAVE_fwl3
11f045e8   WAVE_Kpp2
11f045ec   WAVE_Kvp2
11f045f0   WAVE_Kvi2
11f045f4   WAVE_fwm2
11f045f8   WAVE_fqs2
11f045fc   WAVE_fwl2
11f04600   WAVE_al_calc1
11f04604   WAVE_wl_calc1
11f04608   WAVE_ql_calc1
11f0460c   WAVE_wm_calc1
11f04610   WAVE_al_calc2
11f04614   WAVE_wl_calc2
11f04618   WAVE_ql_calc2
11f0461c   WAVE_wm_calc2
11f04620   WAVE_al_calc3
11f04624   WAVE_wl_calc3
11f04628   WAVE_ql_calc3
11f0462c   WAVE_wm_calc3
11f04630   WAVE_al_calc_DPD1
11f04634   WAVE_wl_calc_DPD1
11f04638   WAVE_ql_calc_DPD1
11f0463c   WAVE_wm_calc_DPD1
11f04640   WAVE_al_calc_DPD2
11f04644   WAVE_wl_calc_DPD2
11f04648   WAVE_ql_calc_DPD2
11f0464c   WAVE_wm_calc_DPD2
11f04650   WAVE_al_calc_DPD3
11f04654   WAVE_wl_calc_DPD3
11f04658   WAVE_ql_calc_DPD3
11f0465c   WAVE_wm_calc_DPD3
11f04660   WAVE_est_wm1
11f04664   WAVE_est_qs1
11f04668   WAVE_est_wl1
11f0466c   WAVE_est_wm2
11f04670   WAVE_est_qs2
11f04674   WAVE_est_wl2
11f04678   WAVE_est_wm3
11f0467c   WAVE_est_qs3
11f04680   WAVE_est_wl3
11f04684   WAVE_est_conv_wm1
11f04688   WAVE_est_conv_qs1
11f0468c   WAVE_est_conv_wl1
11f04690   WAVE_est_conv_wm2
11f04694   WAVE_est_conv_qs2
11f04698   WAVE_est_conv_wl2
11f0469c   WAVE_est_conv_wm3
11f046a0   WAVE_est_conv_qs3
11f046a4   WAVE_est_conv_wl3
11f046a8   WAVE_est_prop_wm1
11f046ac   WAVE_est_prop_qs1
11f046b0   WAVE_est_prop_wl1
11f046b4   WAVE_est_prop_wm2
11f046b8   WAVE_est_prop_qs2
11f046bc   WAVE_est_prop_wl2
11f046c0   WAVE_est_prop_wm3
11f046c4   WAVE_est_prop_qs3
11f046c8   WAVE_est_prop_wl3
11f046cc   WAVE_est_ISOB_wm1
11f046d0   WAVE_est_ISOB_qs1
11f046d4   WAVE_est_ISOB_wl1
11f046d8   WAVE_est_ISOB_wm2
11f046dc   WAVE_est_ISOB_qs2
11f046e0   WAVE_est_ISOB_wl2
11f046e4   WAVE_est_ISOB_wm3
11f046e8   WAVE_est_ISOB_qs3
11f046ec   WAVE_est_ISOB_wl3
11f046f0   WAVE_IresU1
11f046f4   WAVE_IresU2
11f046f8   WAVE_IresU3
11f046fc   WAVE_IresV1
11f04700   WAVE_IresV2
11f04704   WAVE_IresV3
11f04708   WAVE_IresW1
11f0470c   WAVE_IresW2
11f04710   WAVE_IresW3
11f04714   WAVE_ACC_LW8079
11f04718   WAVE_ACC_LW8174
11f0471c   WAVE_ACC_LW8174_axis
11f04720   WAVE_Fz
11f04724   WAVE_WSX
11f04728   WAVE_WSY
11f0472c   WAVE_WSZ
11f04730   WAVE_U_modulation
11f04734   WAVE_V_modulation
11f04738   WAVE_W_modulation
11f0473c   ref_Iq_direct1
11f04740   ref_Iq_direct2
11f04744   ref_Iq_direct3
11f04748   WAVE_AccCmd1
11f0474c   WAVE_VelCmd1
11f04750   WAVE_AccCmd2
11f04754   WAVE_VelCmd2
11f04758   WAVE_AccCmd3
11f0475c   WAVE_VelCmd3
11f0493c   tmr1regs
11f04940   tmr2regs
11f04944   tmr3regs
11f04948   mw_gp__CSL_intcCpuIntrTable
11f0494c   mw_platform_errno
11f04950   WAVE_MRU1
11f04954   WAVE_MRV1
11f04958   WAVE_MRW1
11f0495c   WAVE_MRU2
11f04960   WAVE_MRV2
11f04964   WAVE_MRW2
11f04968   WAVE_MRU3
11f0496c   WAVE_MRV3
11f04970   WAVE_MRW3
11f04974   WAVE_MRBR1
11f04978   WAVE_MRBR2
11f0497c   WAVE_MRBR3
11f04980   WAVE_tauLdyn1
11f04984   WAVE_tauLdyn2
11f04988   WAVE_tauLdyn3
11f0498c   WAVE_Jl_calc1
11f04990   WAVE_Jl_calc2
11f04994   WAVE_Jl_calc3
11f04998   WAVE_IresD1
11f0499c   WAVE_IresD2
11f049a0   WAVE_IresD3
11f049a4   WAVE_IresQ1
11f049a8   WAVE_IresQ2
11f049ac   WAVE_IresQ3
11f049b0   WAVE_Vdc1
11f049b4   WAVE_Vdc2
11f049b8   WAVE_Vdc3
11f049bc   WAVE_Idc1
11f049c0   WAVE_Idc2
11f049c4   WAVE_Idc3
11f049c8   WAVE_ENC_temp1
11f049cc   WAVE_ENC_temp2
11f049d0   WAVE_ENC_temp3
11f049d4   WAVE_ENC1
11f049d8   WAVE_ENC2
11f049dc   WAVE_ENC3
11f049e0   WAVE_theta_rm1
11f049e4   WAVE_theta_rm2
11f049e8   WAVE_theta_rm3
11f049ec   WAVE_theta_rm_ref1
11f049f0   WAVE_theta_rm_ref2
11f049f4   WAVE_theta_rm_ref3
11f049f8   WAVE_theta_rm_full1
11f049fc   WAVE_theta_rm_full2
11f04a00   WAVE_theta_rm_full3
11f04a04   WAVE_theta_re1
11f04a08   WAVE_theta_re2
11f04a0c   WAVE_theta_re3
11f04a10   WAVE_TRG_WM1
11f04a14   WAVE_TRG_WM2
11f04a18   WAVE_TRG_WM3
11f04a1c   WAVE_wm1
11f04a20   WAVE_wm2
11f04a24   WAVE_wm3
11f04a28   WAVE_wm_ref_org
11f04a2c   WAVE_wm_ref1
11f04a30   WAVE_wm_ref2
11f04a34   WAVE_wm_ref3
11f04a38   WAVE_wm_cmd1
11f04a3c   WAVE_wm_cmd2
11f04a40   WAVE_wm_cmd3
11f04a44   WAVE_qm1
11f04a48   WAVE_qm2
11f04a4c   WAVE_qm3
11f04a50   WAVE_qm_ref1
11f04a54   WAVE_qm_ref2
11f04a58   WAVE_qm_ref3
11f04a5c   WAVE_ql1
11f04a60   WAVE_ql2
11f04a64   WAVE_ql3
11f04a68   WAVE_Iq1
11f04a6c   WAVE_Iq2
11f04a70   WAVE_Iq3
11f04a74   WAVE_Isfb1
11f04a78   WAVE_Isfb2
11f04a7c   WAVE_Isfb3
11f04a80   WAVE_jark1
11f04a84   WAVE_jark2
11f04a88   WAVE_jark3
11f04a8c   WAVE_am_TriAccCmd1
11f04a90   WAVE_am_TriAccCmd2
11f04a94   WAVE_am_TriAccCmd3
11f04a98   WAVE_wm_TriAccCmd1
11f04a9c   WAVE_wm_TriAccCmd2
11f04aa0   WAVE_wm_TriAccCmd3
11f04aa4   WAVE_qm_TriAccCmd1
11f04aa8   WAVE_qm_TriAccCmd2
11f04aac   WAVE_qm_TriAccCmd3
11f04ab0   WAVE_VrefU1
11f04ab4   WAVE_VrefV1
11f04ab8   WAVE_VrefW1
11f04abc   WAVE_VrefU2
11f04ac0   WAVE_VrefV2
11f04ac4   WAVE_VrefW2
11f04ac8   WAVE_VrefU3
11f04acc   WAVE_VrefV3
11f04ad0   WAVE_VrefW3
11f04ad4   WAVE_vu_ref_stand1
11f04ad8   WAVE_vv_ref_stand1
11f04adc   WAVE_vw_ref_stand1
11f04ae0   WAVE_vu_ref_stand2
11f04ae4   WAVE_vv_ref_stand2
11f04ae8   WAVE_vw_ref_stand2
11f04aec   WAVE_vu_ref_stand3
11f04af0   WAVE_vv_ref_stand3
11f04af4   WAVE_vw_ref_stand3
11f04af8   WAVE_IrefD1
11f04afc   WAVE_IrefD2
11f04b00   WAVE_IrefD3
11f04b04   WAVE_IrefQ1
11f04b08   WAVE_IrefQ2
11f04b0c   WAVE_IrefQ3
11f04b10   WAVE_VrefD_dcpl1
11f04b14   WAVE_VrefQ_dcpl1
11f04b18   WAVE_VrefD_dcpl2
11f04b1c   WAVE_VrefQ_dcpl2
11f04b20   WAVE_VrefD_dcpl3
11f04b24   WAVE_VrefQ_dcpl3
11f04b28   WAVE_VrefD1
11f04b2c   WAVE_VrefQ1
11f04b30   WAVE_VrefD2
11f04b34   WAVE_VrefQ2
11f04b38   WAVE_VrefD3
11f04b3c   WAVE_VrefQ3
11f04b40   WAVE_vd_lim_dif1
11f04b44   WAVE_vq_lim_dif1
11f04b48   WAVE_vd_lim_dif2
11f04b4c   WAVE_vq_lim_dif2
11f04b50   WAVE_vd_lim_dif3
11f04b54   WAVE_vq_lim_dif3
11f04b58   WAVE_omega_rm1
11f04b5c   WAVE_omega_rm2
11f04b60   WAVE_omega_rm3
11f04b64   WAVE_omega_rm1_ref
11f04b68   WAVE_omega_rm2_ref
11f04b6c   WAVE_omega_rm3_ref
11f04b70   WAVE_Tq1
11f04b74   WAVE_Tq2
11f04b78   WAVE_Tq3
11f04b7c   WAVE_Icmp1
11f04b80   WAVE_Icmp2
11f04b84   WAVE_Icmp3
11f04b88   ref_Iq_freq_direct1
11f04b8c   ref_Iq_freq_direct2
11f04b90   ref_Iq_freq_direct3
11f04b94   WAVE_Iff_1
11f04b98   WAVE_Iff_2
11f04b9c   WAVE_Iff_3
11f04ba0   WAVE_tauL_dyn_2nd
11f04ba4   WAVE_VWX
11f04ba8   WAVE_VWY
11f04bac   WAVE_VWZ
11f04be4   EMF_ExtWaitErrInfo_u32s
11f04be8   EMF_ExtWaitErrCnt_u32s
11f04bec   hGpio
ffffffff   __TI_pprof_out_hndl
ffffffff   __TI_prof_data_size
ffffffff   __TI_prof_data_start
ffffffff   __binit__
ffffffff   __c_args__
ffffffff   binit
UNDEFED    __TI_INITARRAY_Base
UNDEFED    __TI_INITARRAY_Limit
UNDEFED    __TI_TLS_INIT_Base
UNDEFED    __TI_TLS_INIT_Limit

[702 symbols]
