******************************************************************************
               TMS320C6x Linker PC v7.4.24                     
******************************************************************************
>> Linked Wed Mar 12 15:37:03 2025

OUTPUT FILE NAME:   <current_control_ver2_new.out>
ENTRY POINT SYMBOL: "_c_int00"  address: 0c0356e0


MEMORY CONFIGURATION

         name            origin    length      used     unused   attr    fill
----------------------  --------  ---------  --------  --------  ----  --------
  IPC_ISR_REG           02620244   00000004  00000000  00000004  RWIX
  DDR3_INIT_CODE        0c000000   00018000  00000000  00018000  RW X
  USER_SRAM_1_4         0c018000   000e8000  00020a34  000c75cc  RWIX
  KNL0_SRAM_1_4         10800000   000fff80  00000000  000fff80  RWIX
  KNL0_BOOT_AREA        108fff80   0000007c  00000000  0000007c  RWIX
  KNL0_MAGIC_ADDRESS    108ffffc   00000004  00000000  00000004  RWIX
  CTRL_PARAS            11800000   00000100  00000000  00000100  RWIX
  KNL1_SRAM_1_2         11800100   0003ff00  00000000  0003ff00  RWIX
  CSL_INTC              11840000   00010000  00000000  00010000  RWIX
  USER_MAGIC_ADDRESS    118fff80   00000004  00000000  00000004  R   
  KNL1_BOOT_AREA        118fff84   00000078  00000000  00000078  RWIX
  KNL1_MAGIC_ADDRESS    118ffffc   00000004  00000000  00000004  RWIX
  USER_SRAM_2_4         11e00000   00008000  000033e0  00004c20  RWIX
  USER_SRAM_3_4         11f00000   00008000  000049f4  0000360c  RWIX
  TI_BOOT_ROM           20b00000   00020000  00000000  00020000  RWIX
  KNL0_SRAM_2_4         80000000   000fe000  00000000  000fe000  RWIX
  USER_SRAM_4_4         80100000   01800000  00000000  01800000  RWIX
  KNL0_SRAM_3_4         82000000   0d000000  00000000  0d000000  RWIX
  KNL0_SRAM_4_4         8f000000   01000000  00000000  01000000  RWIX
  KNL1_SRAM_2_2         90000000   10000000  00000000  10000000  RWIX


SEGMENT ALLOCATION MAP

run origin  load origin   length   init length attrs members
----------  ----------- ---------- ----------- ----- -------
0c018000    0c018000    0001de20   0001de20    r-x
  0c018000    0c018000    0001de20   0001de20    r-x .text
0c035e20    0c035e20    0000081c   0000081c    rw-
  0c035e20    0c035e20    0000081c   0000081c    rw- .fardata
0c036640    0c036640    00000018   00000000    rw-
  0c036640    0c036640    00000018   00000000    rw- .far
0c036680    0c036680    00000078   00000078    r--
  0c036680    0c036680    00000078   00000078    r-- .const
0c036700    0c036700    00000010   00000010    r--
  0c036700    0c036700    00000010   00000010    r-- .switch
0c036780    0c036780    00002358   00002358    r--
  0c036780    0c036780    00002358   00002358    r-- .cinit
11e00000    11e00000    000033e0   000033e0    r-x
  11e00000    11e00000    000033e0   000033e0    r-x .text_2
11f00000    11f00000    000032b8   000022b8    rw-
  11f00000    11f00000    000022b8   000022b8    rw- .data_2
  11f022b8    11f022b8    00001000   00000000    rw- .stack
11f03300    11f03300    0000173c   00001498    rw-
  11f03300    11f03300    00000fd8   00000fd8    rw- .DATA_ON_HIGHER_SPEED
  11f042d8    11f042d8    000004c0   000004c0    rw- .neardata
  11f04798    11f04798    000002a4   00000000    rw- .bss


SECTION ALLOCATION MAP

 output                                  attributes/
section   page    origin      length       input sections
--------  ----  ----------  ----------   ----------------
.text      0    0c018000    0001de20     
                  0c018000    00014860     current_control_ver2_new.obj (.text)
                  0c02c860    00004540     current_control_ver2_new.obj (.text:retain)
                  0c030da0    00000b20     enc.obj (.text)
                  0c0318c0    000006c0     mwio4.lib : mw_i2c_eeprom.obj (.text)
                  0c031f80    000005e0     rts6600_elf.lib : powf.obj (.text:powf)
                  0c032560    000005c0                     : divd.obj (.text:__c6xabi_divd)
                  0c032b20    000003c0     mwio4.lib : mw_spi.obj (.text)
                  0c032ee0    00000360               : mw_flash.obj (.text)
                  0c033240    00000340               : mw_platform.obj (.text)
                  0c033580    000002c0     rts6600_elf.lib : cos.obj (.text:cos)
                  0c033840    00000280                     : divf.obj (.text:__c6xabi_divf)
                  0c033ac0    00000280                     : sin.obj (.text:sin)
                  0c033d40    00000240     mwio4.lib : FPGA_LIB.obj (.text)
                  0c033f80    00000200               : IPFPGA_LIB.obj (.text)
                  0c034180    000001e0     rts6600_elf.lib : acos.obj (.text:acos)
                  0c034360    000001a0                     : expf.obj (.text:expf)
                  0c034500    00000180                     : copy_decompress_rle.obj (.text:__TI_decompress_rle_core)
                  0c034680    00000160                     : frexpf.obj (.text:frexpf)
                  0c0347e0    00000160                     : ldexpf.obj (.text:ldexpf)
                  0c034940    00000160                     : sqrt.obj (.text:sqrt)
                  0c034aa0    00000140                     : atan2f.obj (.text:atan2f)
                  0c034be0    00000120                     : sqrtf.obj (.text:sqrtf)
                  0c034d00    00000100                     : autoinit.obj (.text:_auto_init_elf)
                  0c034e00    00000100                     : atanf.obj (.text:atanf)
                  0c034f00    00000100                     : cpy_tbl.obj (.text:copy_in)
                  0c035000    000000e0                     : divi.obj (.text:__divi)
                  0c0350e0    000000e0                     : memset.obj (.text:memset)
                  0c0351c0    000000c0                     : divu.obj (.text:__divu)
                  0c035280    000000c0                     : exit.obj (.text:exit)
                  0c035340    000000c0                     : tls.obj (.text:tls:init:__TI_tls_init)
                  0c035400    000000a0                     : round.obj (.text:__c6xabi_nround)
                  0c0354a0    000000a0                     : memcpy64.obj (.text:memcpy)
                  0c035540    000000a0                     : modf.obj (.text:modf)
                  0c0355e0    00000080                     : fixdu.obj (.text:__c6xabi_fixdu)
                  0c035660    00000080                     : roundf.obj (.text:__c6xabi_roundf)
                  0c0356e0    00000080                     : boot.obj (.text:_c_int00)
                  0c035760    00000080     mwio4.lib : PEV_LIB.obj (.text)
                  0c0357e0    00000080               : mw_i2c.obj (.text)
                  0c035860    00000060     rts6600_elf.lib : cpp_init.obj (.text:__TI_cpp_init)
                  0c0358c0    00000060                     : frcmpyd_div.obj (.text:__c6xabi_frcmpyd_div)
                  0c035920    00000060                     : llshift.obj (.text:__c6xabi_llshru)
                  0c035980    00000060                     : modff.obj (.text:modff)
                  0c0359e0    00000040                     : args_main.obj (.text:_args_main)
                  0c035a20    00000020     ti.csl.ae66 : csl_gpioGetBaseAddress.oe66 (.text:CSL_GPIO_open)
                  0c035a40    00000020     Main.obj (.text)
                  0c035a60    00000020     rts6600_elf.lib : errno.obj (.text:__c6xabi_errno_addr)
                  0c035a80    00000020                     : trunc.obj (.text:__c6xabi_trunc)
                  0c035aa0    00000020                     : truncf.obj (.text:__c6xabi_truncf)
                  0c035ac0    00000020                     : exit.obj (.text:abort)
                  0c035ae0    00000020                     : copy_decompress_none.obj (.text:decompress:none:__TI_decompress_none)
                  0c035b00    00000020                     : copy_decompress_rle.obj (.text:decompress:rle24:__TI_decompress_rle24)
                  0c035b20    00000010     mwio4.lib : EMIF16.obj ($Tramp$S$$EMF_EnableIntr_s32)
                  0c035b30    00000010               : gpio_int.obj ($Tramp$S$$GPI_init_vo)
                  0c035b40    00000010               : mwintc.obj ($Tramp$S$$mwintc_setupApp)
                  0c035b50    00000010               : PEV_INV_LIB.obj ($Tramp$S$$PEV_ad_set_offset)
                  0c035b60    00000010               : EMIF16.obj ($Tramp$S$$EMF_Read_s32)
                  0c035b70    00000010               : EMIF16.obj ($Tramp$S$$EMF_ReadFpgaBoard_s32)
                  0c035b80    00000010               : EMIF16.obj ($Tramp$S$$EMF_Write2_s32)
                  0c035b90    00000010               : gpio_int.obj ($Tramp$S$$GPI_int_ack_vo)
                  0c035ba0    00000010               : timer_lib.obj ($Tramp$S$$C6657_timer2_read)
                  0c035bb0    00000010               : timer_lib.obj ($Tramp$S$$C6657_timer1_read)
                  0c035bc0    00000010               : timer_lib.obj ($Tramp$S$$C6657_timer1_start)
                  0c035bd0    00000010               : timer_lib.obj ($Tramp$S$$C6657_timer1_clear)
                  0c035be0    00000010               : timer_lib.obj ($Tramp$S$$C6657_timer0_read)
                  0c035bf0    00000010               : timer_lib.obj ($Tramp$S$$C6657_timer0_start)
                  0c035c00    00000010               : timer_lib.obj ($Tramp$S$$C6657_timer0_clear)
                  0c035c10    00000010               : timer_lib.obj ($Tramp$S$$C6657_timer1_stop)
                  0c035c20    00000010               : timer_lib.obj ($Tramp$S$$C6657_timer0_stop)
                  0c035c30    00000010               : timer_lib.obj ($Tramp$S$$C6657_timer2_start)
                  0c035c40    00000010               : timer_lib.obj ($Tramp$S$$C6657_timer2_clear)
                  0c035c50    00000010               : timer_lib.obj ($Tramp$S$$C6657_timer2_stop)
                  0c035c60    00000010               : PEV_INV_LIB.obj ($Tramp$S$$PEV_inverter_start_pwm)
                  0c035c70    00000010               : timer_lib.obj ($Tramp$S$$C6657_timer2_disable_int)
                  0c035c80    00000010               : timer_lib.obj ($Tramp$S$$C6657_timer1_disable_int)
                  0c035c90    00000010               : timer_lib.obj ($Tramp$S$$C6657_timer0_disable_int)
                  0c035ca0    00000010               : PEV_INV_LIB.obj ($Tramp$S$$PEV_ad_disable_int)
                  0c035cb0    00000010               : mwintc.obj ($Tramp$S$$IRQ_globalEnable)
                  0c035cc0    00000010               : timer_lib.obj ($Tramp$S$$C6657_timer2_init)
                  0c035cd0    00000010               : timer_lib.obj ($Tramp$S$$C6657_timer1_init)
                  0c035ce0    00000010               : timer_lib.obj ($Tramp$S$$C6657_timer0_init)
                  0c035cf0    00000010               : PEV_INV_LIB.obj ($Tramp$S$$PEV_inverter_control_break)
                  0c035d00    00000010               : PEV_INV_LIB.obj ($Tramp$S$$PEV_inverter_enable_int)
                  0c035d10    00000010               : PEV_INV_LIB.obj ($Tramp$S$$PEV_inverter_init_refload_timing)
                  0c035d20    00000010               : PEV_INV_LIB.obj ($Tramp$S$$PEV_inverter_init_adtrig_timing)
                  0c035d30    00000010               : PEV_INV_LIB.obj ($Tramp$S$$PEV_inverter_set_uvw)
                  0c035d40    00000010               : PEV_INV_LIB.obj ($Tramp$S$$PEV_ad_set_mode)
                  0c035d50    00000010               : PEV_INV_LIB.obj ($Tramp$S$$PEV_ad_set_range)
                  0c035d60    00000010               : PEV_INV_LIB.obj ($Tramp$S$$PEV_sync_pwm_out)
                  0c035d70    00000010               : PEV_INV_LIB.obj ($Tramp$S$$PEV_sync_pwm_init)
                  0c035d80    00000010               : PEV_INV_LIB.obj ($Tramp$S$$PEV_sync_ad_out)
                  0c035d90    00000010               : PEV_INV_LIB.obj ($Tramp$S$$PEV_sync_ad_init)
                  0c035da0    00000010               : PEV_INV_LIB.obj ($Tramp$S$$PEV_inverter_init)
                  0c035db0    00000010               : gpio_int.obj ($Tramp$S$$GPI_enable_int_vo)
                  0c035dc0    00000010               : gpio_int.obj ($Tramp$S$$GPI_setVector_vo)
                  0c035dd0    00000010               : PEV_INV_LIB.obj ($Tramp$S$$PEV_int_init)
                  0c035de0    00000010               : mwintc.obj ($Tramp$S$$IRQ_globalDisable)
                  0c035df0    00000010               : PEV_INV_LIB.obj ($Tramp$S$$PEV_ad_in_grp)
                  0c035e00    00000010               : PEV_INV_LIB.obj ($Tramp$S$$PEV_ad_in_st)
                  0c035e10    00000010               : PEV_INV_LIB.obj ($Tramp$S$$PEV_inverter_set_uvw_br)

.fardata   0    0c035e20    0000081c     
                  0c035e20    00000120     current_control_ver2_new.obj (.fardata:sen)
                  0c035f40    000000a8     mwio4.lib : mw_platform.obj (.fardata)
                  0c035fe8    00000084     current_control_ver2_new.obj (.fardata:LPF_motor)
                  0c03606c    00000004     rts6600_elf.lib : errno.obj (.fardata)
                  0c036070    00000060                     : acos.obj (.fardata:asin_consts$1)
                  0c0360d0    00000048     current_control_ver2_new.obj (.fardata:d_current)
                  0c036118    00000048     current_control_ver2_new.obj (.fardata:position)
                  0c036160    00000048     current_control_ver2_new.obj (.fardata:q_current)
                  0c0361a8    00000048     current_control_ver2_new.obj (.fardata:velocity)
                  0c0361f0    00000044     rts6600_elf.lib : powf.obj (.fardata:A1$1)
                  0c036234    00000004     --HOLE--
                  0c036238    00000040                     : cos.obj (.fardata:R$1)
                  0c036278    00000040                     : sin.obj (.fardata:R$1)
                  0c0362b8    00000020                     : powf.obj (.fardata:A2$2)
                  0c0362d8    00000020                     : atanf.obj (.fardata:arctan_consts$1)
                  0c0362f8    00000020     current_control_ver2_new.obj (.fardata:range)
                  0c036318    0000001c     rts6600_elf.lib : expf.obj (.fardata:exp_consts$1)
                  0c036334    00000004     --HOLE--
                  0c036338    0000000c                     : powf.obj (.fardata:Q$4)
                  0c036344    00000004     --HOLE--
                  0c036348    0000000c     current_control_ver2_new.obj (.fardata:Vdc_mean$166)
                  0c036354    00000004     --HOLE--
                  0c036358    0000000c     current_control_ver2_new.obj (.fardata:Vdc_sum$165)
                  0c036364    00000004     --HOLE--
                  0c036368    0000000c     current_control_ver2_new.obj (.fardata:counter$164)
                  0c036374    00000004     --HOLE--
                  0c036378    0000000c     current_control_ver2_new.obj (.fardata:est_Qs_Z$28)
                  0c036384    00000004     --HOLE--
                  0c036388    0000000c     current_control_ver2_new.obj (.fardata:est_Qs_Z1$25)
                  0c036394    00000004     --HOLE--
                  0c036398    0000000c     current_control_ver2_new.obj (.fardata:est_wL_Z$29)
                  0c0363a4    00000004     --HOLE--
                  0c0363a8    0000000c     current_control_ver2_new.obj (.fardata:est_wL_Z1$26)
                  0c0363b4    00000004     --HOLE--
                  0c0363b8    0000000c     current_control_ver2_new.obj (.fardata:est_wM_Z$27)
                  0c0363c4    00000004     --HOLE--
                  0c0363c8    0000000c     current_control_ver2_new.obj (.fardata:est_wM_Z1$24)
                  0c0363d4    00000004     --HOLE--
                  0c0363d8    0000000c     current_control_ver2_new.obj (.fardata:goalZ$65)
                  0c0363e4    00000004     --HOLE--
                  0c0363e8    0000000c     current_control_ver2_new.obj (.fardata:goalZ$74)
                  0c0363f4    00000004     --HOLE--
                  0c0363f8    0000000c     current_control_ver2_new.obj (.fardata:goalZ$83)
                  0c036404    00000004     --HOLE--
                  0c036408    0000000c     current_control_ver2_new.obj (.fardata:hand_cmd$3)
                  0c036414    00000004     --HOLE--
                  0c036418    0000000c     current_control_ver2_new.obj (.fardata:joint_cmd$4)
                  0c036424    00000004     --HOLE--
                  0c036428    0000000c     current_control_ver2_new.obj (.fardata:loop_count_num$150)
                  0c036434    00000004     --HOLE--
                  0c036438    0000000c     current_control_ver2_new.obj (.fardata:motor_cmd$5)
                  0c036444    00000004     --HOLE--
                  0c036448    0000000c     current_control_ver2_new.obj (.fardata:motor_vel_cmd$6)
                  0c036454    00000004     --HOLE--
                  0c036458    0000000c     current_control_ver2_new.obj (.fardata:p1$92)
                  0c036464    00000004     --HOLE--
                  0c036468    0000000c     current_control_ver2_new.obj (.fardata:ql_Z$156)
                  0c036474    00000004     --HOLE--
                  0c036478    0000000c     current_control_ver2_new.obj (.fardata:ql_Z1$162)
                  0c036484    00000004     --HOLE--
                  0c036488    0000000c     current_control_ver2_new.obj (.fardata:qm_Z$153)
                  0c036494    00000004     --HOLE--
                  0c036498    0000000c     current_control_ver2_new.obj (.fardata:qm_Z1$159)
                  0c0364a4    00000004     --HOLE--
                  0c0364a8    0000000c     current_control_ver2_new.obj (.fardata:qm_prev$149)
                  0c0364b4    00000004     --HOLE--
                  0c0364b8    0000000c     current_control_ver2_new.obj (.fardata:qs_Z$154)
                  0c0364c4    00000004     --HOLE--
                  0c0364c8    0000000c     current_control_ver2_new.obj (.fardata:qs_Z$31)
                  0c0364d4    00000004     --HOLE--
                  0c0364d8    0000000c     current_control_ver2_new.obj (.fardata:qs_Z$37)
                  0c0364e4    00000004     --HOLE--
                  0c0364e8    0000000c     current_control_ver2_new.obj (.fardata:qs_Z1$160)
                  0c0364f4    00000004     --HOLE--
                  0c0364f8    0000000c     current_control_ver2_new.obj (.fardata:qs_Z1$34)
                  0c036504    00000004     --HOLE--
                  0c036508    0000000c     current_control_ver2_new.obj (.fardata:qs_Z1$40)
                  0c036514    0000000c     rts6600_elf.lib : exit.obj (.fardata)
                  0c036520    0000000c     current_control_ver2_new.obj (.fardata:sign_invers$151)
                  0c03652c    00000004     --HOLE--
                  0c036530    0000000c     current_control_ver2_new.obj (.fardata:start_hand)
                  0c03653c    00000004     --HOLE--
                  0c036540    0000000c     current_control_ver2_new.obj (.fardata:wl_Z$155)
                  0c03654c    00000004     --HOLE--
                  0c036550    0000000c     current_control_ver2_new.obj (.fardata:wl_Z$32)
                  0c03655c    00000004     --HOLE--
                  0c036560    0000000c     current_control_ver2_new.obj (.fardata:wl_Z$38)
                  0c03656c    00000004     --HOLE--
                  0c036570    0000000c     current_control_ver2_new.obj (.fardata:wl_Z1$161)
                  0c03657c    00000004     --HOLE--
                  0c036580    0000000c     current_control_ver2_new.obj (.fardata:wl_Z1$35)
                  0c03658c    00000004     --HOLE--
                  0c036590    0000000c     current_control_ver2_new.obj (.fardata:wl_Z1$41)
                  0c03659c    00000004     --HOLE--
                  0c0365a0    0000000c     current_control_ver2_new.obj (.fardata:wm_Z$152)
                  0c0365ac    00000004     --HOLE--
                  0c0365b0    0000000c     current_control_ver2_new.obj (.fardata:wm_Z$30)
                  0c0365bc    00000004     --HOLE--
                  0c0365c0    0000000c     current_control_ver2_new.obj (.fardata:wm_Z$36)
                  0c0365cc    00000004     --HOLE--
                  0c0365d0    0000000c     current_control_ver2_new.obj (.fardata:wm_Z1$158)
                  0c0365dc    00000004     --HOLE--
                  0c0365e0    0000000c     current_control_ver2_new.obj (.fardata:wm_Z1$33)
                  0c0365ec    00000004     --HOLE--
                  0c0365f0    0000000c     current_control_ver2_new.obj (.fardata:wm_Z1$39)
                  0c0365fc    00000004     --HOLE--
                  0c036600    0000000c     current_control_ver2_new.obj (.fardata:wm_prev$148)
                  0c03660c    00000004     --HOLE--
                  0c036610    0000000c     current_control_ver2_new.obj (.fardata:z_Z$157)
                  0c03661c    00000004     --HOLE--
                  0c036620    0000000c     current_control_ver2_new.obj (.fardata:z_Z1$163)
                  0c03662c    00000004     --HOLE--
                  0c036630    00000008     current_control_ver2_new.obj (.fardata:loop_count_num$168)
                  0c036638    00000004     rts6600_elf.lib : powf.obj (.fardata:P$3)

.far       0    0c036640    00000018     UNINITIALIZED
                  0c036640    0000000c     current_control_ver2_new.obj (.far)
                  0c03664c    0000000c     mwio4.lib : EMIF16.obj (.far)

.const     0    0c036680    00000078     
                  0c036680    00000020     current_control_ver2_new.obj (.const:$P$T1$20)
                  0c0366a0    00000020     current_control_ver2_new.obj (.const:$P$T2$21)
                  0c0366c0    0000000c     current_control_ver2_new.obj (.const:$P$T0$19)
                  0c0366cc    00000004     --HOLE-- [fill = 0]
                  0c0366d0    0000000c     current_control_ver2_new.obj (.const:$P$T3$167)
                  0c0366dc    00000004     --HOLE-- [fill = 0]
                  0c0366e0    00000008     current_control_ver2_new.obj (.const:cmd_1_soft)
                  0c0366e8    00000008     current_control_ver2_new.obj (.const:cmd_2_soft)
                  0c0366f0    00000008     current_control_ver2_new.obj (.const:cmd_3_soft)

.switch    0    0c036700    00000010     
                  0c036700    00000010     mwio4.lib : mw_flash.obj (.switch:mw_nor_erase)

.cinit     0    0c036780    00002358     
                  0c036780    00002069     (.cinit..data_2.load) [load image, compression = rle]
                  0c0387e9    00000003     --HOLE-- [fill = 0]
                  0c0387ec    0000023f     (.cinit..fardata.load) [load image, compression = rle]
                  0c038a2b    00000001     --HOLE-- [fill = 0]
                  0c038a2c    00000068     (.cinit..neardata.load) [load image, compression = rle]
                  0c038a94    0000001a     (.cinit..DATA_ON_HIGHER_SPEED.load) [load image, compression = rle]
                  0c038aae    00000002     --HOLE-- [fill = 0]
                  0c038ab0    00000008     (__TI_handler_table)
                  0c038ab8    00000020     (__TI_cinit_table)

.text_2    0    11e00000    000033e0     
                  11e00000    00001960     mwio4.lib : PEV_INV_LIB.obj (.text)
                  11e01960    00000640               : timer_lib.obj (.text)
                  11e01fa0    00000620               : EMIF16.obj (.text)
                  11e025c0    00000440               : mwintc.obj (.text)
                  11e02a00    00000320               : csl2_intcHwControl.obj (.text:csl_section:intc)
                  11e02d20    000001e0               : EMIF16.obj (.text:retain)
                  11e02f00    000001a0               : gpio_int.obj (.text)
                  11e030a0    00000180               : csl2_intcOpen.obj (.text:csl_section:intc)
                  11e03220    00000140               : _csl2_intcIntrEnDisRes_eabi.obj (.text)
                  11e03360    00000020               : _csl2_intcDispatcher.obj (.text:csl_section:intc)
                  11e03380    00000020               : _csl2_intcDispatcher.obj (.text:csl_section:intc:retain)
                  11e033a0    00000010     ti.csl.ae66 : csl_gpioGetBaseAddress.oe66 ($Tramp$S$$CSL_GPIO_open)
                  11e033b0    00000010     rts6600_elf.lib : fixdu.obj ($Tramp$S$$__c6xabi_fixdu)
                  11e033c0    00000010                     : divd.obj ($Tramp$S$$__c6xabi_divd)
                  11e033d0    00000010                     : divi.obj ($Tramp$S$$__c6xabi_divi)

.data_2    0    11f00000    000022b8     
                  11f00000    00000170     mwio4.lib : PEV_INV_LIB.obj (.far) [fill = 0]
                  11f00170    000000c0               : gpio_int.obj (.far) [fill = 0]
                  11f00230    00000024               : timer_lib.obj (.far) [fill = 0]
                  11f00254    00000018               : csl2_intcHwControl.obj (.switch:CSL2_intcHwControl)
                  11f0026c    00000004     --HOLE--
                  11f00270    00000040               : gpio_int.obj (.fardata:gpio_int_map)
                  11f002b0    00002008               : _mwsintbl.obj (.const:_mwSinTbl)

.stack     0    11f022b8    00001000     UNINITIALIZED
                  11f022b8    00000008     rts6600_elf.lib : boot.obj (.stack)
                  11f022c0    00000ff8     --HOLE--

.DATA_ON_HIGHER_SPEED 
*          0    11f03300    00000fd8     
                  11f03300    00000fc0     current_control_ver2_new.obj (.DATA_ON_HIGHER_SPEED:init)
                  11f042c0    00000018     current_control_ver2_new.obj (.DATA_ON_HIGHER_SPEED:uninit) [fill = 0]

.neardata 
*          0    11f042d8    000004c0     
                  11f042d8    000004ac     current_control_ver2_new.obj (.neardata)
                  11f04784    0000000c     mwio4.lib : timer_lib.obj (.neardata)
                  11f04790    00000004               : csl2_intcOpen.obj (.neardata)
                  11f04794    00000004               : mw_platform.obj (.neardata)

.bss       0    11f04798    000002a4     UNINITIALIZED
                  11f04798    00000294     current_control_ver2_new.obj (.bss)
                  11f04a2c    00000008     mwio4.lib : EMIF16.obj (.bss)
                  11f04a34    00000004               : gpio_int.obj (.bss)
                  11f04a38    00000004               : mw_spi.obj (.bss)


LINKER GENERATED COPY TABLES

__TI_cinit_table @ 0c038ab8 records: 4, size/record: 8, table size: 32
	.data_2: load addr=0c036780, load size=00002069 bytes, run addr=11f00000, run size=000022b8 bytes, compression=rle
	.fardata: load addr=0c0387ec, load size=0000023f bytes, run addr=0c035e20, run size=0000081c bytes, compression=rle
	.neardata: load addr=0c038a2c, load size=00000068 bytes, run addr=11f042d8, run size=000004c0 bytes, compression=rle
	.DATA_ON_HIGHER_SPEED: load addr=0c038a94, load size=0000001a bytes, run addr=11f03300, run size=00000fd8 bytes, compression=rle


LINKER GENERATED HANDLER TABLE

__TI_handler_table @ 0c038ab0 records: 2, size/record: 4, table size: 8
	index: 0, handler: __TI_decompress_rle24
	index: 1, handler: __TI_decompress_none


FAR CALL TRAMPOLINES

callee name               trampoline name
   callee addr  tramp addr   call addr  call info
--------------  -----------  ---------  ----------------
$.text:mwio4.lib<EMIF16.obj>$0x58c  $Tramp$S$$EMF_EnableIntr_s32
   11e0252c     0c035b20     0c035a4c   Main.obj (.text)
$.text:mwio4.lib<gpio_int.obj>$0x124  $Tramp$S$$GPI_init_vo
   11e03024     0c035b30     0c035a48   Main.obj (.text)
$.text:mwio4.lib<mwintc.obj>$0x34  $Tramp$S$$mwintc_setupApp
   11e025f4     0c035b40     0c035a44   Main.obj (.text)
$.text:mwio4.lib<PEV_INV_LIB.obj>$0xf98  $Tramp$S$$PEV_ad_set_offset
   11e00f98     0c035b50     0c035780   mwio4.lib : PEV_LIB.obj (.text)
$.text:mwio4.lib<EMIF16.obj>$0x218  $Tramp$S$$EMF_Read_s32
   11e021b8     0c035b60     0c033f54   mwio4.lib : FPGA_LIB.obj (.text)
                             0c034150             : IPFPGA_LIB.obj (.text)
                             0c0357a8             : PEV_LIB.obj (.text)
$.text:mwio4.lib<EMIF16.obj>$0x28c  $Tramp$S$$EMF_ReadFpgaBoard_s32
   11e0222c     0c035b70     0c033ec8   mwio4.lib : FPGA_LIB.obj (.text)
                             0c033f28             : FPGA_LIB.obj (.text)
                             0c0340b4             : IPFPGA_LIB.obj (.text)
                             0c034124             : IPFPGA_LIB.obj (.text)
$.text:mwio4.lib<EMIF16.obj>$0x180  $Tramp$S$$EMF_Write2_s32
   11e02120     0c035b80     0c033df4   mwio4.lib : FPGA_LIB.obj (.text)
                             0c033e64             : FPGA_LIB.obj (.text)
                             0c033fe4             : IPFPGA_LIB.obj (.text)
                             0c034050             : IPFPGA_LIB.obj (.text)
$.text:mwio4.lib<gpio_int.obj>$0xd4  $Tramp$S$$GPI_int_ack_vo
   11e02fd4     0c035b90     0c030cb8   current_control_ver2_new.obj (.text:retain)
$.text:mwio4.lib<timer_lib.obj>$0x178  $Tramp$S$$C6657_timer2_read
   11e01ad8     0c035ba0     0c030c6c   current_control_ver2_new.obj (.text:retain)
$.text:mwio4.lib<timer_lib.obj>$0x340  $Tramp$S$$C6657_timer1_read
   11e01ca0     0c035bb0     0c02d450   current_control_ver2_new.obj (.text:retain)
                             0c02d4bc   current_control_ver2_new.obj (.text:retain)
                             0c02d4e4   current_control_ver2_new.obj (.text:retain)
                             0c02d50c   current_control_ver2_new.obj (.text:retain)
                             0c02d53c   current_control_ver2_new.obj (.text:retain)
                             0c02d554   current_control_ver2_new.obj (.text:retain)
                             0c02d5bc   current_control_ver2_new.obj (.text:retain)
                             0c02d5d8   current_control_ver2_new.obj (.text:retain)
                             0c02d640   current_control_ver2_new.obj (.text:retain)
                             0c02d650   current_control_ver2_new.obj (.text:retain)
                             0c02dc78   current_control_ver2_new.obj (.text:retain)
                             0c02dcf0   current_control_ver2_new.obj (.text:retain)
                             0c02e6b8   current_control_ver2_new.obj (.text:retain)
                             0c02e6e8   current_control_ver2_new.obj (.text:retain)
                             0c02fb78   current_control_ver2_new.obj (.text:retain)
                             0c02fba8   current_control_ver2_new.obj (.text:retain)
$.text:mwio4.lib<timer_lib.obj>$0x320  $Tramp$S$$C6657_timer1_start
   11e01c80     0c035bc0     0c02d44c   current_control_ver2_new.obj (.text:retain)
$.text:mwio4.lib<timer_lib.obj>$0x48c  $Tramp$S$$C6657_timer1_clear
   11e01dec     0c035bd0     0c02d448   current_control_ver2_new.obj (.text:retain)
$.text:mwio4.lib<timer_lib.obj>$0x4e0  $Tramp$S$$C6657_timer0_read
   11e01e40     0c035be0     0c02d340   current_control_ver2_new.obj (.text:retain)
                             0c02d364   current_control_ver2_new.obj (.text:retain)
                             0c02d38c   current_control_ver2_new.obj (.text:retain)
                             0c02d3ec   current_control_ver2_new.obj (.text:retain)
                             0c02dbd0   current_control_ver2_new.obj (.text:retain)
                             0c02e784   current_control_ver2_new.obj (.text:retain)
                             0c02e7e4   current_control_ver2_new.obj (.text:retain)
                             0c02e824   current_control_ver2_new.obj (.text:retain)
$.text:mwio4.lib<timer_lib.obj>$0x4c0  $Tramp$S$$C6657_timer0_start
   11e01e20     0c035bf0     0c02d1f0   current_control_ver2_new.obj (.text:retain)
$.text:mwio4.lib<timer_lib.obj>$0x62c  $Tramp$S$$C6657_timer0_clear
   11e01f8c     0c035c00     0c02d1ec   current_control_ver2_new.obj (.text:retain)
$.text:mwio4.lib<timer_lib.obj>$0x308  $Tramp$S$$C6657_timer1_stop
   11e01c68     0c035c10     0c02d1cc   current_control_ver2_new.obj (.text:retain)
$.text:mwio4.lib<timer_lib.obj>$0x4a8  $Tramp$S$$C6657_timer0_stop
   11e01e08     0c035c20     0c02d1c0   current_control_ver2_new.obj (.text:retain)
$.text:mwio4.lib<timer_lib.obj>$0x154  $Tramp$S$$C6657_timer2_start
   11e01ab4     0c035c30     0c02c92c   current_control_ver2_new.obj (.text:retain)
$.text:mwio4.lib<timer_lib.obj>$0x2ec  $Tramp$S$$C6657_timer2_clear
   11e01c4c     0c035c40     0c02c928   current_control_ver2_new.obj (.text:retain)
$.text:mwio4.lib<timer_lib.obj>$0x140  $Tramp$S$$C6657_timer2_stop
   11e01aa0     0c035c50     0c02c920   current_control_ver2_new.obj (.text:retain)
$.text:mwio4.lib<PEV_INV_LIB.obj>$0x394  $Tramp$S$$PEV_inverter_start_pwm
   11e00394     0c035c60     0c0254fc   current_control_ver2_new.obj (.text)
                             0c025504   current_control_ver2_new.obj (.text)
                             0c025508   current_control_ver2_new.obj (.text)
$.text:mwio4.lib<timer_lib.obj>$0x298  $Tramp$S$$C6657_timer2_disable_int
   11e01bf8     0c035c70     0c0254d0   current_control_ver2_new.obj (.text)
$.text:mwio4.lib<timer_lib.obj>$0x438  $Tramp$S$$C6657_timer1_disable_int
   11e01d98     0c035c80     0c0254cc   current_control_ver2_new.obj (.text)
$.text:mwio4.lib<timer_lib.obj>$0x5d8  $Tramp$S$$C6657_timer0_disable_int
   11e01f38     0c035c90     0c0254c8   current_control_ver2_new.obj (.text)
$.text:mwio4.lib<PEV_INV_LIB.obj>$0x1460  $Tramp$S$$PEV_ad_disable_int
   11e01460     0c035ca0     0c0254b0   current_control_ver2_new.obj (.text)
                             0c0254b8   current_control_ver2_new.obj (.text)
                             0c0254c0   current_control_ver2_new.obj (.text)
$.text:mwio4.lib<mwintc.obj>$0x3f0  $Tramp$S$$IRQ_globalEnable
   11e029b0     0c035cb0     0c0254ac   current_control_ver2_new.obj (.text)
$.text:mwio4.lib<timer_lib.obj>$0x1d0  $Tramp$S$$C6657_timer2_init
   11e01b30     0c035cc0     0c0254a4   current_control_ver2_new.obj (.text)
$.text:mwio4.lib<timer_lib.obj>$0x370  $Tramp$S$$C6657_timer1_init
   11e01cd0     0c035cd0     0c025498   current_control_ver2_new.obj (.text)
$.text:mwio4.lib<timer_lib.obj>$0x510  $Tramp$S$$C6657_timer0_init
   11e01e70     0c035ce0     0c02548c   current_control_ver2_new.obj (.text)
$.text:mwio4.lib<PEV_INV_LIB.obj>$0xda8  $Tramp$S$$PEV_inverter_control_break
   11e00da8     0c035cf0     0c02546c   current_control_ver2_new.obj (.text)
                             0c025474   current_control_ver2_new.obj (.text)
                             0c025480   current_control_ver2_new.obj (.text)
$.text:mwio4.lib<PEV_INV_LIB.obj>$0xcf4  $Tramp$S$$PEV_inverter_enable_int
   11e00cf4     0c035d00     0c025454   current_control_ver2_new.obj (.text)
                             0c025460   current_control_ver2_new.obj (.text)
                             0c025464   current_control_ver2_new.obj (.text)
$.text:mwio4.lib<PEV_INV_LIB.obj>$0x958  $Tramp$S$$PEV_inverter_init_refload_timing
   11e00958     0c035d10     0c025438   current_control_ver2_new.obj (.text)
                             0c025448   current_control_ver2_new.obj (.text)
                             0c02544c   current_control_ver2_new.obj (.text)
$.text:mwio4.lib<PEV_INV_LIB.obj>$0xaa8  $Tramp$S$$PEV_inverter_init_adtrig_timing
   11e00aa8     0c035d20     0c025414   current_control_ver2_new.obj (.text)
                             0c025428   current_control_ver2_new.obj (.text)
                             0c02542c   current_control_ver2_new.obj (.text)
$.text:mwio4.lib<PEV_INV_LIB.obj>$0x5e8  $Tramp$S$$PEV_inverter_set_uvw
   11e005e8     0c035d30     0c0253e4   current_control_ver2_new.obj (.text)
                             0c0253f4   current_control_ver2_new.obj (.text)
                             0c025408   current_control_ver2_new.obj (.text)
$.text:mwio4.lib<PEV_INV_LIB.obj>$0xfe0  $Tramp$S$$PEV_ad_set_mode
   11e00fe0     0c035d40     0c025390   current_control_ver2_new.obj (.text)
                             0c0253a8   current_control_ver2_new.obj (.text)
                             0c0253b8   current_control_ver2_new.obj (.text)
$.text:mwio4.lib<PEV_INV_LIB.obj>$0xf48  $Tramp$S$$PEV_ad_set_range
   11e00f48     0c035d50     0c02538c   current_control_ver2_new.obj (.text)
                             0c025398   current_control_ver2_new.obj (.text)
                             0c0253b0   current_control_ver2_new.obj (.text)
$.text:mwio4.lib<PEV_INV_LIB.obj>$0x150  $Tramp$S$$PEV_sync_pwm_out
   11e00150     0c035d60     0c025364   current_control_ver2_new.obj (.text)
                             0c025370   current_control_ver2_new.obj (.text)
$.text:mwio4.lib<PEV_INV_LIB.obj>$0x260  $Tramp$S$$PEV_sync_pwm_init
   11e00260     0c035d70     0c025340   current_control_ver2_new.obj (.text)
                             0c02534c   current_control_ver2_new.obj (.text)
                             0c025354   current_control_ver2_new.obj (.text)
$.text:mwio4.lib<PEV_INV_LIB.obj>$0x2b4  $Tramp$S$$PEV_sync_ad_out
   11e002b4     0c035d80     0c025334   current_control_ver2_new.obj (.text)
$.text:mwio4.lib<PEV_INV_LIB.obj>$0x30c  $Tramp$S$$PEV_sync_ad_init
   11e0030c     0c035d90     0c025314   current_control_ver2_new.obj (.text)
                             0c025324   current_control_ver2_new.obj (.text)
                             0c02532c   current_control_ver2_new.obj (.text)
$.text:mwio4.lib<PEV_INV_LIB.obj>$0xb84  $Tramp$S$$PEV_inverter_init
   11e00b84     0c035da0     0c0252e8   current_control_ver2_new.obj (.text)
                             0c0252f8   current_control_ver2_new.obj (.text)
                             0c025308   current_control_ver2_new.obj (.text)
$.text:mwio4.lib<gpio_int.obj>$0x14c  $Tramp$S$$GPI_enable_int_vo
   11e0304c     0c035db0     0c0252c8   current_control_ver2_new.obj (.text)
$.text:mwio4.lib<gpio_int.obj>$0x0  $Tramp$S$$GPI_setVector_vo
   11e02f00     0c035dc0     0c0252b4   current_control_ver2_new.obj (.text)
$.text:mwio4.lib<PEV_INV_LIB.obj>$0xde0  $Tramp$S$$PEV_int_init
   11e00de0     0c035dd0     0c025298   current_control_ver2_new.obj (.text)
$.text:mwio4.lib<mwintc.obj>$0x410  $Tramp$S$$IRQ_globalDisable
   11e029d0     0c035de0     0c024f20   current_control_ver2_new.obj (.text)
$.text:mwio4.lib<PEV_INV_LIB.obj>$0x106c  $Tramp$S$$PEV_ad_in_grp
   11e0106c     0c035df0     0c01aa24   current_control_ver2_new.obj (.text)
                             0c01acf0   current_control_ver2_new.obj (.text)
$.text:mwio4.lib<PEV_INV_LIB.obj>$0x1040  $Tramp$S$$PEV_ad_in_st
   11e01040     0c035e00     0c01a9e8   current_control_ver2_new.obj (.text)
                             0c01aa10   current_control_ver2_new.obj (.text)
                             0c01aa20   current_control_ver2_new.obj (.text)
                             0c01acb0   current_control_ver2_new.obj (.text)
                             0c01ace0   current_control_ver2_new.obj (.text)
                             0c01acec   current_control_ver2_new.obj (.text)
$.text:mwio4.lib<PEV_INV_LIB.obj>$0x3cc  $Tramp$S$$PEV_inverter_set_uvw_br
   11e003cc     0c035e10     0c019a6c   current_control_ver2_new.obj (.text)
                             0c019a94   current_control_ver2_new.obj (.text)
                             0c019ab8   current_control_ver2_new.obj (.text)
$.text:CSL_GPIO_open:ti.csl.ae66<csl_gpioGetBaseAddress.oe66>$0x0  $Tramp$S$$CSL_GPIO_open
   0c035a20     11e033a0     11e03028   mwio4.lib : gpio_int.obj (.text)
$.text:__c6xabi_fixdu:rts6600_elf.lib<fixdu.obj>$0x0  $Tramp$S$$__c6xabi_fixdu
   0c0355e0     11e033b0     11e01a1c   mwio4.lib : timer_lib.obj (.text)
                             11e01b90             : timer_lib.obj (.text)
                             11e01d30             : timer_lib.obj (.text)
                             11e01ed0             : timer_lib.obj (.text)
$.text:__c6xabi_divd:rts6600_elf.lib<divd.obj>$0x0  $Tramp$S$$__c6xabi_divd
   0c032560     11e033c0     11e01a14   mwio4.lib : timer_lib.obj (.text)
                             11e01b88             : timer_lib.obj (.text)
                             11e01d28             : timer_lib.obj (.text)
                             11e01ec8             : timer_lib.obj (.text)
$.text:__divi:rts6600_elf.lib<divi.obj>$0x0  $Tramp$S$$__c6xabi_divi
   0c035000     11e033d0     11e001f8   mwio4.lib : PEV_INV_LIB.obj (.text)
                             11e00448             : PEV_INV_LIB.obj (.text)
                             11e00470             : PEV_INV_LIB.obj (.text)
                             11e00658             : PEV_INV_LIB.obj (.text)
                             11e00684             : PEV_INV_LIB.obj (.text)
                             11e00a48             : PEV_INV_LIB.obj (.text)
                             11e00b24             : PEV_INV_LIB.obj (.text)
                             11e00bec             : PEV_INV_LIB.obj (.text)

[52 trampolines]
[128 trampoline calls]


GLOBAL SYMBOLS: SORTED ALPHABETICALLY BY Name 

address    name
--------   ----
0c02b1b4   BrakeController
0c035ac0   C$$EXIT
11e01f8c   C6657_timer0_clear
11e01f78   C6657_timer0_clear_eventflag
11e01f38   C6657_timer0_disable_int
11e01ee4   C6657_timer0_enable_int
11e01e70   C6657_timer0_init
11e01e4c   C6657_timer0_init_vector
11e01e40   C6657_timer0_read
11e01e20   C6657_timer0_start
11e01e08   C6657_timer0_stop
11e01df8   C6657_timer0_write
11e01dec   C6657_timer1_clear
11e01de0   C6657_timer1_clear_eventflag
11e01d98   C6657_timer1_disable_int
11e01d44   C6657_timer1_enable_int
11e01cd0   C6657_timer1_init
11e01cac   C6657_timer1_init_vector
11e01ca0   C6657_timer1_read
11e01c80   C6657_timer1_start
11e01c68   C6657_timer1_stop
11e01c58   C6657_timer1_write
11e01c4c   C6657_timer2_clear
11e01c40   C6657_timer2_clear_eventflag
11e01bf8   C6657_timer2_disable_int
11e01ba4   C6657_timer2_enable_int
11e01b30   C6657_timer2_init
11e01ae8   C6657_timer2_init_vector
11e01ad8   C6657_timer2_read
11e01ab4   C6657_timer2_start
11e01aa0   C6657_timer2_stop
11e01a94   C6657_timer2_write
11e01a84   C6657_timer3_hi_clear_eventflag
11e01a2c   C6657_timer3_hi_enable_int
11e019b8   C6657_timer3_hi_init
11e01994   C6657_timer3_hi_init_vector
11e01974   C6657_timer3_hi_start
11e01960   C6657_timer3_hi_stop
11e02a00   CSL2_intcHwControl
11e030b4   CSL2_intcOpen2
11e030a0   CSL2_loadResource
0c035a20   CSL_GPIO_open
11e032a8   CSL_intcGlobalEnable
11e03300   CSL_intcGlobalNmiEnable
11e03240   CSL_intcInterruptDisable
11e03220   CSL_intcInterruptEnable
0c01b30c   CalcDynamicsInit
0c0213e8   CalcFDTDTSOBInit
0c01f570   CalcFDTDWrInit_QmrefInputType
0c029c74   CalcFDTDWrUpdate_QmrefInputType_1st2nd
0c02c2c0   CalcFDTDWrUpdate_QmrefInputType_2nd
0c027b90   CalcFDTDWr_QmrefInputType
0c027724   CalcGravIcmp
0c02a898   CalcHandCmdCircle
0c02bcc4   CalcHandCmdDiamond
0c02b774   CalcHandCmdRectangle
0c02ac58   CalcInverseCmd
0c027864   CalcJl
0c01a984   CalcOffset
0c0293ac   CalcPVGain
0c023b20   CalcPVGainInitCDM
0c02b684   CalcPref2axis
0c02b484   CalcPrefRep2axis
0c02b288   CalcPrefRep3axis
0c028c98   CalcTauLDyn
0c02b0e0   CalcVdcMean
0c02c860   ControlFunction
0c0276a4   DecouplingControl
11e0252c   EMF_EnableIntr_s32
11e02d20   EMF_ErrIntr_vo
11f04a30   EMF_ExtWaitErrCnt_u32s
11f04a2c   EMF_ExtWaitErrInfo_u32s
11e024cc   EMF_Initialization_s32
11e02414   EMF_Read2_s32
11e023a8   EMF_Read3_s32
11e022e0   EMF_ReadFlashRom_s32
11e0222c   EMF_ReadFpgaBoard_s32
11e021b8   EMF_Read_s32
11e02120   EMF_Write2_s32
11e02018   EMF_WriteFlashRom_s32
11e01fa0   EMF_Write_s32
0c03664c   EMIF_IntrErr_sts
0c031808   ENC_batt_alm_en
0c03174c   ENC_get_abm
0c03168c   ENC_get_abs
0c031600   ENC_get_almc
0c031568   ENC_get_status
0c0314a0   ENC_reset_abm
0c0313c8   ENC_reset_abs
0c031300   ENC_reset_err
0c031248   ENC_set_refresh
0c031160   ENC_ss_get_abm
0c031060   ENC_ss_get_abs
0c030fac   ENC_ss_get_start
0c030f00   ENC_ss_init
0c030e4c   ENC_start_abs
0c030da0   ENC_stop_abs
0c026b90   FDTDSOB
0c025da0   FDTD_T_SOB
0c025b40   FDTD_Tm
0c023774   FDTD_Tm_Init
0c033f50   FPGA_get_fpga_ver
0c033f04   FPGA_read
0c033e98   FPGA_read_f32
0c033e20   FPGA_write
0c033d90   FPGA_write_f32
11f043e4   Flag_ARCS_clear
11f043e0   Flag_ARCS_start
11e0306c   GPI_disable_int_vo
11e0304c   GPI_enable_int_vo
11e03024   GPI_init_vo
11e02fd4   GPI_int_ack_vo
11e02f00   GPI_setVector_vo
0c025a8c   GeneratorCircle1st
0c0259e4   GeneratorCircle2nd
0c025938   GeneratorCircle3rd
0c0257a4   GetFilterdSignal
0c01ae8c   GetMultiPositions
0c025770   GetVelocity
0c01ac64   GetVoltAndCurrent
0c03414c   IPFPGA_get_fpga_ver
0c034100   IPFPGA_read
0c034088   IPFPGA_read_f32
0c03400c   IPFPGA_write
0c033f80   IPFPGA_write_f32
11e029d0   IRQ_globalDisable
11e029b0   IRQ_globalEnable
11e029a8   IRQ_globalRestore
0c025750   Integrator_acc_ref
0c025730   Integrator_acc_ref2
0c025710   Integrator_acc_ref3
0c0256f0   Integrator_w_ref
0c0256d0   Integrator_w_ref2
0c0256b0   Integrator_w_ref3
11f043dc   Iq_off
0c035fe8   LPF_motor
0c025570   LimDiffCalcDQ
0c025510   LimitPosCmd
0c019784   Limiter
0c024f14   MW_main
0c01a724   ManyRampGenerator1stAxis
0c01a4c4   ManyRampGenerator2ndAxis
0c01a26c   ManyRampGenerator3rdAxis
11f042cc   ModRatioU
11f042d0   ModRatioV
11f042d4   ModRatioW
11e01914   PEV_abz_clear
11e018e0   PEV_abz_clear_resolver_err
11e018a4   PEV_abz_get_resolver_err
11e01864   PEV_abz_get_resolver_pos
11e01834   PEV_abz_in_pin
11e017e8   PEV_abz_init_maxcount
11e017a4   PEV_abz_read
11e01734   PEV_abz_set_mode
11e016e8   PEV_abz_write
11e01494   PEV_ad_abz_read
11e01460   PEV_ad_disable_int
11e01418   PEV_ad_enable_int
11e012b0   PEV_ad_in_4ch
11e0106c   PEV_ad_in_grp
11e01040   PEV_ad_in_st
11e00fe0   PEV_ad_set_mode
11e00f98   PEV_ad_set_offset
11e00f48   PEV_ad_set_range
11e00f10   PEV_ad_start
0c0357a4   PEV_get_fpga_ver
0c035760   PEV_init
11e00de0   PEV_int_init
11e00da8   PEV_inverter_control_break
11e00d70   PEV_inverter_control_gate
11e00d38   PEV_inverter_disable_int
11e00cf4   PEV_inverter_enable_int
11e00b84   PEV_inverter_init
11e00aa8   PEV_inverter_init_adtrig_timing
11e009b8   PEV_inverter_init_int_timing
11e00958   PEV_inverter_init_refload_timing
11e008d4   PEV_inverter_set_ab
11e007d4   PEV_inverter_set_ra
11e005e8   PEV_inverter_set_uvw
11e003cc   PEV_inverter_set_uvw_br
11e00394   PEV_inverter_start_pwm
11e00360   PEV_inverter_stop_pwm
11e0030c   PEV_sync_ad_init
11e002b4   PEV_sync_ad_out
11e00260   PEV_sync_pwm_init
11e00150   PEV_sync_pwm_out
11e00100   PEV_sync_z_out
11e000c8   PEV_updown_clear_cnt
11e00078   PEV_updown_init_maxcount
11e00034   PEV_updown_read_cnt
11e00000   PEV_updown_set_mode
0c01a224   PIcontroller
0c01a1e0   PIcontroller_withAntiwindup
0c01a1d0   Pcontroller
11f043d4   Ref_Iq_ref_direct
11f043d8   Ref_wM_direct
0c01a1cc   SetBDN
0c01a1c8   SetENC_CH
0c019db8   SetGain
0c019d14   SetLPF
0c019b74   SetRampParams
0c0197a4   SetVoltReferences
0c019180   StateObserver
11f04278   Tm_sub
0c018a00   TriangularAccelerationCommandGenerator
0c018044   TriangularAccelerationCommandGeneratorInit
0c018000   VconPI5Axis
11f0455c   WAVE_ACC_LW8079
11f04560   WAVE_ACC_LW8174
11f04564   WAVE_ACC_LW8174_axis
11f04590   WAVE_AccCmd1
11f04598   WAVE_AccCmd2
11f045a0   WAVE_AccCmd3
11f0481c   WAVE_ENC1
11f04820   WAVE_ENC2
11f04824   WAVE_ENC3
11f04810   WAVE_ENC_temp1
11f04814   WAVE_ENC_temp2
11f04818   WAVE_ENC_temp3
11f03300   WAVE_Enc_error
11f04568   WAVE_Fz
11f04378   WAVE_HandX
11f0437c   WAVE_HandY
11f04380   WAVE_HandZ
11f049b8   WAVE_Icmp1
11f049bc   WAVE_Icmp2
11f049c0   WAVE_Icmp3
11f04804   WAVE_Idc1
11f04808   WAVE_Idc2
11f0480c   WAVE_Idc3
11f049d0   WAVE_Iff_1
11f049d4   WAVE_Iff_2
11f049d8   WAVE_Iff_3
11f048a4   WAVE_Iq1
11f048a8   WAVE_Iq2
11f048ac   WAVE_Iq3
11f04934   WAVE_IrefD1
11f04938   WAVE_IrefD2
11f0493c   WAVE_IrefD3
11f04940   WAVE_IrefQ1
11f04944   WAVE_IrefQ2
11f04948   WAVE_IrefQ3
11f047e0   WAVE_IresD1
11f047e4   WAVE_IresD2
11f047e8   WAVE_IresD3
11f047ec   WAVE_IresQ1
11f047f0   WAVE_IresQ2
11f047f4   WAVE_IresQ3
11f04538   WAVE_IresU1
11f0453c   WAVE_IresU2
11f04540   WAVE_IresU3
11f04544   WAVE_IresV1
11f04548   WAVE_IresV2
11f0454c   WAVE_IresV3
11f04550   WAVE_IresW1
11f04554   WAVE_IresW2
11f04558   WAVE_IresW3
11f048b0   WAVE_Isfb1
11f048b4   WAVE_Isfb2
11f048b8   WAVE_Isfb3
11f047d4   WAVE_Jl_calc1
11f047d8   WAVE_Jl_calc2
11f047dc   WAVE_Jl_calc3
11f0436c   WAVE_Joint1
11f04370   WAVE_Joint2
11f04374   WAVE_Joint3
11f04430   WAVE_Kpp1
11f04460   WAVE_Kpp2
11f04448   WAVE_Kpp3
11f04438   WAVE_Kvi1
11f04468   WAVE_Kvi2
11f04450   WAVE_Kvi3
11f04434   WAVE_Kvp1
11f04464   WAVE_Kvp2
11f0444c   WAVE_Kvp3
11f0430c   WAVE_LoopCount
11f047bc   WAVE_MRBR1
11f047c0   WAVE_MRBR2
11f047c4   WAVE_MRBR3
11f04798   WAVE_MRU1
11f047a4   WAVE_MRU2
11f047b0   WAVE_MRU3
11f0479c   WAVE_MRV1
11f047a8   WAVE_MRV2
11f047b4   WAVE_MRV3
11f047a0   WAVE_MRW1
11f047ac   WAVE_MRW2
11f047b8   WAVE_MRW3
11f04858   WAVE_TRG_WM1
11f0485c   WAVE_TRG_WM2
11f04860   WAVE_TRG_WM3
11f04358   WAVE_TimeACC
11f04364   WAVE_TimeCalcCmd
11f04368   WAVE_TimeCalcInvCmd
11f0432c   WAVE_TimeConv2dq
11f0435c   WAVE_TimeConv2uvw
11f04338   WAVE_TimeGain
11f04324   WAVE_TimeGetEnc
11f0434c   WAVE_TimeGrav
11f04360   WAVE_TimeInsert
11f04334   WAVE_TimeJl
11f04354   WAVE_TimeP_PI
11f04330   WAVE_TimeResRatch
11f04350   WAVE_TimeSOB
11f04328   WAVE_TimeSetWm
11f04344   WAVE_TimeTauLdyn
11f04348   WAVE_TimeTm
11f04340   WAVE_TimeWr
11f0433c   WAVE_TimeWrInit
11f04318   WAVE_Timer0
11f0431c   WAVE_Timer1
11f04320   WAVE_Timer2
11f049ac   WAVE_Tq1
11f049b0   WAVE_Tq2
11f049b4   WAVE_Tq3
11f04578   WAVE_U_modulation
11f049e0   WAVE_VWX
11f049e4   WAVE_VWY
11f049e8   WAVE_VWZ
11f0457c   WAVE_V_modulation
11f047f8   WAVE_Vdc1
11f047fc   WAVE_Vdc2
11f04800   WAVE_Vdc3
11f03310   WAVE_Vdc_ofst
11f04594   WAVE_VelCmd1
11f0459c   WAVE_VelCmd2
11f045a4   WAVE_VelCmd3
11f04964   WAVE_VrefD1
11f0496c   WAVE_VrefD2
11f04974   WAVE_VrefD3
11f0494c   WAVE_VrefD_dcpl1
11f04954   WAVE_VrefD_dcpl2
11f0495c   WAVE_VrefD_dcpl3
11f04968   WAVE_VrefQ1
11f04970   WAVE_VrefQ2
11f04978   WAVE_VrefQ3
11f04950   WAVE_VrefQ_dcpl1
11f04958   WAVE_VrefQ_dcpl2
11f04960   WAVE_VrefQ_dcpl3
11f048ec   WAVE_VrefU1
11f048f8   WAVE_VrefU2
11f04904   WAVE_VrefU3
11f048f0   WAVE_VrefV1
11f048fc   WAVE_VrefV2
11f04908   WAVE_VrefV3
11f048f4   WAVE_VrefW1
11f04900   WAVE_VrefW2
11f0490c   WAVE_VrefW3
11f0456c   WAVE_WSX
11f04570   WAVE_WSY
11f04574   WAVE_WSZ
11f04580   WAVE_W_modulation
11f04478   WAVE_al_calc1
11f04488   WAVE_al_calc2
11f04498   WAVE_al_calc3
11f048c8   WAVE_am_TriAccCmd1
11f048cc   WAVE_am_TriAccCmd2
11f048d0   WAVE_am_TriAccCmd3
11f04518   WAVE_est_ISOB_qs1
11f04524   WAVE_est_ISOB_qs2
11f04530   WAVE_est_ISOB_qs3
11f0451c   WAVE_est_ISOB_wl1
11f04528   WAVE_est_ISOB_wl2
11f04534   WAVE_est_ISOB_wl3
11f04514   WAVE_est_ISOB_wm1
11f04520   WAVE_est_ISOB_wm2
11f0452c   WAVE_est_ISOB_wm3
11f044d0   WAVE_est_conv_qs1
11f044dc   WAVE_est_conv_qs2
11f044e8   WAVE_est_conv_qs3
11f044d4   WAVE_est_conv_wl1
11f044e0   WAVE_est_conv_wl2
11f044ec   WAVE_est_conv_wl3
11f044cc   WAVE_est_conv_wm1
11f044d8   WAVE_est_conv_wm2
11f044e4   WAVE_est_conv_wm3
11f044f4   WAVE_est_prop_qs1
11f04500   WAVE_est_prop_qs2
11f0450c   WAVE_est_prop_qs3
11f044f8   WAVE_est_prop_wl1
11f04504   WAVE_est_prop_wl2
11f04510   WAVE_est_prop_wl3
11f044f0   WAVE_est_prop_wm1
11f044fc   WAVE_est_prop_wm2
11f04508   WAVE_est_prop_wm3
11f044ac   WAVE_est_qs1
11f044b8   WAVE_est_qs2
11f044c4   WAVE_est_qs3
11f044b0   WAVE_est_wl1
11f044bc   WAVE_est_wl2
11f044c8   WAVE_est_wl3
11f044a8   WAVE_est_wm1
11f044b4   WAVE_est_wm2
11f044c0   WAVE_est_wm3
11f04440   WAVE_fqs1
11f04470   WAVE_fqs2
11f04458   WAVE_fqs3
11f04444   WAVE_fwl1
11f04474   WAVE_fwl2
11f0445c   WAVE_fwl3
11f0443c   WAVE_fwm1
11f0446c   WAVE_fwm2
11f04454   WAVE_fwm3
11f04384   WAVE_fx
11f04388   WAVE_fy
11f0438c   WAVE_fz
11f048bc   WAVE_jark1
11f048c0   WAVE_jark2
11f048c4   WAVE_jark3
11f03304   WAVE_ofst_Iu
11f03308   WAVE_ofst_Iv
11f0330c   WAVE_ofst_Iw
11f04994   WAVE_omega_rm1
11f049a0   WAVE_omega_rm1_ref
11f04998   WAVE_omega_rm2
11f049a4   WAVE_omega_rm2_ref
11f0499c   WAVE_omega_rm3
11f049a8   WAVE_omega_rm3_ref
11f04898   WAVE_ql1
11f0489c   WAVE_ql2
11f048a0   WAVE_ql3
11f04480   WAVE_ql_calc1
11f04490   WAVE_ql_calc2
11f044a0   WAVE_ql_calc3
11f04880   WAVE_qm1
11f04884   WAVE_qm2
11f04888   WAVE_qm3
11f048e0   WAVE_qm_TriAccCmd1
11f048e4   WAVE_qm_TriAccCmd2
11f048e8   WAVE_qm_TriAccCmd3
11f0488c   WAVE_qm_ref1
11f04890   WAVE_qm_ref2
11f04894   WAVE_qm_ref3
11f049dc   WAVE_tauL_dyn_2nd
11f047c8   WAVE_tauLdyn1
11f047cc   WAVE_tauLdyn2
11f047d0   WAVE_tauLdyn3
11f0484c   WAVE_theta_re1
11f04850   WAVE_theta_re2
11f04854   WAVE_theta_re3
11f04828   WAVE_theta_rm1
11f0482c   WAVE_theta_rm2
11f04830   WAVE_theta_rm3
11f04840   WAVE_theta_rm_full1
11f04844   WAVE_theta_rm_full2
11f04848   WAVE_theta_rm_full3
11f04834   WAVE_theta_rm_ref1
11f04838   WAVE_theta_rm_ref2
11f0483c   WAVE_theta_rm_ref3
11f0497c   WAVE_vd_lim_dif1
11f04984   WAVE_vd_lim_dif2
11f0498c   WAVE_vd_lim_dif3
11f04980   WAVE_vq_lim_dif1
11f04988   WAVE_vq_lim_dif2
11f04990   WAVE_vq_lim_dif3
11f04910   WAVE_vu_ref_stand1
11f0491c   WAVE_vu_ref_stand2
11f04928   WAVE_vu_ref_stand3
11f04914   WAVE_vv_ref_stand1
11f04920   WAVE_vv_ref_stand2
11f0492c   WAVE_vv_ref_stand3
11f04918   WAVE_vw_ref_stand1
11f04924   WAVE_vw_ref_stand2
11f04930   WAVE_vw_ref_stand3
11f0447c   WAVE_wl_calc1
11f0448c   WAVE_wl_calc2
11f0449c   WAVE_wl_calc3
11f04864   WAVE_wm1
11f04868   WAVE_wm2
11f0486c   WAVE_wm3
11f048d4   WAVE_wm_TriAccCmd1
11f048d8   WAVE_wm_TriAccCmd2
11f048dc   WAVE_wm_TriAccCmd3
11f04484   WAVE_wm_calc1
11f04494   WAVE_wm_calc2
11f044a4   WAVE_wm_calc3
11f04874   WAVE_wm_ref1
11f04878   WAVE_wm_ref2
11f0487c   WAVE_wm_ref3
11f04870   WAVE_wm_ref_org
11f03d40   Wr_DPD
11f03ad0   Wr_sub
11e03380   _CSL2_intcDispatcherDummy
11e032c8   _CSL_intcGlobalDisable
11e0333c   _CSL_intcGlobalExcepClear
11e03314   _CSL_intcGlobalExcepEnable
11e03328   _CSL_intcGlobalExtExcepEnable
11e032e8   _CSL_intcGlobalRestore
11e03260   _CSL_intcInterruptClear
11e03278   _CSL_intcInterruptRestore
11e0326c   _CSL_intcInterruptSet
11e03290   _CSL_intcQueryInterruptStatus
0c038ab8   __TI_CINIT_Base
0c038ad8   __TI_CINIT_Limit
0c038ab0   __TI_Handler_Table_Base
0c038ab8   __TI_Handler_Table_Limit
UNDEFED    __TI_INITARRAY_Base
UNDEFED    __TI_INITARRAY_Limit
11f032b8   __TI_STACK_END
00001000   __TI_STACK_SIZE
11f042d8   __TI_STATIC_BASE
UNDEFED    __TI_TLS_INIT_Base
UNDEFED    __TI_TLS_INIT_Limit
00000001   __TI_args_main
0c035860   __TI_cpp_init
0c035ae0   __TI_decompress_none
0c035b00   __TI_decompress_rle24
0c03651c   __TI_enable_exit_profile_output
ffffffff   __TI_pprof_out_hndl
ffffffff   __TI_prof_data_size
ffffffff   __TI_prof_data_start
0c035340   __TI_tls_init
ffffffff   __binit__
0c032560   __c6xabi_divd
0c033840   __c6xabi_divf
0c035000   __c6xabi_divi
0c0351c0   __c6xabi_divu
0c035a60   __c6xabi_errno_addr
0c0355e0   __c6xabi_fixdu
0c0358c0   __c6xabi_frcmpyd_div
0c035920   __c6xabi_llshru
0c035400   __c6xabi_nround
0c035660   __c6xabi_roundf
0c035a80   __c6xabi_trunc
0c035aa0   __c6xabi_truncf
ffffffff   __c_args__
0c035000   __divi
0c0351c0   __divu
0c03606c   __errno
0c0359e0   _args_main
0c034d00   _auto_init_elf
0c0356e0   _c_int00
0c036514   _cleanup_ptr
0c036518   _dtors_ptr
11f002b0   _mwSinTbl
11f022b8   _stack
0c035ac0   abort
0c034180   acos
11f042c0   ad1
11f042c4   ad2
11f042c8   ad3
0c034aa0   atan2f
0c034e00   atanf
UNDEFED    backward_diff
ffffffff   binit
11e02688   cic0Out2Evnt
0c034f00   copy_in
0c033580   cos
11f04308   counter_2
0c033d68   cvt_to_float_from_u32
0c033d40   cvt_to_u32_from_float
0c0360d0   d_current
11f03318   debug
11f03328   debug2
11f03338   debug3
11f043ec   debug_theta
11f04418   down_rotation_flag2
11f04420   down_rotation_flag3
11f04428   down_rotation_flag5
11f03fb0   dyn
0c03606c   errno
0c0357e0   evmI2CInit
0c035280   exit
0c034360   expf
11f042e4   flag_CalcHandCmd
11f043a0   flag_CircleStart1
11f043a4   flag_CircleStart2
11f043a8   flag_CircleStart3
11f042f8   flag_FBgain
11f04300   flag_FF
11f04310   flag_FF_triple
11f042fc   flag_PPgain
11f04304   flag_SOB
11f042f4   flag_Vdc_setted
11f04314   flag_cmd_end
11f042d8   flag_cont_start
11f042dc   flag_dead
11f042e8   flag_debug
11f042f0   flag_delay
11f042e0   flag_dyn_payload
11f043ac   flag_end1
11f043b0   flag_end2
11f043b4   flag_end3
11f04398   flag_first_back
11f04394   flag_first_go
11f0439c   flag_hard
11f043b8   flag_on
11f042ec   flag_pv
11f04390   flag_reposition
0c034680   frexpf
11f00270   gpio_int_map
11f04130   gsub
11f04a34   hGpio
0c031e14   i2cEepromGetStatus2
0c031c98   i2cEepromRead2
0c031908   i2cEepromWriteBlock2
0c031b80   i2cEepromWriteByteAddr2
11e02968   int_begin_nestint
11e02918   int_end_nestint
11f00170   intcObj
11f03348   joint
0c0347e0   ldexpf
11f04410   left_rotation_flag
11f043f0   load_angle_limit_deg1
11f043f4   load_angle_limit_deg2
11f043f8   load_angle_limit_deg3
11f043fc   load_angle_limit_deg5
11f04400   load_angle_limit_rad1
11f04404   load_angle_limit_rad2
11f04408   load_angle_limit_rad3
11f0440c   load_angle_limit_rad5
0c035a40   main
0c0354a0   memcpy
0c0350e0   memset
0c035540   modf
0c035980   modff
0c033544   mw_Osal_platformSpiCsEnter
0c033530   mw_Osal_platformSpiCsExit
11f04790   mw_gp__CSL_intcCpuIntrTable
0c033138   mw_nor_erase
0c0330cc   mw_nor_get_details
0c033058   mw_nor_init
0c032fa4   mw_nor_read
0c032ee0   mw_nor_write
0c033510   mw_platform_delaycycles
0c0334a4   mw_platform_device_close
0c033464   mw_platform_device_erase_block
0c03338c   mw_platform_device_open
0c0332f0   mw_platform_device_read
0c033254   mw_platform_device_write
11f04794   mw_platform_errno
11e03360   mw_setVect
0c032d58   mw_spi_claim
0c032cec   mw_spi_cmd
0c032ce0   mw_spi_cmd_read
0c032cd0   mw_spi_cmd_write
0c032c64   mw_spi_release
0c032b20   mw_spi_xfer
11e02904   mwintc_clearSysInterrupt
11e028ec   mwintc_disableHostInterrupt
11e028d4   mwintc_disableSysInterrupt
11e028c0   mwintc_enableHostInterrupt
11e028a8   mwintc_enableSysInterrupt
11e02878   mwintc_getInterruptStatus
11e02860   mwintc_mapSystemIntrToChannel
11e02714   mwintc_setup
11e02794   mwintc_setup2
11e025f4   mwintc_setupApp
11f03970   ob_sub
0c033240   platform_write
0c036118   position
0c031f80   powf
0c036160   q_current
0c0362f8   range
11f04584   ref_Iq_direct1
11f04588   ref_Iq_direct2
11f0458c   ref_Iq_direct3
11f049c4   ref_Iq_freq_direct1
11f049c8   ref_Iq_freq_direct2
11f049cc   ref_Iq_freq_direct3
11f043e8   ref_wm_direct
11f04414   right_rotation_flag
0c035e20   sen
0c033ac0   sin
0c034940   sqrt
0c034be0   sqrtf
11f043c8   start_back1
11f043cc   start_back2
11f043d0   start_back3
11f043bc   start_go1
11f043c0   start_go2
11f043c4   start_go3
11f04784   tmr1regs
11f04788   tmr2regs
11f0478c   tmr3regs
11f040b8   tri
11f0441c   up_rotation_flag2
11f04424   up_rotation_flag3
11f0442c   up_rotation_flag5
0c0361a8   velocity


GLOBAL SYMBOLS: SORTED BY Symbol Address 

address    name
--------   ----
00000001   __TI_args_main
00001000   __TI_STACK_SIZE
0c018000   VconPI5Axis
0c018044   TriangularAccelerationCommandGeneratorInit
0c018a00   TriangularAccelerationCommandGenerator
0c019180   StateObserver
0c019784   Limiter
0c0197a4   SetVoltReferences
0c019b74   SetRampParams
0c019d14   SetLPF
0c019db8   SetGain
0c01a1c8   SetENC_CH
0c01a1cc   SetBDN
0c01a1d0   Pcontroller
0c01a1e0   PIcontroller_withAntiwindup
0c01a224   PIcontroller
0c01a26c   ManyRampGenerator3rdAxis
0c01a4c4   ManyRampGenerator2ndAxis
0c01a724   ManyRampGenerator1stAxis
0c01a984   CalcOffset
0c01ac64   GetVoltAndCurrent
0c01ae8c   GetMultiPositions
0c01b30c   CalcDynamicsInit
0c01f570   CalcFDTDWrInit_QmrefInputType
0c0213e8   CalcFDTDTSOBInit
0c023774   FDTD_Tm_Init
0c023b20   CalcPVGainInitCDM
0c024f14   MW_main
0c025510   LimitPosCmd
0c025570   LimDiffCalcDQ
0c0256b0   Integrator_w_ref3
0c0256d0   Integrator_w_ref2
0c0256f0   Integrator_w_ref
0c025710   Integrator_acc_ref3
0c025730   Integrator_acc_ref2
0c025750   Integrator_acc_ref
0c025770   GetVelocity
0c0257a4   GetFilterdSignal
0c025938   GeneratorCircle3rd
0c0259e4   GeneratorCircle2nd
0c025a8c   GeneratorCircle1st
0c025b40   FDTD_Tm
0c025da0   FDTD_T_SOB
0c026b90   FDTDSOB
0c0276a4   DecouplingControl
0c027724   CalcGravIcmp
0c027864   CalcJl
0c027b90   CalcFDTDWr_QmrefInputType
0c028c98   CalcTauLDyn
0c0293ac   CalcPVGain
0c029c74   CalcFDTDWrUpdate_QmrefInputType_1st2nd
0c02a898   CalcHandCmdCircle
0c02ac58   CalcInverseCmd
0c02b0e0   CalcVdcMean
0c02b1b4   BrakeController
0c02b288   CalcPrefRep3axis
0c02b484   CalcPrefRep2axis
0c02b684   CalcPref2axis
0c02b774   CalcHandCmdRectangle
0c02bcc4   CalcHandCmdDiamond
0c02c2c0   CalcFDTDWrUpdate_QmrefInputType_2nd
0c02c860   ControlFunction
0c030da0   ENC_stop_abs
0c030e4c   ENC_start_abs
0c030f00   ENC_ss_init
0c030fac   ENC_ss_get_start
0c031060   ENC_ss_get_abs
0c031160   ENC_ss_get_abm
0c031248   ENC_set_refresh
0c031300   ENC_reset_err
0c0313c8   ENC_reset_abs
0c0314a0   ENC_reset_abm
0c031568   ENC_get_status
0c031600   ENC_get_almc
0c03168c   ENC_get_abs
0c03174c   ENC_get_abm
0c031808   ENC_batt_alm_en
0c031908   i2cEepromWriteBlock2
0c031b80   i2cEepromWriteByteAddr2
0c031c98   i2cEepromRead2
0c031e14   i2cEepromGetStatus2
0c031f80   powf
0c032560   __c6xabi_divd
0c032b20   mw_spi_xfer
0c032c64   mw_spi_release
0c032cd0   mw_spi_cmd_write
0c032ce0   mw_spi_cmd_read
0c032cec   mw_spi_cmd
0c032d58   mw_spi_claim
0c032ee0   mw_nor_write
0c032fa4   mw_nor_read
0c033058   mw_nor_init
0c0330cc   mw_nor_get_details
0c033138   mw_nor_erase
0c033240   platform_write
0c033254   mw_platform_device_write
0c0332f0   mw_platform_device_read
0c03338c   mw_platform_device_open
0c033464   mw_platform_device_erase_block
0c0334a4   mw_platform_device_close
0c033510   mw_platform_delaycycles
0c033530   mw_Osal_platformSpiCsExit
0c033544   mw_Osal_platformSpiCsEnter
0c033580   cos
0c033840   __c6xabi_divf
0c033ac0   sin
0c033d40   cvt_to_u32_from_float
0c033d68   cvt_to_float_from_u32
0c033d90   FPGA_write_f32
0c033e20   FPGA_write
0c033e98   FPGA_read_f32
0c033f04   FPGA_read
0c033f50   FPGA_get_fpga_ver
0c033f80   IPFPGA_write_f32
0c03400c   IPFPGA_write
0c034088   IPFPGA_read_f32
0c034100   IPFPGA_read
0c03414c   IPFPGA_get_fpga_ver
0c034180   acos
0c034360   expf
0c034680   frexpf
0c0347e0   ldexpf
0c034940   sqrt
0c034aa0   atan2f
0c034be0   sqrtf
0c034d00   _auto_init_elf
0c034e00   atanf
0c034f00   copy_in
0c035000   __c6xabi_divi
0c035000   __divi
0c0350e0   memset
0c0351c0   __c6xabi_divu
0c0351c0   __divu
0c035280   exit
0c035340   __TI_tls_init
0c035400   __c6xabi_nround
0c0354a0   memcpy
0c035540   modf
0c0355e0   __c6xabi_fixdu
0c035660   __c6xabi_roundf
0c0356e0   _c_int00
0c035760   PEV_init
0c0357a4   PEV_get_fpga_ver
0c0357e0   evmI2CInit
0c035860   __TI_cpp_init
0c0358c0   __c6xabi_frcmpyd_div
0c035920   __c6xabi_llshru
0c035980   modff
0c0359e0   _args_main
0c035a20   CSL_GPIO_open
0c035a40   main
0c035a60   __c6xabi_errno_addr
0c035a80   __c6xabi_trunc
0c035aa0   __c6xabi_truncf
0c035ac0   C$$EXIT
0c035ac0   abort
0c035ae0   __TI_decompress_none
0c035b00   __TI_decompress_rle24
0c035e20   sen
0c035fe8   LPF_motor
0c03606c   __errno
0c03606c   errno
0c0360d0   d_current
0c036118   position
0c036160   q_current
0c0361a8   velocity
0c0362f8   range
0c036514   _cleanup_ptr
0c036518   _dtors_ptr
0c03651c   __TI_enable_exit_profile_output
0c03664c   EMIF_IntrErr_sts
0c038ab0   __TI_Handler_Table_Base
0c038ab8   __TI_CINIT_Base
0c038ab8   __TI_Handler_Table_Limit
0c038ad8   __TI_CINIT_Limit
11e00000   PEV_updown_set_mode
11e00034   PEV_updown_read_cnt
11e00078   PEV_updown_init_maxcount
11e000c8   PEV_updown_clear_cnt
11e00100   PEV_sync_z_out
11e00150   PEV_sync_pwm_out
11e00260   PEV_sync_pwm_init
11e002b4   PEV_sync_ad_out
11e0030c   PEV_sync_ad_init
11e00360   PEV_inverter_stop_pwm
11e00394   PEV_inverter_start_pwm
11e003cc   PEV_inverter_set_uvw_br
11e005e8   PEV_inverter_set_uvw
11e007d4   PEV_inverter_set_ra
11e008d4   PEV_inverter_set_ab
11e00958   PEV_inverter_init_refload_timing
11e009b8   PEV_inverter_init_int_timing
11e00aa8   PEV_inverter_init_adtrig_timing
11e00b84   PEV_inverter_init
11e00cf4   PEV_inverter_enable_int
11e00d38   PEV_inverter_disable_int
11e00d70   PEV_inverter_control_gate
11e00da8   PEV_inverter_control_break
11e00de0   PEV_int_init
11e00f10   PEV_ad_start
11e00f48   PEV_ad_set_range
11e00f98   PEV_ad_set_offset
11e00fe0   PEV_ad_set_mode
11e01040   PEV_ad_in_st
11e0106c   PEV_ad_in_grp
11e012b0   PEV_ad_in_4ch
11e01418   PEV_ad_enable_int
11e01460   PEV_ad_disable_int
11e01494   PEV_ad_abz_read
11e016e8   PEV_abz_write
11e01734   PEV_abz_set_mode
11e017a4   PEV_abz_read
11e017e8   PEV_abz_init_maxcount
11e01834   PEV_abz_in_pin
11e01864   PEV_abz_get_resolver_pos
11e018a4   PEV_abz_get_resolver_err
11e018e0   PEV_abz_clear_resolver_err
11e01914   PEV_abz_clear
11e01960   C6657_timer3_hi_stop
11e01974   C6657_timer3_hi_start
11e01994   C6657_timer3_hi_init_vector
11e019b8   C6657_timer3_hi_init
11e01a2c   C6657_timer3_hi_enable_int
11e01a84   C6657_timer3_hi_clear_eventflag
11e01a94   C6657_timer2_write
11e01aa0   C6657_timer2_stop
11e01ab4   C6657_timer2_start
11e01ad8   C6657_timer2_read
11e01ae8   C6657_timer2_init_vector
11e01b30   C6657_timer2_init
11e01ba4   C6657_timer2_enable_int
11e01bf8   C6657_timer2_disable_int
11e01c40   C6657_timer2_clear_eventflag
11e01c4c   C6657_timer2_clear
11e01c58   C6657_timer1_write
11e01c68   C6657_timer1_stop
11e01c80   C6657_timer1_start
11e01ca0   C6657_timer1_read
11e01cac   C6657_timer1_init_vector
11e01cd0   C6657_timer1_init
11e01d44   C6657_timer1_enable_int
11e01d98   C6657_timer1_disable_int
11e01de0   C6657_timer1_clear_eventflag
11e01dec   C6657_timer1_clear
11e01df8   C6657_timer0_write
11e01e08   C6657_timer0_stop
11e01e20   C6657_timer0_start
11e01e40   C6657_timer0_read
11e01e4c   C6657_timer0_init_vector
11e01e70   C6657_timer0_init
11e01ee4   C6657_timer0_enable_int
11e01f38   C6657_timer0_disable_int
11e01f78   C6657_timer0_clear_eventflag
11e01f8c   C6657_timer0_clear
11e01fa0   EMF_Write_s32
11e02018   EMF_WriteFlashRom_s32
11e02120   EMF_Write2_s32
11e021b8   EMF_Read_s32
11e0222c   EMF_ReadFpgaBoard_s32
11e022e0   EMF_ReadFlashRom_s32
11e023a8   EMF_Read3_s32
11e02414   EMF_Read2_s32
11e024cc   EMF_Initialization_s32
11e0252c   EMF_EnableIntr_s32
11e025f4   mwintc_setupApp
11e02688   cic0Out2Evnt
11e02714   mwintc_setup
11e02794   mwintc_setup2
11e02860   mwintc_mapSystemIntrToChannel
11e02878   mwintc_getInterruptStatus
11e028a8   mwintc_enableSysInterrupt
11e028c0   mwintc_enableHostInterrupt
11e028d4   mwintc_disableSysInterrupt
11e028ec   mwintc_disableHostInterrupt
11e02904   mwintc_clearSysInterrupt
11e02918   int_end_nestint
11e02968   int_begin_nestint
11e029a8   IRQ_globalRestore
11e029b0   IRQ_globalEnable
11e029d0   IRQ_globalDisable
11e02a00   CSL2_intcHwControl
11e02d20   EMF_ErrIntr_vo
11e02f00   GPI_setVector_vo
11e02fd4   GPI_int_ack_vo
11e03024   GPI_init_vo
11e0304c   GPI_enable_int_vo
11e0306c   GPI_disable_int_vo
11e030a0   CSL2_loadResource
11e030b4   CSL2_intcOpen2
11e03220   CSL_intcInterruptEnable
11e03240   CSL_intcInterruptDisable
11e03260   _CSL_intcInterruptClear
11e0326c   _CSL_intcInterruptSet
11e03278   _CSL_intcInterruptRestore
11e03290   _CSL_intcQueryInterruptStatus
11e032a8   CSL_intcGlobalEnable
11e032c8   _CSL_intcGlobalDisable
11e032e8   _CSL_intcGlobalRestore
11e03300   CSL_intcGlobalNmiEnable
11e03314   _CSL_intcGlobalExcepEnable
11e03328   _CSL_intcGlobalExtExcepEnable
11e0333c   _CSL_intcGlobalExcepClear
11e03360   mw_setVect
11e03380   _CSL2_intcDispatcherDummy
11f00170   intcObj
11f00270   gpio_int_map
11f002b0   _mwSinTbl
11f022b8   _stack
11f032b8   __TI_STACK_END
11f03300   WAVE_Enc_error
11f03304   WAVE_ofst_Iu
11f03308   WAVE_ofst_Iv
11f0330c   WAVE_ofst_Iw
11f03310   WAVE_Vdc_ofst
11f03318   debug
11f03328   debug2
11f03338   debug3
11f03348   joint
11f03970   ob_sub
11f03ad0   Wr_sub
11f03d40   Wr_DPD
11f03fb0   dyn
11f040b8   tri
11f04130   gsub
11f04278   Tm_sub
11f042c0   ad1
11f042c4   ad2
11f042c8   ad3
11f042cc   ModRatioU
11f042d0   ModRatioV
11f042d4   ModRatioW
11f042d8   __TI_STATIC_BASE
11f042d8   flag_cont_start
11f042dc   flag_dead
11f042e0   flag_dyn_payload
11f042e4   flag_CalcHandCmd
11f042e8   flag_debug
11f042ec   flag_pv
11f042f0   flag_delay
11f042f4   flag_Vdc_setted
11f042f8   flag_FBgain
11f042fc   flag_PPgain
11f04300   flag_FF
11f04304   flag_SOB
11f04308   counter_2
11f0430c   WAVE_LoopCount
11f04310   flag_FF_triple
11f04314   flag_cmd_end
11f04318   WAVE_Timer0
11f0431c   WAVE_Timer1
11f04320   WAVE_Timer2
11f04324   WAVE_TimeGetEnc
11f04328   WAVE_TimeSetWm
11f0432c   WAVE_TimeConv2dq
11f04330   WAVE_TimeResRatch
11f04334   WAVE_TimeJl
11f04338   WAVE_TimeGain
11f0433c   WAVE_TimeWrInit
11f04340   WAVE_TimeWr
11f04344   WAVE_TimeTauLdyn
11f04348   WAVE_TimeTm
11f0434c   WAVE_TimeGrav
11f04350   WAVE_TimeSOB
11f04354   WAVE_TimeP_PI
11f04358   WAVE_TimeACC
11f0435c   WAVE_TimeConv2uvw
11f04360   WAVE_TimeInsert
11f04364   WAVE_TimeCalcCmd
11f04368   WAVE_TimeCalcInvCmd
11f0436c   WAVE_Joint1
11f04370   WAVE_Joint2
11f04374   WAVE_Joint3
11f04378   WAVE_HandX
11f0437c   WAVE_HandY
11f04380   WAVE_HandZ
11f04384   WAVE_fx
11f04388   WAVE_fy
11f0438c   WAVE_fz
11f04390   flag_reposition
11f04394   flag_first_go
11f04398   flag_first_back
11f0439c   flag_hard
11f043a0   flag_CircleStart1
11f043a4   flag_CircleStart2
11f043a8   flag_CircleStart3
11f043ac   flag_end1
11f043b0   flag_end2
11f043b4   flag_end3
11f043b8   flag_on
11f043bc   start_go1
11f043c0   start_go2
11f043c4   start_go3
11f043c8   start_back1
11f043cc   start_back2
11f043d0   start_back3
11f043d4   Ref_Iq_ref_direct
11f043d8   Ref_wM_direct
11f043dc   Iq_off
11f043e0   Flag_ARCS_start
11f043e4   Flag_ARCS_clear
11f043e8   ref_wm_direct
11f043ec   debug_theta
11f043f0   load_angle_limit_deg1
11f043f4   load_angle_limit_deg2
11f043f8   load_angle_limit_deg3
11f043fc   load_angle_limit_deg5
11f04400   load_angle_limit_rad1
11f04404   load_angle_limit_rad2
11f04408   load_angle_limit_rad3
11f0440c   load_angle_limit_rad5
11f04410   left_rotation_flag
11f04414   right_rotation_flag
11f04418   down_rotation_flag2
11f0441c   up_rotation_flag2
11f04420   down_rotation_flag3
11f04424   up_rotation_flag3
11f04428   down_rotation_flag5
11f0442c   up_rotation_flag5
11f04430   WAVE_Kpp1
11f04434   WAVE_Kvp1
11f04438   WAVE_Kvi1
11f0443c   WAVE_fwm1
11f04440   WAVE_fqs1
11f04444   WAVE_fwl1
11f04448   WAVE_Kpp3
11f0444c   WAVE_Kvp3
11f04450   WAVE_Kvi3
11f04454   WAVE_fwm3
11f04458   WAVE_fqs3
11f0445c   WAVE_fwl3
11f04460   WAVE_Kpp2
11f04464   WAVE_Kvp2
11f04468   WAVE_Kvi2
11f0446c   WAVE_fwm2
11f04470   WAVE_fqs2
11f04474   WAVE_fwl2
11f04478   WAVE_al_calc1
11f0447c   WAVE_wl_calc1
11f04480   WAVE_ql_calc1
11f04484   WAVE_wm_calc1
11f04488   WAVE_al_calc2
11f0448c   WAVE_wl_calc2
11f04490   WAVE_ql_calc2
11f04494   WAVE_wm_calc2
11f04498   WAVE_al_calc3
11f0449c   WAVE_wl_calc3
11f044a0   WAVE_ql_calc3
11f044a4   WAVE_wm_calc3
11f044a8   WAVE_est_wm1
11f044ac   WAVE_est_qs1
11f044b0   WAVE_est_wl1
11f044b4   WAVE_est_wm2
11f044b8   WAVE_est_qs2
11f044bc   WAVE_est_wl2
11f044c0   WAVE_est_wm3
11f044c4   WAVE_est_qs3
11f044c8   WAVE_est_wl3
11f044cc   WAVE_est_conv_wm1
11f044d0   WAVE_est_conv_qs1
11f044d4   WAVE_est_conv_wl1
11f044d8   WAVE_est_conv_wm2
11f044dc   WAVE_est_conv_qs2
11f044e0   WAVE_est_conv_wl2
11f044e4   WAVE_est_conv_wm3
11f044e8   WAVE_est_conv_qs3
11f044ec   WAVE_est_conv_wl3
11f044f0   WAVE_est_prop_wm1
11f044f4   WAVE_est_prop_qs1
11f044f8   WAVE_est_prop_wl1
11f044fc   WAVE_est_prop_wm2
11f04500   WAVE_est_prop_qs2
11f04504   WAVE_est_prop_wl2
11f04508   WAVE_est_prop_wm3
11f0450c   WAVE_est_prop_qs3
11f04510   WAVE_est_prop_wl3
11f04514   WAVE_est_ISOB_wm1
11f04518   WAVE_est_ISOB_qs1
11f0451c   WAVE_est_ISOB_wl1
11f04520   WAVE_est_ISOB_wm2
11f04524   WAVE_est_ISOB_qs2
11f04528   WAVE_est_ISOB_wl2
11f0452c   WAVE_est_ISOB_wm3
11f04530   WAVE_est_ISOB_qs3
11f04534   WAVE_est_ISOB_wl3
11f04538   WAVE_IresU1
11f0453c   WAVE_IresU2
11f04540   WAVE_IresU3
11f04544   WAVE_IresV1
11f04548   WAVE_IresV2
11f0454c   WAVE_IresV3
11f04550   WAVE_IresW1
11f04554   WAVE_IresW2
11f04558   WAVE_IresW3
11f0455c   WAVE_ACC_LW8079
11f04560   WAVE_ACC_LW8174
11f04564   WAVE_ACC_LW8174_axis
11f04568   WAVE_Fz
11f0456c   WAVE_WSX
11f04570   WAVE_WSY
11f04574   WAVE_WSZ
11f04578   WAVE_U_modulation
11f0457c   WAVE_V_modulation
11f04580   WAVE_W_modulation
11f04584   ref_Iq_direct1
11f04588   ref_Iq_direct2
11f0458c   ref_Iq_direct3
11f04590   WAVE_AccCmd1
11f04594   WAVE_VelCmd1
11f04598   WAVE_AccCmd2
11f0459c   WAVE_VelCmd2
11f045a0   WAVE_AccCmd3
11f045a4   WAVE_VelCmd3
11f04784   tmr1regs
11f04788   tmr2regs
11f0478c   tmr3regs
11f04790   mw_gp__CSL_intcCpuIntrTable
11f04794   mw_platform_errno
11f04798   WAVE_MRU1
11f0479c   WAVE_MRV1
11f047a0   WAVE_MRW1
11f047a4   WAVE_MRU2
11f047a8   WAVE_MRV2
11f047ac   WAVE_MRW2
11f047b0   WAVE_MRU3
11f047b4   WAVE_MRV3
11f047b8   WAVE_MRW3
11f047bc   WAVE_MRBR1
11f047c0   WAVE_MRBR2
11f047c4   WAVE_MRBR3
11f047c8   WAVE_tauLdyn1
11f047cc   WAVE_tauLdyn2
11f047d0   WAVE_tauLdyn3
11f047d4   WAVE_Jl_calc1
11f047d8   WAVE_Jl_calc2
11f047dc   WAVE_Jl_calc3
11f047e0   WAVE_IresD1
11f047e4   WAVE_IresD2
11f047e8   WAVE_IresD3
11f047ec   WAVE_IresQ1
11f047f0   WAVE_IresQ2
11f047f4   WAVE_IresQ3
11f047f8   WAVE_Vdc1
11f047fc   WAVE_Vdc2
11f04800   WAVE_Vdc3
11f04804   WAVE_Idc1
11f04808   WAVE_Idc2
11f0480c   WAVE_Idc3
11f04810   WAVE_ENC_temp1
11f04814   WAVE_ENC_temp2
11f04818   WAVE_ENC_temp3
11f0481c   WAVE_ENC1
11f04820   WAVE_ENC2
11f04824   WAVE_ENC3
11f04828   WAVE_theta_rm1
11f0482c   WAVE_theta_rm2
11f04830   WAVE_theta_rm3
11f04834   WAVE_theta_rm_ref1
11f04838   WAVE_theta_rm_ref2
11f0483c   WAVE_theta_rm_ref3
11f04840   WAVE_theta_rm_full1
11f04844   WAVE_theta_rm_full2
11f04848   WAVE_theta_rm_full3
11f0484c   WAVE_theta_re1
11f04850   WAVE_theta_re2
11f04854   WAVE_theta_re3
11f04858   WAVE_TRG_WM1
11f0485c   WAVE_TRG_WM2
11f04860   WAVE_TRG_WM3
11f04864   WAVE_wm1
11f04868   WAVE_wm2
11f0486c   WAVE_wm3
11f04870   WAVE_wm_ref_org
11f04874   WAVE_wm_ref1
11f04878   WAVE_wm_ref2
11f0487c   WAVE_wm_ref3
11f04880   WAVE_qm1
11f04884   WAVE_qm2
11f04888   WAVE_qm3
11f0488c   WAVE_qm_ref1
11f04890   WAVE_qm_ref2
11f04894   WAVE_qm_ref3
11f04898   WAVE_ql1
11f0489c   WAVE_ql2
11f048a0   WAVE_ql3
11f048a4   WAVE_Iq1
11f048a8   WAVE_Iq2
11f048ac   WAVE_Iq3
11f048b0   WAVE_Isfb1
11f048b4   WAVE_Isfb2
11f048b8   WAVE_Isfb3
11f048bc   WAVE_jark1
11f048c0   WAVE_jark2
11f048c4   WAVE_jark3
11f048c8   WAVE_am_TriAccCmd1
11f048cc   WAVE_am_TriAccCmd2
11f048d0   WAVE_am_TriAccCmd3
11f048d4   WAVE_wm_TriAccCmd1
11f048d8   WAVE_wm_TriAccCmd2
11f048dc   WAVE_wm_TriAccCmd3
11f048e0   WAVE_qm_TriAccCmd1
11f048e4   WAVE_qm_TriAccCmd2
11f048e8   WAVE_qm_TriAccCmd3
11f048ec   WAVE_VrefU1
11f048f0   WAVE_VrefV1
11f048f4   WAVE_VrefW1
11f048f8   WAVE_VrefU2
11f048fc   WAVE_VrefV2
11f04900   WAVE_VrefW2
11f04904   WAVE_VrefU3
11f04908   WAVE_VrefV3
11f0490c   WAVE_VrefW3
11f04910   WAVE_vu_ref_stand1
11f04914   WAVE_vv_ref_stand1
11f04918   WAVE_vw_ref_stand1
11f0491c   WAVE_vu_ref_stand2
11f04920   WAVE_vv_ref_stand2
11f04924   WAVE_vw_ref_stand2
11f04928   WAVE_vu_ref_stand3
11f0492c   WAVE_vv_ref_stand3
11f04930   WAVE_vw_ref_stand3
11f04934   WAVE_IrefD1
11f04938   WAVE_IrefD2
11f0493c   WAVE_IrefD3
11f04940   WAVE_IrefQ1
11f04944   WAVE_IrefQ2
11f04948   WAVE_IrefQ3
11f0494c   WAVE_VrefD_dcpl1
11f04950   WAVE_VrefQ_dcpl1
11f04954   WAVE_VrefD_dcpl2
11f04958   WAVE_VrefQ_dcpl2
11f0495c   WAVE_VrefD_dcpl3
11f04960   WAVE_VrefQ_dcpl3
11f04964   WAVE_VrefD1
11f04968   WAVE_VrefQ1
11f0496c   WAVE_VrefD2
11f04970   WAVE_VrefQ2
11f04974   WAVE_VrefD3
11f04978   WAVE_VrefQ3
11f0497c   WAVE_vd_lim_dif1
11f04980   WAVE_vq_lim_dif1
11f04984   WAVE_vd_lim_dif2
11f04988   WAVE_vq_lim_dif2
11f0498c   WAVE_vd_lim_dif3
11f04990   WAVE_vq_lim_dif3
11f04994   WAVE_omega_rm1
11f04998   WAVE_omega_rm2
11f0499c   WAVE_omega_rm3
11f049a0   WAVE_omega_rm1_ref
11f049a4   WAVE_omega_rm2_ref
11f049a8   WAVE_omega_rm3_ref
11f049ac   WAVE_Tq1
11f049b0   WAVE_Tq2
11f049b4   WAVE_Tq3
11f049b8   WAVE_Icmp1
11f049bc   WAVE_Icmp2
11f049c0   WAVE_Icmp3
11f049c4   ref_Iq_freq_direct1
11f049c8   ref_Iq_freq_direct2
11f049cc   ref_Iq_freq_direct3
11f049d0   WAVE_Iff_1
11f049d4   WAVE_Iff_2
11f049d8   WAVE_Iff_3
11f049dc   WAVE_tauL_dyn_2nd
11f049e0   WAVE_VWX
11f049e4   WAVE_VWY
11f049e8   WAVE_VWZ
11f04a2c   EMF_ExtWaitErrInfo_u32s
11f04a30   EMF_ExtWaitErrCnt_u32s
11f04a34   hGpio
ffffffff   __TI_pprof_out_hndl
ffffffff   __TI_prof_data_size
ffffffff   __TI_prof_data_start
ffffffff   __binit__
ffffffff   __c_args__
ffffffff   binit
UNDEFED    __TI_INITARRAY_Base
UNDEFED    __TI_INITARRAY_Limit
UNDEFED    __TI_TLS_INIT_Base
UNDEFED    __TI_TLS_INIT_Limit
UNDEFED    backward_diff

[680 symbols]
