******************************************************************************
               TMS320C6x Linker PC v7.4.24                     
******************************************************************************
>> Linked Mon Dec 15 13:38:19 2025

OUTPUT FILE NAME:   <current_control_ver2_new.out>
ENTRY POINT SYMBOL: "_c_int00"  address: 0c040700


MEMORY CONFIGURATION

         name            origin    length      used     unused   attr    fill
----------------------  --------  ---------  --------  --------  ----  --------
  IPC_ISR_REG           02620244   00000004  00000000  00000004  RWIX
  DDR3_INIT_CODE        0c000000   00018000  00000000  00018000  RW X
  USER_SRAM_1_4         0c018000   000e8000  0002bf1c  000bc0e4  RWIX
  KNL0_SRAM_1_4         10800000   000fff80  00000000  000fff80  RWIX
  KNL0_BOOT_AREA        108fff80   0000007c  00000000  0000007c  RWIX
  KNL0_MAGIC_ADDRESS    108ffffc   00000004  00000000  00000004  RWIX
  CTRL_PARAS            11800000   00000100  00000000  00000100  RWIX
  KNL1_SRAM_1_2         11800100   0003ff00  00000000  0003ff00  RWIX
  CSL_INTC              11840000   00010000  00000000  00010000  RWIX
  USER_MAGIC_ADDRESS    118fff80   00000004  00000000  00000004  R   
  KNL1_BOOT_AREA        118fff84   00000078  00000000  00000078  RWIX
  KNL1_MAGIC_ADDRESS    118ffffc   00000004  00000000  00000004  RWIX
  USER_SRAM_2_4         11e00000   00008000  000033e0  00004c20  RWIX
  USER_SRAM_3_4         11f00000   00008000  000050a4  00002f5c  RWIX
  TI_BOOT_ROM           20b00000   00020000  00000000  00020000  RWIX
  KNL0_SRAM_2_4         80000000   000fe000  00000000  000fe000  RWIX
  USER_SRAM_4_4         80100000   01800000  00000000  01800000  RWIX
  KNL0_SRAM_3_4         82000000   0d000000  00000000  0d000000  RWIX
  KNL0_SRAM_4_4         8f000000   01000000  00000000  01000000  RWIX
  KNL1_SRAM_2_2         90000000   10000000  00000000  10000000  RWIX


SEGMENT ALLOCATION MAP

run origin  load origin   length   init length attrs members
----------  ----------- ---------- ----------- ----- -------
0c018000    0c018000    00028e40   00028e40    r-x
  0c018000    0c018000    00028e40   00028e40    r-x .text
0c040e40    0c040e40    00000b2c   00000b2c    rw-
  0c040e40    0c040e40    00000b2c   00000b2c    rw- .fardata
0c041980    0c041980    00000098   00000098    r--
  0c041980    0c041980    00000098   00000098    r-- .const
0c041a18    0c041a18    00000058   00000000    rw-
  0c041a18    0c041a18    00000058   00000000    rw- .far
0c041a80    0c041a80    00000010   00000010    r--
  0c041a80    0c041a80    00000010   00000010    r-- .switch
0c041b00    0c041b00    000024b0   000024b0    r--
  0c041b00    0c041b00    000024b0   000024b0    r-- .cinit
11e00000    11e00000    000033e0   000033e0    r-x
  11e00000    11e00000    000033e0   000033e0    r-x .text_2
11f00000    11f00000    000022b8   000022b8    rw-
  11f00000    11f00000    000022b8   000022b8    rw- .data_2
11f02300    11f02300    00002328   00001328    rw-
  11f02300    11f02300    00001328   00001328    rw- .DATA_ON_HIGHER_SPEED
  11f03628    11f03628    00001000   00000000    rw- .stack
11f04628    11f04628    00000ac4   00000750    rw-
  11f04628    11f04628    00000750   00000750    rw- .neardata
  11f04d78    11f04d78    00000374   00000000    rw- .bss


SECTION ALLOCATION MAP

 output                                  attributes/
section   page    origin      length       input sections
--------  ----  ----------  ----------   ----------------
.text      0    0c018000    00028e40     
                  0c018000    0001ebc0     current_control_ver2_new.obj (.text)
                  0c036bc0    00004840     current_control_ver2_new.obj (.text:retain)
                  0c03b400    00000b20     enc.obj (.text)
                  0c03bf20    00000700     rts6600_elf.lib : pow.obj (.text:pow)
                  0c03c620    000006c0     mwio4.lib : mw_i2c_eeprom.obj (.text)
                  0c03cce0    000005e0     rts6600_elf.lib : powf.obj (.text:powf)
                  0c03d2c0    000005c0                     : divd.obj (.text:__c6xabi_divd)
                  0c03d880    000003c0     mwio4.lib : mw_spi.obj (.text)
                  0c03dc40    00000360               : mw_flash.obj (.text)
                  0c03dfa0    00000340               : mw_platform.obj (.text)
                  0c03e2e0    000002c0     rts6600_elf.lib : cos.obj (.text:cos)
                  0c03e5a0    00000280                     : divf.obj (.text:__c6xabi_divf)
                  0c03e820    00000280                     : sin.obj (.text:sin)
                  0c03eaa0    00000240     mwio4.lib : FPGA_LIB.obj (.text)
                  0c03ece0    00000200               : IPFPGA_LIB.obj (.text)
                  0c03eee0    000001e0     rts6600_elf.lib : acos.obj (.text:acos)
                  0c03f0c0    000001c0                     : atan.obj (.text:atan)
                  0c03f280    000001a0                     : expf.obj (.text:expf)
                  0c03f420    00000180                     : copy_decompress_rle.obj (.text:__TI_decompress_rle_core)
                  0c03f5a0    00000180                     : atan2.obj (.text:atan2)
                  0c03f720    00000180                     : frexp.obj (.text:frexp)
                  0c03f8a0    00000160                     : frexpf.obj (.text:frexpf)
                  0c03fa00    00000160                     : ldexp.obj (.text:ldexp)
                  0c03fb60    00000160                     : ldexpf.obj (.text:ldexpf)
                  0c03fcc0    00000160                     : sqrt.obj (.text:sqrt)
                  0c03fe20    00000100                     : autoinit.obj (.text:_auto_init_elf)
                  0c03ff20    00000100                     : cpy_tbl.obj (.text:copy_in)
                  0c040020    000000e0                     : divi.obj (.text:__divi)
                  0c040100    000000e0                     : memset.obj (.text:memset)
                  0c0401e0    000000c0                     : divu.obj (.text:__divu)
                  0c0402a0    000000c0                     : exit.obj (.text:exit)
                  0c040360    000000c0                     : tls.obj (.text:tls:init:__TI_tls_init)
                  0c040420    000000a0                     : round.obj (.text:__c6xabi_nround)
                  0c0404c0    000000a0                     : memcpy64.obj (.text:memcpy)
                  0c040560    000000a0                     : modf.obj (.text:modf)
                  0c040600    00000080                     : fixdu.obj (.text:__c6xabi_fixdu)
                  0c040680    00000080                     : roundf.obj (.text:__c6xabi_roundf)
                  0c040700    00000080                     : boot.obj (.text:_c_int00)
                  0c040780    00000080     mwio4.lib : PEV_LIB.obj (.text)
                  0c040800    00000080               : mw_i2c.obj (.text)
                  0c040880    00000060     rts6600_elf.lib : cpp_init.obj (.text:__TI_cpp_init)
                  0c0408e0    00000060                     : frcmpyd_div.obj (.text:__c6xabi_frcmpyd_div)
                  0c040940    00000060                     : llshift.obj (.text:__c6xabi_llshru)
                  0c0409a0    00000060                     : modff.obj (.text:modff)
                  0c040a00    00000040                     : args_main.obj (.text:_args_main)
                  0c040a40    00000020     ti.csl.ae66 : csl_gpioGetBaseAddress.oe66 (.text:CSL_GPIO_open)
                  0c040a60    00000020     Main.obj (.text)
                  0c040a80    00000020     rts6600_elf.lib : errno.obj (.text:__c6xabi_errno_addr)
                  0c040aa0    00000020                     : trunc.obj (.text:__c6xabi_trunc)
                  0c040ac0    00000020                     : truncf.obj (.text:__c6xabi_truncf)
                  0c040ae0    00000020                     : exit.obj (.text:abort)
                  0c040b00    00000020                     : copy_decompress_none.obj (.text:decompress:none:__TI_decompress_none)
                  0c040b20    00000020                     : copy_decompress_rle.obj (.text:decompress:rle24:__TI_decompress_rle24)
                  0c040b40    00000010     mwio4.lib : EMIF16.obj ($Tramp$S$$EMF_EnableIntr_s32)
                  0c040b50    00000010               : gpio_int.obj ($Tramp$S$$GPI_init_vo)
                  0c040b60    00000010               : mwintc.obj ($Tramp$S$$mwintc_setupApp)
                  0c040b70    00000010               : PEV_INV_LIB.obj ($Tramp$S$$PEV_ad_set_offset)
                  0c040b80    00000010               : EMIF16.obj ($Tramp$S$$EMF_Read_s32)
                  0c040b90    00000010               : EMIF16.obj ($Tramp$S$$EMF_ReadFpgaBoard_s32)
                  0c040ba0    00000010               : EMIF16.obj ($Tramp$S$$EMF_Write2_s32)
                  0c040bb0    00000010               : gpio_int.obj ($Tramp$S$$GPI_int_ack_vo)
                  0c040bc0    00000010               : timer_lib.obj ($Tramp$S$$C6657_timer2_read)
                  0c040bd0    00000010               : timer_lib.obj ($Tramp$S$$C6657_timer1_read)
                  0c040be0    00000010               : timer_lib.obj ($Tramp$S$$C6657_timer1_start)
                  0c040bf0    00000010               : timer_lib.obj ($Tramp$S$$C6657_timer1_clear)
                  0c040c00    00000010               : timer_lib.obj ($Tramp$S$$C6657_timer0_read)
                  0c040c10    00000010               : timer_lib.obj ($Tramp$S$$C6657_timer0_start)
                  0c040c20    00000010               : timer_lib.obj ($Tramp$S$$C6657_timer0_clear)
                  0c040c30    00000010               : timer_lib.obj ($Tramp$S$$C6657_timer1_stop)
                  0c040c40    00000010               : timer_lib.obj ($Tramp$S$$C6657_timer0_stop)
                  0c040c50    00000010               : timer_lib.obj ($Tramp$S$$C6657_timer2_start)
                  0c040c60    00000010               : timer_lib.obj ($Tramp$S$$C6657_timer2_clear)
                  0c040c70    00000010               : timer_lib.obj ($Tramp$S$$C6657_timer2_stop)
                  0c040c80    00000010               : PEV_INV_LIB.obj ($Tramp$S$$PEV_inverter_start_pwm)
                  0c040c90    00000010               : timer_lib.obj ($Tramp$S$$C6657_timer2_disable_int)
                  0c040ca0    00000010               : timer_lib.obj ($Tramp$S$$C6657_timer1_disable_int)
                  0c040cb0    00000010               : timer_lib.obj ($Tramp$S$$C6657_timer0_disable_int)
                  0c040cc0    00000010               : PEV_INV_LIB.obj ($Tramp$S$$PEV_ad_disable_int)
                  0c040cd0    00000010               : mwintc.obj ($Tramp$S$$IRQ_globalEnable)
                  0c040ce0    00000010               : timer_lib.obj ($Tramp$S$$C6657_timer2_init)
                  0c040cf0    00000010               : timer_lib.obj ($Tramp$S$$C6657_timer1_init)
                  0c040d00    00000010               : timer_lib.obj ($Tramp$S$$C6657_timer0_init)
                  0c040d10    00000010               : PEV_INV_LIB.obj ($Tramp$S$$PEV_inverter_control_break)
                  0c040d20    00000010               : PEV_INV_LIB.obj ($Tramp$S$$PEV_inverter_enable_int)
                  0c040d30    00000010               : PEV_INV_LIB.obj ($Tramp$S$$PEV_inverter_init_refload_timing)
                  0c040d40    00000010               : PEV_INV_LIB.obj ($Tramp$S$$PEV_inverter_init_adtrig_timing)
                  0c040d50    00000010               : PEV_INV_LIB.obj ($Tramp$S$$PEV_inverter_set_uvw)
                  0c040d60    00000010               : PEV_INV_LIB.obj ($Tramp$S$$PEV_ad_set_mode)
                  0c040d70    00000010               : PEV_INV_LIB.obj ($Tramp$S$$PEV_ad_set_range)
                  0c040d80    00000010               : PEV_INV_LIB.obj ($Tramp$S$$PEV_sync_pwm_out)
                  0c040d90    00000010               : PEV_INV_LIB.obj ($Tramp$S$$PEV_sync_pwm_init)
                  0c040da0    00000010               : PEV_INV_LIB.obj ($Tramp$S$$PEV_sync_ad_out)
                  0c040db0    00000010               : PEV_INV_LIB.obj ($Tramp$S$$PEV_sync_ad_init)
                  0c040dc0    00000010               : PEV_INV_LIB.obj ($Tramp$S$$PEV_inverter_init)
                  0c040dd0    00000010               : gpio_int.obj ($Tramp$S$$GPI_enable_int_vo)
                  0c040de0    00000010               : gpio_int.obj ($Tramp$S$$GPI_setVector_vo)
                  0c040df0    00000010               : PEV_INV_LIB.obj ($Tramp$S$$PEV_int_init)
                  0c040e00    00000010               : mwintc.obj ($Tramp$S$$IRQ_globalDisable)
                  0c040e10    00000010               : PEV_INV_LIB.obj ($Tramp$S$$PEV_ad_in_grp)
                  0c040e20    00000010               : PEV_INV_LIB.obj ($Tramp$S$$PEV_ad_in_st)
                  0c040e30    00000010               : PEV_INV_LIB.obj ($Tramp$S$$PEV_inverter_set_uvw_br)

.fardata   0    0c040e40    00000b2c     
                  0c040e40    00000120     current_control_ver2_new.obj (.fardata:sen)
                  0c040f60    000000a8     mwio4.lib : mw_platform.obj (.fardata)
                  0c041008    00000088     rts6600_elf.lib : pow.obj (.fardata:A1$1)
                  0c041090    00000084     current_control_ver2_new.obj (.fardata:LPF_cmd)
                  0c041114    00000004     rts6600_elf.lib : errno.obj (.fardata)
                  0c041118    00000084     current_control_ver2_new.obj (.fardata:LPF_motor)
                  0c04119c    00000004     --HOLE--
                  0c0411a0    00000060     rts6600_elf.lib : acos.obj (.fardata:asin_consts$1)
                  0c041200    00000048     current_control_ver2_new.obj (.fardata:d_current)
                  0c041248    00000048     current_control_ver2_new.obj (.fardata:position)
                  0c041290    00000048     current_control_ver2_new.obj (.fardata:q_current)
                  0c0412d8    00000048     current_control_ver2_new.obj (.fardata:velocity)
                  0c041320    00000044     rts6600_elf.lib : powf.obj (.fardata:A1$1)
                  0c041364    00000004     --HOLE--
                  0c041368    00000040                     : pow.obj (.fardata:A2$2)
                  0c0413a8    00000040                     : cos.obj (.fardata:R$1)
                  0c0413e8    00000040                     : sin.obj (.fardata:R$1)
                  0c041428    00000040                     : atan.obj (.fardata:arctan_consts$1)
                  0c041468    00000038                     : pow.obj (.fardata:Q$4)
                  0c0414a0    00000024     current_control_ver2_new.obj (.fardata:J$107)
                  0c0414c4    00000004     --HOLE--
                  0c0414c8    00000020     rts6600_elf.lib : atan.obj (.fardata:A$2)
                  0c0414e8    00000020                     : powf.obj (.fardata:A2$2)
                  0c041508    00000020                     : pow.obj (.fardata:P$3)
                  0c041528    00000020     current_control_ver2_new.obj (.fardata:range)
                  0c041548    0000001c     rts6600_elf.lib : expf.obj (.fardata:exp_consts$1)
                  0c041564    00000004     --HOLE--
                  0c041568    0000000c                     : powf.obj (.fardata:Q$4)
                  0c041574    00000004     --HOLE--
                  0c041578    0000000c     current_control_ver2_new.obj (.fardata:Vdc_mean$188)
                  0c041584    00000004     --HOLE--
                  0c041588    0000000c     current_control_ver2_new.obj (.fardata:Vdc_sum$187)
                  0c041594    00000004     --HOLE--
                  0c041598    0000000c     current_control_ver2_new.obj (.fardata:counter$186)
                  0c0415a4    00000004     --HOLE--
                  0c0415a8    0000000c     current_control_ver2_new.obj (.fardata:est_Qs_Z$27)
                  0c0415b4    00000004     --HOLE--
                  0c0415b8    0000000c     current_control_ver2_new.obj (.fardata:est_Qs_Z1$24)
                  0c0415c4    00000004     --HOLE--
                  0c0415c8    0000000c     current_control_ver2_new.obj (.fardata:est_wL_Z$28)
                  0c0415d4    00000004     --HOLE--
                  0c0415d8    0000000c     current_control_ver2_new.obj (.fardata:est_wL_Z1$25)
                  0c0415e4    00000004     --HOLE--
                  0c0415e8    0000000c     current_control_ver2_new.obj (.fardata:est_wM_Z$26)
                  0c0415f4    00000004     --HOLE--
                  0c0415f8    0000000c     current_control_ver2_new.obj (.fardata:est_wM_Z1$23)
                  0c041604    00000004     --HOLE--
                  0c041608    0000000c     current_control_ver2_new.obj (.fardata:goalZ$54)
                  0c041614    00000004     --HOLE--
                  0c041618    0000000c     current_control_ver2_new.obj (.fardata:goalZ$66)
                  0c041624    00000004     --HOLE--
                  0c041628    0000000c     current_control_ver2_new.obj (.fardata:goalZ$75)
                  0c041634    00000004     --HOLE--
                  0c041638    0000000c     current_control_ver2_new.obj (.fardata:hand_cmd$3)
                  0c041644    00000004     --HOLE--
                  0c041648    0000000c     current_control_ver2_new.obj (.fardata:hand_vel$4)
                  0c041654    00000004     --HOLE--
                  0c041658    0000000c     current_control_ver2_new.obj (.fardata:joint_cmd$5)
                  0c041664    00000004     --HOLE--
                  0c041668    0000000c     current_control_ver2_new.obj (.fardata:loop_count_num$158)
                  0c041674    00000004     --HOLE--
                  0c041678    0000000c     current_control_ver2_new.obj (.fardata:m_Z$178)
                  0c041684    00000004     --HOLE--
                  0c041688    0000000c     current_control_ver2_new.obj (.fardata:m_Z1$185)
                  0c041694    00000004     --HOLE--
                  0c041698    0000000c     current_control_ver2_new.obj (.fardata:motor_cmd$6)
                  0c0416a4    00000004     --HOLE--
                  0c0416a8    0000000c     current_control_ver2_new.obj (.fardata:motor_cmd_init$8)
                  0c0416b4    00000004     --HOLE--
                  0c0416b8    0000000c     current_control_ver2_new.obj (.fardata:motor_vel_cmd$7)
                  0c0416c4    00000004     --HOLE--
                  0c0416c8    0000000c     current_control_ver2_new.obj (.fardata:n_Z$177)
                  0c0416d4    00000004     --HOLE--
                  0c0416d8    0000000c     current_control_ver2_new.obj (.fardata:n_Z1$184)
                  0c0416e4    00000004     --HOLE--
                  0c0416e8    0000000c     current_control_ver2_new.obj (.fardata:p1$106)
                  0c0416f4    00000004     --HOLE--
                  0c0416f8    0000000c     current_control_ver2_new.obj (.fardata:ql_Z$164)
                  0c041704    00000004     --HOLE--
                  0c041708    0000000c     current_control_ver2_new.obj (.fardata:ql_Z$176)
                  0c041714    00000004     --HOLE--
                  0c041718    0000000c     current_control_ver2_new.obj (.fardata:ql_Z1$170)
                  0c041724    00000004     --HOLE--
                  0c041728    0000000c     current_control_ver2_new.obj (.fardata:ql_Z1$183)
                  0c041734    00000004     --HOLE--
                  0c041738    0000000c     current_control_ver2_new.obj (.fardata:qm_Z$161)
                  0c041744    00000004     --HOLE--
                  0c041748    0000000c     current_control_ver2_new.obj (.fardata:qm_Z$173)
                  0c041754    00000004     --HOLE--
                  0c041758    0000000c     current_control_ver2_new.obj (.fardata:qm_Z1$167)
                  0c041764    00000004     --HOLE--
                  0c041768    0000000c     current_control_ver2_new.obj (.fardata:qm_Z1$180)
                  0c041774    00000004     --HOLE--
                  0c041778    0000000c     current_control_ver2_new.obj (.fardata:qm_prev$157)
                  0c041784    00000004     --HOLE--
                  0c041788    0000000c     current_control_ver2_new.obj (.fardata:qs_Z$162)
                  0c041794    00000004     --HOLE--
                  0c041798    0000000c     current_control_ver2_new.obj (.fardata:qs_Z$174)
                  0c0417a4    00000004     --HOLE--
                  0c0417a8    0000000c     current_control_ver2_new.obj (.fardata:qs_Z$30)
                  0c0417b4    00000004     --HOLE--
                  0c0417b8    0000000c     current_control_ver2_new.obj (.fardata:qs_Z$36)
                  0c0417c4    00000004     --HOLE--
                  0c0417c8    0000000c     current_control_ver2_new.obj (.fardata:qs_Z1$168)
                  0c0417d4    00000004     --HOLE--
                  0c0417d8    0000000c     current_control_ver2_new.obj (.fardata:qs_Z1$181)
                  0c0417e4    00000004     --HOLE--
                  0c0417e8    0000000c     current_control_ver2_new.obj (.fardata:qs_Z1$33)
                  0c0417f4    00000004     --HOLE--
                  0c0417f8    0000000c     current_control_ver2_new.obj (.fardata:qs_Z1$39)
                  0c041804    0000000c     rts6600_elf.lib : exit.obj (.fardata)
                  0c041810    0000000c     current_control_ver2_new.obj (.fardata:sign_invers$159)
                  0c04181c    00000004     --HOLE--
                  0c041820    0000000c     current_control_ver2_new.obj (.fardata:start_hand)
                  0c04182c    00000004     --HOLE--
                  0c041830    0000000c     current_control_ver2_new.obj (.fardata:wl_Z$163)
                  0c04183c    00000004     --HOLE--
                  0c041840    0000000c     current_control_ver2_new.obj (.fardata:wl_Z$175)
                  0c04184c    00000004     --HOLE--
                  0c041850    0000000c     current_control_ver2_new.obj (.fardata:wl_Z$31)
                  0c04185c    00000004     --HOLE--
                  0c041860    0000000c     current_control_ver2_new.obj (.fardata:wl_Z$37)
                  0c04186c    00000004     --HOLE--
                  0c041870    0000000c     current_control_ver2_new.obj (.fardata:wl_Z1$169)
                  0c04187c    00000004     --HOLE--
                  0c041880    0000000c     current_control_ver2_new.obj (.fardata:wl_Z1$182)
                  0c04188c    00000004     --HOLE--
                  0c041890    0000000c     current_control_ver2_new.obj (.fardata:wl_Z1$34)
                  0c04189c    00000004     --HOLE--
                  0c0418a0    0000000c     current_control_ver2_new.obj (.fardata:wl_Z1$40)
                  0c0418ac    00000004     --HOLE--
                  0c0418b0    0000000c     current_control_ver2_new.obj (.fardata:wm_Z$160)
                  0c0418bc    00000004     --HOLE--
                  0c0418c0    0000000c     current_control_ver2_new.obj (.fardata:wm_Z$172)
                  0c0418cc    00000004     --HOLE--
                  0c0418d0    0000000c     current_control_ver2_new.obj (.fardata:wm_Z$29)
                  0c0418dc    00000004     --HOLE--
                  0c0418e0    0000000c     current_control_ver2_new.obj (.fardata:wm_Z$35)
                  0c0418ec    00000004     --HOLE--
                  0c0418f0    0000000c     current_control_ver2_new.obj (.fardata:wm_Z1$166)
                  0c0418fc    00000004     --HOLE--
                  0c041900    0000000c     current_control_ver2_new.obj (.fardata:wm_Z1$179)
                  0c04190c    00000004     --HOLE--
                  0c041910    0000000c     current_control_ver2_new.obj (.fardata:wm_Z1$32)
                  0c04191c    00000004     --HOLE--
                  0c041920    0000000c     current_control_ver2_new.obj (.fardata:wm_Z1$38)
                  0c04192c    00000004     --HOLE--
                  0c041930    0000000c     current_control_ver2_new.obj (.fardata:wm_prev$156)
                  0c04193c    00000004     --HOLE--
                  0c041940    0000000c     current_control_ver2_new.obj (.fardata:z_Z$165)
                  0c04194c    00000004     --HOLE--
                  0c041950    0000000c     current_control_ver2_new.obj (.fardata:z_Z1$171)
                  0c04195c    00000004     --HOLE--
                  0c041960    00000008     current_control_ver2_new.obj (.fardata:loop_count_num$190)
                  0c041968    00000004     rts6600_elf.lib : powf.obj (.fardata:P$3)

.const     0    0c041980    00000098     
                  0c041980    00000020     current_control_ver2_new.obj (.const:$P$T1$19)
                  0c0419a0    00000020     current_control_ver2_new.obj (.const:$P$T2$20)
                  0c0419c0    0000000c     current_control_ver2_new.obj (.const:$P$T0$18)
                  0c0419cc    00000004     --HOLE-- [fill = 0]
                  0c0419d0    0000000c     current_control_ver2_new.obj (.const:$P$T3$189)
                  0c0419dc    00000004     --HOLE-- [fill = 0]
                  0c0419e0    0000000c     current_control_ver2_new.obj (.const:CmdGain)
                  0c0419ec    00000004     --HOLE-- [fill = 0]
                  0c0419f0    0000000c     current_control_ver2_new.obj (.const:CmdGain_EX)
                  0c0419fc    00000004     --HOLE-- [fill = 0]
                  0c041a00    00000008     current_control_ver2_new.obj (.const:cmd_1_soft)
                  0c041a08    00000008     current_control_ver2_new.obj (.const:cmd_2_soft)
                  0c041a10    00000008     current_control_ver2_new.obj (.const:cmd_3_soft)

.far       0    0c041a18    00000058     UNINITIALIZED
                  0c041a18    0000004c     current_control_ver2_new.obj (.far)
                  0c041a64    0000000c     mwio4.lib : EMIF16.obj (.far)

.switch    0    0c041a80    00000010     
                  0c041a80    00000010     mwio4.lib : mw_flash.obj (.switch:mw_nor_erase)

.cinit     0    0c041b00    000024b0     
                  0c041b00    00002069     (.cinit..data_2.load) [load image, compression = rle]
                  0c043b69    00000003     --HOLE-- [fill = 0]
                  0c043b6c    00000393     (.cinit..fardata.load) [load image, compression = rle]
                  0c043eff    00000001     --HOLE-- [fill = 0]
                  0c043f00    0000006a     (.cinit..neardata.load) [load image, compression = rle]
                  0c043f6a    00000002     --HOLE-- [fill = 0]
                  0c043f6c    0000001a     (.cinit..DATA_ON_HIGHER_SPEED.load) [load image, compression = rle]
                  0c043f86    00000002     --HOLE-- [fill = 0]
                  0c043f88    00000008     (__TI_handler_table)
                  0c043f90    00000020     (__TI_cinit_table)

.text_2    0    11e00000    000033e0     
                  11e00000    00001960     mwio4.lib : PEV_INV_LIB.obj (.text)
                  11e01960    00000640               : timer_lib.obj (.text)
                  11e01fa0    00000620               : EMIF16.obj (.text)
                  11e025c0    00000440               : mwintc.obj (.text)
                  11e02a00    00000320               : csl2_intcHwControl.obj (.text:csl_section:intc)
                  11e02d20    000001e0               : EMIF16.obj (.text:retain)
                  11e02f00    000001a0               : gpio_int.obj (.text)
                  11e030a0    00000180               : csl2_intcOpen.obj (.text:csl_section:intc)
                  11e03220    00000140               : _csl2_intcIntrEnDisRes_eabi.obj (.text)
                  11e03360    00000020               : _csl2_intcDispatcher.obj (.text:csl_section:intc)
                  11e03380    00000020               : _csl2_intcDispatcher.obj (.text:csl_section:intc:retain)
                  11e033a0    00000010     ti.csl.ae66 : csl_gpioGetBaseAddress.oe66 ($Tramp$S$$CSL_GPIO_open)
                  11e033b0    00000010     rts6600_elf.lib : fixdu.obj ($Tramp$S$$__c6xabi_fixdu)
                  11e033c0    00000010                     : divd.obj ($Tramp$S$$__c6xabi_divd)
                  11e033d0    00000010                     : divi.obj ($Tramp$S$$__c6xabi_divi)

.data_2    0    11f00000    000022b8     
                  11f00000    00000170     mwio4.lib : PEV_INV_LIB.obj (.far) [fill = 0]
                  11f00170    000000c0               : gpio_int.obj (.far) [fill = 0]
                  11f00230    00000024               : timer_lib.obj (.far) [fill = 0]
                  11f00254    00000018               : csl2_intcHwControl.obj (.switch:CSL2_intcHwControl)
                  11f0026c    00000004     --HOLE--
                  11f00270    00000040               : gpio_int.obj (.fardata:gpio_int_map)
                  11f002b0    00002008               : _mwsintbl.obj (.const:_mwSinTbl)

.DATA_ON_HIGHER_SPEED 
*          0    11f02300    00001328     
                  11f02300    00001310     current_control_ver2_new.obj (.DATA_ON_HIGHER_SPEED:init)
                  11f03610    00000018     current_control_ver2_new.obj (.DATA_ON_HIGHER_SPEED:uninit) [fill = 0]

.stack     0    11f03628    00001000     UNINITIALIZED
                  11f03628    00000008     rts6600_elf.lib : boot.obj (.stack)
                  11f03630    00000ff8     --HOLE--

.neardata 
*          0    11f04628    00000750     
                  11f04628    0000073c     current_control_ver2_new.obj (.neardata)
                  11f04d64    0000000c     mwio4.lib : timer_lib.obj (.neardata)
                  11f04d70    00000004               : csl2_intcOpen.obj (.neardata)
                  11f04d74    00000004               : mw_platform.obj (.neardata)

.bss       0    11f04d78    00000374     UNINITIALIZED
                  11f04d78    00000364     current_control_ver2_new.obj (.bss)
                  11f050dc    00000008     mwio4.lib : EMIF16.obj (.bss)
                  11f050e4    00000004               : gpio_int.obj (.bss)
                  11f050e8    00000004               : mw_spi.obj (.bss)


LINKER GENERATED COPY TABLES

__TI_cinit_table @ 0c043f90 records: 4, size/record: 8, table size: 32
	.data_2: load addr=0c041b00, load size=00002069 bytes, run addr=11f00000, run size=000022b8 bytes, compression=rle
	.fardata: load addr=0c043b6c, load size=00000393 bytes, run addr=0c040e40, run size=00000b2c bytes, compression=rle
	.neardata: load addr=0c043f00, load size=0000006a bytes, run addr=11f04628, run size=00000750 bytes, compression=rle
	.DATA_ON_HIGHER_SPEED: load addr=0c043f6c, load size=0000001a bytes, run addr=11f02300, run size=00001328 bytes, compression=rle


LINKER GENERATED HANDLER TABLE

__TI_handler_table @ 0c043f88 records: 2, size/record: 4, table size: 8
	index: 0, handler: __TI_decompress_rle24
	index: 1, handler: __TI_decompress_none


FAR CALL TRAMPOLINES

callee name               trampoline name
   callee addr  tramp addr   call addr  call info
--------------  -----------  ---------  ----------------
$.text:mwio4.lib<EMIF16.obj>$0x58c  $Tramp$S$$EMF_EnableIntr_s32
   11e0252c     0c040b40     0c040a6c   Main.obj (.text)
$.text:mwio4.lib<gpio_int.obj>$0x124  $Tramp$S$$GPI_init_vo
   11e03024     0c040b50     0c040a68   Main.obj (.text)
$.text:mwio4.lib<mwintc.obj>$0x34  $Tramp$S$$mwintc_setupApp
   11e025f4     0c040b60     0c040a64   Main.obj (.text)
$.text:mwio4.lib<PEV_INV_LIB.obj>$0xf98  $Tramp$S$$PEV_ad_set_offset
   11e00f98     0c040b70     0c0407a0   mwio4.lib : PEV_LIB.obj (.text)
$.text:mwio4.lib<EMIF16.obj>$0x218  $Tramp$S$$EMF_Read_s32
   11e021b8     0c040b80     0c03ecb4   mwio4.lib : FPGA_LIB.obj (.text)
                             0c03eeb0             : IPFPGA_LIB.obj (.text)
                             0c0407c8             : PEV_LIB.obj (.text)
$.text:mwio4.lib<EMIF16.obj>$0x28c  $Tramp$S$$EMF_ReadFpgaBoard_s32
   11e0222c     0c040b90     0c03ec28   mwio4.lib : FPGA_LIB.obj (.text)
                             0c03ec88             : FPGA_LIB.obj (.text)
                             0c03ee14             : IPFPGA_LIB.obj (.text)
                             0c03ee84             : IPFPGA_LIB.obj (.text)
$.text:mwio4.lib<EMIF16.obj>$0x180  $Tramp$S$$EMF_Write2_s32
   11e02120     0c040ba0     0c03eb54   mwio4.lib : FPGA_LIB.obj (.text)
                             0c03ebc4             : FPGA_LIB.obj (.text)
                             0c03ed44             : IPFPGA_LIB.obj (.text)
                             0c03edb0             : IPFPGA_LIB.obj (.text)
$.text:mwio4.lib<gpio_int.obj>$0xd4  $Tramp$S$$GPI_int_ack_vo
   11e02fd4     0c040bb0     0c03b330   current_control_ver2_new.obj (.text:retain)
$.text:mwio4.lib<timer_lib.obj>$0x178  $Tramp$S$$C6657_timer2_read
   11e01ad8     0c040bc0     0c03b2e0   current_control_ver2_new.obj (.text:retain)
$.text:mwio4.lib<timer_lib.obj>$0x340  $Tramp$S$$C6657_timer1_read
   11e01ca0     0c040bd0     0c039360   current_control_ver2_new.obj (.text:retain)
                             0c03a000   current_control_ver2_new.obj (.text:retain)
$.text:mwio4.lib<timer_lib.obj>$0x320  $Tramp$S$$C6657_timer1_start
   11e01c80     0c040be0     0c037644   current_control_ver2_new.obj (.text:retain)
$.text:mwio4.lib<timer_lib.obj>$0x48c  $Tramp$S$$C6657_timer1_clear
   11e01dec     0c040bf0     0c037640   current_control_ver2_new.obj (.text:retain)
$.text:mwio4.lib<timer_lib.obj>$0x4e0  $Tramp$S$$C6657_timer0_read
   11e01e40     0c040c00     0c0375e8   current_control_ver2_new.obj (.text:retain)
$.text:mwio4.lib<timer_lib.obj>$0x4c0  $Tramp$S$$C6657_timer0_start
   11e01e20     0c040c10     0c037470   current_control_ver2_new.obj (.text:retain)
$.text:mwio4.lib<timer_lib.obj>$0x62c  $Tramp$S$$C6657_timer0_clear
   11e01f8c     0c040c20     0c03746c   current_control_ver2_new.obj (.text:retain)
$.text:mwio4.lib<timer_lib.obj>$0x308  $Tramp$S$$C6657_timer1_stop
   11e01c68     0c040c30     0c037454   current_control_ver2_new.obj (.text:retain)
$.text:mwio4.lib<timer_lib.obj>$0x4a8  $Tramp$S$$C6657_timer0_stop
   11e01e08     0c040c40     0c037450   current_control_ver2_new.obj (.text:retain)
$.text:mwio4.lib<timer_lib.obj>$0x154  $Tramp$S$$C6657_timer2_start
   11e01ab4     0c040c50     0c036c78   current_control_ver2_new.obj (.text:retain)
$.text:mwio4.lib<timer_lib.obj>$0x2ec  $Tramp$S$$C6657_timer2_clear
   11e01c4c     0c040c60     0c036c74   current_control_ver2_new.obj (.text:retain)
$.text:mwio4.lib<timer_lib.obj>$0x140  $Tramp$S$$C6657_timer2_stop
   11e01aa0     0c040c70     0c036c6c   current_control_ver2_new.obj (.text:retain)
$.text:mwio4.lib<PEV_INV_LIB.obj>$0x394  $Tramp$S$$PEV_inverter_start_pwm
   11e00394     0c040c80     0c025b34   current_control_ver2_new.obj (.text)
                             0c025b40   current_control_ver2_new.obj (.text)
                             0c025b44   current_control_ver2_new.obj (.text)
$.text:mwio4.lib<timer_lib.obj>$0x298  $Tramp$S$$C6657_timer2_disable_int
   11e01bf8     0c040c90     0c025b24   current_control_ver2_new.obj (.text)
$.text:mwio4.lib<timer_lib.obj>$0x438  $Tramp$S$$C6657_timer1_disable_int
   11e01d98     0c040ca0     0c025b20   current_control_ver2_new.obj (.text)
$.text:mwio4.lib<timer_lib.obj>$0x5d8  $Tramp$S$$C6657_timer0_disable_int
   11e01f38     0c040cb0     0c025b18   current_control_ver2_new.obj (.text)
$.text:mwio4.lib<PEV_INV_LIB.obj>$0x1460  $Tramp$S$$PEV_ad_disable_int
   11e01460     0c040cc0     0c025b04   current_control_ver2_new.obj (.text)
                             0c025b0c   current_control_ver2_new.obj (.text)
                             0c025b10   current_control_ver2_new.obj (.text)
$.text:mwio4.lib<mwintc.obj>$0x3f0  $Tramp$S$$IRQ_globalEnable
   11e029b0     0c040cd0     0c025b00   current_control_ver2_new.obj (.text)
$.text:mwio4.lib<timer_lib.obj>$0x1d0  $Tramp$S$$C6657_timer2_init
   11e01b30     0c040ce0     0c025af8   current_control_ver2_new.obj (.text)
$.text:mwio4.lib<timer_lib.obj>$0x370  $Tramp$S$$C6657_timer1_init
   11e01cd0     0c040cf0     0c025aec   current_control_ver2_new.obj (.text)
$.text:mwio4.lib<timer_lib.obj>$0x510  $Tramp$S$$C6657_timer0_init
   11e01e70     0c040d00     0c025ae0   current_control_ver2_new.obj (.text)
$.text:mwio4.lib<PEV_INV_LIB.obj>$0xda8  $Tramp$S$$PEV_inverter_control_break
   11e00da8     0c040d10     0c025ac0   current_control_ver2_new.obj (.text)
                             0c025ac8   current_control_ver2_new.obj (.text)
                             0c025ad0   current_control_ver2_new.obj (.text)
$.text:mwio4.lib<PEV_INV_LIB.obj>$0xcf4  $Tramp$S$$PEV_inverter_enable_int
   11e00cf4     0c040d20     0c025aa8   current_control_ver2_new.obj (.text)
                             0c025ab0   current_control_ver2_new.obj (.text)
                             0c025ab4   current_control_ver2_new.obj (.text)
$.text:mwio4.lib<PEV_INV_LIB.obj>$0x958  $Tramp$S$$PEV_inverter_init_refload_timing
   11e00958     0c040d30     0c025a8c   current_control_ver2_new.obj (.text)
                             0c025a98   current_control_ver2_new.obj (.text)
                             0c025aa0   current_control_ver2_new.obj (.text)
$.text:mwio4.lib<PEV_INV_LIB.obj>$0xaa8  $Tramp$S$$PEV_inverter_init_adtrig_timing
   11e00aa8     0c040d40     0c025a68   current_control_ver2_new.obj (.text)
                             0c025a78   current_control_ver2_new.obj (.text)
                             0c025a80   current_control_ver2_new.obj (.text)
$.text:mwio4.lib<PEV_INV_LIB.obj>$0x5e8  $Tramp$S$$PEV_inverter_set_uvw
   11e005e8     0c040d50     0c025a34   current_control_ver2_new.obj (.text)
                             0c025a48   current_control_ver2_new.obj (.text)
                             0c025a58   current_control_ver2_new.obj (.text)
$.text:mwio4.lib<PEV_INV_LIB.obj>$0xfe0  $Tramp$S$$PEV_ad_set_mode
   11e00fe0     0c040d60     0c0259e4   current_control_ver2_new.obj (.text)
                             0c0259f8   current_control_ver2_new.obj (.text)
                             0c025a0c   current_control_ver2_new.obj (.text)
$.text:mwio4.lib<PEV_INV_LIB.obj>$0xf48  $Tramp$S$$PEV_ad_set_range
   11e00f48     0c040d70     0c0259e0   current_control_ver2_new.obj (.text)
                             0c0259ec   current_control_ver2_new.obj (.text)
                             0c025a04   current_control_ver2_new.obj (.text)
$.text:mwio4.lib<PEV_INV_LIB.obj>$0x150  $Tramp$S$$PEV_sync_pwm_out
   11e00150     0c040d80     0c0259b4   current_control_ver2_new.obj (.text)
                             0c0259c4   current_control_ver2_new.obj (.text)
$.text:mwio4.lib<PEV_INV_LIB.obj>$0x260  $Tramp$S$$PEV_sync_pwm_init
   11e00260     0c040d90     0c025990   current_control_ver2_new.obj (.text)
                             0c0259a0   current_control_ver2_new.obj (.text)
                             0c0259a8   current_control_ver2_new.obj (.text)
$.text:mwio4.lib<PEV_INV_LIB.obj>$0x2b4  $Tramp$S$$PEV_sync_ad_out
   11e002b4     0c040da0     0c025988   current_control_ver2_new.obj (.text)
$.text:mwio4.lib<PEV_INV_LIB.obj>$0x30c  $Tramp$S$$PEV_sync_ad_init
   11e0030c     0c040db0     0c025968   current_control_ver2_new.obj (.text)
                             0c025974   current_control_ver2_new.obj (.text)
                             0c025980   current_control_ver2_new.obj (.text)
$.text:mwio4.lib<PEV_INV_LIB.obj>$0xb84  $Tramp$S$$PEV_inverter_init
   11e00b84     0c040dc0     0c025938   current_control_ver2_new.obj (.text)
                             0c02594c   current_control_ver2_new.obj (.text)
                             0c02595c   current_control_ver2_new.obj (.text)
$.text:mwio4.lib<gpio_int.obj>$0x14c  $Tramp$S$$GPI_enable_int_vo
   11e0304c     0c040dd0     0c025918   current_control_ver2_new.obj (.text)
$.text:mwio4.lib<gpio_int.obj>$0x0  $Tramp$S$$GPI_setVector_vo
   11e02f00     0c040de0     0c025914   current_control_ver2_new.obj (.text)
$.text:mwio4.lib<PEV_INV_LIB.obj>$0xde0  $Tramp$S$$PEV_int_init
   11e00de0     0c040df0     0c0258ec   current_control_ver2_new.obj (.text)
$.text:mwio4.lib<mwintc.obj>$0x410  $Tramp$S$$IRQ_globalDisable
   11e029d0     0c040e00     0c025518   current_control_ver2_new.obj (.text)
$.text:mwio4.lib<PEV_INV_LIB.obj>$0x106c  $Tramp$S$$PEV_ad_in_grp
   11e0106c     0c040e10     0c01aad4   current_control_ver2_new.obj (.text)
                             0c01ada8   current_control_ver2_new.obj (.text)
$.text:mwio4.lib<PEV_INV_LIB.obj>$0x1040  $Tramp$S$$PEV_ad_in_st
   11e01040     0c040e20     0c01aaa0   current_control_ver2_new.obj (.text)
                             0c01aac4   current_control_ver2_new.obj (.text)
                             0c01aad0   current_control_ver2_new.obj (.text)
                             0c01ad68   current_control_ver2_new.obj (.text)
                             0c01ad94   current_control_ver2_new.obj (.text)
                             0c01ada4   current_control_ver2_new.obj (.text)
$.text:mwio4.lib<PEV_INV_LIB.obj>$0x3cc  $Tramp$S$$PEV_inverter_set_uvw_br
   11e003cc     0c040e30     0c019a80   current_control_ver2_new.obj (.text)
                             0c019aac   current_control_ver2_new.obj (.text)
                             0c019acc   current_control_ver2_new.obj (.text)
$.text:CSL_GPIO_open:ti.csl.ae66<csl_gpioGetBaseAddress.oe66>$0x0  $Tramp$S$$CSL_GPIO_open
   0c040a40     11e033a0     11e03028   mwio4.lib : gpio_int.obj (.text)
$.text:__c6xabi_fixdu:rts6600_elf.lib<fixdu.obj>$0x0  $Tramp$S$$__c6xabi_fixdu
   0c040600     11e033b0     11e01a1c   mwio4.lib : timer_lib.obj (.text)
                             11e01b90             : timer_lib.obj (.text)
                             11e01d30             : timer_lib.obj (.text)
                             11e01ed0             : timer_lib.obj (.text)
$.text:__c6xabi_divd:rts6600_elf.lib<divd.obj>$0x0  $Tramp$S$$__c6xabi_divd
   0c03d2c0     11e033c0     11e01a14   mwio4.lib : timer_lib.obj (.text)
                             11e01b88             : timer_lib.obj (.text)
                             11e01d28             : timer_lib.obj (.text)
                             11e01ec8             : timer_lib.obj (.text)
$.text:__divi:rts6600_elf.lib<divi.obj>$0x0  $Tramp$S$$__c6xabi_divi
   0c040020     11e033d0     11e001f8   mwio4.lib : PEV_INV_LIB.obj (.text)
                             11e00448             : PEV_INV_LIB.obj (.text)
                             11e00470             : PEV_INV_LIB.obj (.text)
                             11e00658             : PEV_INV_LIB.obj (.text)
                             11e00684             : PEV_INV_LIB.obj (.text)
                             11e00a48             : PEV_INV_LIB.obj (.text)
                             11e00b24             : PEV_INV_LIB.obj (.text)
                             11e00bec             : PEV_INV_LIB.obj (.text)

[52 trampolines]
[107 trampoline calls]


GLOBAL SYMBOLS: SORTED ALPHABETICALLY BY Name 

address    name
--------   ----
0c031914   BrakeController
0c040ae0   C$$EXIT
11e01f8c   C6657_timer0_clear
11e01f78   C6657_timer0_clear_eventflag
11e01f38   C6657_timer0_disable_int
11e01ee4   C6657_timer0_enable_int
11e01e70   C6657_timer0_init
11e01e4c   C6657_timer0_init_vector
11e01e40   C6657_timer0_read
11e01e20   C6657_timer0_start
11e01e08   C6657_timer0_stop
11e01df8   C6657_timer0_write
11e01dec   C6657_timer1_clear
11e01de0   C6657_timer1_clear_eventflag
11e01d98   C6657_timer1_disable_int
11e01d44   C6657_timer1_enable_int
11e01cd0   C6657_timer1_init
11e01cac   C6657_timer1_init_vector
11e01ca0   C6657_timer1_read
11e01c80   C6657_timer1_start
11e01c68   C6657_timer1_stop
11e01c58   C6657_timer1_write
11e01c4c   C6657_timer2_clear
11e01c40   C6657_timer2_clear_eventflag
11e01bf8   C6657_timer2_disable_int
11e01ba4   C6657_timer2_enable_int
11e01b30   C6657_timer2_init
11e01ae8   C6657_timer2_init_vector
11e01ad8   C6657_timer2_read
11e01ab4   C6657_timer2_start
11e01aa0   C6657_timer2_stop
11e01a94   C6657_timer2_write
11e01a84   C6657_timer3_hi_clear_eventflag
11e01a2c   C6657_timer3_hi_enable_int
11e019b8   C6657_timer3_hi_init
11e01994   C6657_timer3_hi_init_vector
11e01974   C6657_timer3_hi_start
11e01960   C6657_timer3_hi_stop
11e02a00   CSL2_intcHwControl
11e030b4   CSL2_intcOpen2
11e030a0   CSL2_loadResource
0c040a40   CSL_GPIO_open
11e032a8   CSL_intcGlobalEnable
11e03300   CSL_intcGlobalNmiEnable
11e03240   CSL_intcInterruptDisable
11e03220   CSL_intcInterruptEnable
0c01b40c   CalcDynamicsInit
0c0219f4   CalcFDTDTSOBInit
0c034f38   CalcFDTDWrInit_QmrefInputType
0c01f6a0   CalcFDTDWrInit_WmcmdInputType
0c034328   CalcFDTDWrUpdate_QmrefInputType_1st2nd
0c033d80   CalcFDTDWrUpdate_QmrefInputType_2nd
0c02e6a0   CalcFDTDWrUpdate_WmcmdInputType_1st2nd
0c02dbf0   CalcFDTDWrUpdate_WmcmdInputType_2nd
0c032a40   CalcFDTDWr_QmrefInputType
0c02bb70   CalcFDTDWr_WmcmdInputType
0c027de4   CalcGravIcmp
0c030630   CalcHandCmdCircle
0c032444   CalcHandCmdDiamond
0c031ef4   CalcHandCmdRectangle
0c030a80   CalcInverseCmd_vel
0c027f18   CalcJl
0c028248   CalcJlWr
0c01aa34   CalcOffset
0c028574   CalcPVGain
0c024140   CalcPVGainInitCDM
0c031e04   CalcPref2axis
0c031c04   CalcPrefRep2axis
0c031a04   CalcPrefRep3axis
0c02d4d0   CalcTauLDyn
0c031840   CalcVdcMean
0c02a084   CalcWrGain
0c036bc0   ControlFunction
0c027d4c   DecouplingControl
11e0252c   EMF_EnableIntr_s32
11e02d20   EMF_ErrIntr_vo
11f050e0   EMF_ExtWaitErrCnt_u32s
11f050dc   EMF_ExtWaitErrInfo_u32s
11e024cc   EMF_Initialization_s32
11e02414   EMF_Read2_s32
11e023a8   EMF_Read3_s32
11e022e0   EMF_ReadFlashRom_s32
11e0222c   EMF_ReadFpgaBoard_s32
11e021b8   EMF_Read_s32
11e02120   EMF_Write2_s32
11e02018   EMF_WriteFlashRom_s32
11e01fa0   EMF_Write_s32
0c041a64   EMIF_IntrErr_sts
0c03be68   ENC_batt_alm_en
0c03bdac   ENC_get_abm
0c03bcec   ENC_get_abs
0c03bc60   ENC_get_almc
0c03bbc8   ENC_get_status
0c03bb00   ENC_reset_abm
0c03ba28   ENC_reset_abs
0c03b960   ENC_reset_err
0c03b8a8   ENC_set_refresh
0c03b7c0   ENC_ss_get_abm
0c03b6c0   ENC_ss_get_abs
0c03b60c   ENC_ss_get_start
0c03b560   ENC_ss_init
0c03b4ac   ENC_start_abs
0c03b400   ENC_stop_abs
0c027220   FDTDSOB
0c026404   FDTD_T_SOB
0c0261a8   FDTD_Tm
0c023d94   FDTD_Tm_Init
0c03ecb0   FPGA_get_fpga_ver
0c03ec64   FPGA_read
0c03ebf8   FPGA_read_f32
0c03eb80   FPGA_write
0c03eaf0   FPGA_write_f32
11f04708   Flag_ARCS_clear
11f04704   Flag_ARCS_start
11e0306c   GPI_disable_int_vo
11e0304c   GPI_enable_int_vo
11e03024   GPI_init_vo
11e02fd4   GPI_int_ack_vo
11e02f00   GPI_setVector_vo
0c026100   GeneratorCircle1st
0c026050   GeneratorCircle2nd
0c025fa8   GeneratorCircle3rd
0c025e00   GetFilterdSignal
0c01af48   GetMultiPositions
0c025dc8   GetVelocity
0c01ad18   GetVoltAndCurrent
0c03eeac   IPFPGA_get_fpga_ver
0c03ee60   IPFPGA_read
0c03ede8   IPFPGA_read_f32
0c03ed6c   IPFPGA_write
0c03ece0   IPFPGA_write_f32
11e029d0   IRQ_globalDisable
11e029b0   IRQ_globalEnable
11e029a8   IRQ_globalRestore
0c025da8   Integrator_acc_ref
0c025d88   Integrator_acc_ref2
0c025d68   Integrator_acc_ref3
0c025d48   Integrator_w_ref
0c025d28   Integrator_w_ref2
0c025d08   Integrator_w_ref3
11f04700   Iq_off
0c041090   LPF_cmd
0c041118   LPF_motor
0c025bb0   LimDiffCalcDQ
0c025b4c   LimitPosCmd
0c0197a4   Limiter
0c025510   MW_main
0c01a7d4   ManyRampGenerator1stAxis
0c01a574   ManyRampGenerator2ndAxis
0c01a314   ManyRampGenerator3rdAxis
11f0361c   ModRatioU
11f03620   ModRatioV
11f03624   ModRatioW
11e01914   PEV_abz_clear
11e018e0   PEV_abz_clear_resolver_err
11e018a4   PEV_abz_get_resolver_err
11e01864   PEV_abz_get_resolver_pos
11e01834   PEV_abz_in_pin
11e017e8   PEV_abz_init_maxcount
11e017a4   PEV_abz_read
11e01734   PEV_abz_set_mode
11e016e8   PEV_abz_write
11e01494   PEV_ad_abz_read
11e01460   PEV_ad_disable_int
11e01418   PEV_ad_enable_int
11e012b0   PEV_ad_in_4ch
11e0106c   PEV_ad_in_grp
11e01040   PEV_ad_in_st
11e00fe0   PEV_ad_set_mode
11e00f98   PEV_ad_set_offset
11e00f48   PEV_ad_set_range
11e00f10   PEV_ad_start
0c0407c4   PEV_get_fpga_ver
0c040780   PEV_init
11e00de0   PEV_int_init
11e00da8   PEV_inverter_control_break
11e00d70   PEV_inverter_control_gate
11e00d38   PEV_inverter_disable_int
11e00cf4   PEV_inverter_enable_int
11e00b84   PEV_inverter_init
11e00aa8   PEV_inverter_init_adtrig_timing
11e009b8   PEV_inverter_init_int_timing
11e00958   PEV_inverter_init_refload_timing
11e008d4   PEV_inverter_set_ab
11e007d4   PEV_inverter_set_ra
11e005e8   PEV_inverter_set_uvw
11e003cc   PEV_inverter_set_uvw_br
11e00394   PEV_inverter_start_pwm
11e00360   PEV_inverter_stop_pwm
11e0030c   PEV_sync_ad_init
11e002b4   PEV_sync_ad_out
11e00260   PEV_sync_pwm_init
11e00150   PEV_sync_pwm_out
11e00100   PEV_sync_z_out
11e000c8   PEV_updown_clear_cnt
11e00078   PEV_updown_init_maxcount
11e00034   PEV_updown_read_cnt
11e00000   PEV_updown_set_mode
0c01a2cc   PIcontroller
0c01a288   PIcontroller_withAntiwindup
0c01a278   Pcontroller
11f046f8   Ref_Iq_ref_direct
11f046fc   Ref_wM_direct
0c01a274   SetBDN
0c01a270   SetENC_CH
0c019dc8   SetGain
0c019d40   SetLPF
0c019b84   SetRampParams
0c0197c4   SetVoltReferences
0c0191a0   StateObserver
11f035c8   Tm_sub
0c018a20   TriangularAccelerationCommandGenerator
0c018060   TriangularAccelerationCommandGeneratorInit
0c01800c   VconPI5Axis
11f0492c   WAVE_ACC_LW8079
11f04930   WAVE_ACC_LW8174
11f04934   WAVE_ACC_LW8174_axis
11f04960   WAVE_AccCmd1
11f04968   WAVE_AccCmd2
11f04970   WAVE_AccCmd3
11f04e08   WAVE_ENC1
11f04e0c   WAVE_ENC2
11f04e10   WAVE_ENC3
11f04dfc   WAVE_ENC_temp1
11f04e00   WAVE_ENC_temp2
11f04e04   WAVE_ENC_temp3
11f02300   WAVE_Enc_error
11f0462c   WAVE_FIL_Y
11f04938   WAVE_Fz
11f04688   WAVE_HandX
11f0468c   WAVE_HandY
11f04690   WAVE_HandZ
11f04628   WAVE_INIT_COUNT
11f04fc8   WAVE_Icmp1
11f04fcc   WAVE_Icmp2
11f04fd0   WAVE_Icmp3
11f04df0   WAVE_Idc1
11f04df4   WAVE_Idc2
11f04df8   WAVE_Idc3
11f04fe0   WAVE_Iff_1
11f04fe4   WAVE_Iff_2
11f04fe8   WAVE_Iff_3
11f04eb4   WAVE_Ipi1
11f04eb8   WAVE_Ipi2
11f04ebc   WAVE_Ipi3
11f04ea8   WAVE_Iq1
11f04eac   WAVE_Iq2
11f04eb0   WAVE_Iq3
11f04f44   WAVE_IrefD1
11f04f48   WAVE_IrefD2
11f04f4c   WAVE_IrefD3
11f04f50   WAVE_IrefQ1
11f04f54   WAVE_IrefQ2
11f04f58   WAVE_IrefQ3
11f04dcc   WAVE_IresD1
11f04dd0   WAVE_IresD2
11f04dd4   WAVE_IresD3
11f04dd8   WAVE_IresQ1
11f04ddc   WAVE_IresQ2
11f04de0   WAVE_IresQ3
11f04908   WAVE_IresU1
11f0490c   WAVE_IresU2
11f04910   WAVE_IresU3
11f04914   WAVE_IresV1
11f04918   WAVE_IresV2
11f0491c   WAVE_IresV3
11f04920   WAVE_IresW1
11f04924   WAVE_IresW2
11f04928   WAVE_IresW3
11f04ec0   WAVE_Isfb1
11f04ec4   WAVE_Isfb2
11f04ec8   WAVE_Isfb3
11f04dc0   WAVE_Jl_Wr1
11f04dc4   WAVE_Jl_Wr2
11f04dc8   WAVE_Jl_Wr3
11f04db4   WAVE_Jl_calc1
11f04db8   WAVE_Jl_calc2
11f04dbc   WAVE_Jl_calc3
11f0467c   WAVE_Joint1
11f04680   WAVE_Joint2
11f04684   WAVE_Joint3
11f04760   WAVE_Kfb1
11f04780   WAVE_Kfb1_wr
11f047a0   WAVE_Kfb2
11f047c0   WAVE_Kfb2_wr
11f047e0   WAVE_Kfb3
11f04800   WAVE_Kfb3_wr
11f0475c   WAVE_Kff1
11f0477c   WAVE_Kff1_wr
11f0479c   WAVE_Kff2
11f047bc   WAVE_Kff2_wr
11f047dc   WAVE_Kff3
11f047fc   WAVE_Kff3_wr
11f04758   WAVE_Kpp1
11f04778   WAVE_Kpp1_wr
11f04798   WAVE_Kpp2
11f047b8   WAVE_Kpp2_wr
11f047d8   WAVE_Kpp3
11f047f8   WAVE_Kpp3_wr
11f04768   WAVE_Kvi1
11f04788   WAVE_Kvi1_wr
11f047a8   WAVE_Kvi2
11f047c8   WAVE_Kvi2_wr
11f047e8   WAVE_Kvi3
11f04808   WAVE_Kvi3_wr
11f04764   WAVE_Kvp1
11f04784   WAVE_Kvp1_wr
11f047a4   WAVE_Kvp2
11f047c4   WAVE_Kvp2_wr
11f047e4   WAVE_Kvp3
11f04804   WAVE_Kvp3_wr
11f04664   WAVE_LoopCount
11f04d9c   WAVE_MRBR1
11f04da0   WAVE_MRBR2
11f04da4   WAVE_MRBR3
11f04d78   WAVE_MRU1
11f04d84   WAVE_MRU2
11f04d90   WAVE_MRU3
11f04d7c   WAVE_MRV1
11f04d88   WAVE_MRV2
11f04d94   WAVE_MRV3
11f04d80   WAVE_MRW1
11f04d8c   WAVE_MRW2
11f04d98   WAVE_MRW3
11f04e44   WAVE_TRG_WM1
11f04e48   WAVE_TRG_WM2
11f04e4c   WAVE_TRG_WM3
11f04670   WAVE_Timer0
11f04674   WAVE_Timer1
11f04678   WAVE_Timer2
11f04fbc   WAVE_Tq1
11f04fc0   WAVE_Tq2
11f04fc4   WAVE_Tq3
11f04948   WAVE_U_modulation
11f04ff0   WAVE_VWX
11f04ff4   WAVE_VWY
11f04ff8   WAVE_VWZ
11f0494c   WAVE_V_modulation
11f04de4   WAVE_Vdc1
11f04de8   WAVE_Vdc2
11f04dec   WAVE_Vdc3
11f02310   WAVE_Vdc_ofst
11f04964   WAVE_VelCmd1
11f0496c   WAVE_VelCmd2
11f04974   WAVE_VelCmd3
11f04f74   WAVE_VrefD1
11f04f7c   WAVE_VrefD2
11f04f84   WAVE_VrefD3
11f04f5c   WAVE_VrefD_dcpl1
11f04f64   WAVE_VrefD_dcpl2
11f04f6c   WAVE_VrefD_dcpl3
11f04f78   WAVE_VrefQ1
11f04f80   WAVE_VrefQ2
11f04f88   WAVE_VrefQ3
11f04f60   WAVE_VrefQ_dcpl1
11f04f68   WAVE_VrefQ_dcpl2
11f04f70   WAVE_VrefQ_dcpl3
11f04efc   WAVE_VrefU1
11f04f08   WAVE_VrefU2
11f04f14   WAVE_VrefU3
11f04f00   WAVE_VrefV1
11f04f0c   WAVE_VrefV2
11f04f18   WAVE_VrefV3
11f04f04   WAVE_VrefW1
11f04f10   WAVE_VrefW2
11f04f1c   WAVE_VrefW3
11f0493c   WAVE_WSX
11f04940   WAVE_WSY
11f04944   WAVE_WSZ
11f04950   WAVE_W_modulation
11f04818   WAVE_al_calc1
11f04828   WAVE_al_calc2
11f04838   WAVE_al_calc3
11f04848   WAVE_al_calc_DPD1
11f04858   WAVE_al_calc_DPD2
11f04868   WAVE_al_calc_DPD3
11f04ed8   WAVE_am_TriAccCmd1
11f04edc   WAVE_am_TriAccCmd2
11f04ee0   WAVE_am_TriAccCmd3
11f049a4   WAVE_aq0_1
11f04a34   WAVE_aq0_1_wr
11f049d4   WAVE_aq0_2
11f04a64   WAVE_aq0_2_wr
11f04a04   WAVE_aq0_3
11f04a94   WAVE_aq0_3_wr
11f049a0   WAVE_aq1_1
11f04a30   WAVE_aq1_1_wr
11f049d0   WAVE_aq1_2
11f04a60   WAVE_aq1_2_wr
11f04a00   WAVE_aq1_3
11f04a90   WAVE_aq1_3_wr
11f0499c   WAVE_aq2_1
11f04a2c   WAVE_aq2_1_wr
11f049cc   WAVE_aq2_2
11f04a5c   WAVE_aq2_2_wr
11f049fc   WAVE_aq2_3
11f04a8c   WAVE_aq2_3_wr
11f04988   WAVE_av0_1
11f04a18   WAVE_av0_1_wr
11f049b8   WAVE_av0_2
11f04a48   WAVE_av0_2_wr
11f049e8   WAVE_av0_3
11f04a78   WAVE_av0_3_wr
11f04984   WAVE_av1_1
11f04a14   WAVE_av1_1_wr
11f049b4   WAVE_av1_2
11f04a44   WAVE_av1_2_wr
11f049e4   WAVE_av1_3
11f04a74   WAVE_av1_3_wr
11f04980   WAVE_av2_1
11f04a10   WAVE_av2_1_wr
11f049b0   WAVE_av2_2
11f04a40   WAVE_av2_2_wr
11f049e0   WAVE_av2_3
11f04a70   WAVE_av2_3_wr
11f0497c   WAVE_av3_1
11f04a0c   WAVE_av3_1_wr
11f049ac   WAVE_av3_2
11f04a3c   WAVE_av3_2_wr
11f049dc   WAVE_av3_3
11f04a6c   WAVE_av3_3_wr
11f04978   WAVE_av4_1
11f04a08   WAVE_av4_1_wr
11f049a8   WAVE_av4_2
11f04a38   WAVE_av4_2_wr
11f049d8   WAVE_av4_3
11f04a68   WAVE_av4_3_wr
11f04998   WAVE_bv0_1
11f04a28   WAVE_bv0_1_wr
11f049c8   WAVE_bv0_2
11f04a58   WAVE_bv0_2_wr
11f049f8   WAVE_bv0_3
11f04a88   WAVE_bv0_3_wr
11f04994   WAVE_bv1_1
11f04a24   WAVE_bv1_1_wr
11f049c4   WAVE_bv1_2
11f04a54   WAVE_bv1_2_wr
11f049f4   WAVE_bv1_3
11f04a84   WAVE_bv1_3_wr
11f04990   WAVE_bv2_1
11f04a20   WAVE_bv2_1_wr
11f049c0   WAVE_bv2_2
11f04a50   WAVE_bv2_2_wr
11f049f0   WAVE_bv2_3
11f04a80   WAVE_bv2_3_wr
11f0498c   WAVE_bv3_1
11f04a1c   WAVE_bv3_1_wr
11f049bc   WAVE_bv3_2
11f04a4c   WAVE_bv3_2_wr
11f049ec   WAVE_bv3_3
11f04a7c   WAVE_bv3_3_wr
11f046b0   WAVE_check
11f048e8   WAVE_est_ISOB_qs1
11f048f4   WAVE_est_ISOB_qs2
11f04900   WAVE_est_ISOB_qs3
11f048ec   WAVE_est_ISOB_wl1
11f048f8   WAVE_est_ISOB_wl2
11f04904   WAVE_est_ISOB_wl3
11f048e4   WAVE_est_ISOB_wm1
11f048f0   WAVE_est_ISOB_wm2
11f048fc   WAVE_est_ISOB_wm3
11f048a0   WAVE_est_conv_qs1
11f048ac   WAVE_est_conv_qs2
11f048b8   WAVE_est_conv_qs3
11f048a4   WAVE_est_conv_wl1
11f048b0   WAVE_est_conv_wl2
11f048bc   WAVE_est_conv_wl3
11f0489c   WAVE_est_conv_wm1
11f048a8   WAVE_est_conv_wm2
11f048b4   WAVE_est_conv_wm3
11f048c4   WAVE_est_prop_qs1
11f048d0   WAVE_est_prop_qs2
11f048dc   WAVE_est_prop_qs3
11f048c8   WAVE_est_prop_wl1
11f048d4   WAVE_est_prop_wl2
11f048e0   WAVE_est_prop_wl3
11f048c0   WAVE_est_prop_wm1
11f048cc   WAVE_est_prop_wm2
11f048d8   WAVE_est_prop_wm3
11f0487c   WAVE_est_qs1
11f04888   WAVE_est_qs2
11f04894   WAVE_est_qs3
11f04880   WAVE_est_wl1
11f0488c   WAVE_est_wl2
11f04898   WAVE_est_wl3
11f04878   WAVE_est_wm1
11f04884   WAVE_est_wm2
11f04890   WAVE_est_wm3
11f04770   WAVE_fqs1
11f04790   WAVE_fqs1_wr
11f047b0   WAVE_fqs2
11f047d0   WAVE_fqs2_wr
11f047f0   WAVE_fqs3
11f04810   WAVE_fqs3_wr
11f04774   WAVE_fwl1
11f04794   WAVE_fwl1_wr
11f047b4   WAVE_fwl2
11f047d4   WAVE_fwl2_wr
11f047f4   WAVE_fwl3
11f04814   WAVE_fwl3_wr
11f0476c   WAVE_fwm1
11f0478c   WAVE_fwm1_wr
11f047ac   WAVE_fwm2
11f047cc   WAVE_fwm2_wr
11f047ec   WAVE_fwm3
11f0480c   WAVE_fwm3_wr
11f04694   WAVE_fx
11f04698   WAVE_fy
11f0469c   WAVE_fz
11f04ecc   WAVE_jark1
11f04ed0   WAVE_jark2
11f04ed4   WAVE_jark3
11f02304   WAVE_ofst_Iu
11f02308   WAVE_ofst_Iv
11f0230c   WAVE_ofst_Iw
11f04fa4   WAVE_omega_rm1
11f04fb0   WAVE_omega_rm1_ref
11f04fa8   WAVE_omega_rm2
11f04fb4   WAVE_omega_rm2_ref
11f04fac   WAVE_omega_rm3
11f04fb8   WAVE_omega_rm3_ref
11f04e9c   WAVE_ql1
11f04ea0   WAVE_ql2
11f04ea4   WAVE_ql3
11f04820   WAVE_ql_calc1
11f04830   WAVE_ql_calc2
11f04840   WAVE_ql_calc3
11f04850   WAVE_ql_calc_DPD1
11f04860   WAVE_ql_calc_DPD2
11f04870   WAVE_ql_calc_DPD3
11f04e84   WAVE_qm1
11f04e88   WAVE_qm2
11f04e8c   WAVE_qm3
11f04ef0   WAVE_qm_TriAccCmd1
11f04ef4   WAVE_qm_TriAccCmd2
11f04ef8   WAVE_qm_TriAccCmd3
11f04e90   WAVE_qm_ref1
11f04e94   WAVE_qm_ref2
11f04e98   WAVE_qm_ref3
11f046ac   WAVE_state
11f04fec   WAVE_tauL_dyn_2nd
11f04da8   WAVE_tauLdyn1
11f04dac   WAVE_tauLdyn2
11f04db0   WAVE_tauLdyn3
11f04e38   WAVE_theta_re1
11f04e3c   WAVE_theta_re2
11f04e40   WAVE_theta_re3
11f04e14   WAVE_theta_rm1
11f04e18   WAVE_theta_rm2
11f04e1c   WAVE_theta_rm3
11f04e2c   WAVE_theta_rm_full1
11f04e30   WAVE_theta_rm_full2
11f04e34   WAVE_theta_rm_full3
11f04e20   WAVE_theta_rm_ref1
11f04e24   WAVE_theta_rm_ref2
11f04e28   WAVE_theta_rm_ref3
11f04f8c   WAVE_vd_lim_dif1
11f04f94   WAVE_vd_lim_dif2
11f04f9c   WAVE_vd_lim_dif3
11f04f90   WAVE_vq_lim_dif1
11f04f98   WAVE_vq_lim_dif2
11f04fa0   WAVE_vq_lim_dif3
11f04f20   WAVE_vu_ref_stand1
11f04f2c   WAVE_vu_ref_stand2
11f04f38   WAVE_vu_ref_stand3
11f04f24   WAVE_vv_ref_stand1
11f04f30   WAVE_vv_ref_stand2
11f04f3c   WAVE_vv_ref_stand3
11f04f28   WAVE_vw_ref_stand1
11f04f34   WAVE_vw_ref_stand2
11f04f40   WAVE_vw_ref_stand3
11f046a0   WAVE_vx
11f046a4   WAVE_vy
11f046a8   WAVE_vz
11f0481c   WAVE_wl_calc1
11f0482c   WAVE_wl_calc2
11f0483c   WAVE_wl_calc3
11f0484c   WAVE_wl_calc_DPD1
11f0485c   WAVE_wl_calc_DPD2
11f0486c   WAVE_wl_calc_DPD3
11f04e50   WAVE_wm1
11f04e54   WAVE_wm2
11f04e58   WAVE_wm3
11f04e78   WAVE_wm_CCC1
11f04e7c   WAVE_wm_CCC2
11f04e80   WAVE_wm_CCC3
11f04ee4   WAVE_wm_TriAccCmd1
11f04ee8   WAVE_wm_TriAccCmd2
11f04eec   WAVE_wm_TriAccCmd3
11f04824   WAVE_wm_calc1
11f04834   WAVE_wm_calc2
11f04844   WAVE_wm_calc3
11f04854   WAVE_wm_calc_DPD1
11f04864   WAVE_wm_calc_DPD2
11f04874   WAVE_wm_calc_DPD3
11f04e6c   WAVE_wm_cmd1
11f04e70   WAVE_wm_cmd2
11f04e74   WAVE_wm_cmd3
11f04e60   WAVE_wm_ref1
11f04e64   WAVE_wm_ref2
11f04e68   WAVE_wm_ref3
11f04e5c   WAVE_wm_ref_org
11f04aac   WAVE_wr_al1
11f04acc   WAVE_wr_al2
11f04aec   WAVE_wr_al3
11f04ab4   WAVE_wr_m1
11f04ad4   WAVE_wr_m2
11f04af4   WAVE_wr_m3
11f04ab0   WAVE_wr_n1
11f04ad0   WAVE_wr_n2
11f04af0   WAVE_wr_n3
11f04aa8   WAVE_wr_ql1
11f04ac8   WAVE_wr_ql2
11f04ae8   WAVE_wr_ql3
11f04a9c   WAVE_wr_qm1
11f04abc   WAVE_wr_qm2
11f04adc   WAVE_wr_qm3
11f04aa0   WAVE_wr_qs1
11f04ac0   WAVE_wr_qs2
11f04ae0   WAVE_wr_qs3
11f04aa4   WAVE_wr_wl1
11f04ac4   WAVE_wr_wl2
11f04ae4   WAVE_wr_wl3
11f04a98   WAVE_wr_wm1
11f04ab8   WAVE_wr_wm2
11f04ad8   WAVE_wr_wm3
11f02fd0   Wr_DPD
11f04afc   Wr_Throth_check
11f02cb8   Wr_sub
11e03380   _CSL2_intcDispatcherDummy
11e032c8   _CSL_intcGlobalDisable
11e0333c   _CSL_intcGlobalExcepClear
11e03314   _CSL_intcGlobalExcepEnable
11e03328   _CSL_intcGlobalExtExcepEnable
11e032e8   _CSL_intcGlobalRestore
11e03260   _CSL_intcInterruptClear
11e03278   _CSL_intcInterruptRestore
11e0326c   _CSL_intcInterruptSet
11e03290   _CSL_intcQueryInterruptStatus
0c043f90   __TI_CINIT_Base
0c043fb0   __TI_CINIT_Limit
0c043f88   __TI_Handler_Table_Base
0c043f90   __TI_Handler_Table_Limit
UNDEFED    __TI_INITARRAY_Base
UNDEFED    __TI_INITARRAY_Limit
11f04628   __TI_STACK_END
00001000   __TI_STACK_SIZE
11f04628   __TI_STATIC_BASE
UNDEFED    __TI_TLS_INIT_Base
UNDEFED    __TI_TLS_INIT_Limit
00000001   __TI_args_main
0c040880   __TI_cpp_init
0c040b00   __TI_decompress_none
0c040b20   __TI_decompress_rle24
0c04180c   __TI_enable_exit_profile_output
ffffffff   __TI_pprof_out_hndl
ffffffff   __TI_prof_data_size
ffffffff   __TI_prof_data_start
0c040360   __TI_tls_init
ffffffff   __binit__
0c03d2c0   __c6xabi_divd
0c03e5a0   __c6xabi_divf
0c040020   __c6xabi_divi
0c0401e0   __c6xabi_divu
0c040a80   __c6xabi_errno_addr
0c040600   __c6xabi_fixdu
0c0408e0   __c6xabi_frcmpyd_div
0c040940   __c6xabi_llshru
0c040420   __c6xabi_nround
0c040680   __c6xabi_roundf
0c040aa0   __c6xabi_trunc
0c040ac0   __c6xabi_truncf
ffffffff   __c_args__
0c040020   __divi
0c0401e0   __divu
0c041114   __errno
0c040a00   _args_main
0c03fe20   _auto_init_elf
0c040700   _c_int00
0c041804   _cleanup_ptr
0c041808   _dtors_ptr
11f002b0   _mwSinTbl
11f03628   _stack
0c040ae0   abort
0c03eee0   acos
11f03610   ad1
11f03614   ad2
11f03618   ad3
0c03f0c0   atan
0c03f5a0   atan2
0c018000   backward_diff
ffffffff   binit
11e02688   cic0Out2Evnt
0c03ff20   copy_in
0c03e2e0   cos
11f04660   counter_2
0c03eac8   cvt_to_float_from_u32
0c03eaa0   cvt_to_u32_from_float
0c041200   d_current
11f02318   debug
11f02328   debug2
11f02338   debug3
11f04714   debug_theta
11f04740   down_rotation_flag2
11f04748   down_rotation_flag3
11f04750   down_rotation_flag5
11f032e8   dyn
0c041114   errno
0c040800   evmI2CInit
0c0402a0   exit
0c03f280   expf
11f0463c   flag_CalcHandCmd
11f046c4   flag_CircleStart1
11f046c8   flag_CircleStart2
11f046cc   flag_CircleStart3
11f04650   flag_FBgain
11f04658   flag_FF
11f04668   flag_FF_triple
11f04654   flag_PPgain
11f0465c   flag_SOB
11f0464c   flag_Vdc_setted
11f0466c   flag_cmd_end
11f04630   flag_cont_start
11f04634   flag_dead
11f04640   flag_debug
11f04648   flag_delay
11f04638   flag_dyn_payload
11f046d0   flag_end1
11f046d4   flag_end2
11f046d8   flag_end3
11f04af8   flag_fin
11f046bc   flag_first_back
11f046b8   flag_first_go
11f046c0   flag_hard
11f046dc   flag_on
11f04644   flag_pv
11f046b4   flag_reposition
0c03f720   frexp
0c03f8a0   frexpf
11f00270   gpio_int_map
11f03468   gsub
11f050e4   hGpio
0c03cb74   i2cEepromGetStatus2
0c03c9f8   i2cEepromRead2
0c03c668   i2cEepromWriteBlock2
0c03c8e0   i2cEepromWriteByteAddr2
11e02968   int_begin_nestint
11e02918   int_end_nestint
11f00170   intcObj
11f02348   joint
0c03fa00   ldexp
0c03fb60   ldexpf
11f04738   left_rotation_flag
11f04718   load_angle_limit_deg1
11f0471c   load_angle_limit_deg2
11f04720   load_angle_limit_deg3
11f04724   load_angle_limit_deg5
11f04728   load_angle_limit_rad1
11f0472c   load_angle_limit_rad2
11f04730   load_angle_limit_rad3
11f04734   load_angle_limit_rad5
0c040a60   main
0c0404c0   memcpy
0c040100   memset
0c040560   modf
0c0409a0   modff
0c03e2a4   mw_Osal_platformSpiCsEnter
0c03e290   mw_Osal_platformSpiCsExit
11f04d70   mw_gp__CSL_intcCpuIntrTable
0c03de98   mw_nor_erase
0c03de2c   mw_nor_get_details
0c03ddb8   mw_nor_init
0c03dd04   mw_nor_read
0c03dc40   mw_nor_write
0c03e270   mw_platform_delaycycles
0c03e204   mw_platform_device_close
0c03e1c4   mw_platform_device_erase_block
0c03e0ec   mw_platform_device_open
0c03e050   mw_platform_device_read
0c03dfb4   mw_platform_device_write
11f04d74   mw_platform_errno
11e03360   mw_setVect
0c03dab8   mw_spi_claim
0c03da4c   mw_spi_cmd
0c03da40   mw_spi_cmd_read
0c03da30   mw_spi_cmd_write
0c03d9c4   mw_spi_release
0c03d880   mw_spi_xfer
11e02904   mwintc_clearSysInterrupt
11e028ec   mwintc_disableHostInterrupt
11e028d4   mwintc_disableSysInterrupt
11e028c0   mwintc_enableHostInterrupt
11e028a8   mwintc_enableSysInterrupt
11e02878   mwintc_getInterruptStatus
11e02860   mwintc_mapSystemIntrToChannel
11e02714   mwintc_setup
11e02794   mwintc_setup2
11e025f4   mwintc_setupApp
11f02b58   ob_sub
0c03dfa0   platform_write
0c041248   position
0c03bf20   pow
0c03cce0   powf
0c041290   q_current
0c041528   range
11f04954   ref_Iq_direct1
11f04958   ref_Iq_direct2
11f0495c   ref_Iq_direct3
11f04fd4   ref_Iq_freq_direct1
11f04fd8   ref_Iq_freq_direct2
11f04fdc   ref_Iq_freq_direct3
11f04710   ref_wm_direct
11f0473c   right_rotation_flag
0c040e40   sen
0c03e820   sin
11f0470c   speed_hand
0c03fcc0   sqrt
11f046ec   start_back1
11f046f0   start_back2
11f046f4   start_back3
11f046e0   start_go1
11f046e4   start_go2
11f046e8   start_go3
11f04d64   tmr1regs
11f04d68   tmr2regs
11f04d6c   tmr3regs
11f033f0   tri
11f04744   up_rotation_flag2
11f0474c   up_rotation_flag3
11f04754   up_rotation_flag5
0c0412d8   velocity


GLOBAL SYMBOLS: SORTED BY Symbol Address 

address    name
--------   ----
00000001   __TI_args_main
00001000   __TI_STACK_SIZE
0c018000   backward_diff
0c01800c   VconPI5Axis
0c018060   TriangularAccelerationCommandGeneratorInit
0c018a20   TriangularAccelerationCommandGenerator
0c0191a0   StateObserver
0c0197a4   Limiter
0c0197c4   SetVoltReferences
0c019b84   SetRampParams
0c019d40   SetLPF
0c019dc8   SetGain
0c01a270   SetENC_CH
0c01a274   SetBDN
0c01a278   Pcontroller
0c01a288   PIcontroller_withAntiwindup
0c01a2cc   PIcontroller
0c01a314   ManyRampGenerator3rdAxis
0c01a574   ManyRampGenerator2ndAxis
0c01a7d4   ManyRampGenerator1stAxis
0c01aa34   CalcOffset
0c01ad18   GetVoltAndCurrent
0c01af48   GetMultiPositions
0c01b40c   CalcDynamicsInit
0c01f6a0   CalcFDTDWrInit_WmcmdInputType
0c0219f4   CalcFDTDTSOBInit
0c023d94   FDTD_Tm_Init
0c024140   CalcPVGainInitCDM
0c025510   MW_main
0c025b4c   LimitPosCmd
0c025bb0   LimDiffCalcDQ
0c025d08   Integrator_w_ref3
0c025d28   Integrator_w_ref2
0c025d48   Integrator_w_ref
0c025d68   Integrator_acc_ref3
0c025d88   Integrator_acc_ref2
0c025da8   Integrator_acc_ref
0c025dc8   GetVelocity
0c025e00   GetFilterdSignal
0c025fa8   GeneratorCircle3rd
0c026050   GeneratorCircle2nd
0c026100   GeneratorCircle1st
0c0261a8   FDTD_Tm
0c026404   FDTD_T_SOB
0c027220   FDTDSOB
0c027d4c   DecouplingControl
0c027de4   CalcGravIcmp
0c027f18   CalcJl
0c028248   CalcJlWr
0c028574   CalcPVGain
0c02a084   CalcWrGain
0c02bb70   CalcFDTDWr_WmcmdInputType
0c02d4d0   CalcTauLDyn
0c02dbf0   CalcFDTDWrUpdate_WmcmdInputType_2nd
0c02e6a0   CalcFDTDWrUpdate_WmcmdInputType_1st2nd
0c030630   CalcHandCmdCircle
0c030a80   CalcInverseCmd_vel
0c031840   CalcVdcMean
0c031914   BrakeController
0c031a04   CalcPrefRep3axis
0c031c04   CalcPrefRep2axis
0c031e04   CalcPref2axis
0c031ef4   CalcHandCmdRectangle
0c032444   CalcHandCmdDiamond
0c032a40   CalcFDTDWr_QmrefInputType
0c033d80   CalcFDTDWrUpdate_QmrefInputType_2nd
0c034328   CalcFDTDWrUpdate_QmrefInputType_1st2nd
0c034f38   CalcFDTDWrInit_QmrefInputType
0c036bc0   ControlFunction
0c03b400   ENC_stop_abs
0c03b4ac   ENC_start_abs
0c03b560   ENC_ss_init
0c03b60c   ENC_ss_get_start
0c03b6c0   ENC_ss_get_abs
0c03b7c0   ENC_ss_get_abm
0c03b8a8   ENC_set_refresh
0c03b960   ENC_reset_err
0c03ba28   ENC_reset_abs
0c03bb00   ENC_reset_abm
0c03bbc8   ENC_get_status
0c03bc60   ENC_get_almc
0c03bcec   ENC_get_abs
0c03bdac   ENC_get_abm
0c03be68   ENC_batt_alm_en
0c03bf20   pow
0c03c668   i2cEepromWriteBlock2
0c03c8e0   i2cEepromWriteByteAddr2
0c03c9f8   i2cEepromRead2
0c03cb74   i2cEepromGetStatus2
0c03cce0   powf
0c03d2c0   __c6xabi_divd
0c03d880   mw_spi_xfer
0c03d9c4   mw_spi_release
0c03da30   mw_spi_cmd_write
0c03da40   mw_spi_cmd_read
0c03da4c   mw_spi_cmd
0c03dab8   mw_spi_claim
0c03dc40   mw_nor_write
0c03dd04   mw_nor_read
0c03ddb8   mw_nor_init
0c03de2c   mw_nor_get_details
0c03de98   mw_nor_erase
0c03dfa0   platform_write
0c03dfb4   mw_platform_device_write
0c03e050   mw_platform_device_read
0c03e0ec   mw_platform_device_open
0c03e1c4   mw_platform_device_erase_block
0c03e204   mw_platform_device_close
0c03e270   mw_platform_delaycycles
0c03e290   mw_Osal_platformSpiCsExit
0c03e2a4   mw_Osal_platformSpiCsEnter
0c03e2e0   cos
0c03e5a0   __c6xabi_divf
0c03e820   sin
0c03eaa0   cvt_to_u32_from_float
0c03eac8   cvt_to_float_from_u32
0c03eaf0   FPGA_write_f32
0c03eb80   FPGA_write
0c03ebf8   FPGA_read_f32
0c03ec64   FPGA_read
0c03ecb0   FPGA_get_fpga_ver
0c03ece0   IPFPGA_write_f32
0c03ed6c   IPFPGA_write
0c03ede8   IPFPGA_read_f32
0c03ee60   IPFPGA_read
0c03eeac   IPFPGA_get_fpga_ver
0c03eee0   acos
0c03f0c0   atan
0c03f280   expf
0c03f5a0   atan2
0c03f720   frexp
0c03f8a0   frexpf
0c03fa00   ldexp
0c03fb60   ldexpf
0c03fcc0   sqrt
0c03fe20   _auto_init_elf
0c03ff20   copy_in
0c040020   __c6xabi_divi
0c040020   __divi
0c040100   memset
0c0401e0   __c6xabi_divu
0c0401e0   __divu
0c0402a0   exit
0c040360   __TI_tls_init
0c040420   __c6xabi_nround
0c0404c0   memcpy
0c040560   modf
0c040600   __c6xabi_fixdu
0c040680   __c6xabi_roundf
0c040700   _c_int00
0c040780   PEV_init
0c0407c4   PEV_get_fpga_ver
0c040800   evmI2CInit
0c040880   __TI_cpp_init
0c0408e0   __c6xabi_frcmpyd_div
0c040940   __c6xabi_llshru
0c0409a0   modff
0c040a00   _args_main
0c040a40   CSL_GPIO_open
0c040a60   main
0c040a80   __c6xabi_errno_addr
0c040aa0   __c6xabi_trunc
0c040ac0   __c6xabi_truncf
0c040ae0   C$$EXIT
0c040ae0   abort
0c040b00   __TI_decompress_none
0c040b20   __TI_decompress_rle24
0c040e40   sen
0c041090   LPF_cmd
0c041114   __errno
0c041114   errno
0c041118   LPF_motor
0c041200   d_current
0c041248   position
0c041290   q_current
0c0412d8   velocity
0c041528   range
0c041804   _cleanup_ptr
0c041808   _dtors_ptr
0c04180c   __TI_enable_exit_profile_output
0c041a64   EMIF_IntrErr_sts
0c043f88   __TI_Handler_Table_Base
0c043f90   __TI_CINIT_Base
0c043f90   __TI_Handler_Table_Limit
0c043fb0   __TI_CINIT_Limit
11e00000   PEV_updown_set_mode
11e00034   PEV_updown_read_cnt
11e00078   PEV_updown_init_maxcount
11e000c8   PEV_updown_clear_cnt
11e00100   PEV_sync_z_out
11e00150   PEV_sync_pwm_out
11e00260   PEV_sync_pwm_init
11e002b4   PEV_sync_ad_out
11e0030c   PEV_sync_ad_init
11e00360   PEV_inverter_stop_pwm
11e00394   PEV_inverter_start_pwm
11e003cc   PEV_inverter_set_uvw_br
11e005e8   PEV_inverter_set_uvw
11e007d4   PEV_inverter_set_ra
11e008d4   PEV_inverter_set_ab
11e00958   PEV_inverter_init_refload_timing
11e009b8   PEV_inverter_init_int_timing
11e00aa8   PEV_inverter_init_adtrig_timing
11e00b84   PEV_inverter_init
11e00cf4   PEV_inverter_enable_int
11e00d38   PEV_inverter_disable_int
11e00d70   PEV_inverter_control_gate
11e00da8   PEV_inverter_control_break
11e00de0   PEV_int_init
11e00f10   PEV_ad_start
11e00f48   PEV_ad_set_range
11e00f98   PEV_ad_set_offset
11e00fe0   PEV_ad_set_mode
11e01040   PEV_ad_in_st
11e0106c   PEV_ad_in_grp
11e012b0   PEV_ad_in_4ch
11e01418   PEV_ad_enable_int
11e01460   PEV_ad_disable_int
11e01494   PEV_ad_abz_read
11e016e8   PEV_abz_write
11e01734   PEV_abz_set_mode
11e017a4   PEV_abz_read
11e017e8   PEV_abz_init_maxcount
11e01834   PEV_abz_in_pin
11e01864   PEV_abz_get_resolver_pos
11e018a4   PEV_abz_get_resolver_err
11e018e0   PEV_abz_clear_resolver_err
11e01914   PEV_abz_clear
11e01960   C6657_timer3_hi_stop
11e01974   C6657_timer3_hi_start
11e01994   C6657_timer3_hi_init_vector
11e019b8   C6657_timer3_hi_init
11e01a2c   C6657_timer3_hi_enable_int
11e01a84   C6657_timer3_hi_clear_eventflag
11e01a94   C6657_timer2_write
11e01aa0   C6657_timer2_stop
11e01ab4   C6657_timer2_start
11e01ad8   C6657_timer2_read
11e01ae8   C6657_timer2_init_vector
11e01b30   C6657_timer2_init
11e01ba4   C6657_timer2_enable_int
11e01bf8   C6657_timer2_disable_int
11e01c40   C6657_timer2_clear_eventflag
11e01c4c   C6657_timer2_clear
11e01c58   C6657_timer1_write
11e01c68   C6657_timer1_stop
11e01c80   C6657_timer1_start
11e01ca0   C6657_timer1_read
11e01cac   C6657_timer1_init_vector
11e01cd0   C6657_timer1_init
11e01d44   C6657_timer1_enable_int
11e01d98   C6657_timer1_disable_int
11e01de0   C6657_timer1_clear_eventflag
11e01dec   C6657_timer1_clear
11e01df8   C6657_timer0_write
11e01e08   C6657_timer0_stop
11e01e20   C6657_timer0_start
11e01e40   C6657_timer0_read
11e01e4c   C6657_timer0_init_vector
11e01e70   C6657_timer0_init
11e01ee4   C6657_timer0_enable_int
11e01f38   C6657_timer0_disable_int
11e01f78   C6657_timer0_clear_eventflag
11e01f8c   C6657_timer0_clear
11e01fa0   EMF_Write_s32
11e02018   EMF_WriteFlashRom_s32
11e02120   EMF_Write2_s32
11e021b8   EMF_Read_s32
11e0222c   EMF_ReadFpgaBoard_s32
11e022e0   EMF_ReadFlashRom_s32
11e023a8   EMF_Read3_s32
11e02414   EMF_Read2_s32
11e024cc   EMF_Initialization_s32
11e0252c   EMF_EnableIntr_s32
11e025f4   mwintc_setupApp
11e02688   cic0Out2Evnt
11e02714   mwintc_setup
11e02794   mwintc_setup2
11e02860   mwintc_mapSystemIntrToChannel
11e02878   mwintc_getInterruptStatus
11e028a8   mwintc_enableSysInterrupt
11e028c0   mwintc_enableHostInterrupt
11e028d4   mwintc_disableSysInterrupt
11e028ec   mwintc_disableHostInterrupt
11e02904   mwintc_clearSysInterrupt
11e02918   int_end_nestint
11e02968   int_begin_nestint
11e029a8   IRQ_globalRestore
11e029b0   IRQ_globalEnable
11e029d0   IRQ_globalDisable
11e02a00   CSL2_intcHwControl
11e02d20   EMF_ErrIntr_vo
11e02f00   GPI_setVector_vo
11e02fd4   GPI_int_ack_vo
11e03024   GPI_init_vo
11e0304c   GPI_enable_int_vo
11e0306c   GPI_disable_int_vo
11e030a0   CSL2_loadResource
11e030b4   CSL2_intcOpen2
11e03220   CSL_intcInterruptEnable
11e03240   CSL_intcInterruptDisable
11e03260   _CSL_intcInterruptClear
11e0326c   _CSL_intcInterruptSet
11e03278   _CSL_intcInterruptRestore
11e03290   _CSL_intcQueryInterruptStatus
11e032a8   CSL_intcGlobalEnable
11e032c8   _CSL_intcGlobalDisable
11e032e8   _CSL_intcGlobalRestore
11e03300   CSL_intcGlobalNmiEnable
11e03314   _CSL_intcGlobalExcepEnable
11e03328   _CSL_intcGlobalExtExcepEnable
11e0333c   _CSL_intcGlobalExcepClear
11e03360   mw_setVect
11e03380   _CSL2_intcDispatcherDummy
11f00170   intcObj
11f00270   gpio_int_map
11f002b0   _mwSinTbl
11f02300   WAVE_Enc_error
11f02304   WAVE_ofst_Iu
11f02308   WAVE_ofst_Iv
11f0230c   WAVE_ofst_Iw
11f02310   WAVE_Vdc_ofst
11f02318   debug
11f02328   debug2
11f02338   debug3
11f02348   joint
11f02b58   ob_sub
11f02cb8   Wr_sub
11f02fd0   Wr_DPD
11f032e8   dyn
11f033f0   tri
11f03468   gsub
11f035c8   Tm_sub
11f03610   ad1
11f03614   ad2
11f03618   ad3
11f0361c   ModRatioU
11f03620   ModRatioV
11f03624   ModRatioW
11f03628   _stack
11f04628   WAVE_INIT_COUNT
11f04628   __TI_STACK_END
11f04628   __TI_STATIC_BASE
11f0462c   WAVE_FIL_Y
11f04630   flag_cont_start
11f04634   flag_dead
11f04638   flag_dyn_payload
11f0463c   flag_CalcHandCmd
11f04640   flag_debug
11f04644   flag_pv
11f04648   flag_delay
11f0464c   flag_Vdc_setted
11f04650   flag_FBgain
11f04654   flag_PPgain
11f04658   flag_FF
11f0465c   flag_SOB
11f04660   counter_2
11f04664   WAVE_LoopCount
11f04668   flag_FF_triple
11f0466c   flag_cmd_end
11f04670   WAVE_Timer0
11f04674   WAVE_Timer1
11f04678   WAVE_Timer2
11f0467c   WAVE_Joint1
11f04680   WAVE_Joint2
11f04684   WAVE_Joint3
11f04688   WAVE_HandX
11f0468c   WAVE_HandY
11f04690   WAVE_HandZ
11f04694   WAVE_fx
11f04698   WAVE_fy
11f0469c   WAVE_fz
11f046a0   WAVE_vx
11f046a4   WAVE_vy
11f046a8   WAVE_vz
11f046ac   WAVE_state
11f046b0   WAVE_check
11f046b4   flag_reposition
11f046b8   flag_first_go
11f046bc   flag_first_back
11f046c0   flag_hard
11f046c4   flag_CircleStart1
11f046c8   flag_CircleStart2
11f046cc   flag_CircleStart3
11f046d0   flag_end1
11f046d4   flag_end2
11f046d8   flag_end3
11f046dc   flag_on
11f046e0   start_go1
11f046e4   start_go2
11f046e8   start_go3
11f046ec   start_back1
11f046f0   start_back2
11f046f4   start_back3
11f046f8   Ref_Iq_ref_direct
11f046fc   Ref_wM_direct
11f04700   Iq_off
11f04704   Flag_ARCS_start
11f04708   Flag_ARCS_clear
11f0470c   speed_hand
11f04710   ref_wm_direct
11f04714   debug_theta
11f04718   load_angle_limit_deg1
11f0471c   load_angle_limit_deg2
11f04720   load_angle_limit_deg3
11f04724   load_angle_limit_deg5
11f04728   load_angle_limit_rad1
11f0472c   load_angle_limit_rad2
11f04730   load_angle_limit_rad3
11f04734   load_angle_limit_rad5
11f04738   left_rotation_flag
11f0473c   right_rotation_flag
11f04740   down_rotation_flag2
11f04744   up_rotation_flag2
11f04748   down_rotation_flag3
11f0474c   up_rotation_flag3
11f04750   down_rotation_flag5
11f04754   up_rotation_flag5
11f04758   WAVE_Kpp1
11f0475c   WAVE_Kff1
11f04760   WAVE_Kfb1
11f04764   WAVE_Kvp1
11f04768   WAVE_Kvi1
11f0476c   WAVE_fwm1
11f04770   WAVE_fqs1
11f04774   WAVE_fwl1
11f04778   WAVE_Kpp1_wr
11f0477c   WAVE_Kff1_wr
11f04780   WAVE_Kfb1_wr
11f04784   WAVE_Kvp1_wr
11f04788   WAVE_Kvi1_wr
11f0478c   WAVE_fwm1_wr
11f04790   WAVE_fqs1_wr
11f04794   WAVE_fwl1_wr
11f04798   WAVE_Kpp2
11f0479c   WAVE_Kff2
11f047a0   WAVE_Kfb2
11f047a4   WAVE_Kvp2
11f047a8   WAVE_Kvi2
11f047ac   WAVE_fwm2
11f047b0   WAVE_fqs2
11f047b4   WAVE_fwl2
11f047b8   WAVE_Kpp2_wr
11f047bc   WAVE_Kff2_wr
11f047c0   WAVE_Kfb2_wr
11f047c4   WAVE_Kvp2_wr
11f047c8   WAVE_Kvi2_wr
11f047cc   WAVE_fwm2_wr
11f047d0   WAVE_fqs2_wr
11f047d4   WAVE_fwl2_wr
11f047d8   WAVE_Kpp3
11f047dc   WAVE_Kff3
11f047e0   WAVE_Kfb3
11f047e4   WAVE_Kvp3
11f047e8   WAVE_Kvi3
11f047ec   WAVE_fwm3
11f047f0   WAVE_fqs3
11f047f4   WAVE_fwl3
11f047f8   WAVE_Kpp3_wr
11f047fc   WAVE_Kff3_wr
11f04800   WAVE_Kfb3_wr
11f04804   WAVE_Kvp3_wr
11f04808   WAVE_Kvi3_wr
11f0480c   WAVE_fwm3_wr
11f04810   WAVE_fqs3_wr
11f04814   WAVE_fwl3_wr
11f04818   WAVE_al_calc1
11f0481c   WAVE_wl_calc1
11f04820   WAVE_ql_calc1
11f04824   WAVE_wm_calc1
11f04828   WAVE_al_calc2
11f0482c   WAVE_wl_calc2
11f04830   WAVE_ql_calc2
11f04834   WAVE_wm_calc2
11f04838   WAVE_al_calc3
11f0483c   WAVE_wl_calc3
11f04840   WAVE_ql_calc3
11f04844   WAVE_wm_calc3
11f04848   WAVE_al_calc_DPD1
11f0484c   WAVE_wl_calc_DPD1
11f04850   WAVE_ql_calc_DPD1
11f04854   WAVE_wm_calc_DPD1
11f04858   WAVE_al_calc_DPD2
11f0485c   WAVE_wl_calc_DPD2
11f04860   WAVE_ql_calc_DPD2
11f04864   WAVE_wm_calc_DPD2
11f04868   WAVE_al_calc_DPD3
11f0486c   WAVE_wl_calc_DPD3
11f04870   WAVE_ql_calc_DPD3
11f04874   WAVE_wm_calc_DPD3
11f04878   WAVE_est_wm1
11f0487c   WAVE_est_qs1
11f04880   WAVE_est_wl1
11f04884   WAVE_est_wm2
11f04888   WAVE_est_qs2
11f0488c   WAVE_est_wl2
11f04890   WAVE_est_wm3
11f04894   WAVE_est_qs3
11f04898   WAVE_est_wl3
11f0489c   WAVE_est_conv_wm1
11f048a0   WAVE_est_conv_qs1
11f048a4   WAVE_est_conv_wl1
11f048a8   WAVE_est_conv_wm2
11f048ac   WAVE_est_conv_qs2
11f048b0   WAVE_est_conv_wl2
11f048b4   WAVE_est_conv_wm3
11f048b8   WAVE_est_conv_qs3
11f048bc   WAVE_est_conv_wl3
11f048c0   WAVE_est_prop_wm1
11f048c4   WAVE_est_prop_qs1
11f048c8   WAVE_est_prop_wl1
11f048cc   WAVE_est_prop_wm2
11f048d0   WAVE_est_prop_qs2
11f048d4   WAVE_est_prop_wl2
11f048d8   WAVE_est_prop_wm3
11f048dc   WAVE_est_prop_qs3
11f048e0   WAVE_est_prop_wl3
11f048e4   WAVE_est_ISOB_wm1
11f048e8   WAVE_est_ISOB_qs1
11f048ec   WAVE_est_ISOB_wl1
11f048f0   WAVE_est_ISOB_wm2
11f048f4   WAVE_est_ISOB_qs2
11f048f8   WAVE_est_ISOB_wl2
11f048fc   WAVE_est_ISOB_wm3
11f04900   WAVE_est_ISOB_qs3
11f04904   WAVE_est_ISOB_wl3
11f04908   WAVE_IresU1
11f0490c   WAVE_IresU2
11f04910   WAVE_IresU3
11f04914   WAVE_IresV1
11f04918   WAVE_IresV2
11f0491c   WAVE_IresV3
11f04920   WAVE_IresW1
11f04924   WAVE_IresW2
11f04928   WAVE_IresW3
11f0492c   WAVE_ACC_LW8079
11f04930   WAVE_ACC_LW8174
11f04934   WAVE_ACC_LW8174_axis
11f04938   WAVE_Fz
11f0493c   WAVE_WSX
11f04940   WAVE_WSY
11f04944   WAVE_WSZ
11f04948   WAVE_U_modulation
11f0494c   WAVE_V_modulation
11f04950   WAVE_W_modulation
11f04954   ref_Iq_direct1
11f04958   ref_Iq_direct2
11f0495c   ref_Iq_direct3
11f04960   WAVE_AccCmd1
11f04964   WAVE_VelCmd1
11f04968   WAVE_AccCmd2
11f0496c   WAVE_VelCmd2
11f04970   WAVE_AccCmd3
11f04974   WAVE_VelCmd3
11f04978   WAVE_av4_1
11f0497c   WAVE_av3_1
11f04980   WAVE_av2_1
11f04984   WAVE_av1_1
11f04988   WAVE_av0_1
11f0498c   WAVE_bv3_1
11f04990   WAVE_bv2_1
11f04994   WAVE_bv1_1
11f04998   WAVE_bv0_1
11f0499c   WAVE_aq2_1
11f049a0   WAVE_aq1_1
11f049a4   WAVE_aq0_1
11f049a8   WAVE_av4_2
11f049ac   WAVE_av3_2
11f049b0   WAVE_av2_2
11f049b4   WAVE_av1_2
11f049b8   WAVE_av0_2
11f049bc   WAVE_bv3_2
11f049c0   WAVE_bv2_2
11f049c4   WAVE_bv1_2
11f049c8   WAVE_bv0_2
11f049cc   WAVE_aq2_2
11f049d0   WAVE_aq1_2
11f049d4   WAVE_aq0_2
11f049d8   WAVE_av4_3
11f049dc   WAVE_av3_3
11f049e0   WAVE_av2_3
11f049e4   WAVE_av1_3
11f049e8   WAVE_av0_3
11f049ec   WAVE_bv3_3
11f049f0   WAVE_bv2_3
11f049f4   WAVE_bv1_3
11f049f8   WAVE_bv0_3
11f049fc   WAVE_aq2_3
11f04a00   WAVE_aq1_3
11f04a04   WAVE_aq0_3
11f04a08   WAVE_av4_1_wr
11f04a0c   WAVE_av3_1_wr
11f04a10   WAVE_av2_1_wr
11f04a14   WAVE_av1_1_wr
11f04a18   WAVE_av0_1_wr
11f04a1c   WAVE_bv3_1_wr
11f04a20   WAVE_bv2_1_wr
11f04a24   WAVE_bv1_1_wr
11f04a28   WAVE_bv0_1_wr
11f04a2c   WAVE_aq2_1_wr
11f04a30   WAVE_aq1_1_wr
11f04a34   WAVE_aq0_1_wr
11f04a38   WAVE_av4_2_wr
11f04a3c   WAVE_av3_2_wr
11f04a40   WAVE_av2_2_wr
11f04a44   WAVE_av1_2_wr
11f04a48   WAVE_av0_2_wr
11f04a4c   WAVE_bv3_2_wr
11f04a50   WAVE_bv2_2_wr
11f04a54   WAVE_bv1_2_wr
11f04a58   WAVE_bv0_2_wr
11f04a5c   WAVE_aq2_2_wr
11f04a60   WAVE_aq1_2_wr
11f04a64   WAVE_aq0_2_wr
11f04a68   WAVE_av4_3_wr
11f04a6c   WAVE_av3_3_wr
11f04a70   WAVE_av2_3_wr
11f04a74   WAVE_av1_3_wr
11f04a78   WAVE_av0_3_wr
11f04a7c   WAVE_bv3_3_wr
11f04a80   WAVE_bv2_3_wr
11f04a84   WAVE_bv1_3_wr
11f04a88   WAVE_bv0_3_wr
11f04a8c   WAVE_aq2_3_wr
11f04a90   WAVE_aq1_3_wr
11f04a94   WAVE_aq0_3_wr
11f04a98   WAVE_wr_wm1
11f04a9c   WAVE_wr_qm1
11f04aa0   WAVE_wr_qs1
11f04aa4   WAVE_wr_wl1
11f04aa8   WAVE_wr_ql1
11f04aac   WAVE_wr_al1
11f04ab0   WAVE_wr_n1
11f04ab4   WAVE_wr_m1
11f04ab8   WAVE_wr_wm2
11f04abc   WAVE_wr_qm2
11f04ac0   WAVE_wr_qs2
11f04ac4   WAVE_wr_wl2
11f04ac8   WAVE_wr_ql2
11f04acc   WAVE_wr_al2
11f04ad0   WAVE_wr_n2
11f04ad4   WAVE_wr_m2
11f04ad8   WAVE_wr_wm3
11f04adc   WAVE_wr_qm3
11f04ae0   WAVE_wr_qs3
11f04ae4   WAVE_wr_wl3
11f04ae8   WAVE_wr_ql3
11f04aec   WAVE_wr_al3
11f04af0   WAVE_wr_n3
11f04af4   WAVE_wr_m3
11f04af8   flag_fin
11f04afc   Wr_Throth_check
11f04d64   tmr1regs
11f04d68   tmr2regs
11f04d6c   tmr3regs
11f04d70   mw_gp__CSL_intcCpuIntrTable
11f04d74   mw_platform_errno
11f04d78   WAVE_MRU1
11f04d7c   WAVE_MRV1
11f04d80   WAVE_MRW1
11f04d84   WAVE_MRU2
11f04d88   WAVE_MRV2
11f04d8c   WAVE_MRW2
11f04d90   WAVE_MRU3
11f04d94   WAVE_MRV3
11f04d98   WAVE_MRW3
11f04d9c   WAVE_MRBR1
11f04da0   WAVE_MRBR2
11f04da4   WAVE_MRBR3
11f04da8   WAVE_tauLdyn1
11f04dac   WAVE_tauLdyn2
11f04db0   WAVE_tauLdyn3
11f04db4   WAVE_Jl_calc1
11f04db8   WAVE_Jl_calc2
11f04dbc   WAVE_Jl_calc3
11f04dc0   WAVE_Jl_Wr1
11f04dc4   WAVE_Jl_Wr2
11f04dc8   WAVE_Jl_Wr3
11f04dcc   WAVE_IresD1
11f04dd0   WAVE_IresD2
11f04dd4   WAVE_IresD3
11f04dd8   WAVE_IresQ1
11f04ddc   WAVE_IresQ2
11f04de0   WAVE_IresQ3
11f04de4   WAVE_Vdc1
11f04de8   WAVE_Vdc2
11f04dec   WAVE_Vdc3
11f04df0   WAVE_Idc1
11f04df4   WAVE_Idc2
11f04df8   WAVE_Idc3
11f04dfc   WAVE_ENC_temp1
11f04e00   WAVE_ENC_temp2
11f04e04   WAVE_ENC_temp3
11f04e08   WAVE_ENC1
11f04e0c   WAVE_ENC2
11f04e10   WAVE_ENC3
11f04e14   WAVE_theta_rm1
11f04e18   WAVE_theta_rm2
11f04e1c   WAVE_theta_rm3
11f04e20   WAVE_theta_rm_ref1
11f04e24   WAVE_theta_rm_ref2
11f04e28   WAVE_theta_rm_ref3
11f04e2c   WAVE_theta_rm_full1
11f04e30   WAVE_theta_rm_full2
11f04e34   WAVE_theta_rm_full3
11f04e38   WAVE_theta_re1
11f04e3c   WAVE_theta_re2
11f04e40   WAVE_theta_re3
11f04e44   WAVE_TRG_WM1
11f04e48   WAVE_TRG_WM2
11f04e4c   WAVE_TRG_WM3
11f04e50   WAVE_wm1
11f04e54   WAVE_wm2
11f04e58   WAVE_wm3
11f04e5c   WAVE_wm_ref_org
11f04e60   WAVE_wm_ref1
11f04e64   WAVE_wm_ref2
11f04e68   WAVE_wm_ref3
11f04e6c   WAVE_wm_cmd1
11f04e70   WAVE_wm_cmd2
11f04e74   WAVE_wm_cmd3
11f04e78   WAVE_wm_CCC1
11f04e7c   WAVE_wm_CCC2
11f04e80   WAVE_wm_CCC3
11f04e84   WAVE_qm1
11f04e88   WAVE_qm2
11f04e8c   WAVE_qm3
11f04e90   WAVE_qm_ref1
11f04e94   WAVE_qm_ref2
11f04e98   WAVE_qm_ref3
11f04e9c   WAVE_ql1
11f04ea0   WAVE_ql2
11f04ea4   WAVE_ql3
11f04ea8   WAVE_Iq1
11f04eac   WAVE_Iq2
11f04eb0   WAVE_Iq3
11f04eb4   WAVE_Ipi1
11f04eb8   WAVE_Ipi2
11f04ebc   WAVE_Ipi3
11f04ec0   WAVE_Isfb1
11f04ec4   WAVE_Isfb2
11f04ec8   WAVE_Isfb3
11f04ecc   WAVE_jark1
11f04ed0   WAVE_jark2
11f04ed4   WAVE_jark3
11f04ed8   WAVE_am_TriAccCmd1
11f04edc   WAVE_am_TriAccCmd2
11f04ee0   WAVE_am_TriAccCmd3
11f04ee4   WAVE_wm_TriAccCmd1
11f04ee8   WAVE_wm_TriAccCmd2
11f04eec   WAVE_wm_TriAccCmd3
11f04ef0   WAVE_qm_TriAccCmd1
11f04ef4   WAVE_qm_TriAccCmd2
11f04ef8   WAVE_qm_TriAccCmd3
11f04efc   WAVE_VrefU1
11f04f00   WAVE_VrefV1
11f04f04   WAVE_VrefW1
11f04f08   WAVE_VrefU2
11f04f0c   WAVE_VrefV2
11f04f10   WAVE_VrefW2
11f04f14   WAVE_VrefU3
11f04f18   WAVE_VrefV3
11f04f1c   WAVE_VrefW3
11f04f20   WAVE_vu_ref_stand1
11f04f24   WAVE_vv_ref_stand1
11f04f28   WAVE_vw_ref_stand1
11f04f2c   WAVE_vu_ref_stand2
11f04f30   WAVE_vv_ref_stand2
11f04f34   WAVE_vw_ref_stand2
11f04f38   WAVE_vu_ref_stand3
11f04f3c   WAVE_vv_ref_stand3
11f04f40   WAVE_vw_ref_stand3
11f04f44   WAVE_IrefD1
11f04f48   WAVE_IrefD2
11f04f4c   WAVE_IrefD3
11f04f50   WAVE_IrefQ1
11f04f54   WAVE_IrefQ2
11f04f58   WAVE_IrefQ3
11f04f5c   WAVE_VrefD_dcpl1
11f04f60   WAVE_VrefQ_dcpl1
11f04f64   WAVE_VrefD_dcpl2
11f04f68   WAVE_VrefQ_dcpl2
11f04f6c   WAVE_VrefD_dcpl3
11f04f70   WAVE_VrefQ_dcpl3
11f04f74   WAVE_VrefD1
11f04f78   WAVE_VrefQ1
11f04f7c   WAVE_VrefD2
11f04f80   WAVE_VrefQ2
11f04f84   WAVE_VrefD3
11f04f88   WAVE_VrefQ3
11f04f8c   WAVE_vd_lim_dif1
11f04f90   WAVE_vq_lim_dif1
11f04f94   WAVE_vd_lim_dif2
11f04f98   WAVE_vq_lim_dif2
11f04f9c   WAVE_vd_lim_dif3
11f04fa0   WAVE_vq_lim_dif3
11f04fa4   WAVE_omega_rm1
11f04fa8   WAVE_omega_rm2
11f04fac   WAVE_omega_rm3
11f04fb0   WAVE_omega_rm1_ref
11f04fb4   WAVE_omega_rm2_ref
11f04fb8   WAVE_omega_rm3_ref
11f04fbc   WAVE_Tq1
11f04fc0   WAVE_Tq2
11f04fc4   WAVE_Tq3
11f04fc8   WAVE_Icmp1
11f04fcc   WAVE_Icmp2
11f04fd0   WAVE_Icmp3
11f04fd4   ref_Iq_freq_direct1
11f04fd8   ref_Iq_freq_direct2
11f04fdc   ref_Iq_freq_direct3
11f04fe0   WAVE_Iff_1
11f04fe4   WAVE_Iff_2
11f04fe8   WAVE_Iff_3
11f04fec   WAVE_tauL_dyn_2nd
11f04ff0   WAVE_VWX
11f04ff4   WAVE_VWY
11f04ff8   WAVE_VWZ
11f050dc   EMF_ExtWaitErrInfo_u32s
11f050e0   EMF_ExtWaitErrCnt_u32s
11f050e4   hGpio
ffffffff   __TI_pprof_out_hndl
ffffffff   __TI_prof_data_size
ffffffff   __TI_prof_data_start
ffffffff   __binit__
ffffffff   __c_args__
ffffffff   binit
UNDEFED    __TI_INITARRAY_Base
UNDEFED    __TI_INITARRAY_Limit
UNDEFED    __TI_TLS_INIT_Base
UNDEFED    __TI_TLS_INIT_Limit

[831 symbols]
