******************************************************************************
               TMS320C6x Linker PC v7.4.24                     
******************************************************************************
>> Linked Sun Jan 11 19:09:35 2026

OUTPUT FILE NAME:   <current_control_ver2_new.out>
ENTRY POINT SYMBOL: "_c_int00"  address: 0c0418e0


MEMORY CONFIGURATION

         name            origin    length      used     unused   attr    fill
----------------------  --------  ---------  --------  --------  ----  --------
  IPC_ISR_REG           02620244   00000004  00000000  00000004  RWIX
  DDR3_INIT_CODE        0c000000   00018000  00000000  00018000  RW X
  USER_SRAM_1_4         0c018000   000e8000  0002e49c  000b9b64  RWIX
  KNL0_SRAM_1_4         10800000   000fff80  00000000  000fff80  RWIX
  KNL0_BOOT_AREA        108fff80   0000007c  00000000  0000007c  RWIX
  KNL0_MAGIC_ADDRESS    108ffffc   00000004  00000000  00000004  RWIX
  CTRL_PARAS            11800000   00000100  00000000  00000100  RWIX
  KNL1_SRAM_1_2         11800100   0003ff00  00000000  0003ff00  RWIX
  CSL_INTC              11840000   00010000  00000000  00010000  RWIX
  USER_MAGIC_ADDRESS    118fff80   00000004  00000000  00000004  R   
  KNL1_BOOT_AREA        118fff84   00000078  00000000  00000078  RWIX
  KNL1_MAGIC_ADDRESS    118ffffc   00000004  00000000  00000004  RWIX
  USER_SRAM_2_4         11e00000   00008000  000033e0  00004c20  RWIX
  USER_SRAM_3_4         11f00000   00008000  00003a6c  00004594  RWIX
  TI_BOOT_ROM           20b00000   00020000  00000000  00020000  RWIX
  KNL0_SRAM_2_4         80000000   000fe000  00000000  000fe000  RWIX
  USER_SRAM_4_4         80100000   01800000  00000000  01800000  RWIX
  KNL0_SRAM_3_4         82000000   0d000000  00000000  0d000000  RWIX
  KNL0_SRAM_4_4         8f000000   01000000  00000000  01000000  RWIX
  KNL1_SRAM_2_2         90000000   10000000  00000000  10000000  RWIX


SEGMENT ALLOCATION MAP

run origin  load origin   length   init length attrs members
----------  ----------- ---------- ----------- ----- -------
0c018000    0c018000    0002a020   0002a020    r-x
  0c018000    0c018000    0002a020   0002a020    r-x .text
0c042020    0c042020    00001ecc   00001ecc    rw-
  0c042020    0c042020    00001ecc   00001ecc    rw- .fardata
0c043ef0    0c043ef0    00000078   00000000    rw-
  0c043ef0    0c043ef0    00000078   00000000    rw- .far
0c043f80    0c043f80    00000078   00000078    r--
  0c043f80    0c043f80    00000078   00000078    r-- .const
0c044000    0c044000    00000010   00000010    r--
  0c044000    0c044000    00000010   00000010    r-- .switch
0c044080    0c044080    000024b0   000024b0    r--
  0c044080    0c044080    000024b0   000024b0    r-- .cinit
11e00000    11e00000    000033e0   000033e0    r-x
  11e00000    11e00000    000033e0   000033e0    r-x .text_2
11f00000    11f00000    000032b8   000022b8    rw-
  11f00000    11f00000    000022b8   000022b8    rw- .data_2
  11f022b8    11f022b8    00001000   00000000    rw- .stack
11f032b8    11f032b8    000007b4   00000444    rw-
  11f032b8    11f032b8    00000444   00000444    rw- .neardata
  11f036fc    11f036fc    00000370   00000000    rw- .bss


SECTION ALLOCATION MAP

 output                                  attributes/
section   page    origin      length       input sections
--------  ----  ----------  ----------   ----------------
.text      0    0c018000    0002a020     
                  0c018000    0001fb40     current_control_ver2_new.obj (.text)
                  0c037b40    00004860     current_control_ver2_new.obj (.text:retain)
                  0c03c3a0    00000b20     enc.obj (.text)
                  0c03cec0    00000700     rts6600_elf.lib : pow.obj (.text:pow)
                  0c03d5c0    000006c0     mwio4.lib : mw_i2c_eeprom.obj (.text)
                  0c03dc80    000005e0     rts6600_elf.lib : powf.obj (.text:powf)
                  0c03e260    000005c0                     : divd.obj (.text:__c6xabi_divd)
                  0c03e820    000003c0     mwio4.lib : mw_spi.obj (.text)
                  0c03ebe0    00000360               : mw_flash.obj (.text)
                  0c03ef40    00000340               : mw_platform.obj (.text)
                  0c03f280    000002c0     rts6600_elf.lib : cos.obj (.text:cos)
                  0c03f540    00000280                     : divf.obj (.text:__c6xabi_divf)
                  0c03f7c0    00000280                     : sin.obj (.text:sin)
                  0c03fa40    00000240     mwio4.lib : FPGA_LIB.obj (.text)
                  0c03fc80    00000240     rts6600_elf.lib : sinf.obj (.text:sinf)
                  0c03fec0    00000200     mwio4.lib : IPFPGA_LIB.obj (.text)
                  0c0400c0    000001e0     rts6600_elf.lib : acos.obj (.text:acos)
                  0c0402a0    000001c0                     : atan.obj (.text:atan)
                  0c040460    000001a0                     : expf.obj (.text:expf)
                  0c040600    00000180                     : copy_decompress_rle.obj (.text:__TI_decompress_rle_core)
                  0c040780    00000180                     : atan2.obj (.text:atan2)
                  0c040900    00000180                     : frexp.obj (.text:frexp)
                  0c040a80    00000160                     : frexpf.obj (.text:frexpf)
                  0c040be0    00000160                     : ldexp.obj (.text:ldexp)
                  0c040d40    00000160                     : ldexpf.obj (.text:ldexpf)
                  0c040ea0    00000160                     : sqrt.obj (.text:sqrt)
                  0c041000    00000100                     : autoinit.obj (.text:_auto_init_elf)
                  0c041100    00000100                     : cpy_tbl.obj (.text:copy_in)
                  0c041200    000000e0                     : divi.obj (.text:__divi)
                  0c0412e0    000000e0                     : memset.obj (.text:memset)
                  0c0413c0    000000c0                     : divu.obj (.text:__divu)
                  0c041480    000000c0                     : exit.obj (.text:exit)
                  0c041540    000000c0                     : tls.obj (.text:tls:init:__TI_tls_init)
                  0c041600    000000a0                     : round.obj (.text:__c6xabi_nround)
                  0c0416a0    000000a0                     : memcpy64.obj (.text:memcpy)
                  0c041740    000000a0                     : modf.obj (.text:modf)
                  0c0417e0    00000080                     : fixdu.obj (.text:__c6xabi_fixdu)
                  0c041860    00000080                     : roundf.obj (.text:__c6xabi_roundf)
                  0c0418e0    00000080                     : boot.obj (.text:_c_int00)
                  0c041960    00000080     mwio4.lib : PEV_LIB.obj (.text)
                  0c0419e0    00000080               : mw_i2c.obj (.text)
                  0c041a60    00000060     rts6600_elf.lib : cpp_init.obj (.text:__TI_cpp_init)
                  0c041ac0    00000060                     : frcmpyd_div.obj (.text:__c6xabi_frcmpyd_div)
                  0c041b20    00000060                     : llshift.obj (.text:__c6xabi_llshru)
                  0c041b80    00000060                     : modff.obj (.text:modff)
                  0c041be0    00000040                     : args_main.obj (.text:_args_main)
                  0c041c20    00000020     ti.csl.ae66 : csl_gpioGetBaseAddress.oe66 (.text:CSL_GPIO_open)
                  0c041c40    00000020     Main.obj (.text)
                  0c041c60    00000020     rts6600_elf.lib : errno.obj (.text:__c6xabi_errno_addr)
                  0c041c80    00000020                     : trunc.obj (.text:__c6xabi_trunc)
                  0c041ca0    00000020                     : truncf.obj (.text:__c6xabi_truncf)
                  0c041cc0    00000020                     : exit.obj (.text:abort)
                  0c041ce0    00000020                     : copy_decompress_none.obj (.text:decompress:none:__TI_decompress_none)
                  0c041d00    00000020                     : copy_decompress_rle.obj (.text:decompress:rle24:__TI_decompress_rle24)
                  0c041d20    00000010     mwio4.lib : EMIF16.obj ($Tramp$S$$EMF_EnableIntr_s32)
                  0c041d30    00000010               : gpio_int.obj ($Tramp$S$$GPI_init_vo)
                  0c041d40    00000010               : mwintc.obj ($Tramp$S$$mwintc_setupApp)
                  0c041d50    00000010               : PEV_INV_LIB.obj ($Tramp$S$$PEV_ad_set_offset)
                  0c041d60    00000010               : EMIF16.obj ($Tramp$S$$EMF_Read_s32)
                  0c041d70    00000010               : EMIF16.obj ($Tramp$S$$EMF_ReadFpgaBoard_s32)
                  0c041d80    00000010               : EMIF16.obj ($Tramp$S$$EMF_Write2_s32)
                  0c041d90    00000010               : gpio_int.obj ($Tramp$S$$GPI_int_ack_vo)
                  0c041da0    00000010               : timer_lib.obj ($Tramp$S$$C6657_timer2_read)
                  0c041db0    00000010               : timer_lib.obj ($Tramp$S$$C6657_timer1_read)
                  0c041dc0    00000010               : timer_lib.obj ($Tramp$S$$C6657_timer1_start)
                  0c041dd0    00000010               : timer_lib.obj ($Tramp$S$$C6657_timer1_clear)
                  0c041de0    00000010               : timer_lib.obj ($Tramp$S$$C6657_timer0_read)
                  0c041df0    00000010               : timer_lib.obj ($Tramp$S$$C6657_timer0_start)
                  0c041e00    00000010               : timer_lib.obj ($Tramp$S$$C6657_timer0_clear)
                  0c041e10    00000010               : timer_lib.obj ($Tramp$S$$C6657_timer1_stop)
                  0c041e20    00000010               : timer_lib.obj ($Tramp$S$$C6657_timer0_stop)
                  0c041e30    00000010               : timer_lib.obj ($Tramp$S$$C6657_timer2_start)
                  0c041e40    00000010               : timer_lib.obj ($Tramp$S$$C6657_timer2_clear)
                  0c041e50    00000010               : timer_lib.obj ($Tramp$S$$C6657_timer2_stop)
                  0c041e60    00000010               : PEV_INV_LIB.obj ($Tramp$S$$PEV_inverter_start_pwm)
                  0c041e70    00000010               : timer_lib.obj ($Tramp$S$$C6657_timer2_disable_int)
                  0c041e80    00000010               : timer_lib.obj ($Tramp$S$$C6657_timer1_disable_int)
                  0c041e90    00000010               : timer_lib.obj ($Tramp$S$$C6657_timer0_disable_int)
                  0c041ea0    00000010               : PEV_INV_LIB.obj ($Tramp$S$$PEV_ad_disable_int)
                  0c041eb0    00000010               : mwintc.obj ($Tramp$S$$IRQ_globalEnable)
                  0c041ec0    00000010               : timer_lib.obj ($Tramp$S$$C6657_timer2_init)
                  0c041ed0    00000010               : timer_lib.obj ($Tramp$S$$C6657_timer1_init)
                  0c041ee0    00000010               : timer_lib.obj ($Tramp$S$$C6657_timer0_init)
                  0c041ef0    00000010               : PEV_INV_LIB.obj ($Tramp$S$$PEV_inverter_control_break)
                  0c041f00    00000010               : PEV_INV_LIB.obj ($Tramp$S$$PEV_inverter_enable_int)
                  0c041f10    00000010               : PEV_INV_LIB.obj ($Tramp$S$$PEV_inverter_init_refload_timing)
                  0c041f20    00000010               : PEV_INV_LIB.obj ($Tramp$S$$PEV_inverter_init_adtrig_timing)
                  0c041f30    00000010               : PEV_INV_LIB.obj ($Tramp$S$$PEV_inverter_set_uvw)
                  0c041f40    00000010               : PEV_INV_LIB.obj ($Tramp$S$$PEV_ad_set_mode)
                  0c041f50    00000010               : PEV_INV_LIB.obj ($Tramp$S$$PEV_ad_set_range)
                  0c041f60    00000010               : PEV_INV_LIB.obj ($Tramp$S$$PEV_sync_pwm_out)
                  0c041f70    00000010               : PEV_INV_LIB.obj ($Tramp$S$$PEV_sync_pwm_init)
                  0c041f80    00000010               : PEV_INV_LIB.obj ($Tramp$S$$PEV_sync_ad_out)
                  0c041f90    00000010               : PEV_INV_LIB.obj ($Tramp$S$$PEV_sync_ad_init)
                  0c041fa0    00000010               : PEV_INV_LIB.obj ($Tramp$S$$PEV_inverter_init)
                  0c041fb0    00000010               : gpio_int.obj ($Tramp$S$$GPI_enable_int_vo)
                  0c041fc0    00000010               : gpio_int.obj ($Tramp$S$$GPI_setVector_vo)
                  0c041fd0    00000010               : PEV_INV_LIB.obj ($Tramp$S$$PEV_int_init)
                  0c041fe0    00000010               : mwintc.obj ($Tramp$S$$IRQ_globalDisable)
                  0c041ff0    00000010               : PEV_INV_LIB.obj ($Tramp$S$$PEV_ad_in_grp)
                  0c042000    00000010               : PEV_INV_LIB.obj ($Tramp$S$$PEV_ad_in_st)
                  0c042010    00000010               : PEV_INV_LIB.obj ($Tramp$S$$PEV_inverter_set_uvw_br)

.fardata   0    0c042020    00001ecc     
                  0c042020    00000840     current_control_ver2_new.obj (.fardata:joint)
                  0c042860    00000318     current_control_ver2_new.obj (.fardata:Wr_DPD)
                  0c042b78    00000318     current_control_ver2_new.obj (.fardata:Wr_sub)
                  0c042e90    0000015c     current_control_ver2_new.obj (.fardata:gsub)
                  0c042fec    00000004     rts6600_elf.lib : errno.obj (.fardata)
                  0c042ff0    0000015c     current_control_ver2_new.obj (.fardata:ob_sub)
                  0c04314c    00000004     --HOLE--
                  0c043150    00000120     current_control_ver2_new.obj (.fardata:sen)
                  0c043270    00000104     current_control_ver2_new.obj (.fardata)
                  0c043374    00000004     --HOLE--
                  0c043378    000000a8     current_control_ver2_new.obj (.fardata:Tm_full_sub)
                  0c043420    000000a8     mwio4.lib : mw_platform.obj (.fardata)
                  0c0434c8    00000088     rts6600_elf.lib : pow.obj (.fardata:A1$1)
                  0c043550    00000084     current_control_ver2_new.obj (.fardata:LPF_cmd)
                  0c0435d4    00000004     --HOLE--
                  0c0435d8    00000084     current_control_ver2_new.obj (.fardata:LPF_motor)
                  0c04365c    00000004     --HOLE--
                  0c043660    00000078     current_control_ver2_new.obj (.fardata:tri)
                  0c0436d8    00000060     rts6600_elf.lib : acos.obj (.fardata:asin_consts$1)
                  0c043738    00000048     current_control_ver2_new.obj (.fardata:Tm_sub)
                  0c043780    00000048     current_control_ver2_new.obj (.fardata:d_current)
                  0c0437c8    00000048     current_control_ver2_new.obj (.fardata:position)
                  0c043810    00000048     current_control_ver2_new.obj (.fardata:q_current)
                  0c043858    00000048     current_control_ver2_new.obj (.fardata:velocity)
                  0c0438a0    00000044     rts6600_elf.lib : powf.obj (.fardata:A1$1)
                  0c0438e4    00000004     --HOLE--
                  0c0438e8    00000040                     : pow.obj (.fardata:A2$2)
                  0c043928    00000040                     : cos.obj (.fardata:R$1)
                  0c043968    00000040                     : sin.obj (.fardata:R$1)
                  0c0439a8    00000040                     : atan.obj (.fardata:arctan_consts$1)
                  0c0439e8    00000038                     : pow.obj (.fardata:Q$4)
                  0c043a20    00000024     current_control_ver2_new.obj (.fardata:J$147)
                  0c043a44    00000004     --HOLE--
                  0c043a48    00000020     rts6600_elf.lib : atan.obj (.fardata:A$2)
                  0c043a68    00000020                     : powf.obj (.fardata:A2$2)
                  0c043a88    00000020                     : pow.obj (.fardata:P$3)
                  0c043aa8    00000020     current_control_ver2_new.obj (.fardata:range)
                  0c043ac8    0000001c     rts6600_elf.lib : expf.obj (.fardata:exp_consts$1)
                  0c043ae4    00000004     --HOLE--
                  0c043ae8    00000010                     : sinf.obj (.fardata:R$1)
                  0c043af8    00000010     current_control_ver2_new.obj (.fardata:debug3)
                  0c043b08    0000000c     rts6600_elf.lib : powf.obj (.fardata:Q$4)
                  0c043b14    00000004     --HOLE--
                  0c043b18    0000000c     current_control_ver2_new.obj (.fardata:Vdc_mean$228)
                  0c043b24    00000004     --HOLE--
                  0c043b28    0000000c     current_control_ver2_new.obj (.fardata:Vdc_sum$227)
                  0c043b34    00000004     --HOLE--
                  0c043b38    0000000c     current_control_ver2_new.obj (.fardata:counter$226)
                  0c043b44    00000004     --HOLE--
                  0c043b48    0000000c     current_control_ver2_new.obj (.fardata:est_Qs_Z$37)
                  0c043b54    00000004     --HOLE--
                  0c043b58    0000000c     current_control_ver2_new.obj (.fardata:est_Qs_Z1$34)
                  0c043b64    00000004     --HOLE--
                  0c043b68    0000000c     current_control_ver2_new.obj (.fardata:est_wL_Z$38)
                  0c043b74    00000004     --HOLE--
                  0c043b78    0000000c     current_control_ver2_new.obj (.fardata:est_wL_Z1$35)
                  0c043b84    00000004     --HOLE--
                  0c043b88    0000000c     current_control_ver2_new.obj (.fardata:est_wM_Z$36)
                  0c043b94    00000004     --HOLE--
                  0c043b98    0000000c     current_control_ver2_new.obj (.fardata:est_wM_Z1$33)
                  0c043ba4    00000004     --HOLE--
                  0c043ba8    0000000c     current_control_ver2_new.obj (.fardata:goalZ$106)
                  0c043bb4    00000004     --HOLE--
                  0c043bb8    0000000c     current_control_ver2_new.obj (.fardata:goalZ$115)
                  0c043bc4    00000004     --HOLE--
                  0c043bc8    0000000c     current_control_ver2_new.obj (.fardata:goalZ$94)
                  0c043bd4    00000004     --HOLE--
                  0c043bd8    0000000c     current_control_ver2_new.obj (.fardata:hand_cmd$3)
                  0c043be4    00000004     --HOLE--
                  0c043be8    0000000c     current_control_ver2_new.obj (.fardata:hand_vel$4)
                  0c043bf4    00000004     --HOLE--
                  0c043bf8    0000000c     current_control_ver2_new.obj (.fardata:joint_cmd$5)
                  0c043c04    00000004     --HOLE--
                  0c043c08    0000000c     current_control_ver2_new.obj (.fardata:loop_count_num$198)
                  0c043c14    00000004     --HOLE--
                  0c043c18    0000000c     current_control_ver2_new.obj (.fardata:m_Z$218)
                  0c043c24    00000004     --HOLE--
                  0c043c28    0000000c     current_control_ver2_new.obj (.fardata:m_Z1$225)
                  0c043c34    00000004     --HOLE--
                  0c043c38    0000000c     current_control_ver2_new.obj (.fardata:motor_cmd$6)
                  0c043c44    00000004     --HOLE--
                  0c043c48    0000000c     current_control_ver2_new.obj (.fardata:n_Z$217)
                  0c043c54    00000004     --HOLE--
                  0c043c58    0000000c     current_control_ver2_new.obj (.fardata:n_Z1$224)
                  0c043c64    00000004     --HOLE--
                  0c043c68    0000000c     current_control_ver2_new.obj (.fardata:p1$146)
                  0c043c74    00000004     --HOLE--
                  0c043c78    0000000c     current_control_ver2_new.obj (.fardata:ql_Z$204)
                  0c043c84    00000004     --HOLE--
                  0c043c88    0000000c     current_control_ver2_new.obj (.fardata:ql_Z$216)
                  0c043c94    00000004     --HOLE--
                  0c043c98    0000000c     current_control_ver2_new.obj (.fardata:ql_Z1$210)
                  0c043ca4    00000004     --HOLE--
                  0c043ca8    0000000c     current_control_ver2_new.obj (.fardata:ql_Z1$223)
                  0c043cb4    00000004     --HOLE--
                  0c043cb8    0000000c     current_control_ver2_new.obj (.fardata:qm_Z$201)
                  0c043cc4    00000004     --HOLE--
                  0c043cc8    0000000c     current_control_ver2_new.obj (.fardata:qm_Z$213)
                  0c043cd4    00000004     --HOLE--
                  0c043cd8    0000000c     current_control_ver2_new.obj (.fardata:qm_Z1$207)
                  0c043ce4    00000004     --HOLE--
                  0c043ce8    0000000c     current_control_ver2_new.obj (.fardata:qm_Z1$220)
                  0c043cf4    00000004     --HOLE--
                  0c043cf8    0000000c     current_control_ver2_new.obj (.fardata:qm_prev$197)
                  0c043d04    00000004     --HOLE--
                  0c043d08    0000000c     current_control_ver2_new.obj (.fardata:qs_Z$202)
                  0c043d14    00000004     --HOLE--
                  0c043d18    0000000c     current_control_ver2_new.obj (.fardata:qs_Z$214)
                  0c043d24    00000004     --HOLE--
                  0c043d28    0000000c     current_control_ver2_new.obj (.fardata:qs_Z$40)
                  0c043d34    00000004     --HOLE--
                  0c043d38    0000000c     current_control_ver2_new.obj (.fardata:qs_Z$46)
                  0c043d44    00000004     --HOLE--
                  0c043d48    0000000c     current_control_ver2_new.obj (.fardata:qs_Z1$208)
                  0c043d54    00000004     --HOLE--
                  0c043d58    0000000c     current_control_ver2_new.obj (.fardata:qs_Z1$221)
                  0c043d64    00000004     --HOLE--
                  0c043d68    0000000c     current_control_ver2_new.obj (.fardata:qs_Z1$43)
                  0c043d74    00000004     --HOLE--
                  0c043d78    0000000c     current_control_ver2_new.obj (.fardata:qs_Z1$49)
                  0c043d84    0000000c     rts6600_elf.lib : exit.obj (.fardata)
                  0c043d90    0000000c     current_control_ver2_new.obj (.fardata:sign_invers$199)
                  0c043d9c    00000004     --HOLE--
                  0c043da0    0000000c     current_control_ver2_new.obj (.fardata:start_hand)
                  0c043dac    00000004     --HOLE--
                  0c043db0    0000000c     current_control_ver2_new.obj (.fardata:wl_Z$203)
                  0c043dbc    00000004     --HOLE--
                  0c043dc0    0000000c     current_control_ver2_new.obj (.fardata:wl_Z$215)
                  0c043dcc    00000004     --HOLE--
                  0c043dd0    0000000c     current_control_ver2_new.obj (.fardata:wl_Z$41)
                  0c043ddc    00000004     --HOLE--
                  0c043de0    0000000c     current_control_ver2_new.obj (.fardata:wl_Z$47)
                  0c043dec    00000004     --HOLE--
                  0c043df0    0000000c     current_control_ver2_new.obj (.fardata:wl_Z1$209)
                  0c043dfc    00000004     --HOLE--
                  0c043e00    0000000c     current_control_ver2_new.obj (.fardata:wl_Z1$222)
                  0c043e0c    00000004     --HOLE--
                  0c043e10    0000000c     current_control_ver2_new.obj (.fardata:wl_Z1$44)
                  0c043e1c    00000004     --HOLE--
                  0c043e20    0000000c     current_control_ver2_new.obj (.fardata:wl_Z1$50)
                  0c043e2c    00000004     --HOLE--
                  0c043e30    0000000c     current_control_ver2_new.obj (.fardata:wm_Z$200)
                  0c043e3c    00000004     --HOLE--
                  0c043e40    0000000c     current_control_ver2_new.obj (.fardata:wm_Z$212)
                  0c043e4c    00000004     --HOLE--
                  0c043e50    0000000c     current_control_ver2_new.obj (.fardata:wm_Z$39)
                  0c043e5c    00000004     --HOLE--
                  0c043e60    0000000c     current_control_ver2_new.obj (.fardata:wm_Z$45)
                  0c043e6c    00000004     --HOLE--
                  0c043e70    0000000c     current_control_ver2_new.obj (.fardata:wm_Z1$206)
                  0c043e7c    00000004     --HOLE--
                  0c043e80    0000000c     current_control_ver2_new.obj (.fardata:wm_Z1$219)
                  0c043e8c    00000004     --HOLE--
                  0c043e90    0000000c     current_control_ver2_new.obj (.fardata:wm_Z1$42)
                  0c043e9c    00000004     --HOLE--
                  0c043ea0    0000000c     current_control_ver2_new.obj (.fardata:wm_Z1$48)
                  0c043eac    00000004     --HOLE--
                  0c043eb0    0000000c     current_control_ver2_new.obj (.fardata:wm_prev$196)
                  0c043ebc    00000004     --HOLE--
                  0c043ec0    0000000c     current_control_ver2_new.obj (.fardata:z_Z$205)
                  0c043ecc    00000004     --HOLE--
                  0c043ed0    0000000c     current_control_ver2_new.obj (.fardata:z_Z1$211)
                  0c043edc    00000004     --HOLE--
                  0c043ee0    00000008     current_control_ver2_new.obj (.fardata:loop_count_num$230)
                  0c043ee8    00000004     rts6600_elf.lib : powf.obj (.fardata:P$3)

.far       0    0c043ef0    00000078     UNINITIALIZED
                  0c043ef0    0000006c     current_control_ver2_new.obj (.far)
                  0c043f5c    0000000c     mwio4.lib : EMIF16.obj (.far)

.const     0    0c043f80    00000078     
                  0c043f80    00000020     current_control_ver2_new.obj (.const:$P$T1$29)
                  0c043fa0    00000020     current_control_ver2_new.obj (.const:$P$T2$30)
                  0c043fc0    0000000c     current_control_ver2_new.obj (.const:$P$T0$28)
                  0c043fcc    00000004     --HOLE-- [fill = 0]
                  0c043fd0    0000000c     current_control_ver2_new.obj (.const:$P$T3$229)
                  0c043fdc    00000004     --HOLE-- [fill = 0]
                  0c043fe0    00000008     current_control_ver2_new.obj (.const:cmd_1_soft)
                  0c043fe8    00000008     current_control_ver2_new.obj (.const:cmd_2_soft)
                  0c043ff0    00000008     current_control_ver2_new.obj (.const:cmd_3_soft)

.switch    0    0c044000    00000010     
                  0c044000    00000010     mwio4.lib : mw_flash.obj (.switch:mw_nor_erase)

.cinit     0    0c044080    000024b0     
                  0c044080    00002069     (.cinit..data_2.load) [load image, compression = rle]
                  0c0460e9    00000003     --HOLE-- [fill = 0]
                  0c0460ec    000003aa     (.cinit..fardata.load) [load image, compression = rle]
                  0c046496    00000002     --HOLE-- [fill = 0]
                  0c046498    00000074     (.cinit..neardata.load) [load image, compression = rle]
                  0c04650c    00000008     (__TI_handler_table)
                  0c046514    00000004     --HOLE-- [fill = 0]
                  0c046518    00000018     (__TI_cinit_table)

.text_2    0    11e00000    000033e0     
                  11e00000    00001960     mwio4.lib : PEV_INV_LIB.obj (.text)
                  11e01960    00000640               : timer_lib.obj (.text)
                  11e01fa0    00000620               : EMIF16.obj (.text)
                  11e025c0    00000440               : mwintc.obj (.text)
                  11e02a00    00000320               : csl2_intcHwControl.obj (.text:csl_section:intc)
                  11e02d20    000001e0               : EMIF16.obj (.text:retain)
                  11e02f00    000001a0               : gpio_int.obj (.text)
                  11e030a0    00000180               : csl2_intcOpen.obj (.text:csl_section:intc)
                  11e03220    00000140               : _csl2_intcIntrEnDisRes_eabi.obj (.text)
                  11e03360    00000020               : _csl2_intcDispatcher.obj (.text:csl_section:intc)
                  11e03380    00000020               : _csl2_intcDispatcher.obj (.text:csl_section:intc:retain)
                  11e033a0    00000010     ti.csl.ae66 : csl_gpioGetBaseAddress.oe66 ($Tramp$S$$CSL_GPIO_open)
                  11e033b0    00000010     rts6600_elf.lib : fixdu.obj ($Tramp$S$$__c6xabi_fixdu)
                  11e033c0    00000010                     : divd.obj ($Tramp$S$$__c6xabi_divd)
                  11e033d0    00000010                     : divi.obj ($Tramp$S$$__c6xabi_divi)

.data_2    0    11f00000    000022b8     
                  11f00000    00000170     mwio4.lib : PEV_INV_LIB.obj (.far) [fill = 0]
                  11f00170    000000c0               : gpio_int.obj (.far) [fill = 0]
                  11f00230    00000024               : timer_lib.obj (.far) [fill = 0]
                  11f00254    00000018               : csl2_intcHwControl.obj (.switch:CSL2_intcHwControl)
                  11f0026c    00000004     --HOLE--
                  11f00270    00000040               : gpio_int.obj (.fardata:gpio_int_map)
                  11f002b0    00002008               : _mwsintbl.obj (.const:_mwSinTbl)

.stack     0    11f022b8    00001000     UNINITIALIZED
                  11f022b8    00000008     rts6600_elf.lib : boot.obj (.stack)
                  11f022c0    00000ff8     --HOLE--

.neardata 
*          0    11f032b8    00000444     
                  11f032b8    00000430     current_control_ver2_new.obj (.neardata)
                  11f036e8    0000000c     mwio4.lib : timer_lib.obj (.neardata)
                  11f036f4    00000004               : csl2_intcOpen.obj (.neardata)
                  11f036f8    00000004               : mw_platform.obj (.neardata)

.bss       0    11f036fc    00000370     UNINITIALIZED
                  11f036fc    00000360     current_control_ver2_new.obj (.bss)
                  11f03a5c    00000008     mwio4.lib : EMIF16.obj (.bss)
                  11f03a64    00000004               : gpio_int.obj (.bss)
                  11f03a68    00000004               : mw_spi.obj (.bss)


LINKER GENERATED COPY TABLES

__TI_cinit_table @ 0c046518 records: 3, size/record: 8, table size: 24
	.data_2: load addr=0c044080, load size=00002069 bytes, run addr=11f00000, run size=000022b8 bytes, compression=rle
	.fardata: load addr=0c0460ec, load size=000003aa bytes, run addr=0c042020, run size=00001ecc bytes, compression=rle
	.neardata: load addr=0c046498, load size=00000074 bytes, run addr=11f032b8, run size=00000444 bytes, compression=rle


LINKER GENERATED HANDLER TABLE

__TI_handler_table @ 0c04650c records: 2, size/record: 4, table size: 8
	index: 0, handler: __TI_decompress_rle24
	index: 1, handler: __TI_decompress_none


FAR CALL TRAMPOLINES

callee name               trampoline name
   callee addr  tramp addr   call addr  call info
--------------  -----------  ---------  ----------------
$.text:mwio4.lib<EMIF16.obj>$0x58c  $Tramp$S$$EMF_EnableIntr_s32
   11e0252c     0c041d20     0c041c4c   Main.obj (.text)
$.text:mwio4.lib<gpio_int.obj>$0x124  $Tramp$S$$GPI_init_vo
   11e03024     0c041d30     0c041c48   Main.obj (.text)
$.text:mwio4.lib<mwintc.obj>$0x34  $Tramp$S$$mwintc_setupApp
   11e025f4     0c041d40     0c041c44   Main.obj (.text)
$.text:mwio4.lib<PEV_INV_LIB.obj>$0xf98  $Tramp$S$$PEV_ad_set_offset
   11e00f98     0c041d50     0c041980   mwio4.lib : PEV_LIB.obj (.text)
$.text:mwio4.lib<EMIF16.obj>$0x218  $Tramp$S$$EMF_Read_s32
   11e021b8     0c041d60     0c03fc54   mwio4.lib : FPGA_LIB.obj (.text)
                             0c040090             : IPFPGA_LIB.obj (.text)
                             0c0419a8             : PEV_LIB.obj (.text)
$.text:mwio4.lib<EMIF16.obj>$0x28c  $Tramp$S$$EMF_ReadFpgaBoard_s32
   11e0222c     0c041d70     0c03fbc8   mwio4.lib : FPGA_LIB.obj (.text)
                             0c03fc28             : FPGA_LIB.obj (.text)
                             0c03fff4             : IPFPGA_LIB.obj (.text)
                             0c040064             : IPFPGA_LIB.obj (.text)
$.text:mwio4.lib<EMIF16.obj>$0x180  $Tramp$S$$EMF_Write2_s32
   11e02120     0c041d80     0c03faf4   mwio4.lib : FPGA_LIB.obj (.text)
                             0c03fb64             : FPGA_LIB.obj (.text)
                             0c03ff24             : IPFPGA_LIB.obj (.text)
                             0c03ff90             : IPFPGA_LIB.obj (.text)
$.text:mwio4.lib<gpio_int.obj>$0xd4  $Tramp$S$$GPI_int_ack_vo
   11e02fd4     0c041d90     0c03c2c4   current_control_ver2_new.obj (.text:retain)
$.text:mwio4.lib<timer_lib.obj>$0x178  $Tramp$S$$C6657_timer2_read
   11e01ad8     0c041da0     0c03c284   current_control_ver2_new.obj (.text:retain)
$.text:mwio4.lib<timer_lib.obj>$0x340  $Tramp$S$$C6657_timer1_read
   11e01ca0     0c041db0     0c03a764   current_control_ver2_new.obj (.text:retain)
                             0c03b498   current_control_ver2_new.obj (.text:retain)
$.text:mwio4.lib<timer_lib.obj>$0x320  $Tramp$S$$C6657_timer1_start
   11e01c80     0c041dc0     0c0387b0   current_control_ver2_new.obj (.text:retain)
$.text:mwio4.lib<timer_lib.obj>$0x48c  $Tramp$S$$C6657_timer1_clear
   11e01dec     0c041dd0     0c0387ac   current_control_ver2_new.obj (.text:retain)
$.text:mwio4.lib<timer_lib.obj>$0x4e0  $Tramp$S$$C6657_timer0_read
   11e01e40     0c041de0     0c038754   current_control_ver2_new.obj (.text:retain)
$.text:mwio4.lib<timer_lib.obj>$0x4c0  $Tramp$S$$C6657_timer0_start
   11e01e20     0c041df0     0c0385d0   current_control_ver2_new.obj (.text:retain)
$.text:mwio4.lib<timer_lib.obj>$0x62c  $Tramp$S$$C6657_timer0_clear
   11e01f8c     0c041e00     0c0385cc   current_control_ver2_new.obj (.text:retain)
$.text:mwio4.lib<timer_lib.obj>$0x308  $Tramp$S$$C6657_timer1_stop
   11e01c68     0c041e10     0c0385b4   current_control_ver2_new.obj (.text:retain)
$.text:mwio4.lib<timer_lib.obj>$0x4a8  $Tramp$S$$C6657_timer0_stop
   11e01e08     0c041e20     0c0385b0   current_control_ver2_new.obj (.text:retain)
$.text:mwio4.lib<timer_lib.obj>$0x154  $Tramp$S$$C6657_timer2_start
   11e01ab4     0c041e30     0c037bf8   current_control_ver2_new.obj (.text:retain)
$.text:mwio4.lib<timer_lib.obj>$0x2ec  $Tramp$S$$C6657_timer2_clear
   11e01c4c     0c041e40     0c037bf4   current_control_ver2_new.obj (.text:retain)
$.text:mwio4.lib<timer_lib.obj>$0x140  $Tramp$S$$C6657_timer2_stop
   11e01aa0     0c041e50     0c037bec   current_control_ver2_new.obj (.text:retain)
$.text:mwio4.lib<PEV_INV_LIB.obj>$0x394  $Tramp$S$$PEV_inverter_start_pwm
   11e00394     0c041e60     0c026020   current_control_ver2_new.obj (.text)
                             0c026028   current_control_ver2_new.obj (.text)
                             0c02602c   current_control_ver2_new.obj (.text)
$.text:mwio4.lib<timer_lib.obj>$0x298  $Tramp$S$$C6657_timer2_disable_int
   11e01bf8     0c041e70     0c026010   current_control_ver2_new.obj (.text)
$.text:mwio4.lib<timer_lib.obj>$0x438  $Tramp$S$$C6657_timer1_disable_int
   11e01d98     0c041e80     0c02600c   current_control_ver2_new.obj (.text)
$.text:mwio4.lib<timer_lib.obj>$0x5d8  $Tramp$S$$C6657_timer0_disable_int
   11e01f38     0c041e90     0c026008   current_control_ver2_new.obj (.text)
$.text:mwio4.lib<PEV_INV_LIB.obj>$0x1460  $Tramp$S$$PEV_ad_disable_int
   11e01460     0c041ea0     0c025ff0   current_control_ver2_new.obj (.text)
                             0c025ff8   current_control_ver2_new.obj (.text)
                             0c026000   current_control_ver2_new.obj (.text)
$.text:mwio4.lib<mwintc.obj>$0x3f0  $Tramp$S$$IRQ_globalEnable
   11e029b0     0c041eb0     0c025fec   current_control_ver2_new.obj (.text)
$.text:mwio4.lib<timer_lib.obj>$0x1d0  $Tramp$S$$C6657_timer2_init
   11e01b30     0c041ec0     0c025fe4   current_control_ver2_new.obj (.text)
$.text:mwio4.lib<timer_lib.obj>$0x370  $Tramp$S$$C6657_timer1_init
   11e01cd0     0c041ed0     0c025fd8   current_control_ver2_new.obj (.text)
$.text:mwio4.lib<timer_lib.obj>$0x510  $Tramp$S$$C6657_timer0_init
   11e01e70     0c041ee0     0c025fcc   current_control_ver2_new.obj (.text)
$.text:mwio4.lib<PEV_INV_LIB.obj>$0xda8  $Tramp$S$$PEV_inverter_control_break
   11e00da8     0c041ef0     0c025fac   current_control_ver2_new.obj (.text)
                             0c025fb4   current_control_ver2_new.obj (.text)
                             0c025fc0   current_control_ver2_new.obj (.text)
$.text:mwio4.lib<PEV_INV_LIB.obj>$0xcf4  $Tramp$S$$PEV_inverter_enable_int
   11e00cf4     0c041f00     0c025f94   current_control_ver2_new.obj (.text)
                             0c025fa0   current_control_ver2_new.obj (.text)
                             0c025fa4   current_control_ver2_new.obj (.text)
$.text:mwio4.lib<PEV_INV_LIB.obj>$0x958  $Tramp$S$$PEV_inverter_init_refload_timing
   11e00958     0c041f10     0c025f78   current_control_ver2_new.obj (.text)
                             0c025f88   current_control_ver2_new.obj (.text)
                             0c025f8c   current_control_ver2_new.obj (.text)
$.text:mwio4.lib<PEV_INV_LIB.obj>$0xaa8  $Tramp$S$$PEV_inverter_init_adtrig_timing
   11e00aa8     0c041f20     0c025f54   current_control_ver2_new.obj (.text)
                             0c025f68   current_control_ver2_new.obj (.text)
                             0c025f6c   current_control_ver2_new.obj (.text)
$.text:mwio4.lib<PEV_INV_LIB.obj>$0x5e8  $Tramp$S$$PEV_inverter_set_uvw
   11e005e8     0c041f30     0c025f24   current_control_ver2_new.obj (.text)
                             0c025f34   current_control_ver2_new.obj (.text)
                             0c025f48   current_control_ver2_new.obj (.text)
$.text:mwio4.lib<PEV_INV_LIB.obj>$0xfe0  $Tramp$S$$PEV_ad_set_mode
   11e00fe0     0c041f40     0c025ed0   current_control_ver2_new.obj (.text)
                             0c025ee8   current_control_ver2_new.obj (.text)
                             0c025ef8   current_control_ver2_new.obj (.text)
$.text:mwio4.lib<PEV_INV_LIB.obj>$0xf48  $Tramp$S$$PEV_ad_set_range
   11e00f48     0c041f50     0c025ecc   current_control_ver2_new.obj (.text)
                             0c025ed8   current_control_ver2_new.obj (.text)
                             0c025ef0   current_control_ver2_new.obj (.text)
$.text:mwio4.lib<PEV_INV_LIB.obj>$0x150  $Tramp$S$$PEV_sync_pwm_out
   11e00150     0c041f60     0c025ea4   current_control_ver2_new.obj (.text)
                             0c025eb0   current_control_ver2_new.obj (.text)
$.text:mwio4.lib<PEV_INV_LIB.obj>$0x260  $Tramp$S$$PEV_sync_pwm_init
   11e00260     0c041f70     0c025e80   current_control_ver2_new.obj (.text)
                             0c025e8c   current_control_ver2_new.obj (.text)
                             0c025e94   current_control_ver2_new.obj (.text)
$.text:mwio4.lib<PEV_INV_LIB.obj>$0x2b4  $Tramp$S$$PEV_sync_ad_out
   11e002b4     0c041f80     0c025e74   current_control_ver2_new.obj (.text)
$.text:mwio4.lib<PEV_INV_LIB.obj>$0x30c  $Tramp$S$$PEV_sync_ad_init
   11e0030c     0c041f90     0c025e54   current_control_ver2_new.obj (.text)
                             0c025e64   current_control_ver2_new.obj (.text)
                             0c025e6c   current_control_ver2_new.obj (.text)
$.text:mwio4.lib<PEV_INV_LIB.obj>$0xb84  $Tramp$S$$PEV_inverter_init
   11e00b84     0c041fa0     0c025e28   current_control_ver2_new.obj (.text)
                             0c025e38   current_control_ver2_new.obj (.text)
                             0c025e48   current_control_ver2_new.obj (.text)
$.text:mwio4.lib<gpio_int.obj>$0x14c  $Tramp$S$$GPI_enable_int_vo
   11e0304c     0c041fb0     0c025e08   current_control_ver2_new.obj (.text)
$.text:mwio4.lib<gpio_int.obj>$0x0  $Tramp$S$$GPI_setVector_vo
   11e02f00     0c041fc0     0c025e04   current_control_ver2_new.obj (.text)
$.text:mwio4.lib<PEV_INV_LIB.obj>$0xde0  $Tramp$S$$PEV_int_init
   11e00de0     0c041fd0     0c025dd8   current_control_ver2_new.obj (.text)
$.text:mwio4.lib<mwintc.obj>$0x410  $Tramp$S$$IRQ_globalDisable
   11e029d0     0c041fe0     0c025a18   current_control_ver2_new.obj (.text)
$.text:mwio4.lib<PEV_INV_LIB.obj>$0x106c  $Tramp$S$$PEV_ad_in_grp
   11e0106c     0c041ff0     0c01a9e4   current_control_ver2_new.obj (.text)
                             0c01aca4   current_control_ver2_new.obj (.text)
$.text:mwio4.lib<PEV_INV_LIB.obj>$0x1040  $Tramp$S$$PEV_ad_in_st
   11e01040     0c042000     0c01a9b0   current_control_ver2_new.obj (.text)
                             0c01a9d0   current_control_ver2_new.obj (.text)
                             0c01a9e0   current_control_ver2_new.obj (.text)
                             0c01ac6c   current_control_ver2_new.obj (.text)
                             0c01ac90   current_control_ver2_new.obj (.text)
                             0c01aca0   current_control_ver2_new.obj (.text)
$.text:mwio4.lib<PEV_INV_LIB.obj>$0x3cc  $Tramp$S$$PEV_inverter_set_uvw_br
   11e003cc     0c042010     0c019a20   current_control_ver2_new.obj (.text)
                             0c019a4c   current_control_ver2_new.obj (.text)
                             0c019a6c   current_control_ver2_new.obj (.text)
$.text:CSL_GPIO_open:ti.csl.ae66<csl_gpioGetBaseAddress.oe66>$0x0  $Tramp$S$$CSL_GPIO_open
   0c041c20     11e033a0     11e03028   mwio4.lib : gpio_int.obj (.text)
$.text:__c6xabi_fixdu:rts6600_elf.lib<fixdu.obj>$0x0  $Tramp$S$$__c6xabi_fixdu
   0c0417e0     11e033b0     11e01a1c   mwio4.lib : timer_lib.obj (.text)
                             11e01b90             : timer_lib.obj (.text)
                             11e01d30             : timer_lib.obj (.text)
                             11e01ed0             : timer_lib.obj (.text)
$.text:__c6xabi_divd:rts6600_elf.lib<divd.obj>$0x0  $Tramp$S$$__c6xabi_divd
   0c03e260     11e033c0     11e01a14   mwio4.lib : timer_lib.obj (.text)
                             11e01b88             : timer_lib.obj (.text)
                             11e01d28             : timer_lib.obj (.text)
                             11e01ec8             : timer_lib.obj (.text)
$.text:__divi:rts6600_elf.lib<divi.obj>$0x0  $Tramp$S$$__c6xabi_divi
   0c041200     11e033d0     11e001f8   mwio4.lib : PEV_INV_LIB.obj (.text)
                             11e00448             : PEV_INV_LIB.obj (.text)
                             11e00470             : PEV_INV_LIB.obj (.text)
                             11e00658             : PEV_INV_LIB.obj (.text)
                             11e00684             : PEV_INV_LIB.obj (.text)
                             11e00a48             : PEV_INV_LIB.obj (.text)
                             11e00b24             : PEV_INV_LIB.obj (.text)
                             11e00bec             : PEV_INV_LIB.obj (.text)

[52 trampolines]
[107 trampoline calls]


GLOBAL SYMBOLS: SORTED ALPHABETICALLY BY Name 

address    name
--------   ----
0c031ae8   BrakeController
0c041cc0   C$$EXIT
11e01f8c   C6657_timer0_clear
11e01f78   C6657_timer0_clear_eventflag
11e01f38   C6657_timer0_disable_int
11e01ee4   C6657_timer0_enable_int
11e01e70   C6657_timer0_init
11e01e4c   C6657_timer0_init_vector
11e01e40   C6657_timer0_read
11e01e20   C6657_timer0_start
11e01e08   C6657_timer0_stop
11e01df8   C6657_timer0_write
11e01dec   C6657_timer1_clear
11e01de0   C6657_timer1_clear_eventflag
11e01d98   C6657_timer1_disable_int
11e01d44   C6657_timer1_enable_int
11e01cd0   C6657_timer1_init
11e01cac   C6657_timer1_init_vector
11e01ca0   C6657_timer1_read
11e01c80   C6657_timer1_start
11e01c68   C6657_timer1_stop
11e01c58   C6657_timer1_write
11e01c4c   C6657_timer2_clear
11e01c40   C6657_timer2_clear_eventflag
11e01bf8   C6657_timer2_disable_int
11e01ba4   C6657_timer2_enable_int
11e01b30   C6657_timer2_init
11e01ae8   C6657_timer2_init_vector
11e01ad8   C6657_timer2_read
11e01ab4   C6657_timer2_start
11e01aa0   C6657_timer2_stop
11e01a94   C6657_timer2_write
11e01a84   C6657_timer3_hi_clear_eventflag
11e01a2c   C6657_timer3_hi_enable_int
11e019b8   C6657_timer3_hi_init
11e01994   C6657_timer3_hi_init_vector
11e01974   C6657_timer3_hi_start
11e01960   C6657_timer3_hi_stop
11e02a00   CSL2_intcHwControl
11e030b4   CSL2_intcOpen2
11e030a0   CSL2_loadResource
0c041c20   CSL_GPIO_open
11e032a8   CSL_intcGlobalEnable
11e03300   CSL_intcGlobalNmiEnable
11e03240   CSL_intcInterruptDisable
11e03220   CSL_intcInterruptEnable
0c01b304   CalcDynamicsInit
0c0218d4   CalcFDTDTSOBInit
0c035eb8   CalcFDTDWrInit_QmrefInputType
0c01f570   CalcFDTDWrInit_WmcmdInputType
0c0352a8   CalcFDTDWrUpdate_QmrefInputType_1st2nd
0c034d00   CalcFDTDWrUpdate_QmrefInputType_2nd
0c02f628   CalcFDTDWrUpdate_WmcmdInputType_1st2nd
0c02eb84   CalcFDTDWrUpdate_WmcmdInputType_2nd
0c0339c0   CalcFDTDWr_QmrefInputType
0c02c9d0   CalcFDTDWr_WmcmdInputType
0c0291e4   CalcGravIcmp
0c0315c4   CalcHandCmdCircle
0c0333c4   CalcHandCmdDiamond
0c032e90   CalcHandCmdRectangle
0c0320c4   CalcInverseCmd_vel
0c029318   CalcJl
0c029648   CalcJlWr
0c01a94c   CalcOffset
0c029974   CalcPVGain
0c024634   CalcPVGainInitCDM
0c031fd0   CalcPref2axis
0c031dd0   CalcPrefRep2axis
0c031bd4   CalcPrefRep3axis
0c02e250   CalcTauLDyn
0c031a0c   CalcVdcMean
0c02b198   CalcWrGain
0c037b40   ControlFunction
0c02914c   DecouplingControl
11e0252c   EMF_EnableIntr_s32
11e02d20   EMF_ErrIntr_vo
11f03a60   EMF_ExtWaitErrCnt_u32s
11f03a5c   EMF_ExtWaitErrInfo_u32s
11e024cc   EMF_Initialization_s32
11e02414   EMF_Read2_s32
11e023a8   EMF_Read3_s32
11e022e0   EMF_ReadFlashRom_s32
11e0222c   EMF_ReadFpgaBoard_s32
11e021b8   EMF_Read_s32
11e02120   EMF_Write2_s32
11e02018   EMF_WriteFlashRom_s32
11e01fa0   EMF_Write_s32
0c043f5c   EMIF_IntrErr_sts
0c03ce08   ENC_batt_alm_en
0c03cd4c   ENC_get_abm
0c03cc8c   ENC_get_abs
0c03cc00   ENC_get_almc
0c03cb68   ENC_get_status
0c03caa0   ENC_reset_abm
0c03c9c8   ENC_reset_abs
0c03c900   ENC_reset_err
0c03c848   ENC_set_refresh
0c03c760   ENC_ss_get_abm
0c03c660   ENC_ss_get_abs
0c03c5ac   ENC_ss_get_start
0c03c500   ENC_ss_init
0c03c44c   ENC_start_abs
0c03c3a0   ENC_stop_abs
0c028620   FDTDSOB
0c027804   FDTD_T_SOB
0c0275a8   FDTD_Tm
0c023c74   FDTD_Tm_Full_Init
0c026e80   FDTD_Tm_Full_Update
0c026bc4   FDTD_Tm_Full_woG
0c026820   FDTD_Tm_Init
0c0265c8   FDTD_Tm_woG
0c03fc50   FPGA_get_fpga_ver
0c03fc04   FPGA_read
0c03fb98   FPGA_read_f32
0c03fb20   FPGA_write
0c03fa90   FPGA_write_f32
11f033b4   Flag_ARCS_clear
11f033b0   Flag_ARCS_start
11e0306c   GPI_disable_int_vo
11e0304c   GPI_enable_int_vo
11e03024   GPI_init_vo
11e02fd4   GPI_int_ack_vo
11e02f00   GPI_setVector_vo
0c026520   GeneratorCircle1st
0c026470   GeneratorCircle2nd
0c0263c8   GeneratorCircle3rd
0c026228   GetFilterdSignal
0c01ae44   GetMultiPositions
0c0261f4   GetVelocity
0c01ac20   GetVoltAndCurrent
0c04008c   IPFPGA_get_fpga_ver
0c040040   IPFPGA_read
0c03ffc8   IPFPGA_read_f32
0c03ff4c   IPFPGA_write
0c03fec0   IPFPGA_write_f32
11e029d0   IRQ_globalDisable
11e029b0   IRQ_globalEnable
11e029a8   IRQ_globalRestore
11f033ac   Iq_off
0c043550   LPF_cmd
0c0435d8   LPF_motor
0c026098   LimDiffCalcDQ
0c026034   LimitPosCmd
0c019744   Limiter
0c025a10   MW_main
0c01a718   ManyRampGenerator1stAxis
0c01a4e8   ManyRampGenerator2ndAxis
0c01a2b4   ManyRampGenerator3rdAxis
11f0395c   ModRatioU
11f03960   ModRatioV
11f03964   ModRatioW
11e01914   PEV_abz_clear
11e018e0   PEV_abz_clear_resolver_err
11e018a4   PEV_abz_get_resolver_err
11e01864   PEV_abz_get_resolver_pos
11e01834   PEV_abz_in_pin
11e017e8   PEV_abz_init_maxcount
11e017a4   PEV_abz_read
11e01734   PEV_abz_set_mode
11e016e8   PEV_abz_write
11e01494   PEV_ad_abz_read
11e01460   PEV_ad_disable_int
11e01418   PEV_ad_enable_int
11e012b0   PEV_ad_in_4ch
11e0106c   PEV_ad_in_grp
11e01040   PEV_ad_in_st
11e00fe0   PEV_ad_set_mode
11e00f98   PEV_ad_set_offset
11e00f48   PEV_ad_set_range
11e00f10   PEV_ad_start
0c0419a4   PEV_get_fpga_ver
0c041960   PEV_init
11e00de0   PEV_int_init
11e00da8   PEV_inverter_control_break
11e00d70   PEV_inverter_control_gate
11e00d38   PEV_inverter_disable_int
11e00cf4   PEV_inverter_enable_int
11e00b84   PEV_inverter_init
11e00aa8   PEV_inverter_init_adtrig_timing
11e009b8   PEV_inverter_init_int_timing
11e00958   PEV_inverter_init_refload_timing
11e008d4   PEV_inverter_set_ab
11e007d4   PEV_inverter_set_ra
11e005e8   PEV_inverter_set_uvw
11e003cc   PEV_inverter_set_uvw_br
11e00394   PEV_inverter_start_pwm
11e00360   PEV_inverter_stop_pwm
11e0030c   PEV_sync_ad_init
11e002b4   PEV_sync_ad_out
11e00260   PEV_sync_pwm_init
11e00150   PEV_sync_pwm_out
11e00100   PEV_sync_z_out
11e000c8   PEV_updown_clear_cnt
11e00078   PEV_updown_init_maxcount
11e00034   PEV_updown_read_cnt
11e00000   PEV_updown_set_mode
0c01a26c   PIcontroller
0c01a228   PIcontroller_withAntiwindup
0c01a218   Pcontroller
11f03398   Ref_Iq_ref_direct
11f0339c   Ref_Iq_ref_direct1
11f033a0   Ref_Iq_ref_direct2
11f033a4   Ref_Iq_ref_direct3
11f033a8   Ref_wM_direct
0c01a214   SetBDN
0c01a210   SetENC_CH
0c019d68   SetGain
0c019ce0   SetLPF
0c019b24   SetRampParams
0c019764   SetVoltReferences
0c019144   StateObserver
0c043378   Tm_full_sub
0c043738   Tm_sub
0c018a20   TriangularAccelerationCommandGenerator
0c018060   TriangularAccelerationCommandGeneratorInit
0c01800c   VconPI5Axis
11f033e8   WAVE_ACC_LW8079
11f033ec   WAVE_ACC_LW8174
11f033f0   WAVE_ACC_LW8174_axis
11f03798   WAVE_ENC1
11f0379c   WAVE_ENC2
11f037a0   WAVE_ENC3
11f0378c   WAVE_ENC_temp1
11f03790   WAVE_ENC_temp2
11f03794   WAVE_ENC_temp3
11f03424   WAVE_Enc_error
11f032bc   WAVE_FIL_Y
11f033f4   WAVE_Fz
11f03328   WAVE_HandX
11f0332c   WAVE_HandY
11f03330   WAVE_HandZ
11f032b8   WAVE_INIT_COUNT
11f0391c   WAVE_Icmp1
11f03920   WAVE_Icmp2
11f03924   WAVE_Icmp3
11f03780   WAVE_Idc1
11f03784   WAVE_Idc2
11f03788   WAVE_Idc3
11f03934   WAVE_Iff_1
11f03938   WAVE_Iff_2
11f0393c   WAVE_Iff_3
11f03838   WAVE_Ipi1
11f0383c   WAVE_Ipi2
11f03840   WAVE_Ipi3
11f0382c   WAVE_Iq1
11f03830   WAVE_Iq2
11f03834   WAVE_Iq3
11f03898   WAVE_IrefD1
11f0389c   WAVE_IrefD2
11f038a0   WAVE_IrefD3
11f038a4   WAVE_IrefQ1
11f038a8   WAVE_IrefQ2
11f038ac   WAVE_IrefQ3
11f0375c   WAVE_IresD1
11f03760   WAVE_IresD2
11f03764   WAVE_IresD3
11f03768   WAVE_IresQ1
11f0376c   WAVE_IresQ2
11f03770   WAVE_IresQ3
11f033c4   WAVE_IresU1
11f033c8   WAVE_IresU2
11f033cc   WAVE_IresU3
11f033d0   WAVE_IresV1
11f033d4   WAVE_IresV2
11f033d8   WAVE_IresV3
11f033dc   WAVE_IresW1
11f033e0   WAVE_IresW2
11f033e4   WAVE_IresW3
11f03844   WAVE_Isfb1
11f03848   WAVE_Isfb2
11f0384c   WAVE_Isfb3
11f03750   WAVE_Jl_Wr1
11f03754   WAVE_Jl_Wr2
11f03758   WAVE_Jl_Wr3
11f03744   WAVE_Jl_calc1
11f03748   WAVE_Jl_calc2
11f0374c   WAVE_Jl_calc3
11f0331c   WAVE_Joint1
11f03320   WAVE_Joint2
11f03324   WAVE_Joint3
11f032f4   WAVE_LoopCount
11f03720   WAVE_MRBR1
11f03724   WAVE_MRBR2
11f03728   WAVE_MRBR3
11f036fc   WAVE_MRU1
11f03708   WAVE_MRU2
11f03714   WAVE_MRU3
11f03700   WAVE_MRV1
11f0370c   WAVE_MRV2
11f03718   WAVE_MRV3
11f03704   WAVE_MRW1
11f03710   WAVE_MRW2
11f0371c   WAVE_MRW3
11f037d4   WAVE_TRG_WM1
11f037d8   WAVE_TRG_WM2
11f037dc   WAVE_TRG_WM3
11f03310   WAVE_Timer0
11f03314   WAVE_Timer1
11f03318   WAVE_Timer2
11f03910   WAVE_Tq1
11f03914   WAVE_Tq2
11f03918   WAVE_Tq3
11f03404   WAVE_U_modulation
11f03944   WAVE_VWX
11f03948   WAVE_VWY
11f0394c   WAVE_VWZ
11f03408   WAVE_V_modulation
11f03774   WAVE_Vdc1
11f03778   WAVE_Vdc2
11f0377c   WAVE_Vdc3
11f03434   WAVE_Vdc_ofst
11f038c8   WAVE_VrefD1
11f038d0   WAVE_VrefD2
11f038d8   WAVE_VrefD3
11f038b0   WAVE_VrefD_dcpl1
11f038b8   WAVE_VrefD_dcpl2
11f038c0   WAVE_VrefD_dcpl3
11f038cc   WAVE_VrefQ1
11f038d4   WAVE_VrefQ2
11f038dc   WAVE_VrefQ3
11f038b4   WAVE_VrefQ_dcpl1
11f038bc   WAVE_VrefQ_dcpl2
11f038c4   WAVE_VrefQ_dcpl3
11f03850   WAVE_VrefU1
11f0385c   WAVE_VrefU2
11f03868   WAVE_VrefU3
11f03854   WAVE_VrefV1
11f03860   WAVE_VrefV2
11f0386c   WAVE_VrefV3
11f03858   WAVE_VrefW1
11f03864   WAVE_VrefW2
11f03870   WAVE_VrefW3
11f033f8   WAVE_WSX
11f033fc   WAVE_WSY
11f03400   WAVE_WSZ
11f0340c   WAVE_W_modulation
11f03350   WAVE_check
11f03334   WAVE_fx
11f03338   WAVE_fy
11f0333c   WAVE_fz
11f03428   WAVE_ofst_Iu
11f0342c   WAVE_ofst_Iv
11f03430   WAVE_ofst_Iw
11f038f8   WAVE_omega_rm1
11f03904   WAVE_omega_rm1_ref
11f038fc   WAVE_omega_rm2
11f03908   WAVE_omega_rm2_ref
11f03900   WAVE_omega_rm3
11f0390c   WAVE_omega_rm3_ref
11f03820   WAVE_ql1
11f03824   WAVE_ql2
11f03828   WAVE_ql3
11f03808   WAVE_qm1
11f0380c   WAVE_qm2
11f03810   WAVE_qm3
11f03814   WAVE_qm_ref1
11f03818   WAVE_qm_ref2
11f0381c   WAVE_qm_ref3
11f0334c   WAVE_state
11f03940   WAVE_tauL_dyn_2nd
11f0372c   WAVE_tauLdyn1
11f03730   WAVE_tauLdyn2
11f03734   WAVE_tauLdyn3
11f03738   WAVE_tauLwoG1
11f0373c   WAVE_tauLwoG2
11f03740   WAVE_tauLwoG3
11f037c8   WAVE_theta_re1
11f037cc   WAVE_theta_re2
11f037d0   WAVE_theta_re3
11f037a4   WAVE_theta_rm1
11f037a8   WAVE_theta_rm2
11f037ac   WAVE_theta_rm3
11f037bc   WAVE_theta_rm_full1
11f037c0   WAVE_theta_rm_full2
11f037c4   WAVE_theta_rm_full3
11f037b0   WAVE_theta_rm_ref1
11f037b4   WAVE_theta_rm_ref2
11f037b8   WAVE_theta_rm_ref3
11f038e0   WAVE_vd_lim_dif1
11f038e8   WAVE_vd_lim_dif2
11f038f0   WAVE_vd_lim_dif3
11f038e4   WAVE_vq_lim_dif1
11f038ec   WAVE_vq_lim_dif2
11f038f4   WAVE_vq_lim_dif3
11f03874   WAVE_vu_ref_stand1
11f03880   WAVE_vu_ref_stand2
11f0388c   WAVE_vu_ref_stand3
11f03878   WAVE_vv_ref_stand1
11f03884   WAVE_vv_ref_stand2
11f03890   WAVE_vv_ref_stand3
11f0387c   WAVE_vw_ref_stand1
11f03888   WAVE_vw_ref_stand2
11f03894   WAVE_vw_ref_stand3
11f03340   WAVE_vx
11f03344   WAVE_vy
11f03348   WAVE_vz
11f037e0   WAVE_wm1
11f037e4   WAVE_wm2
11f037e8   WAVE_wm3
11f037fc   WAVE_wm_cmd1
11f03800   WAVE_wm_cmd2
11f03804   WAVE_wm_cmd3
11f037f0   WAVE_wm_ref1
11f037f4   WAVE_wm_ref2
11f037f8   WAVE_wm_ref3
11f037ec   WAVE_wm_ref_org
11f0341c   Wave_FRAFreq
11f03420   Wave_FRATime
0c042860   Wr_DPD
11f0343c   Wr_Throth_check
0c042b78   Wr_sub
11e03380   _CSL2_intcDispatcherDummy
11e032c8   _CSL_intcGlobalDisable
11e0333c   _CSL_intcGlobalExcepClear
11e03314   _CSL_intcGlobalExcepEnable
11e03328   _CSL_intcGlobalExtExcepEnable
11e032e8   _CSL_intcGlobalRestore
11e03260   _CSL_intcInterruptClear
11e03278   _CSL_intcInterruptRestore
11e0326c   _CSL_intcInterruptSet
11e03290   _CSL_intcQueryInterruptStatus
0c046518   __TI_CINIT_Base
0c046530   __TI_CINIT_Limit
0c04650c   __TI_Handler_Table_Base
0c046514   __TI_Handler_Table_Limit
UNDEFED    __TI_INITARRAY_Base
UNDEFED    __TI_INITARRAY_Limit
11f032b8   __TI_STACK_END
00001000   __TI_STACK_SIZE
11f032b8   __TI_STATIC_BASE
UNDEFED    __TI_TLS_INIT_Base
UNDEFED    __TI_TLS_INIT_Limit
00000001   __TI_args_main
0c041a60   __TI_cpp_init
0c041ce0   __TI_decompress_none
0c041d00   __TI_decompress_rle24
0c043d8c   __TI_enable_exit_profile_output
ffffffff   __TI_pprof_out_hndl
ffffffff   __TI_prof_data_size
ffffffff   __TI_prof_data_start
0c041540   __TI_tls_init
ffffffff   __binit__
0c03e260   __c6xabi_divd
0c03f540   __c6xabi_divf
0c041200   __c6xabi_divi
0c0413c0   __c6xabi_divu
0c041c60   __c6xabi_errno_addr
0c0417e0   __c6xabi_fixdu
0c041ac0   __c6xabi_frcmpyd_div
0c041b20   __c6xabi_llshru
0c041600   __c6xabi_nround
0c041860   __c6xabi_roundf
0c041c80   __c6xabi_trunc
0c041ca0   __c6xabi_truncf
ffffffff   __c_args__
0c041200   __divi
0c0413c0   __divu
0c042fec   __errno
0c041be0   _args_main
0c041000   _auto_init_elf
0c0418e0   _c_int00
0c043d84   _cleanup_ptr
0c043d88   _dtors_ptr
11f002b0   _mwSinTbl
11f022b8   _stack
0c041cc0   abort
0c0400c0   acos
11f03950   ad1
11f03954   ad2
11f03958   ad3
0c0402a0   atan
0c040780   atan2
0c018000   backward_diff
ffffffff   binit
11e02688   cic0Out2Evnt
0c041100   copy_in
0c03f280   cos
11f032f0   counter_2
0c03fa68   cvt_to_float_from_u32
0c03fa40   cvt_to_u32_from_float
0c043780   d_current
0c043af8   debug3
11f033c0   debug_theta
0c043270   dyn
0c042fec   errno
0c0419e0   evmI2CInit
0c041480   exit
0c040460   expf
11f032cc   flag_CalcHandCmd
11f03364   flag_CircleStart1
11f03368   flag_CircleStart2
11f0336c   flag_CircleStart3
11f032e0   flag_FBgain
11f032e8   flag_FF
11f032f8   flag_FF_triple
11f03300   flag_FRA_Axis
11f03308   flag_FRA_test_end
11f03304   flag_FRA_test_start
11f032e4   flag_PPgain
11f032ec   flag_SOB
11f032dc   flag_Vdc_setted
11f032fc   flag_cmd_end
11f032c0   flag_cont_start
11f032c4   flag_dead
11f032d0   flag_debug
11f032d8   flag_delay
11f032c8   flag_dyn_payload
11f03370   flag_end1
11f03374   flag_end2
11f03378   flag_end3
11f03438   flag_fin
11f0335c   flag_first_back
11f03358   flag_first_go
11f03360   flag_hard
11f0337c   flag_on
11f032d4   flag_pv
11f03354   flag_reposition
11f0330c   flag_tuneNo
0c040900   frexp
0c040a80   frexpf
11f00270   gpio_int_map
0c042e90   gsub
11f03a64   hGpio
0c03db14   i2cEepromGetStatus2
0c03d998   i2cEepromRead2
0c03d608   i2cEepromWriteBlock2
0c03d880   i2cEepromWriteByteAddr2
11e02968   int_begin_nestint
11e02918   int_end_nestint
11f00170   intcObj
0c042020   joint
0c040be0   ldexp
0c040d40   ldexpf
0c041c40   main
0c0416a0   memcpy
0c0412e0   memset
0c041740   modf
0c041b80   modff
0c03f244   mw_Osal_platformSpiCsEnter
0c03f230   mw_Osal_platformSpiCsExit
11f036f4   mw_gp__CSL_intcCpuIntrTable
0c03ee38   mw_nor_erase
0c03edcc   mw_nor_get_details
0c03ed58   mw_nor_init
0c03eca4   mw_nor_read
0c03ebe0   mw_nor_write
0c03f210   mw_platform_delaycycles
0c03f1a4   mw_platform_device_close
0c03f164   mw_platform_device_erase_block
0c03f08c   mw_platform_device_open
0c03eff0   mw_platform_device_read
0c03ef54   mw_platform_device_write
11f036f8   mw_platform_errno
11e03360   mw_setVect
0c03ea58   mw_spi_claim
0c03e9ec   mw_spi_cmd
0c03e9e0   mw_spi_cmd_read
0c03e9d0   mw_spi_cmd_write
0c03e964   mw_spi_release
0c03e820   mw_spi_xfer
11e02904   mwintc_clearSysInterrupt
11e028ec   mwintc_disableHostInterrupt
11e028d4   mwintc_disableSysInterrupt
11e028c0   mwintc_enableHostInterrupt
11e028a8   mwintc_enableSysInterrupt
11e02878   mwintc_getInterruptStatus
11e02860   mwintc_mapSystemIntrToChannel
11e02714   mwintc_setup
11e02794   mwintc_setup2
11e025f4   mwintc_setupApp
0c042ff0   ob_sub
0c03ef40   platform_write
0c0437c8   position
0c03cec0   pow
0c03dc80   powf
0c043810   q_current
0c043aa8   range
11f03410   ref_Iq_direct1
11f03414   ref_Iq_direct2
11f03418   ref_Iq_direct3
11f03928   ref_Iq_freq_direct1
11f0392c   ref_Iq_freq_direct2
11f03930   ref_Iq_freq_direct3
11f033bc   ref_wm_direct
0c043150   sen
0c03f7c0   sin
0c03fc80   sinf
11f033b8   speed_hand
0c040ea0   sqrt
11f0338c   start_back1
11f03390   start_back2
11f03394   start_back3
11f03380   start_go1
11f03384   start_go2
11f03388   start_go3
11f036e8   tmr1regs
11f036ec   tmr2regs
11f036f0   tmr3regs
0c043660   tri
0c043858   velocity


GLOBAL SYMBOLS: SORTED BY Symbol Address 

address    name
--------   ----
00000001   __TI_args_main
00001000   __TI_STACK_SIZE
0c018000   backward_diff
0c01800c   VconPI5Axis
0c018060   TriangularAccelerationCommandGeneratorInit
0c018a20   TriangularAccelerationCommandGenerator
0c019144   StateObserver
0c019744   Limiter
0c019764   SetVoltReferences
0c019b24   SetRampParams
0c019ce0   SetLPF
0c019d68   SetGain
0c01a210   SetENC_CH
0c01a214   SetBDN
0c01a218   Pcontroller
0c01a228   PIcontroller_withAntiwindup
0c01a26c   PIcontroller
0c01a2b4   ManyRampGenerator3rdAxis
0c01a4e8   ManyRampGenerator2ndAxis
0c01a718   ManyRampGenerator1stAxis
0c01a94c   CalcOffset
0c01ac20   GetVoltAndCurrent
0c01ae44   GetMultiPositions
0c01b304   CalcDynamicsInit
0c01f570   CalcFDTDWrInit_WmcmdInputType
0c0218d4   CalcFDTDTSOBInit
0c023c74   FDTD_Tm_Full_Init
0c024634   CalcPVGainInitCDM
0c025a10   MW_main
0c026034   LimitPosCmd
0c026098   LimDiffCalcDQ
0c0261f4   GetVelocity
0c026228   GetFilterdSignal
0c0263c8   GeneratorCircle3rd
0c026470   GeneratorCircle2nd
0c026520   GeneratorCircle1st
0c0265c8   FDTD_Tm_woG
0c026820   FDTD_Tm_Init
0c026bc4   FDTD_Tm_Full_woG
0c026e80   FDTD_Tm_Full_Update
0c0275a8   FDTD_Tm
0c027804   FDTD_T_SOB
0c028620   FDTDSOB
0c02914c   DecouplingControl
0c0291e4   CalcGravIcmp
0c029318   CalcJl
0c029648   CalcJlWr
0c029974   CalcPVGain
0c02b198   CalcWrGain
0c02c9d0   CalcFDTDWr_WmcmdInputType
0c02e250   CalcTauLDyn
0c02eb84   CalcFDTDWrUpdate_WmcmdInputType_2nd
0c02f628   CalcFDTDWrUpdate_WmcmdInputType_1st2nd
0c0315c4   CalcHandCmdCircle
0c031a0c   CalcVdcMean
0c031ae8   BrakeController
0c031bd4   CalcPrefRep3axis
0c031dd0   CalcPrefRep2axis
0c031fd0   CalcPref2axis
0c0320c4   CalcInverseCmd_vel
0c032e90   CalcHandCmdRectangle
0c0333c4   CalcHandCmdDiamond
0c0339c0   CalcFDTDWr_QmrefInputType
0c034d00   CalcFDTDWrUpdate_QmrefInputType_2nd
0c0352a8   CalcFDTDWrUpdate_QmrefInputType_1st2nd
0c035eb8   CalcFDTDWrInit_QmrefInputType
0c037b40   ControlFunction
0c03c3a0   ENC_stop_abs
0c03c44c   ENC_start_abs
0c03c500   ENC_ss_init
0c03c5ac   ENC_ss_get_start
0c03c660   ENC_ss_get_abs
0c03c760   ENC_ss_get_abm
0c03c848   ENC_set_refresh
0c03c900   ENC_reset_err
0c03c9c8   ENC_reset_abs
0c03caa0   ENC_reset_abm
0c03cb68   ENC_get_status
0c03cc00   ENC_get_almc
0c03cc8c   ENC_get_abs
0c03cd4c   ENC_get_abm
0c03ce08   ENC_batt_alm_en
0c03cec0   pow
0c03d608   i2cEepromWriteBlock2
0c03d880   i2cEepromWriteByteAddr2
0c03d998   i2cEepromRead2
0c03db14   i2cEepromGetStatus2
0c03dc80   powf
0c03e260   __c6xabi_divd
0c03e820   mw_spi_xfer
0c03e964   mw_spi_release
0c03e9d0   mw_spi_cmd_write
0c03e9e0   mw_spi_cmd_read
0c03e9ec   mw_spi_cmd
0c03ea58   mw_spi_claim
0c03ebe0   mw_nor_write
0c03eca4   mw_nor_read
0c03ed58   mw_nor_init
0c03edcc   mw_nor_get_details
0c03ee38   mw_nor_erase
0c03ef40   platform_write
0c03ef54   mw_platform_device_write
0c03eff0   mw_platform_device_read
0c03f08c   mw_platform_device_open
0c03f164   mw_platform_device_erase_block
0c03f1a4   mw_platform_device_close
0c03f210   mw_platform_delaycycles
0c03f230   mw_Osal_platformSpiCsExit
0c03f244   mw_Osal_platformSpiCsEnter
0c03f280   cos
0c03f540   __c6xabi_divf
0c03f7c0   sin
0c03fa40   cvt_to_u32_from_float
0c03fa68   cvt_to_float_from_u32
0c03fa90   FPGA_write_f32
0c03fb20   FPGA_write
0c03fb98   FPGA_read_f32
0c03fc04   FPGA_read
0c03fc50   FPGA_get_fpga_ver
0c03fc80   sinf
0c03fec0   IPFPGA_write_f32
0c03ff4c   IPFPGA_write
0c03ffc8   IPFPGA_read_f32
0c040040   IPFPGA_read
0c04008c   IPFPGA_get_fpga_ver
0c0400c0   acos
0c0402a0   atan
0c040460   expf
0c040780   atan2
0c040900   frexp
0c040a80   frexpf
0c040be0   ldexp
0c040d40   ldexpf
0c040ea0   sqrt
0c041000   _auto_init_elf
0c041100   copy_in
0c041200   __c6xabi_divi
0c041200   __divi
0c0412e0   memset
0c0413c0   __c6xabi_divu
0c0413c0   __divu
0c041480   exit
0c041540   __TI_tls_init
0c041600   __c6xabi_nround
0c0416a0   memcpy
0c041740   modf
0c0417e0   __c6xabi_fixdu
0c041860   __c6xabi_roundf
0c0418e0   _c_int00
0c041960   PEV_init
0c0419a4   PEV_get_fpga_ver
0c0419e0   evmI2CInit
0c041a60   __TI_cpp_init
0c041ac0   __c6xabi_frcmpyd_div
0c041b20   __c6xabi_llshru
0c041b80   modff
0c041be0   _args_main
0c041c20   CSL_GPIO_open
0c041c40   main
0c041c60   __c6xabi_errno_addr
0c041c80   __c6xabi_trunc
0c041ca0   __c6xabi_truncf
0c041cc0   C$$EXIT
0c041cc0   abort
0c041ce0   __TI_decompress_none
0c041d00   __TI_decompress_rle24
0c042020   joint
0c042860   Wr_DPD
0c042b78   Wr_sub
0c042e90   gsub
0c042fec   __errno
0c042fec   errno
0c042ff0   ob_sub
0c043150   sen
0c043270   dyn
0c043378   Tm_full_sub
0c043550   LPF_cmd
0c0435d8   LPF_motor
0c043660   tri
0c043738   Tm_sub
0c043780   d_current
0c0437c8   position
0c043810   q_current
0c043858   velocity
0c043aa8   range
0c043af8   debug3
0c043d84   _cleanup_ptr
0c043d88   _dtors_ptr
0c043d8c   __TI_enable_exit_profile_output
0c043f5c   EMIF_IntrErr_sts
0c04650c   __TI_Handler_Table_Base
0c046514   __TI_Handler_Table_Limit
0c046518   __TI_CINIT_Base
0c046530   __TI_CINIT_Limit
11e00000   PEV_updown_set_mode
11e00034   PEV_updown_read_cnt
11e00078   PEV_updown_init_maxcount
11e000c8   PEV_updown_clear_cnt
11e00100   PEV_sync_z_out
11e00150   PEV_sync_pwm_out
11e00260   PEV_sync_pwm_init
11e002b4   PEV_sync_ad_out
11e0030c   PEV_sync_ad_init
11e00360   PEV_inverter_stop_pwm
11e00394   PEV_inverter_start_pwm
11e003cc   PEV_inverter_set_uvw_br
11e005e8   PEV_inverter_set_uvw
11e007d4   PEV_inverter_set_ra
11e008d4   PEV_inverter_set_ab
11e00958   PEV_inverter_init_refload_timing
11e009b8   PEV_inverter_init_int_timing
11e00aa8   PEV_inverter_init_adtrig_timing
11e00b84   PEV_inverter_init
11e00cf4   PEV_inverter_enable_int
11e00d38   PEV_inverter_disable_int
11e00d70   PEV_inverter_control_gate
11e00da8   PEV_inverter_control_break
11e00de0   PEV_int_init
11e00f10   PEV_ad_start
11e00f48   PEV_ad_set_range
11e00f98   PEV_ad_set_offset
11e00fe0   PEV_ad_set_mode
11e01040   PEV_ad_in_st
11e0106c   PEV_ad_in_grp
11e012b0   PEV_ad_in_4ch
11e01418   PEV_ad_enable_int
11e01460   PEV_ad_disable_int
11e01494   PEV_ad_abz_read
11e016e8   PEV_abz_write
11e01734   PEV_abz_set_mode
11e017a4   PEV_abz_read
11e017e8   PEV_abz_init_maxcount
11e01834   PEV_abz_in_pin
11e01864   PEV_abz_get_resolver_pos
11e018a4   PEV_abz_get_resolver_err
11e018e0   PEV_abz_clear_resolver_err
11e01914   PEV_abz_clear
11e01960   C6657_timer3_hi_stop
11e01974   C6657_timer3_hi_start
11e01994   C6657_timer3_hi_init_vector
11e019b8   C6657_timer3_hi_init
11e01a2c   C6657_timer3_hi_enable_int
11e01a84   C6657_timer3_hi_clear_eventflag
11e01a94   C6657_timer2_write
11e01aa0   C6657_timer2_stop
11e01ab4   C6657_timer2_start
11e01ad8   C6657_timer2_read
11e01ae8   C6657_timer2_init_vector
11e01b30   C6657_timer2_init
11e01ba4   C6657_timer2_enable_int
11e01bf8   C6657_timer2_disable_int
11e01c40   C6657_timer2_clear_eventflag
11e01c4c   C6657_timer2_clear
11e01c58   C6657_timer1_write
11e01c68   C6657_timer1_stop
11e01c80   C6657_timer1_start
11e01ca0   C6657_timer1_read
11e01cac   C6657_timer1_init_vector
11e01cd0   C6657_timer1_init
11e01d44   C6657_timer1_enable_int
11e01d98   C6657_timer1_disable_int
11e01de0   C6657_timer1_clear_eventflag
11e01dec   C6657_timer1_clear
11e01df8   C6657_timer0_write
11e01e08   C6657_timer0_stop
11e01e20   C6657_timer0_start
11e01e40   C6657_timer0_read
11e01e4c   C6657_timer0_init_vector
11e01e70   C6657_timer0_init
11e01ee4   C6657_timer0_enable_int
11e01f38   C6657_timer0_disable_int
11e01f78   C6657_timer0_clear_eventflag
11e01f8c   C6657_timer0_clear
11e01fa0   EMF_Write_s32
11e02018   EMF_WriteFlashRom_s32
11e02120   EMF_Write2_s32
11e021b8   EMF_Read_s32
11e0222c   EMF_ReadFpgaBoard_s32
11e022e0   EMF_ReadFlashRom_s32
11e023a8   EMF_Read3_s32
11e02414   EMF_Read2_s32
11e024cc   EMF_Initialization_s32
11e0252c   EMF_EnableIntr_s32
11e025f4   mwintc_setupApp
11e02688   cic0Out2Evnt
11e02714   mwintc_setup
11e02794   mwintc_setup2
11e02860   mwintc_mapSystemIntrToChannel
11e02878   mwintc_getInterruptStatus
11e028a8   mwintc_enableSysInterrupt
11e028c0   mwintc_enableHostInterrupt
11e028d4   mwintc_disableSysInterrupt
11e028ec   mwintc_disableHostInterrupt
11e02904   mwintc_clearSysInterrupt
11e02918   int_end_nestint
11e02968   int_begin_nestint
11e029a8   IRQ_globalRestore
11e029b0   IRQ_globalEnable
11e029d0   IRQ_globalDisable
11e02a00   CSL2_intcHwControl
11e02d20   EMF_ErrIntr_vo
11e02f00   GPI_setVector_vo
11e02fd4   GPI_int_ack_vo
11e03024   GPI_init_vo
11e0304c   GPI_enable_int_vo
11e0306c   GPI_disable_int_vo
11e030a0   CSL2_loadResource
11e030b4   CSL2_intcOpen2
11e03220   CSL_intcInterruptEnable
11e03240   CSL_intcInterruptDisable
11e03260   _CSL_intcInterruptClear
11e0326c   _CSL_intcInterruptSet
11e03278   _CSL_intcInterruptRestore
11e03290   _CSL_intcQueryInterruptStatus
11e032a8   CSL_intcGlobalEnable
11e032c8   _CSL_intcGlobalDisable
11e032e8   _CSL_intcGlobalRestore
11e03300   CSL_intcGlobalNmiEnable
11e03314   _CSL_intcGlobalExcepEnable
11e03328   _CSL_intcGlobalExtExcepEnable
11e0333c   _CSL_intcGlobalExcepClear
11e03360   mw_setVect
11e03380   _CSL2_intcDispatcherDummy
11f00170   intcObj
11f00270   gpio_int_map
11f002b0   _mwSinTbl
11f022b8   _stack
11f032b8   WAVE_INIT_COUNT
11f032b8   __TI_STACK_END
11f032b8   __TI_STATIC_BASE
11f032bc   WAVE_FIL_Y
11f032c0   flag_cont_start
11f032c4   flag_dead
11f032c8   flag_dyn_payload
11f032cc   flag_CalcHandCmd
11f032d0   flag_debug
11f032d4   flag_pv
11f032d8   flag_delay
11f032dc   flag_Vdc_setted
11f032e0   flag_FBgain
11f032e4   flag_PPgain
11f032e8   flag_FF
11f032ec   flag_SOB
11f032f0   counter_2
11f032f4   WAVE_LoopCount
11f032f8   flag_FF_triple
11f032fc   flag_cmd_end
11f03300   flag_FRA_Axis
11f03304   flag_FRA_test_start
11f03308   flag_FRA_test_end
11f0330c   flag_tuneNo
11f03310   WAVE_Timer0
11f03314   WAVE_Timer1
11f03318   WAVE_Timer2
11f0331c   WAVE_Joint1
11f03320   WAVE_Joint2
11f03324   WAVE_Joint3
11f03328   WAVE_HandX
11f0332c   WAVE_HandY
11f03330   WAVE_HandZ
11f03334   WAVE_fx
11f03338   WAVE_fy
11f0333c   WAVE_fz
11f03340   WAVE_vx
11f03344   WAVE_vy
11f03348   WAVE_vz
11f0334c   WAVE_state
11f03350   WAVE_check
11f03354   flag_reposition
11f03358   flag_first_go
11f0335c   flag_first_back
11f03360   flag_hard
11f03364   flag_CircleStart1
11f03368   flag_CircleStart2
11f0336c   flag_CircleStart3
11f03370   flag_end1
11f03374   flag_end2
11f03378   flag_end3
11f0337c   flag_on
11f03380   start_go1
11f03384   start_go2
11f03388   start_go3
11f0338c   start_back1
11f03390   start_back2
11f03394   start_back3
11f03398   Ref_Iq_ref_direct
11f0339c   Ref_Iq_ref_direct1
11f033a0   Ref_Iq_ref_direct2
11f033a4   Ref_Iq_ref_direct3
11f033a8   Ref_wM_direct
11f033ac   Iq_off
11f033b0   Flag_ARCS_start
11f033b4   Flag_ARCS_clear
11f033b8   speed_hand
11f033bc   ref_wm_direct
11f033c0   debug_theta
11f033c4   WAVE_IresU1
11f033c8   WAVE_IresU2
11f033cc   WAVE_IresU3
11f033d0   WAVE_IresV1
11f033d4   WAVE_IresV2
11f033d8   WAVE_IresV3
11f033dc   WAVE_IresW1
11f033e0   WAVE_IresW2
11f033e4   WAVE_IresW3
11f033e8   WAVE_ACC_LW8079
11f033ec   WAVE_ACC_LW8174
11f033f0   WAVE_ACC_LW8174_axis
11f033f4   WAVE_Fz
11f033f8   WAVE_WSX
11f033fc   WAVE_WSY
11f03400   WAVE_WSZ
11f03404   WAVE_U_modulation
11f03408   WAVE_V_modulation
11f0340c   WAVE_W_modulation
11f03410   ref_Iq_direct1
11f03414   ref_Iq_direct2
11f03418   ref_Iq_direct3
11f0341c   Wave_FRAFreq
11f03420   Wave_FRATime
11f03424   WAVE_Enc_error
11f03428   WAVE_ofst_Iu
11f0342c   WAVE_ofst_Iv
11f03430   WAVE_ofst_Iw
11f03434   WAVE_Vdc_ofst
11f03438   flag_fin
11f0343c   Wr_Throth_check
11f036e8   tmr1regs
11f036ec   tmr2regs
11f036f0   tmr3regs
11f036f4   mw_gp__CSL_intcCpuIntrTable
11f036f8   mw_platform_errno
11f036fc   WAVE_MRU1
11f03700   WAVE_MRV1
11f03704   WAVE_MRW1
11f03708   WAVE_MRU2
11f0370c   WAVE_MRV2
11f03710   WAVE_MRW2
11f03714   WAVE_MRU3
11f03718   WAVE_MRV3
11f0371c   WAVE_MRW3
11f03720   WAVE_MRBR1
11f03724   WAVE_MRBR2
11f03728   WAVE_MRBR3
11f0372c   WAVE_tauLdyn1
11f03730   WAVE_tauLdyn2
11f03734   WAVE_tauLdyn3
11f03738   WAVE_tauLwoG1
11f0373c   WAVE_tauLwoG2
11f03740   WAVE_tauLwoG3
11f03744   WAVE_Jl_calc1
11f03748   WAVE_Jl_calc2
11f0374c   WAVE_Jl_calc3
11f03750   WAVE_Jl_Wr1
11f03754   WAVE_Jl_Wr2
11f03758   WAVE_Jl_Wr3
11f0375c   WAVE_IresD1
11f03760   WAVE_IresD2
11f03764   WAVE_IresD3
11f03768   WAVE_IresQ1
11f0376c   WAVE_IresQ2
11f03770   WAVE_IresQ3
11f03774   WAVE_Vdc1
11f03778   WAVE_Vdc2
11f0377c   WAVE_Vdc3
11f03780   WAVE_Idc1
11f03784   WAVE_Idc2
11f03788   WAVE_Idc3
11f0378c   WAVE_ENC_temp1
11f03790   WAVE_ENC_temp2
11f03794   WAVE_ENC_temp3
11f03798   WAVE_ENC1
11f0379c   WAVE_ENC2
11f037a0   WAVE_ENC3
11f037a4   WAVE_theta_rm1
11f037a8   WAVE_theta_rm2
11f037ac   WAVE_theta_rm3
11f037b0   WAVE_theta_rm_ref1
11f037b4   WAVE_theta_rm_ref2
11f037b8   WAVE_theta_rm_ref3
11f037bc   WAVE_theta_rm_full1
11f037c0   WAVE_theta_rm_full2
11f037c4   WAVE_theta_rm_full3
11f037c8   WAVE_theta_re1
11f037cc   WAVE_theta_re2
11f037d0   WAVE_theta_re3
11f037d4   WAVE_TRG_WM1
11f037d8   WAVE_TRG_WM2
11f037dc   WAVE_TRG_WM3
11f037e0   WAVE_wm1
11f037e4   WAVE_wm2
11f037e8   WAVE_wm3
11f037ec   WAVE_wm_ref_org
11f037f0   WAVE_wm_ref1
11f037f4   WAVE_wm_ref2
11f037f8   WAVE_wm_ref3
11f037fc   WAVE_wm_cmd1
11f03800   WAVE_wm_cmd2
11f03804   WAVE_wm_cmd3
11f03808   WAVE_qm1
11f0380c   WAVE_qm2
11f03810   WAVE_qm3
11f03814   WAVE_qm_ref1
11f03818   WAVE_qm_ref2
11f0381c   WAVE_qm_ref3
11f03820   WAVE_ql1
11f03824   WAVE_ql2
11f03828   WAVE_ql3
11f0382c   WAVE_Iq1
11f03830   WAVE_Iq2
11f03834   WAVE_Iq3
11f03838   WAVE_Ipi1
11f0383c   WAVE_Ipi2
11f03840   WAVE_Ipi3
11f03844   WAVE_Isfb1
11f03848   WAVE_Isfb2
11f0384c   WAVE_Isfb3
11f03850   WAVE_VrefU1
11f03854   WAVE_VrefV1
11f03858   WAVE_VrefW1
11f0385c   WAVE_VrefU2
11f03860   WAVE_VrefV2
11f03864   WAVE_VrefW2
11f03868   WAVE_VrefU3
11f0386c   WAVE_VrefV3
11f03870   WAVE_VrefW3
11f03874   WAVE_vu_ref_stand1
11f03878   WAVE_vv_ref_stand1
11f0387c   WAVE_vw_ref_stand1
11f03880   WAVE_vu_ref_stand2
11f03884   WAVE_vv_ref_stand2
11f03888   WAVE_vw_ref_stand2
11f0388c   WAVE_vu_ref_stand3
11f03890   WAVE_vv_ref_stand3
11f03894   WAVE_vw_ref_stand3
11f03898   WAVE_IrefD1
11f0389c   WAVE_IrefD2
11f038a0   WAVE_IrefD3
11f038a4   WAVE_IrefQ1
11f038a8   WAVE_IrefQ2
11f038ac   WAVE_IrefQ3
11f038b0   WAVE_VrefD_dcpl1
11f038b4   WAVE_VrefQ_dcpl1
11f038b8   WAVE_VrefD_dcpl2
11f038bc   WAVE_VrefQ_dcpl2
11f038c0   WAVE_VrefD_dcpl3
11f038c4   WAVE_VrefQ_dcpl3
11f038c8   WAVE_VrefD1
11f038cc   WAVE_VrefQ1
11f038d0   WAVE_VrefD2
11f038d4   WAVE_VrefQ2
11f038d8   WAVE_VrefD3
11f038dc   WAVE_VrefQ3
11f038e0   WAVE_vd_lim_dif1
11f038e4   WAVE_vq_lim_dif1
11f038e8   WAVE_vd_lim_dif2
11f038ec   WAVE_vq_lim_dif2
11f038f0   WAVE_vd_lim_dif3
11f038f4   WAVE_vq_lim_dif3
11f038f8   WAVE_omega_rm1
11f038fc   WAVE_omega_rm2
11f03900   WAVE_omega_rm3
11f03904   WAVE_omega_rm1_ref
11f03908   WAVE_omega_rm2_ref
11f0390c   WAVE_omega_rm3_ref
11f03910   WAVE_Tq1
11f03914   WAVE_Tq2
11f03918   WAVE_Tq3
11f0391c   WAVE_Icmp1
11f03920   WAVE_Icmp2
11f03924   WAVE_Icmp3
11f03928   ref_Iq_freq_direct1
11f0392c   ref_Iq_freq_direct2
11f03930   ref_Iq_freq_direct3
11f03934   WAVE_Iff_1
11f03938   WAVE_Iff_2
11f0393c   WAVE_Iff_3
11f03940   WAVE_tauL_dyn_2nd
11f03944   WAVE_VWX
11f03948   WAVE_VWY
11f0394c   WAVE_VWZ
11f03950   ad1
11f03954   ad2
11f03958   ad3
11f0395c   ModRatioU
11f03960   ModRatioV
11f03964   ModRatioW
11f03a5c   EMF_ExtWaitErrInfo_u32s
11f03a60   EMF_ExtWaitErrCnt_u32s
11f03a64   hGpio
ffffffff   __TI_pprof_out_hndl
ffffffff   __TI_prof_data_size
ffffffff   __TI_prof_data_start
ffffffff   __binit__
ffffffff   __c_args__
ffffffff   binit
UNDEFED    __TI_INITARRAY_Base
UNDEFED    __TI_INITARRAY_Limit
UNDEFED    __TI_TLS_INIT_Base
UNDEFED    __TI_TLS_INIT_Limit

[600 symbols]
