******************************************************************************
               TMS320C6x Linker PC v7.4.24                     
******************************************************************************
>> Linked Fri Dec 19 12:36:39 2025

OUTPUT FILE NAME:   <current_control_ver2_new.out>
ENTRY POINT SYMBOL: "_c_int00"  address: 0c03ff20


MEMORY CONFIGURATION

         name            origin    length      used     unused   attr    fill
----------------------  --------  ---------  --------  --------  ----  --------
  IPC_ISR_REG           02620244   00000004  00000000  00000004  RWIX
  DDR3_INIT_CODE        0c000000   00018000  00000000  00018000  RW X
  USER_SRAM_1_4         0c018000   000e8000  0002b70c  000bc8f4  RWIX
  KNL0_SRAM_1_4         10800000   000fff80  00000000  000fff80  RWIX
  KNL0_BOOT_AREA        108fff80   0000007c  00000000  0000007c  RWIX
  KNL0_MAGIC_ADDRESS    108ffffc   00000004  00000000  00000004  RWIX
  CTRL_PARAS            11800000   00000100  00000000  00000100  RWIX
  KNL1_SRAM_1_2         11800100   0003ff00  00000000  0003ff00  RWIX
  CSL_INTC              11840000   00010000  00000000  00010000  RWIX
  USER_MAGIC_ADDRESS    118fff80   00000004  00000000  00000004  R   
  KNL1_BOOT_AREA        118fff84   00000078  00000000  00000078  RWIX
  KNL1_MAGIC_ADDRESS    118ffffc   00000004  00000000  00000004  RWIX
  USER_SRAM_2_4         11e00000   00008000  000033e0  00004c20  RWIX
  USER_SRAM_3_4         11f00000   00008000  00004d40  000032c0  RWIX
  TI_BOOT_ROM           20b00000   00020000  00000000  00020000  RWIX
  KNL0_SRAM_2_4         80000000   000fe000  00000000  000fe000  RWIX
  USER_SRAM_4_4         80100000   01800000  00000000  01800000  RWIX
  KNL0_SRAM_3_4         82000000   0d000000  00000000  0d000000  RWIX
  KNL0_SRAM_4_4         8f000000   01000000  00000000  01000000  RWIX
  KNL1_SRAM_2_2         90000000   10000000  00000000  10000000  RWIX


SEGMENT ALLOCATION MAP

run origin  load origin   length   init length attrs members
----------  ----------- ---------- ----------- ----- -------
0c018000    0c018000    00028660   00028660    r-x
  0c018000    0c018000    00028660   00028660    r-x .text
0c040660    0c040660    00000b2c   00000b2c    rw-
  0c040660    0c040660    00000b2c   00000b2c    rw- .fardata
0c041190    0c041190    00000058   00000000    rw-
  0c041190    0c041190    00000058   00000000    rw- .far
0c041200    0c041200    00000078   00000078    r--
  0c041200    0c041200    00000078   00000078    r-- .const
0c041280    0c041280    00000010   00000010    r--
  0c041280    0c041280    00000010   00000010    r-- .switch
0c041300    0c041300    000024a0   000024a0    r--
  0c041300    0c041300    000024a0   000024a0    r-- .cinit
11e00000    11e00000    000033e0   000033e0    r-x
  11e00000    11e00000    000033e0   000033e0    r-x .text_2
11f00000    11f00000    000022b8   000022b8    rw-
  11f00000    11f00000    000022b8   000022b8    rw- .data_2
11f02300    11f02300    00002358   00001358    rw-
  11f02300    11f02300    00001358   00001358    rw- .DATA_ON_HIGHER_SPEED
  11f03658    11f03658    00001000   00000000    rw- .stack
11f04658    11f04658    00000730   000003f8    rw-
  11f04658    11f04658    000003f8   000003f8    rw- .neardata
  11f04a50    11f04a50    00000338   00000000    rw- .bss


SECTION ALLOCATION MAP

 output                                  attributes/
section   page    origin      length       input sections
--------  ----  ----------  ----------   ----------------
.text      0    0c018000    00028660     
                  0c018000    0001e880     current_control_ver2_new.obj (.text)
                  0c036880    000043a0     current_control_ver2_new.obj (.text:retain)
                  0c03ac20    00000b20     enc.obj (.text)
                  0c03b740    00000700     rts6600_elf.lib : pow.obj (.text:pow)
                  0c03be40    000006c0     mwio4.lib : mw_i2c_eeprom.obj (.text)
                  0c03c500    000005e0     rts6600_elf.lib : powf.obj (.text:powf)
                  0c03cae0    000005c0                     : divd.obj (.text:__c6xabi_divd)
                  0c03d0a0    000003c0     mwio4.lib : mw_spi.obj (.text)
                  0c03d460    00000360               : mw_flash.obj (.text)
                  0c03d7c0    00000340               : mw_platform.obj (.text)
                  0c03db00    000002c0     rts6600_elf.lib : cos.obj (.text:cos)
                  0c03ddc0    00000280                     : divf.obj (.text:__c6xabi_divf)
                  0c03e040    00000280                     : sin.obj (.text:sin)
                  0c03e2c0    00000240     mwio4.lib : FPGA_LIB.obj (.text)
                  0c03e500    00000200               : IPFPGA_LIB.obj (.text)
                  0c03e700    000001e0     rts6600_elf.lib : acos.obj (.text:acos)
                  0c03e8e0    000001c0                     : atan.obj (.text:atan)
                  0c03eaa0    000001a0                     : expf.obj (.text:expf)
                  0c03ec40    00000180                     : copy_decompress_rle.obj (.text:__TI_decompress_rle_core)
                  0c03edc0    00000180                     : atan2.obj (.text:atan2)
                  0c03ef40    00000180                     : frexp.obj (.text:frexp)
                  0c03f0c0    00000160                     : frexpf.obj (.text:frexpf)
                  0c03f220    00000160                     : ldexp.obj (.text:ldexp)
                  0c03f380    00000160                     : ldexpf.obj (.text:ldexpf)
                  0c03f4e0    00000160                     : sqrt.obj (.text:sqrt)
                  0c03f640    00000100                     : autoinit.obj (.text:_auto_init_elf)
                  0c03f740    00000100                     : cpy_tbl.obj (.text:copy_in)
                  0c03f840    000000e0                     : divi.obj (.text:__divi)
                  0c03f920    000000e0                     : memset.obj (.text:memset)
                  0c03fa00    000000c0                     : divu.obj (.text:__divu)
                  0c03fac0    000000c0                     : exit.obj (.text:exit)
                  0c03fb80    000000c0                     : tls.obj (.text:tls:init:__TI_tls_init)
                  0c03fc40    000000a0                     : round.obj (.text:__c6xabi_nround)
                  0c03fce0    000000a0                     : memcpy64.obj (.text:memcpy)
                  0c03fd80    000000a0                     : modf.obj (.text:modf)
                  0c03fe20    00000080                     : fixdu.obj (.text:__c6xabi_fixdu)
                  0c03fea0    00000080                     : roundf.obj (.text:__c6xabi_roundf)
                  0c03ff20    00000080                     : boot.obj (.text:_c_int00)
                  0c03ffa0    00000080     mwio4.lib : PEV_LIB.obj (.text)
                  0c040020    00000080               : mw_i2c.obj (.text)
                  0c0400a0    00000060     rts6600_elf.lib : cpp_init.obj (.text:__TI_cpp_init)
                  0c040100    00000060                     : frcmpyd_div.obj (.text:__c6xabi_frcmpyd_div)
                  0c040160    00000060                     : llshift.obj (.text:__c6xabi_llshru)
                  0c0401c0    00000060                     : modff.obj (.text:modff)
                  0c040220    00000040                     : args_main.obj (.text:_args_main)
                  0c040260    00000020     ti.csl.ae66 : csl_gpioGetBaseAddress.oe66 (.text:CSL_GPIO_open)
                  0c040280    00000020     Main.obj (.text)
                  0c0402a0    00000020     rts6600_elf.lib : errno.obj (.text:__c6xabi_errno_addr)
                  0c0402c0    00000020                     : trunc.obj (.text:__c6xabi_trunc)
                  0c0402e0    00000020                     : truncf.obj (.text:__c6xabi_truncf)
                  0c040300    00000020                     : exit.obj (.text:abort)
                  0c040320    00000020                     : copy_decompress_none.obj (.text:decompress:none:__TI_decompress_none)
                  0c040340    00000020                     : copy_decompress_rle.obj (.text:decompress:rle24:__TI_decompress_rle24)
                  0c040360    00000010     mwio4.lib : EMIF16.obj ($Tramp$S$$EMF_EnableIntr_s32)
                  0c040370    00000010               : gpio_int.obj ($Tramp$S$$GPI_init_vo)
                  0c040380    00000010               : mwintc.obj ($Tramp$S$$mwintc_setupApp)
                  0c040390    00000010               : PEV_INV_LIB.obj ($Tramp$S$$PEV_ad_set_offset)
                  0c0403a0    00000010               : EMIF16.obj ($Tramp$S$$EMF_Read_s32)
                  0c0403b0    00000010               : EMIF16.obj ($Tramp$S$$EMF_ReadFpgaBoard_s32)
                  0c0403c0    00000010               : EMIF16.obj ($Tramp$S$$EMF_Write2_s32)
                  0c0403d0    00000010               : gpio_int.obj ($Tramp$S$$GPI_int_ack_vo)
                  0c0403e0    00000010               : timer_lib.obj ($Tramp$S$$C6657_timer2_read)
                  0c0403f0    00000010               : timer_lib.obj ($Tramp$S$$C6657_timer1_read)
                  0c040400    00000010               : timer_lib.obj ($Tramp$S$$C6657_timer1_start)
                  0c040410    00000010               : timer_lib.obj ($Tramp$S$$C6657_timer1_clear)
                  0c040420    00000010               : timer_lib.obj ($Tramp$S$$C6657_timer0_read)
                  0c040430    00000010               : timer_lib.obj ($Tramp$S$$C6657_timer0_start)
                  0c040440    00000010               : timer_lib.obj ($Tramp$S$$C6657_timer0_clear)
                  0c040450    00000010               : timer_lib.obj ($Tramp$S$$C6657_timer1_stop)
                  0c040460    00000010               : timer_lib.obj ($Tramp$S$$C6657_timer0_stop)
                  0c040470    00000010               : timer_lib.obj ($Tramp$S$$C6657_timer2_start)
                  0c040480    00000010               : timer_lib.obj ($Tramp$S$$C6657_timer2_clear)
                  0c040490    00000010               : timer_lib.obj ($Tramp$S$$C6657_timer2_stop)
                  0c0404a0    00000010               : PEV_INV_LIB.obj ($Tramp$S$$PEV_inverter_start_pwm)
                  0c0404b0    00000010               : timer_lib.obj ($Tramp$S$$C6657_timer2_disable_int)
                  0c0404c0    00000010               : timer_lib.obj ($Tramp$S$$C6657_timer1_disable_int)
                  0c0404d0    00000010               : timer_lib.obj ($Tramp$S$$C6657_timer0_disable_int)
                  0c0404e0    00000010               : PEV_INV_LIB.obj ($Tramp$S$$PEV_ad_disable_int)
                  0c0404f0    00000010               : mwintc.obj ($Tramp$S$$IRQ_globalEnable)
                  0c040500    00000010               : timer_lib.obj ($Tramp$S$$C6657_timer2_init)
                  0c040510    00000010               : timer_lib.obj ($Tramp$S$$C6657_timer1_init)
                  0c040520    00000010               : timer_lib.obj ($Tramp$S$$C6657_timer0_init)
                  0c040530    00000010               : PEV_INV_LIB.obj ($Tramp$S$$PEV_inverter_control_break)
                  0c040540    00000010               : PEV_INV_LIB.obj ($Tramp$S$$PEV_inverter_enable_int)
                  0c040550    00000010               : PEV_INV_LIB.obj ($Tramp$S$$PEV_inverter_init_refload_timing)
                  0c040560    00000010               : PEV_INV_LIB.obj ($Tramp$S$$PEV_inverter_init_adtrig_timing)
                  0c040570    00000010               : PEV_INV_LIB.obj ($Tramp$S$$PEV_inverter_set_uvw)
                  0c040580    00000010               : PEV_INV_LIB.obj ($Tramp$S$$PEV_ad_set_mode)
                  0c040590    00000010               : PEV_INV_LIB.obj ($Tramp$S$$PEV_ad_set_range)
                  0c0405a0    00000010               : PEV_INV_LIB.obj ($Tramp$S$$PEV_sync_pwm_out)
                  0c0405b0    00000010               : PEV_INV_LIB.obj ($Tramp$S$$PEV_sync_pwm_init)
                  0c0405c0    00000010               : PEV_INV_LIB.obj ($Tramp$S$$PEV_sync_ad_out)
                  0c0405d0    00000010               : PEV_INV_LIB.obj ($Tramp$S$$PEV_sync_ad_init)
                  0c0405e0    00000010               : PEV_INV_LIB.obj ($Tramp$S$$PEV_inverter_init)
                  0c0405f0    00000010               : gpio_int.obj ($Tramp$S$$GPI_enable_int_vo)
                  0c040600    00000010               : gpio_int.obj ($Tramp$S$$GPI_setVector_vo)
                  0c040610    00000010               : PEV_INV_LIB.obj ($Tramp$S$$PEV_int_init)
                  0c040620    00000010               : mwintc.obj ($Tramp$S$$IRQ_globalDisable)
                  0c040630    00000010               : PEV_INV_LIB.obj ($Tramp$S$$PEV_ad_in_grp)
                  0c040640    00000010               : PEV_INV_LIB.obj ($Tramp$S$$PEV_ad_in_st)
                  0c040650    00000010               : PEV_INV_LIB.obj ($Tramp$S$$PEV_inverter_set_uvw_br)

.fardata   0    0c040660    00000b2c     
                  0c040660    00000120     current_control_ver2_new.obj (.fardata:sen)
                  0c040780    000000a8     mwio4.lib : mw_platform.obj (.fardata)
                  0c040828    00000088     rts6600_elf.lib : pow.obj (.fardata:A1$1)
                  0c0408b0    00000084     current_control_ver2_new.obj (.fardata:LPF_cmd)
                  0c040934    00000004     rts6600_elf.lib : errno.obj (.fardata)
                  0c040938    00000084     current_control_ver2_new.obj (.fardata:LPF_motor)
                  0c0409bc    00000004     --HOLE--
                  0c0409c0    00000060     rts6600_elf.lib : acos.obj (.fardata:asin_consts$1)
                  0c040a20    00000048     current_control_ver2_new.obj (.fardata:d_current)
                  0c040a68    00000048     current_control_ver2_new.obj (.fardata:position)
                  0c040ab0    00000048     current_control_ver2_new.obj (.fardata:q_current)
                  0c040af8    00000048     current_control_ver2_new.obj (.fardata:velocity)
                  0c040b40    00000044     rts6600_elf.lib : powf.obj (.fardata:A1$1)
                  0c040b84    00000004     --HOLE--
                  0c040b88    00000040                     : pow.obj (.fardata:A2$2)
                  0c040bc8    00000040                     : cos.obj (.fardata:R$1)
                  0c040c08    00000040                     : sin.obj (.fardata:R$1)
                  0c040c48    00000040                     : atan.obj (.fardata:arctan_consts$1)
                  0c040c88    00000038                     : pow.obj (.fardata:Q$4)
                  0c040cc0    00000024     current_control_ver2_new.obj (.fardata:J$119)
                  0c040ce4    00000004     --HOLE--
                  0c040ce8    00000020     rts6600_elf.lib : atan.obj (.fardata:A$2)
                  0c040d08    00000020                     : powf.obj (.fardata:A2$2)
                  0c040d28    00000020                     : pow.obj (.fardata:P$3)
                  0c040d48    00000020     current_control_ver2_new.obj (.fardata:range)
                  0c040d68    0000001c     rts6600_elf.lib : expf.obj (.fardata:exp_consts$1)
                  0c040d84    00000004     --HOLE--
                  0c040d88    0000000c                     : powf.obj (.fardata:Q$4)
                  0c040d94    00000004     --HOLE--
                  0c040d98    0000000c     current_control_ver2_new.obj (.fardata:Vdc_mean$200)
                  0c040da4    00000004     --HOLE--
                  0c040da8    0000000c     current_control_ver2_new.obj (.fardata:Vdc_sum$199)
                  0c040db4    00000004     --HOLE--
                  0c040db8    0000000c     current_control_ver2_new.obj (.fardata:counter$198)
                  0c040dc4    00000004     --HOLE--
                  0c040dc8    0000000c     current_control_ver2_new.obj (.fardata:est_Qs_Z$27)
                  0c040dd4    00000004     --HOLE--
                  0c040dd8    0000000c     current_control_ver2_new.obj (.fardata:est_Qs_Z1$24)
                  0c040de4    00000004     --HOLE--
                  0c040de8    0000000c     current_control_ver2_new.obj (.fardata:est_wL_Z$28)
                  0c040df4    00000004     --HOLE--
                  0c040df8    0000000c     current_control_ver2_new.obj (.fardata:est_wL_Z1$25)
                  0c040e04    00000004     --HOLE--
                  0c040e08    0000000c     current_control_ver2_new.obj (.fardata:est_wM_Z$26)
                  0c040e14    00000004     --HOLE--
                  0c040e18    0000000c     current_control_ver2_new.obj (.fardata:est_wM_Z1$23)
                  0c040e24    00000004     --HOLE--
                  0c040e28    0000000c     current_control_ver2_new.obj (.fardata:goalZ$66)
                  0c040e34    00000004     --HOLE--
                  0c040e38    0000000c     current_control_ver2_new.obj (.fardata:goalZ$78)
                  0c040e44    00000004     --HOLE--
                  0c040e48    0000000c     current_control_ver2_new.obj (.fardata:goalZ$87)
                  0c040e54    00000004     --HOLE--
                  0c040e58    0000000c     current_control_ver2_new.obj (.fardata:hand_cmd$3)
                  0c040e64    00000004     --HOLE--
                  0c040e68    0000000c     current_control_ver2_new.obj (.fardata:hand_vel$4)
                  0c040e74    00000004     --HOLE--
                  0c040e78    0000000c     current_control_ver2_new.obj (.fardata:joint_cmd$5)
                  0c040e84    00000004     --HOLE--
                  0c040e88    0000000c     current_control_ver2_new.obj (.fardata:loop_count_num$170)
                  0c040e94    00000004     --HOLE--
                  0c040e98    0000000c     current_control_ver2_new.obj (.fardata:m_Z$190)
                  0c040ea4    00000004     --HOLE--
                  0c040ea8    0000000c     current_control_ver2_new.obj (.fardata:m_Z1$197)
                  0c040eb4    00000004     --HOLE--
                  0c040eb8    0000000c     current_control_ver2_new.obj (.fardata:motor_cmd$6)
                  0c040ec4    00000004     --HOLE--
                  0c040ec8    0000000c     current_control_ver2_new.obj (.fardata:motor_cmd_init$8)
                  0c040ed4    00000004     --HOLE--
                  0c040ed8    0000000c     current_control_ver2_new.obj (.fardata:motor_vel_cmd$7)
                  0c040ee4    00000004     --HOLE--
                  0c040ee8    0000000c     current_control_ver2_new.obj (.fardata:n_Z$189)
                  0c040ef4    00000004     --HOLE--
                  0c040ef8    0000000c     current_control_ver2_new.obj (.fardata:n_Z1$196)
                  0c040f04    00000004     --HOLE--
                  0c040f08    0000000c     current_control_ver2_new.obj (.fardata:p1$118)
                  0c040f14    00000004     --HOLE--
                  0c040f18    0000000c     current_control_ver2_new.obj (.fardata:ql_Z$176)
                  0c040f24    00000004     --HOLE--
                  0c040f28    0000000c     current_control_ver2_new.obj (.fardata:ql_Z$188)
                  0c040f34    00000004     --HOLE--
                  0c040f38    0000000c     current_control_ver2_new.obj (.fardata:ql_Z1$182)
                  0c040f44    00000004     --HOLE--
                  0c040f48    0000000c     current_control_ver2_new.obj (.fardata:ql_Z1$195)
                  0c040f54    00000004     --HOLE--
                  0c040f58    0000000c     current_control_ver2_new.obj (.fardata:qm_Z$173)
                  0c040f64    00000004     --HOLE--
                  0c040f68    0000000c     current_control_ver2_new.obj (.fardata:qm_Z$185)
                  0c040f74    00000004     --HOLE--
                  0c040f78    0000000c     current_control_ver2_new.obj (.fardata:qm_Z1$179)
                  0c040f84    00000004     --HOLE--
                  0c040f88    0000000c     current_control_ver2_new.obj (.fardata:qm_Z1$192)
                  0c040f94    00000004     --HOLE--
                  0c040f98    0000000c     current_control_ver2_new.obj (.fardata:qm_prev$169)
                  0c040fa4    00000004     --HOLE--
                  0c040fa8    0000000c     current_control_ver2_new.obj (.fardata:qs_Z$174)
                  0c040fb4    00000004     --HOLE--
                  0c040fb8    0000000c     current_control_ver2_new.obj (.fardata:qs_Z$186)
                  0c040fc4    00000004     --HOLE--
                  0c040fc8    0000000c     current_control_ver2_new.obj (.fardata:qs_Z$30)
                  0c040fd4    00000004     --HOLE--
                  0c040fd8    0000000c     current_control_ver2_new.obj (.fardata:qs_Z$36)
                  0c040fe4    00000004     --HOLE--
                  0c040fe8    0000000c     current_control_ver2_new.obj (.fardata:qs_Z1$180)
                  0c040ff4    00000004     --HOLE--
                  0c040ff8    0000000c     current_control_ver2_new.obj (.fardata:qs_Z1$193)
                  0c041004    00000004     --HOLE--
                  0c041008    0000000c     current_control_ver2_new.obj (.fardata:qs_Z1$33)
                  0c041014    00000004     --HOLE--
                  0c041018    0000000c     current_control_ver2_new.obj (.fardata:qs_Z1$39)
                  0c041024    0000000c     rts6600_elf.lib : exit.obj (.fardata)
                  0c041030    0000000c     current_control_ver2_new.obj (.fardata:sign_invers$171)
                  0c04103c    00000004     --HOLE--
                  0c041040    0000000c     current_control_ver2_new.obj (.fardata:start_hand)
                  0c04104c    00000004     --HOLE--
                  0c041050    0000000c     current_control_ver2_new.obj (.fardata:wl_Z$175)
                  0c04105c    00000004     --HOLE--
                  0c041060    0000000c     current_control_ver2_new.obj (.fardata:wl_Z$187)
                  0c04106c    00000004     --HOLE--
                  0c041070    0000000c     current_control_ver2_new.obj (.fardata:wl_Z$31)
                  0c04107c    00000004     --HOLE--
                  0c041080    0000000c     current_control_ver2_new.obj (.fardata:wl_Z$37)
                  0c04108c    00000004     --HOLE--
                  0c041090    0000000c     current_control_ver2_new.obj (.fardata:wl_Z1$181)
                  0c04109c    00000004     --HOLE--
                  0c0410a0    0000000c     current_control_ver2_new.obj (.fardata:wl_Z1$194)
                  0c0410ac    00000004     --HOLE--
                  0c0410b0    0000000c     current_control_ver2_new.obj (.fardata:wl_Z1$34)
                  0c0410bc    00000004     --HOLE--
                  0c0410c0    0000000c     current_control_ver2_new.obj (.fardata:wl_Z1$40)
                  0c0410cc    00000004     --HOLE--
                  0c0410d0    0000000c     current_control_ver2_new.obj (.fardata:wm_Z$172)
                  0c0410dc    00000004     --HOLE--
                  0c0410e0    0000000c     current_control_ver2_new.obj (.fardata:wm_Z$184)
                  0c0410ec    00000004     --HOLE--
                  0c0410f0    0000000c     current_control_ver2_new.obj (.fardata:wm_Z$29)
                  0c0410fc    00000004     --HOLE--
                  0c041100    0000000c     current_control_ver2_new.obj (.fardata:wm_Z$35)
                  0c04110c    00000004     --HOLE--
                  0c041110    0000000c     current_control_ver2_new.obj (.fardata:wm_Z1$178)
                  0c04111c    00000004     --HOLE--
                  0c041120    0000000c     current_control_ver2_new.obj (.fardata:wm_Z1$191)
                  0c04112c    00000004     --HOLE--
                  0c041130    0000000c     current_control_ver2_new.obj (.fardata:wm_Z1$32)
                  0c04113c    00000004     --HOLE--
                  0c041140    0000000c     current_control_ver2_new.obj (.fardata:wm_Z1$38)
                  0c04114c    00000004     --HOLE--
                  0c041150    0000000c     current_control_ver2_new.obj (.fardata:wm_prev$168)
                  0c04115c    00000004     --HOLE--
                  0c041160    0000000c     current_control_ver2_new.obj (.fardata:z_Z$177)
                  0c04116c    00000004     --HOLE--
                  0c041170    0000000c     current_control_ver2_new.obj (.fardata:z_Z1$183)
                  0c04117c    00000004     --HOLE--
                  0c041180    00000008     current_control_ver2_new.obj (.fardata:loop_count_num$202)
                  0c041188    00000004     rts6600_elf.lib : powf.obj (.fardata:P$3)

.far       0    0c041190    00000058     UNINITIALIZED
                  0c041190    0000004c     current_control_ver2_new.obj (.far)
                  0c0411dc    0000000c     mwio4.lib : EMIF16.obj (.far)

.const     0    0c041200    00000078     
                  0c041200    00000020     current_control_ver2_new.obj (.const:$P$T1$19)
                  0c041220    00000020     current_control_ver2_new.obj (.const:$P$T2$20)
                  0c041240    0000000c     current_control_ver2_new.obj (.const:$P$T0$18)
                  0c04124c    00000004     --HOLE-- [fill = 0]
                  0c041250    0000000c     current_control_ver2_new.obj (.const:$P$T3$201)
                  0c04125c    00000004     --HOLE-- [fill = 0]
                  0c041260    00000008     current_control_ver2_new.obj (.const:cmd_1_soft)
                  0c041268    00000008     current_control_ver2_new.obj (.const:cmd_2_soft)
                  0c041270    00000008     current_control_ver2_new.obj (.const:cmd_3_soft)

.switch    0    0c041280    00000010     
                  0c041280    00000010     mwio4.lib : mw_flash.obj (.switch:mw_nor_erase)

.cinit     0    0c041300    000024a0     
                  0c041300    00002069     (.cinit..data_2.load) [load image, compression = rle]
                  0c043369    00000003     --HOLE-- [fill = 0]
                  0c04336c    00000393     (.cinit..fardata.load) [load image, compression = rle]
                  0c0436ff    00000001     --HOLE-- [fill = 0]
                  0c043700    00000058     (.cinit..neardata.load) [load image, compression = rle]
                  0c043758    0000001a     (.cinit..DATA_ON_HIGHER_SPEED.load) [load image, compression = rle]
                  0c043772    00000002     --HOLE-- [fill = 0]
                  0c043774    00000008     (__TI_handler_table)
                  0c04377c    00000004     --HOLE-- [fill = 0]
                  0c043780    00000020     (__TI_cinit_table)

.text_2    0    11e00000    000033e0     
                  11e00000    00001960     mwio4.lib : PEV_INV_LIB.obj (.text)
                  11e01960    00000640               : timer_lib.obj (.text)
                  11e01fa0    00000620               : EMIF16.obj (.text)
                  11e025c0    00000440               : mwintc.obj (.text)
                  11e02a00    00000320               : csl2_intcHwControl.obj (.text:csl_section:intc)
                  11e02d20    000001e0               : EMIF16.obj (.text:retain)
                  11e02f00    000001a0               : gpio_int.obj (.text)
                  11e030a0    00000180               : csl2_intcOpen.obj (.text:csl_section:intc)
                  11e03220    00000140               : _csl2_intcIntrEnDisRes_eabi.obj (.text)
                  11e03360    00000020               : _csl2_intcDispatcher.obj (.text:csl_section:intc)
                  11e03380    00000020               : _csl2_intcDispatcher.obj (.text:csl_section:intc:retain)
                  11e033a0    00000010     ti.csl.ae66 : csl_gpioGetBaseAddress.oe66 ($Tramp$S$$CSL_GPIO_open)
                  11e033b0    00000010     rts6600_elf.lib : fixdu.obj ($Tramp$S$$__c6xabi_fixdu)
                  11e033c0    00000010                     : divd.obj ($Tramp$S$$__c6xabi_divd)
                  11e033d0    00000010                     : divi.obj ($Tramp$S$$__c6xabi_divi)

.data_2    0    11f00000    000022b8     
                  11f00000    00000170     mwio4.lib : PEV_INV_LIB.obj (.far) [fill = 0]
                  11f00170    000000c0               : gpio_int.obj (.far) [fill = 0]
                  11f00230    00000024               : timer_lib.obj (.far) [fill = 0]
                  11f00254    00000018               : csl2_intcHwControl.obj (.switch:CSL2_intcHwControl)
                  11f0026c    00000004     --HOLE--
                  11f00270    00000040               : gpio_int.obj (.fardata:gpio_int_map)
                  11f002b0    00002008               : _mwsintbl.obj (.const:_mwSinTbl)

.DATA_ON_HIGHER_SPEED 
*          0    11f02300    00001358     
                  11f02300    00001340     current_control_ver2_new.obj (.DATA_ON_HIGHER_SPEED:init)
                  11f03640    00000018     current_control_ver2_new.obj (.DATA_ON_HIGHER_SPEED:uninit) [fill = 0]

.stack     0    11f03658    00001000     UNINITIALIZED
                  11f03658    00000008     rts6600_elf.lib : boot.obj (.stack)
                  11f03660    00000ff8     --HOLE--

.neardata 
*          0    11f04658    000003f8     
                  11f04658    000003e4     current_control_ver2_new.obj (.neardata)
                  11f04a3c    0000000c     mwio4.lib : timer_lib.obj (.neardata)
                  11f04a48    00000004               : csl2_intcOpen.obj (.neardata)
                  11f04a4c    00000004               : mw_platform.obj (.neardata)

.bss       0    11f04a50    00000338     UNINITIALIZED
                  11f04a50    00000328     current_control_ver2_new.obj (.bss)
                  11f04d78    00000008     mwio4.lib : EMIF16.obj (.bss)
                  11f04d80    00000004               : gpio_int.obj (.bss)
                  11f04d84    00000004               : mw_spi.obj (.bss)


LINKER GENERATED COPY TABLES

__TI_cinit_table @ 0c043780 records: 4, size/record: 8, table size: 32
	.data_2: load addr=0c041300, load size=00002069 bytes, run addr=11f00000, run size=000022b8 bytes, compression=rle
	.fardata: load addr=0c04336c, load size=00000393 bytes, run addr=0c040660, run size=00000b2c bytes, compression=rle
	.neardata: load addr=0c043700, load size=00000058 bytes, run addr=11f04658, run size=000003f8 bytes, compression=rle
	.DATA_ON_HIGHER_SPEED: load addr=0c043758, load size=0000001a bytes, run addr=11f02300, run size=00001358 bytes, compression=rle


LINKER GENERATED HANDLER TABLE

__TI_handler_table @ 0c043774 records: 2, size/record: 4, table size: 8
	index: 0, handler: __TI_decompress_rle24
	index: 1, handler: __TI_decompress_none


FAR CALL TRAMPOLINES

callee name               trampoline name
   callee addr  tramp addr   call addr  call info
--------------  -----------  ---------  ----------------
$.text:mwio4.lib<EMIF16.obj>$0x58c  $Tramp$S$$EMF_EnableIntr_s32
   11e0252c     0c040360     0c04028c   Main.obj (.text)
$.text:mwio4.lib<gpio_int.obj>$0x124  $Tramp$S$$GPI_init_vo
   11e03024     0c040370     0c040288   Main.obj (.text)
$.text:mwio4.lib<mwintc.obj>$0x34  $Tramp$S$$mwintc_setupApp
   11e025f4     0c040380     0c040284   Main.obj (.text)
$.text:mwio4.lib<PEV_INV_LIB.obj>$0xf98  $Tramp$S$$PEV_ad_set_offset
   11e00f98     0c040390     0c03ffc0   mwio4.lib : PEV_LIB.obj (.text)
$.text:mwio4.lib<EMIF16.obj>$0x218  $Tramp$S$$EMF_Read_s32
   11e021b8     0c0403a0     0c03e4d4   mwio4.lib : FPGA_LIB.obj (.text)
                             0c03e6d0             : IPFPGA_LIB.obj (.text)
                             0c03ffe8             : PEV_LIB.obj (.text)
$.text:mwio4.lib<EMIF16.obj>$0x28c  $Tramp$S$$EMF_ReadFpgaBoard_s32
   11e0222c     0c0403b0     0c03e448   mwio4.lib : FPGA_LIB.obj (.text)
                             0c03e4a8             : FPGA_LIB.obj (.text)
                             0c03e634             : IPFPGA_LIB.obj (.text)
                             0c03e6a4             : IPFPGA_LIB.obj (.text)
$.text:mwio4.lib<EMIF16.obj>$0x180  $Tramp$S$$EMF_Write2_s32
   11e02120     0c0403c0     0c03e374   mwio4.lib : FPGA_LIB.obj (.text)
                             0c03e3e4             : FPGA_LIB.obj (.text)
                             0c03e564             : IPFPGA_LIB.obj (.text)
                             0c03e5d0             : IPFPGA_LIB.obj (.text)
$.text:mwio4.lib<gpio_int.obj>$0xd4  $Tramp$S$$GPI_int_ack_vo
   11e02fd4     0c0403d0     0c03ab40   current_control_ver2_new.obj (.text:retain)
$.text:mwio4.lib<timer_lib.obj>$0x178  $Tramp$S$$C6657_timer2_read
   11e01ad8     0c0403e0     0c03ab00   current_control_ver2_new.obj (.text:retain)
$.text:mwio4.lib<timer_lib.obj>$0x340  $Tramp$S$$C6657_timer1_read
   11e01ca0     0c0403f0     0c039038   current_control_ver2_new.obj (.text:retain)
                             0c039cf8   current_control_ver2_new.obj (.text:retain)
$.text:mwio4.lib<timer_lib.obj>$0x320  $Tramp$S$$C6657_timer1_start
   11e01c80     0c040400     0c0372fc   current_control_ver2_new.obj (.text:retain)
$.text:mwio4.lib<timer_lib.obj>$0x48c  $Tramp$S$$C6657_timer1_clear
   11e01dec     0c040410     0c0372f8   current_control_ver2_new.obj (.text:retain)
$.text:mwio4.lib<timer_lib.obj>$0x4e0  $Tramp$S$$C6657_timer0_read
   11e01e40     0c040420     0c0372a0   current_control_ver2_new.obj (.text:retain)
$.text:mwio4.lib<timer_lib.obj>$0x4c0  $Tramp$S$$C6657_timer0_start
   11e01e20     0c040430     0c037118   current_control_ver2_new.obj (.text:retain)
$.text:mwio4.lib<timer_lib.obj>$0x62c  $Tramp$S$$C6657_timer0_clear
   11e01f8c     0c040440     0c037114   current_control_ver2_new.obj (.text:retain)
$.text:mwio4.lib<timer_lib.obj>$0x308  $Tramp$S$$C6657_timer1_stop
   11e01c68     0c040450     0c037100   current_control_ver2_new.obj (.text:retain)
$.text:mwio4.lib<timer_lib.obj>$0x4a8  $Tramp$S$$C6657_timer0_stop
   11e01e08     0c040460     0c0370e8   current_control_ver2_new.obj (.text:retain)
$.text:mwio4.lib<timer_lib.obj>$0x154  $Tramp$S$$C6657_timer2_start
   11e01ab4     0c040470     0c036938   current_control_ver2_new.obj (.text:retain)
$.text:mwio4.lib<timer_lib.obj>$0x2ec  $Tramp$S$$C6657_timer2_clear
   11e01c4c     0c040480     0c036934   current_control_ver2_new.obj (.text:retain)
$.text:mwio4.lib<timer_lib.obj>$0x140  $Tramp$S$$C6657_timer2_stop
   11e01aa0     0c040490     0c03692c   current_control_ver2_new.obj (.text:retain)
$.text:mwio4.lib<PEV_INV_LIB.obj>$0x394  $Tramp$S$$PEV_inverter_start_pwm
   11e00394     0c0404a0     0c025a20   current_control_ver2_new.obj (.text)
                             0c025a28   current_control_ver2_new.obj (.text)
                             0c025a2c   current_control_ver2_new.obj (.text)
$.text:mwio4.lib<timer_lib.obj>$0x298  $Tramp$S$$C6657_timer2_disable_int
   11e01bf8     0c0404b0     0c025a10   current_control_ver2_new.obj (.text)
$.text:mwio4.lib<timer_lib.obj>$0x438  $Tramp$S$$C6657_timer1_disable_int
   11e01d98     0c0404c0     0c025a0c   current_control_ver2_new.obj (.text)
$.text:mwio4.lib<timer_lib.obj>$0x5d8  $Tramp$S$$C6657_timer0_disable_int
   11e01f38     0c0404d0     0c025a08   current_control_ver2_new.obj (.text)
$.text:mwio4.lib<PEV_INV_LIB.obj>$0x1460  $Tramp$S$$PEV_ad_disable_int
   11e01460     0c0404e0     0c0259f0   current_control_ver2_new.obj (.text)
                             0c0259f8   current_control_ver2_new.obj (.text)
                             0c025a00   current_control_ver2_new.obj (.text)
$.text:mwio4.lib<mwintc.obj>$0x3f0  $Tramp$S$$IRQ_globalEnable
   11e029b0     0c0404f0     0c0259ec   current_control_ver2_new.obj (.text)
$.text:mwio4.lib<timer_lib.obj>$0x1d0  $Tramp$S$$C6657_timer2_init
   11e01b30     0c040500     0c0259e4   current_control_ver2_new.obj (.text)
$.text:mwio4.lib<timer_lib.obj>$0x370  $Tramp$S$$C6657_timer1_init
   11e01cd0     0c040510     0c0259d8   current_control_ver2_new.obj (.text)
$.text:mwio4.lib<timer_lib.obj>$0x510  $Tramp$S$$C6657_timer0_init
   11e01e70     0c040520     0c0259cc   current_control_ver2_new.obj (.text)
$.text:mwio4.lib<PEV_INV_LIB.obj>$0xda8  $Tramp$S$$PEV_inverter_control_break
   11e00da8     0c040530     0c0259ac   current_control_ver2_new.obj (.text)
                             0c0259b4   current_control_ver2_new.obj (.text)
                             0c0259c0   current_control_ver2_new.obj (.text)
$.text:mwio4.lib<PEV_INV_LIB.obj>$0xcf4  $Tramp$S$$PEV_inverter_enable_int
   11e00cf4     0c040540     0c025994   current_control_ver2_new.obj (.text)
                             0c0259a0   current_control_ver2_new.obj (.text)
                             0c0259a4   current_control_ver2_new.obj (.text)
$.text:mwio4.lib<PEV_INV_LIB.obj>$0x958  $Tramp$S$$PEV_inverter_init_refload_timing
   11e00958     0c040550     0c025978   current_control_ver2_new.obj (.text)
                             0c025988   current_control_ver2_new.obj (.text)
                             0c02598c   current_control_ver2_new.obj (.text)
$.text:mwio4.lib<PEV_INV_LIB.obj>$0xaa8  $Tramp$S$$PEV_inverter_init_adtrig_timing
   11e00aa8     0c040560     0c025954   current_control_ver2_new.obj (.text)
                             0c025968   current_control_ver2_new.obj (.text)
                             0c02596c   current_control_ver2_new.obj (.text)
$.text:mwio4.lib<PEV_INV_LIB.obj>$0x5e8  $Tramp$S$$PEV_inverter_set_uvw
   11e005e8     0c040570     0c025924   current_control_ver2_new.obj (.text)
                             0c025934   current_control_ver2_new.obj (.text)
                             0c025948   current_control_ver2_new.obj (.text)
$.text:mwio4.lib<PEV_INV_LIB.obj>$0xfe0  $Tramp$S$$PEV_ad_set_mode
   11e00fe0     0c040580     0c0258d0   current_control_ver2_new.obj (.text)
                             0c0258e8   current_control_ver2_new.obj (.text)
                             0c0258f8   current_control_ver2_new.obj (.text)
$.text:mwio4.lib<PEV_INV_LIB.obj>$0xf48  $Tramp$S$$PEV_ad_set_range
   11e00f48     0c040590     0c0258cc   current_control_ver2_new.obj (.text)
                             0c0258d8   current_control_ver2_new.obj (.text)
                             0c0258f0   current_control_ver2_new.obj (.text)
$.text:mwio4.lib<PEV_INV_LIB.obj>$0x150  $Tramp$S$$PEV_sync_pwm_out
   11e00150     0c0405a0     0c0258a4   current_control_ver2_new.obj (.text)
                             0c0258b0   current_control_ver2_new.obj (.text)
$.text:mwio4.lib<PEV_INV_LIB.obj>$0x260  $Tramp$S$$PEV_sync_pwm_init
   11e00260     0c0405b0     0c025880   current_control_ver2_new.obj (.text)
                             0c02588c   current_control_ver2_new.obj (.text)
                             0c025894   current_control_ver2_new.obj (.text)
$.text:mwio4.lib<PEV_INV_LIB.obj>$0x2b4  $Tramp$S$$PEV_sync_ad_out
   11e002b4     0c0405c0     0c025874   current_control_ver2_new.obj (.text)
$.text:mwio4.lib<PEV_INV_LIB.obj>$0x30c  $Tramp$S$$PEV_sync_ad_init
   11e0030c     0c0405d0     0c025854   current_control_ver2_new.obj (.text)
                             0c025864   current_control_ver2_new.obj (.text)
                             0c02586c   current_control_ver2_new.obj (.text)
$.text:mwio4.lib<PEV_INV_LIB.obj>$0xb84  $Tramp$S$$PEV_inverter_init
   11e00b84     0c0405e0     0c025828   current_control_ver2_new.obj (.text)
                             0c025838   current_control_ver2_new.obj (.text)
                             0c025848   current_control_ver2_new.obj (.text)
$.text:mwio4.lib<gpio_int.obj>$0x14c  $Tramp$S$$GPI_enable_int_vo
   11e0304c     0c0405f0     0c025808   current_control_ver2_new.obj (.text)
$.text:mwio4.lib<gpio_int.obj>$0x0  $Tramp$S$$GPI_setVector_vo
   11e02f00     0c040600     0c025804   current_control_ver2_new.obj (.text)
$.text:mwio4.lib<PEV_INV_LIB.obj>$0xde0  $Tramp$S$$PEV_int_init
   11e00de0     0c040610     0c0257d8   current_control_ver2_new.obj (.text)
$.text:mwio4.lib<mwintc.obj>$0x410  $Tramp$S$$IRQ_globalDisable
   11e029d0     0c040620     0c025418   current_control_ver2_new.obj (.text)
$.text:mwio4.lib<PEV_INV_LIB.obj>$0x106c  $Tramp$S$$PEV_ad_in_grp
   11e0106c     0c040630     0c01a9ec   current_control_ver2_new.obj (.text)
                             0c01acc0   current_control_ver2_new.obj (.text)
$.text:mwio4.lib<PEV_INV_LIB.obj>$0x1040  $Tramp$S$$PEV_ad_in_st
   11e01040     0c040640     0c01a9b4   current_control_ver2_new.obj (.text)
                             0c01a9d8   current_control_ver2_new.obj (.text)
                             0c01a9e8   current_control_ver2_new.obj (.text)
                             0c01ac78   current_control_ver2_new.obj (.text)
                             0c01acac   current_control_ver2_new.obj (.text)
                             0c01acb8   current_control_ver2_new.obj (.text)
$.text:mwio4.lib<PEV_INV_LIB.obj>$0x3cc  $Tramp$S$$PEV_inverter_set_uvw_br
   11e003cc     0c040650     0c019a20   current_control_ver2_new.obj (.text)
                             0c019a4c   current_control_ver2_new.obj (.text)
                             0c019a6c   current_control_ver2_new.obj (.text)
$.text:CSL_GPIO_open:ti.csl.ae66<csl_gpioGetBaseAddress.oe66>$0x0  $Tramp$S$$CSL_GPIO_open
   0c040260     11e033a0     11e03028   mwio4.lib : gpio_int.obj (.text)
$.text:__c6xabi_fixdu:rts6600_elf.lib<fixdu.obj>$0x0  $Tramp$S$$__c6xabi_fixdu
   0c03fe20     11e033b0     11e01a1c   mwio4.lib : timer_lib.obj (.text)
                             11e01b90             : timer_lib.obj (.text)
                             11e01d30             : timer_lib.obj (.text)
                             11e01ed0             : timer_lib.obj (.text)
$.text:__c6xabi_divd:rts6600_elf.lib<divd.obj>$0x0  $Tramp$S$$__c6xabi_divd
   0c03cae0     11e033c0     11e01a14   mwio4.lib : timer_lib.obj (.text)
                             11e01b88             : timer_lib.obj (.text)
                             11e01d28             : timer_lib.obj (.text)
                             11e01ec8             : timer_lib.obj (.text)
$.text:__divi:rts6600_elf.lib<divi.obj>$0x0  $Tramp$S$$__c6xabi_divi
   0c03f840     11e033d0     11e001f8   mwio4.lib : PEV_INV_LIB.obj (.text)
                             11e00448             : PEV_INV_LIB.obj (.text)
                             11e00470             : PEV_INV_LIB.obj (.text)
                             11e00658             : PEV_INV_LIB.obj (.text)
                             11e00684             : PEV_INV_LIB.obj (.text)
                             11e00a48             : PEV_INV_LIB.obj (.text)
                             11e00b24             : PEV_INV_LIB.obj (.text)
                             11e00bec             : PEV_INV_LIB.obj (.text)

[52 trampolines]
[107 trampoline calls]


GLOBAL SYMBOLS: SORTED ALPHABETICALLY BY Name 

address    name
--------   ----
0c0315ec   BrakeController
0c040300   C$$EXIT
11e01f8c   C6657_timer0_clear
11e01f78   C6657_timer0_clear_eventflag
11e01f38   C6657_timer0_disable_int
11e01ee4   C6657_timer0_enable_int
11e01e70   C6657_timer0_init
11e01e4c   C6657_timer0_init_vector
11e01e40   C6657_timer0_read
11e01e20   C6657_timer0_start
11e01e08   C6657_timer0_stop
11e01df8   C6657_timer0_write
11e01dec   C6657_timer1_clear
11e01de0   C6657_timer1_clear_eventflag
11e01d98   C6657_timer1_disable_int
11e01d44   C6657_timer1_enable_int
11e01cd0   C6657_timer1_init
11e01cac   C6657_timer1_init_vector
11e01ca0   C6657_timer1_read
11e01c80   C6657_timer1_start
11e01c68   C6657_timer1_stop
11e01c58   C6657_timer1_write
11e01c4c   C6657_timer2_clear
11e01c40   C6657_timer2_clear_eventflag
11e01bf8   C6657_timer2_disable_int
11e01ba4   C6657_timer2_enable_int
11e01b30   C6657_timer2_init
11e01ae8   C6657_timer2_init_vector
11e01ad8   C6657_timer2_read
11e01ab4   C6657_timer2_start
11e01aa0   C6657_timer2_stop
11e01a94   C6657_timer2_write
11e01a84   C6657_timer3_hi_clear_eventflag
11e01a2c   C6657_timer3_hi_enable_int
11e019b8   C6657_timer3_hi_init
11e01994   C6657_timer3_hi_init_vector
11e01974   C6657_timer3_hi_start
11e01960   C6657_timer3_hi_stop
11e02a00   CSL2_intcHwControl
11e030b4   CSL2_intcOpen2
11e030a0   CSL2_loadResource
0c040260   CSL_GPIO_open
11e032a8   CSL_intcGlobalEnable
11e03300   CSL_intcGlobalNmiEnable
11e03240   CSL_intcInterruptDisable
11e03220   CSL_intcInterruptEnable
0c01b32c   CalcDynamicsInit
0c0218f4   CalcFDTDTSOBInit
0c034bf8   CalcFDTDWrInit_QmrefInputType
0c01f590   CalcFDTDWrInit_WmcmdInputType
0c033fe8   CalcFDTDWrUpdate_QmrefInputType_1st2nd
0c033a40   CalcFDTDWrUpdate_QmrefInputType_2nd
0c02e368   CalcFDTDWrUpdate_WmcmdInputType_1st2nd
0c02d8c4   CalcFDTDWrUpdate_WmcmdInputType_2nd
0c032700   CalcFDTDWr_QmrefInputType
0c02b710   CalcFDTDWr_WmcmdInputType
0c027f24   CalcGravIcmp
0c030304   CalcHandCmdCircle
0c032104   CalcHandCmdDiamond
0c031bc4   CalcHandCmdRectangle
0c03074c   CalcInverseCmd_vel
0c028054   CalcJl
0c028384   CalcJlWr
0c01a94c   CalcOffset
0c0286b0   CalcPVGain
0c024040   CalcPVGainInitCDM
0c031ad0   CalcPref2axis
0c0318d4   CalcPrefRep2axis
0c0316e0   CalcPrefRep3axis
0c02cf90   CalcTauLDyn
0c031510   CalcVdcMean
0c029ed4   CalcWrGain
0c036880   ControlFunction
0c027e8c   DecouplingControl
11e0252c   EMF_EnableIntr_s32
11e02d20   EMF_ErrIntr_vo
11f04d7c   EMF_ExtWaitErrCnt_u32s
11f04d78   EMF_ExtWaitErrInfo_u32s
11e024cc   EMF_Initialization_s32
11e02414   EMF_Read2_s32
11e023a8   EMF_Read3_s32
11e022e0   EMF_ReadFlashRom_s32
11e0222c   EMF_ReadFpgaBoard_s32
11e021b8   EMF_Read_s32
11e02120   EMF_Write2_s32
11e02018   EMF_WriteFlashRom_s32
11e01fa0   EMF_Write_s32
0c0411dc   EMIF_IntrErr_sts
0c03b688   ENC_batt_alm_en
0c03b5cc   ENC_get_abm
0c03b50c   ENC_get_abs
0c03b480   ENC_get_almc
0c03b3e8   ENC_get_status
0c03b320   ENC_reset_abm
0c03b248   ENC_reset_abs
0c03b180   ENC_reset_err
0c03b0c8   ENC_set_refresh
0c03afe0   ENC_ss_get_abm
0c03aee0   ENC_ss_get_abs
0c03ae2c   ENC_ss_get_start
0c03ad80   ENC_ss_init
0c03accc   ENC_start_abs
0c03ac20   ENC_stop_abs
0c027360   FDTDSOB
0c026540   FDTD_T_SOB
0c0262e0   FDTD_Tm
0c023c94   FDTD_Tm_Init
0c026088   FDTD_Tm_woG
0c03e4d0   FPGA_get_fpga_ver
0c03e484   FPGA_read
0c03e418   FPGA_read_f32
0c03e3a0   FPGA_write
0c03e310   FPGA_write_f32
11f04738   Flag_ARCS_clear
11f04734   Flag_ARCS_start
11e0306c   GPI_disable_int_vo
11e0304c   GPI_enable_int_vo
11e03024   GPI_init_vo
11e02fd4   GPI_int_ack_vo
11e02f00   GPI_setVector_vo
0c025fe0   GeneratorCircle1st
0c025f30   GeneratorCircle2nd
0c025e88   GeneratorCircle3rd
0c025ce8   GetFilterdSignal
0c01ae68   GetMultiPositions
0c025cb4   GetVelocity
0c01ac30   GetVoltAndCurrent
0c03e6cc   IPFPGA_get_fpga_ver
0c03e680   IPFPGA_read
0c03e608   IPFPGA_read_f32
0c03e58c   IPFPGA_write
0c03e500   IPFPGA_write_f32
11e029d0   IRQ_globalDisable
11e029b0   IRQ_globalEnable
11e029a8   IRQ_globalRestore
0c025c94   Integrator_acc_ref
0c025c74   Integrator_acc_ref2
0c025c54   Integrator_acc_ref3
0c025c34   Integrator_w_ref
0c025c14   Integrator_w_ref2
0c025bf4   Integrator_w_ref3
11f04730   Iq_off
0c0408b0   LPF_cmd
0c040938   LPF_motor
0c025a98   LimDiffCalcDQ
0c025a34   LimitPosCmd
0c019744   Limiter
0c025410   MW_main
0c01a718   ManyRampGenerator1stAxis
0c01a4e8   ManyRampGenerator2ndAxis
0c01a2b4   ManyRampGenerator3rdAxis
11f0364c   ModRatioU
11f03650   ModRatioV
11f03654   ModRatioW
11e01914   PEV_abz_clear
11e018e0   PEV_abz_clear_resolver_err
11e018a4   PEV_abz_get_resolver_err
11e01864   PEV_abz_get_resolver_pos
11e01834   PEV_abz_in_pin
11e017e8   PEV_abz_init_maxcount
11e017a4   PEV_abz_read
11e01734   PEV_abz_set_mode
11e016e8   PEV_abz_write
11e01494   PEV_ad_abz_read
11e01460   PEV_ad_disable_int
11e01418   PEV_ad_enable_int
11e012b0   PEV_ad_in_4ch
11e0106c   PEV_ad_in_grp
11e01040   PEV_ad_in_st
11e00fe0   PEV_ad_set_mode
11e00f98   PEV_ad_set_offset
11e00f48   PEV_ad_set_range
11e00f10   PEV_ad_start
0c03ffe4   PEV_get_fpga_ver
0c03ffa0   PEV_init
11e00de0   PEV_int_init
11e00da8   PEV_inverter_control_break
11e00d70   PEV_inverter_control_gate
11e00d38   PEV_inverter_disable_int
11e00cf4   PEV_inverter_enable_int
11e00b84   PEV_inverter_init
11e00aa8   PEV_inverter_init_adtrig_timing
11e009b8   PEV_inverter_init_int_timing
11e00958   PEV_inverter_init_refload_timing
11e008d4   PEV_inverter_set_ab
11e007d4   PEV_inverter_set_ra
11e005e8   PEV_inverter_set_uvw
11e003cc   PEV_inverter_set_uvw_br
11e00394   PEV_inverter_start_pwm
11e00360   PEV_inverter_stop_pwm
11e0030c   PEV_sync_ad_init
11e002b4   PEV_sync_ad_out
11e00260   PEV_sync_pwm_init
11e00150   PEV_sync_pwm_out
11e00100   PEV_sync_z_out
11e000c8   PEV_updown_clear_cnt
11e00078   PEV_updown_init_maxcount
11e00034   PEV_updown_read_cnt
11e00000   PEV_updown_set_mode
0c01a26c   PIcontroller
0c01a228   PIcontroller_withAntiwindup
0c01a218   Pcontroller
11f04728   Ref_Iq_ref_direct
11f0472c   Ref_wM_direct
0c01a214   SetBDN
0c01a210   SetENC_CH
0c019d68   SetGain
0c019ce0   SetLPF
0c019b24   SetRampParams
0c019764   SetVoltReferences
0c019144   StateObserver
11f035f8   Tm_sub
0c018a20   TriangularAccelerationCommandGenerator
0c018060   TriangularAccelerationCommandGeneratorInit
0c01800c   VconPI5Axis
11f0476c   WAVE_ACC_LW8079
11f04770   WAVE_ACC_LW8174
11f04774   WAVE_ACC_LW8174_axis
11f04ae0   WAVE_ENC1
11f04ae4   WAVE_ENC2
11f04ae8   WAVE_ENC3
11f04ad4   WAVE_ENC_temp1
11f04ad8   WAVE_ENC_temp2
11f04adc   WAVE_ENC_temp3
11f02300   WAVE_Enc_error
11f0465c   WAVE_FIL_Y
11f04778   WAVE_Fz
11f046b8   WAVE_HandX
11f046bc   WAVE_HandY
11f046c0   WAVE_HandZ
11f04658   WAVE_INIT_COUNT
11f04c64   WAVE_Icmp1
11f04c68   WAVE_Icmp2
11f04c6c   WAVE_Icmp3
11f04ac8   WAVE_Idc1
11f04acc   WAVE_Idc2
11f04ad0   WAVE_Idc3
11f04c7c   WAVE_Iff_1
11f04c80   WAVE_Iff_2
11f04c84   WAVE_Iff_3
11f04b80   WAVE_Ipi1
11f04b84   WAVE_Ipi2
11f04b88   WAVE_Ipi3
11f04b74   WAVE_Iq1
11f04b78   WAVE_Iq2
11f04b7c   WAVE_Iq3
11f04be0   WAVE_IrefD1
11f04be4   WAVE_IrefD2
11f04be8   WAVE_IrefD3
11f04bec   WAVE_IrefQ1
11f04bf0   WAVE_IrefQ2
11f04bf4   WAVE_IrefQ3
11f04aa4   WAVE_IresD1
11f04aa8   WAVE_IresD2
11f04aac   WAVE_IresD3
11f04ab0   WAVE_IresQ1
11f04ab4   WAVE_IresQ2
11f04ab8   WAVE_IresQ3
11f04748   WAVE_IresU1
11f0474c   WAVE_IresU2
11f04750   WAVE_IresU3
11f04754   WAVE_IresV1
11f04758   WAVE_IresV2
11f0475c   WAVE_IresV3
11f04760   WAVE_IresW1
11f04764   WAVE_IresW2
11f04768   WAVE_IresW3
11f04b8c   WAVE_Isfb1
11f04b90   WAVE_Isfb2
11f04b94   WAVE_Isfb3
11f04a98   WAVE_Jl_Wr1
11f04a9c   WAVE_Jl_Wr2
11f04aa0   WAVE_Jl_Wr3
11f04a8c   WAVE_Jl_calc1
11f04a90   WAVE_Jl_calc2
11f04a94   WAVE_Jl_calc3
11f046ac   WAVE_Joint1
11f046b0   WAVE_Joint2
11f046b4   WAVE_Joint3
11f04694   WAVE_LoopCount
11f04a74   WAVE_MRBR1
11f04a78   WAVE_MRBR2
11f04a7c   WAVE_MRBR3
11f04a50   WAVE_MRU1
11f04a5c   WAVE_MRU2
11f04a68   WAVE_MRU3
11f04a54   WAVE_MRV1
11f04a60   WAVE_MRV2
11f04a6c   WAVE_MRV3
11f04a58   WAVE_MRW1
11f04a64   WAVE_MRW2
11f04a70   WAVE_MRW3
11f04b1c   WAVE_TRG_WM1
11f04b20   WAVE_TRG_WM2
11f04b24   WAVE_TRG_WM3
11f046a0   WAVE_Timer0
11f046a4   WAVE_Timer1
11f046a8   WAVE_Timer2
11f04c58   WAVE_Tq1
11f04c5c   WAVE_Tq2
11f04c60   WAVE_Tq3
11f04788   WAVE_U_modulation
11f04c8c   WAVE_VWX
11f04c90   WAVE_VWY
11f04c94   WAVE_VWZ
11f0478c   WAVE_V_modulation
11f04abc   WAVE_Vdc1
11f04ac0   WAVE_Vdc2
11f04ac4   WAVE_Vdc3
11f02310   WAVE_Vdc_ofst
11f04c10   WAVE_VrefD1
11f04c18   WAVE_VrefD2
11f04c20   WAVE_VrefD3
11f04bf8   WAVE_VrefD_dcpl1
11f04c00   WAVE_VrefD_dcpl2
11f04c08   WAVE_VrefD_dcpl3
11f04c14   WAVE_VrefQ1
11f04c1c   WAVE_VrefQ2
11f04c24   WAVE_VrefQ3
11f04bfc   WAVE_VrefQ_dcpl1
11f04c04   WAVE_VrefQ_dcpl2
11f04c0c   WAVE_VrefQ_dcpl3
11f04b98   WAVE_VrefU1
11f04ba4   WAVE_VrefU2
11f04bb0   WAVE_VrefU3
11f04b9c   WAVE_VrefV1
11f04ba8   WAVE_VrefV2
11f04bb4   WAVE_VrefV3
11f04ba0   WAVE_VrefW1
11f04bac   WAVE_VrefW2
11f04bb8   WAVE_VrefW3
11f0477c   WAVE_WSX
11f04780   WAVE_WSY
11f04784   WAVE_WSZ
11f04790   WAVE_W_modulation
11f046e0   WAVE_check
11f046c4   WAVE_fx
11f046c8   WAVE_fy
11f046cc   WAVE_fz
11f02304   WAVE_ofst_Iu
11f02308   WAVE_ofst_Iv
11f0230c   WAVE_ofst_Iw
11f04c40   WAVE_omega_rm1
11f04c4c   WAVE_omega_rm1_ref
11f04c44   WAVE_omega_rm2
11f04c50   WAVE_omega_rm2_ref
11f04c48   WAVE_omega_rm3
11f04c54   WAVE_omega_rm3_ref
11f04b68   WAVE_ql1
11f04b6c   WAVE_ql2
11f04b70   WAVE_ql3
11f04b50   WAVE_qm1
11f04b54   WAVE_qm2
11f04b58   WAVE_qm3
11f04b5c   WAVE_qm_ref1
11f04b60   WAVE_qm_ref2
11f04b64   WAVE_qm_ref3
11f046dc   WAVE_state
11f04c88   WAVE_tauL_dyn_2nd
11f04a80   WAVE_tauLdyn1
11f04a84   WAVE_tauLdyn2
11f04a88   WAVE_tauLdyn3
11f04b10   WAVE_theta_re1
11f04b14   WAVE_theta_re2
11f04b18   WAVE_theta_re3
11f04aec   WAVE_theta_rm1
11f04af0   WAVE_theta_rm2
11f04af4   WAVE_theta_rm3
11f04b04   WAVE_theta_rm_full1
11f04b08   WAVE_theta_rm_full2
11f04b0c   WAVE_theta_rm_full3
11f04af8   WAVE_theta_rm_ref1
11f04afc   WAVE_theta_rm_ref2
11f04b00   WAVE_theta_rm_ref3
11f04c28   WAVE_vd_lim_dif1
11f04c30   WAVE_vd_lim_dif2
11f04c38   WAVE_vd_lim_dif3
11f04c2c   WAVE_vq_lim_dif1
11f04c34   WAVE_vq_lim_dif2
11f04c3c   WAVE_vq_lim_dif3
11f04bbc   WAVE_vu_ref_stand1
11f04bc8   WAVE_vu_ref_stand2
11f04bd4   WAVE_vu_ref_stand3
11f04bc0   WAVE_vv_ref_stand1
11f04bcc   WAVE_vv_ref_stand2
11f04bd8   WAVE_vv_ref_stand3
11f04bc4   WAVE_vw_ref_stand1
11f04bd0   WAVE_vw_ref_stand2
11f04bdc   WAVE_vw_ref_stand3
11f046d0   WAVE_vx
11f046d4   WAVE_vy
11f046d8   WAVE_vz
11f04b28   WAVE_wm1
11f04b2c   WAVE_wm2
11f04b30   WAVE_wm3
11f04b44   WAVE_wm_cmd1
11f04b48   WAVE_wm_cmd2
11f04b4c   WAVE_wm_cmd3
11f04b38   WAVE_wm_ref1
11f04b3c   WAVE_wm_ref2
11f04b40   WAVE_wm_ref3
11f04b34   WAVE_wm_ref_org
11f03000   Wr_DPD
11f047a4   Wr_Throth_check
11f02ce8   Wr_sub
11e03380   _CSL2_intcDispatcherDummy
11e032c8   _CSL_intcGlobalDisable
11e0333c   _CSL_intcGlobalExcepClear
11e03314   _CSL_intcGlobalExcepEnable
11e03328   _CSL_intcGlobalExtExcepEnable
11e032e8   _CSL_intcGlobalRestore
11e03260   _CSL_intcInterruptClear
11e03278   _CSL_intcInterruptRestore
11e0326c   _CSL_intcInterruptSet
11e03290   _CSL_intcQueryInterruptStatus
0c043780   __TI_CINIT_Base
0c0437a0   __TI_CINIT_Limit
0c043774   __TI_Handler_Table_Base
0c04377c   __TI_Handler_Table_Limit
UNDEFED    __TI_INITARRAY_Base
UNDEFED    __TI_INITARRAY_Limit
11f04658   __TI_STACK_END
00001000   __TI_STACK_SIZE
11f04658   __TI_STATIC_BASE
UNDEFED    __TI_TLS_INIT_Base
UNDEFED    __TI_TLS_INIT_Limit
00000001   __TI_args_main
0c0400a0   __TI_cpp_init
0c040320   __TI_decompress_none
0c040340   __TI_decompress_rle24
0c04102c   __TI_enable_exit_profile_output
ffffffff   __TI_pprof_out_hndl
ffffffff   __TI_prof_data_size
ffffffff   __TI_prof_data_start
0c03fb80   __TI_tls_init
ffffffff   __binit__
0c03cae0   __c6xabi_divd
0c03ddc0   __c6xabi_divf
0c03f840   __c6xabi_divi
0c03fa00   __c6xabi_divu
0c0402a0   __c6xabi_errno_addr
0c03fe20   __c6xabi_fixdu
0c040100   __c6xabi_frcmpyd_div
0c040160   __c6xabi_llshru
0c03fc40   __c6xabi_nround
0c03fea0   __c6xabi_roundf
0c0402c0   __c6xabi_trunc
0c0402e0   __c6xabi_truncf
ffffffff   __c_args__
0c03f840   __divi
0c03fa00   __divu
0c040934   __errno
0c040220   _args_main
0c03f640   _auto_init_elf
0c03ff20   _c_int00
0c041024   _cleanup_ptr
0c041028   _dtors_ptr
11f002b0   _mwSinTbl
11f03658   _stack
0c040300   abort
0c03e700   acos
11f03640   ad1
11f03644   ad2
11f03648   ad3
0c03e8e0   atan
0c03edc0   atan2
0c018000   backward_diff
ffffffff   binit
11e02688   cic0Out2Evnt
0c03f740   copy_in
0c03db00   cos
11f04690   counter_2
0c03e2e8   cvt_to_float_from_u32
0c03e2c0   cvt_to_u32_from_float
0c040a20   d_current
11f02318   debug
11f02328   debug2
11f02338   debug3
11f04744   debug_theta
11f03318   dyn
0c040934   errno
0c040020   evmI2CInit
0c03fac0   exit
0c03eaa0   expf
11f0466c   flag_CalcHandCmd
11f046f4   flag_CircleStart1
11f046f8   flag_CircleStart2
11f046fc   flag_CircleStart3
11f04680   flag_FBgain
11f04688   flag_FF
11f04698   flag_FF_triple
11f04684   flag_PPgain
11f0468c   flag_SOB
11f0467c   flag_Vdc_setted
11f0469c   flag_cmd_end
11f04660   flag_cont_start
11f04664   flag_dead
11f04670   flag_debug
11f04678   flag_delay
11f04668   flag_dyn_payload
11f04700   flag_end1
11f04704   flag_end2
11f04708   flag_end3
11f047a0   flag_fin
11f046ec   flag_first_back
11f046e8   flag_first_go
11f046f0   flag_hard
11f0470c   flag_on
11f04674   flag_pv
11f046e4   flag_reposition
0c03ef40   frexp
0c03f0c0   frexpf
11f00270   gpio_int_map
11f03498   gsub
11f04d80   hGpio
0c03c394   i2cEepromGetStatus2
0c03c218   i2cEepromRead2
0c03be88   i2cEepromWriteBlock2
0c03c100   i2cEepromWriteByteAddr2
11e02968   int_begin_nestint
11e02918   int_end_nestint
11f00170   intcObj
11f02348   joint
0c03f220   ldexp
0c03f380   ldexpf
0c040280   main
0c03fce0   memcpy
0c03f920   memset
0c03fd80   modf
0c0401c0   modff
0c03dac4   mw_Osal_platformSpiCsEnter
0c03dab0   mw_Osal_platformSpiCsExit
11f04a48   mw_gp__CSL_intcCpuIntrTable
0c03d6b8   mw_nor_erase
0c03d64c   mw_nor_get_details
0c03d5d8   mw_nor_init
0c03d524   mw_nor_read
0c03d460   mw_nor_write
0c03da90   mw_platform_delaycycles
0c03da24   mw_platform_device_close
0c03d9e4   mw_platform_device_erase_block
0c03d90c   mw_platform_device_open
0c03d870   mw_platform_device_read
0c03d7d4   mw_platform_device_write
11f04a4c   mw_platform_errno
11e03360   mw_setVect
0c03d2d8   mw_spi_claim
0c03d26c   mw_spi_cmd
0c03d260   mw_spi_cmd_read
0c03d250   mw_spi_cmd_write
0c03d1e4   mw_spi_release
0c03d0a0   mw_spi_xfer
11e02904   mwintc_clearSysInterrupt
11e028ec   mwintc_disableHostInterrupt
11e028d4   mwintc_disableSysInterrupt
11e028c0   mwintc_enableHostInterrupt
11e028a8   mwintc_enableSysInterrupt
11e02878   mwintc_getInterruptStatus
11e02860   mwintc_mapSystemIntrToChannel
11e02714   mwintc_setup
11e02794   mwintc_setup2
11e025f4   mwintc_setupApp
11f02b88   ob_sub
0c03d7c0   platform_write
0c040a68   position
0c03b740   pow
0c03c500   powf
0c040ab0   q_current
0c040d48   range
11f04794   ref_Iq_direct1
11f04798   ref_Iq_direct2
11f0479c   ref_Iq_direct3
11f04c70   ref_Iq_freq_direct1
11f04c74   ref_Iq_freq_direct2
11f04c78   ref_Iq_freq_direct3
11f04740   ref_wm_direct
0c040660   sen
0c03e040   sin
11f0473c   speed_hand
0c03f4e0   sqrt
11f0471c   start_back1
11f04720   start_back2
11f04724   start_back3
11f04710   start_go1
11f04714   start_go2
11f04718   start_go3
11f04a3c   tmr1regs
11f04a40   tmr2regs
11f04a44   tmr3regs
11f03420   tri
0c040af8   velocity


GLOBAL SYMBOLS: SORTED BY Symbol Address 

address    name
--------   ----
00000001   __TI_args_main
00001000   __TI_STACK_SIZE
0c018000   backward_diff
0c01800c   VconPI5Axis
0c018060   TriangularAccelerationCommandGeneratorInit
0c018a20   TriangularAccelerationCommandGenerator
0c019144   StateObserver
0c019744   Limiter
0c019764   SetVoltReferences
0c019b24   SetRampParams
0c019ce0   SetLPF
0c019d68   SetGain
0c01a210   SetENC_CH
0c01a214   SetBDN
0c01a218   Pcontroller
0c01a228   PIcontroller_withAntiwindup
0c01a26c   PIcontroller
0c01a2b4   ManyRampGenerator3rdAxis
0c01a4e8   ManyRampGenerator2ndAxis
0c01a718   ManyRampGenerator1stAxis
0c01a94c   CalcOffset
0c01ac30   GetVoltAndCurrent
0c01ae68   GetMultiPositions
0c01b32c   CalcDynamicsInit
0c01f590   CalcFDTDWrInit_WmcmdInputType
0c0218f4   CalcFDTDTSOBInit
0c023c94   FDTD_Tm_Init
0c024040   CalcPVGainInitCDM
0c025410   MW_main
0c025a34   LimitPosCmd
0c025a98   LimDiffCalcDQ
0c025bf4   Integrator_w_ref3
0c025c14   Integrator_w_ref2
0c025c34   Integrator_w_ref
0c025c54   Integrator_acc_ref3
0c025c74   Integrator_acc_ref2
0c025c94   Integrator_acc_ref
0c025cb4   GetVelocity
0c025ce8   GetFilterdSignal
0c025e88   GeneratorCircle3rd
0c025f30   GeneratorCircle2nd
0c025fe0   GeneratorCircle1st
0c026088   FDTD_Tm_woG
0c0262e0   FDTD_Tm
0c026540   FDTD_T_SOB
0c027360   FDTDSOB
0c027e8c   DecouplingControl
0c027f24   CalcGravIcmp
0c028054   CalcJl
0c028384   CalcJlWr
0c0286b0   CalcPVGain
0c029ed4   CalcWrGain
0c02b710   CalcFDTDWr_WmcmdInputType
0c02cf90   CalcTauLDyn
0c02d8c4   CalcFDTDWrUpdate_WmcmdInputType_2nd
0c02e368   CalcFDTDWrUpdate_WmcmdInputType_1st2nd
0c030304   CalcHandCmdCircle
0c03074c   CalcInverseCmd_vel
0c031510   CalcVdcMean
0c0315ec   BrakeController
0c0316e0   CalcPrefRep3axis
0c0318d4   CalcPrefRep2axis
0c031ad0   CalcPref2axis
0c031bc4   CalcHandCmdRectangle
0c032104   CalcHandCmdDiamond
0c032700   CalcFDTDWr_QmrefInputType
0c033a40   CalcFDTDWrUpdate_QmrefInputType_2nd
0c033fe8   CalcFDTDWrUpdate_QmrefInputType_1st2nd
0c034bf8   CalcFDTDWrInit_QmrefInputType
0c036880   ControlFunction
0c03ac20   ENC_stop_abs
0c03accc   ENC_start_abs
0c03ad80   ENC_ss_init
0c03ae2c   ENC_ss_get_start
0c03aee0   ENC_ss_get_abs
0c03afe0   ENC_ss_get_abm
0c03b0c8   ENC_set_refresh
0c03b180   ENC_reset_err
0c03b248   ENC_reset_abs
0c03b320   ENC_reset_abm
0c03b3e8   ENC_get_status
0c03b480   ENC_get_almc
0c03b50c   ENC_get_abs
0c03b5cc   ENC_get_abm
0c03b688   ENC_batt_alm_en
0c03b740   pow
0c03be88   i2cEepromWriteBlock2
0c03c100   i2cEepromWriteByteAddr2
0c03c218   i2cEepromRead2
0c03c394   i2cEepromGetStatus2
0c03c500   powf
0c03cae0   __c6xabi_divd
0c03d0a0   mw_spi_xfer
0c03d1e4   mw_spi_release
0c03d250   mw_spi_cmd_write
0c03d260   mw_spi_cmd_read
0c03d26c   mw_spi_cmd
0c03d2d8   mw_spi_claim
0c03d460   mw_nor_write
0c03d524   mw_nor_read
0c03d5d8   mw_nor_init
0c03d64c   mw_nor_get_details
0c03d6b8   mw_nor_erase
0c03d7c0   platform_write
0c03d7d4   mw_platform_device_write
0c03d870   mw_platform_device_read
0c03d90c   mw_platform_device_open
0c03d9e4   mw_platform_device_erase_block
0c03da24   mw_platform_device_close
0c03da90   mw_platform_delaycycles
0c03dab0   mw_Osal_platformSpiCsExit
0c03dac4   mw_Osal_platformSpiCsEnter
0c03db00   cos
0c03ddc0   __c6xabi_divf
0c03e040   sin
0c03e2c0   cvt_to_u32_from_float
0c03e2e8   cvt_to_float_from_u32
0c03e310   FPGA_write_f32
0c03e3a0   FPGA_write
0c03e418   FPGA_read_f32
0c03e484   FPGA_read
0c03e4d0   FPGA_get_fpga_ver
0c03e500   IPFPGA_write_f32
0c03e58c   IPFPGA_write
0c03e608   IPFPGA_read_f32
0c03e680   IPFPGA_read
0c03e6cc   IPFPGA_get_fpga_ver
0c03e700   acos
0c03e8e0   atan
0c03eaa0   expf
0c03edc0   atan2
0c03ef40   frexp
0c03f0c0   frexpf
0c03f220   ldexp
0c03f380   ldexpf
0c03f4e0   sqrt
0c03f640   _auto_init_elf
0c03f740   copy_in
0c03f840   __c6xabi_divi
0c03f840   __divi
0c03f920   memset
0c03fa00   __c6xabi_divu
0c03fa00   __divu
0c03fac0   exit
0c03fb80   __TI_tls_init
0c03fc40   __c6xabi_nround
0c03fce0   memcpy
0c03fd80   modf
0c03fe20   __c6xabi_fixdu
0c03fea0   __c6xabi_roundf
0c03ff20   _c_int00
0c03ffa0   PEV_init
0c03ffe4   PEV_get_fpga_ver
0c040020   evmI2CInit
0c0400a0   __TI_cpp_init
0c040100   __c6xabi_frcmpyd_div
0c040160   __c6xabi_llshru
0c0401c0   modff
0c040220   _args_main
0c040260   CSL_GPIO_open
0c040280   main
0c0402a0   __c6xabi_errno_addr
0c0402c0   __c6xabi_trunc
0c0402e0   __c6xabi_truncf
0c040300   C$$EXIT
0c040300   abort
0c040320   __TI_decompress_none
0c040340   __TI_decompress_rle24
0c040660   sen
0c0408b0   LPF_cmd
0c040934   __errno
0c040934   errno
0c040938   LPF_motor
0c040a20   d_current
0c040a68   position
0c040ab0   q_current
0c040af8   velocity
0c040d48   range
0c041024   _cleanup_ptr
0c041028   _dtors_ptr
0c04102c   __TI_enable_exit_profile_output
0c0411dc   EMIF_IntrErr_sts
0c043774   __TI_Handler_Table_Base
0c04377c   __TI_Handler_Table_Limit
0c043780   __TI_CINIT_Base
0c0437a0   __TI_CINIT_Limit
11e00000   PEV_updown_set_mode
11e00034   PEV_updown_read_cnt
11e00078   PEV_updown_init_maxcount
11e000c8   PEV_updown_clear_cnt
11e00100   PEV_sync_z_out
11e00150   PEV_sync_pwm_out
11e00260   PEV_sync_pwm_init
11e002b4   PEV_sync_ad_out
11e0030c   PEV_sync_ad_init
11e00360   PEV_inverter_stop_pwm
11e00394   PEV_inverter_start_pwm
11e003cc   PEV_inverter_set_uvw_br
11e005e8   PEV_inverter_set_uvw
11e007d4   PEV_inverter_set_ra
11e008d4   PEV_inverter_set_ab
11e00958   PEV_inverter_init_refload_timing
11e009b8   PEV_inverter_init_int_timing
11e00aa8   PEV_inverter_init_adtrig_timing
11e00b84   PEV_inverter_init
11e00cf4   PEV_inverter_enable_int
11e00d38   PEV_inverter_disable_int
11e00d70   PEV_inverter_control_gate
11e00da8   PEV_inverter_control_break
11e00de0   PEV_int_init
11e00f10   PEV_ad_start
11e00f48   PEV_ad_set_range
11e00f98   PEV_ad_set_offset
11e00fe0   PEV_ad_set_mode
11e01040   PEV_ad_in_st
11e0106c   PEV_ad_in_grp
11e012b0   PEV_ad_in_4ch
11e01418   PEV_ad_enable_int
11e01460   PEV_ad_disable_int
11e01494   PEV_ad_abz_read
11e016e8   PEV_abz_write
11e01734   PEV_abz_set_mode
11e017a4   PEV_abz_read
11e017e8   PEV_abz_init_maxcount
11e01834   PEV_abz_in_pin
11e01864   PEV_abz_get_resolver_pos
11e018a4   PEV_abz_get_resolver_err
11e018e0   PEV_abz_clear_resolver_err
11e01914   PEV_abz_clear
11e01960   C6657_timer3_hi_stop
11e01974   C6657_timer3_hi_start
11e01994   C6657_timer3_hi_init_vector
11e019b8   C6657_timer3_hi_init
11e01a2c   C6657_timer3_hi_enable_int
11e01a84   C6657_timer3_hi_clear_eventflag
11e01a94   C6657_timer2_write
11e01aa0   C6657_timer2_stop
11e01ab4   C6657_timer2_start
11e01ad8   C6657_timer2_read
11e01ae8   C6657_timer2_init_vector
11e01b30   C6657_timer2_init
11e01ba4   C6657_timer2_enable_int
11e01bf8   C6657_timer2_disable_int
11e01c40   C6657_timer2_clear_eventflag
11e01c4c   C6657_timer2_clear
11e01c58   C6657_timer1_write
11e01c68   C6657_timer1_stop
11e01c80   C6657_timer1_start
11e01ca0   C6657_timer1_read
11e01cac   C6657_timer1_init_vector
11e01cd0   C6657_timer1_init
11e01d44   C6657_timer1_enable_int
11e01d98   C6657_timer1_disable_int
11e01de0   C6657_timer1_clear_eventflag
11e01dec   C6657_timer1_clear
11e01df8   C6657_timer0_write
11e01e08   C6657_timer0_stop
11e01e20   C6657_timer0_start
11e01e40   C6657_timer0_read
11e01e4c   C6657_timer0_init_vector
11e01e70   C6657_timer0_init
11e01ee4   C6657_timer0_enable_int
11e01f38   C6657_timer0_disable_int
11e01f78   C6657_timer0_clear_eventflag
11e01f8c   C6657_timer0_clear
11e01fa0   EMF_Write_s32
11e02018   EMF_WriteFlashRom_s32
11e02120   EMF_Write2_s32
11e021b8   EMF_Read_s32
11e0222c   EMF_ReadFpgaBoard_s32
11e022e0   EMF_ReadFlashRom_s32
11e023a8   EMF_Read3_s32
11e02414   EMF_Read2_s32
11e024cc   EMF_Initialization_s32
11e0252c   EMF_EnableIntr_s32
11e025f4   mwintc_setupApp
11e02688   cic0Out2Evnt
11e02714   mwintc_setup
11e02794   mwintc_setup2
11e02860   mwintc_mapSystemIntrToChannel
11e02878   mwintc_getInterruptStatus
11e028a8   mwintc_enableSysInterrupt
11e028c0   mwintc_enableHostInterrupt
11e028d4   mwintc_disableSysInterrupt
11e028ec   mwintc_disableHostInterrupt
11e02904   mwintc_clearSysInterrupt
11e02918   int_end_nestint
11e02968   int_begin_nestint
11e029a8   IRQ_globalRestore
11e029b0   IRQ_globalEnable
11e029d0   IRQ_globalDisable
11e02a00   CSL2_intcHwControl
11e02d20   EMF_ErrIntr_vo
11e02f00   GPI_setVector_vo
11e02fd4   GPI_int_ack_vo
11e03024   GPI_init_vo
11e0304c   GPI_enable_int_vo
11e0306c   GPI_disable_int_vo
11e030a0   CSL2_loadResource
11e030b4   CSL2_intcOpen2
11e03220   CSL_intcInterruptEnable
11e03240   CSL_intcInterruptDisable
11e03260   _CSL_intcInterruptClear
11e0326c   _CSL_intcInterruptSet
11e03278   _CSL_intcInterruptRestore
11e03290   _CSL_intcQueryInterruptStatus
11e032a8   CSL_intcGlobalEnable
11e032c8   _CSL_intcGlobalDisable
11e032e8   _CSL_intcGlobalRestore
11e03300   CSL_intcGlobalNmiEnable
11e03314   _CSL_intcGlobalExcepEnable
11e03328   _CSL_intcGlobalExtExcepEnable
11e0333c   _CSL_intcGlobalExcepClear
11e03360   mw_setVect
11e03380   _CSL2_intcDispatcherDummy
11f00170   intcObj
11f00270   gpio_int_map
11f002b0   _mwSinTbl
11f02300   WAVE_Enc_error
11f02304   WAVE_ofst_Iu
11f02308   WAVE_ofst_Iv
11f0230c   WAVE_ofst_Iw
11f02310   WAVE_Vdc_ofst
11f02318   debug
11f02328   debug2
11f02338   debug3
11f02348   joint
11f02b88   ob_sub
11f02ce8   Wr_sub
11f03000   Wr_DPD
11f03318   dyn
11f03420   tri
11f03498   gsub
11f035f8   Tm_sub
11f03640   ad1
11f03644   ad2
11f03648   ad3
11f0364c   ModRatioU
11f03650   ModRatioV
11f03654   ModRatioW
11f03658   _stack
11f04658   WAVE_INIT_COUNT
11f04658   __TI_STACK_END
11f04658   __TI_STATIC_BASE
11f0465c   WAVE_FIL_Y
11f04660   flag_cont_start
11f04664   flag_dead
11f04668   flag_dyn_payload
11f0466c   flag_CalcHandCmd
11f04670   flag_debug
11f04674   flag_pv
11f04678   flag_delay
11f0467c   flag_Vdc_setted
11f04680   flag_FBgain
11f04684   flag_PPgain
11f04688   flag_FF
11f0468c   flag_SOB
11f04690   counter_2
11f04694   WAVE_LoopCount
11f04698   flag_FF_triple
11f0469c   flag_cmd_end
11f046a0   WAVE_Timer0
11f046a4   WAVE_Timer1
11f046a8   WAVE_Timer2
11f046ac   WAVE_Joint1
11f046b0   WAVE_Joint2
11f046b4   WAVE_Joint3
11f046b8   WAVE_HandX
11f046bc   WAVE_HandY
11f046c0   WAVE_HandZ
11f046c4   WAVE_fx
11f046c8   WAVE_fy
11f046cc   WAVE_fz
11f046d0   WAVE_vx
11f046d4   WAVE_vy
11f046d8   WAVE_vz
11f046dc   WAVE_state
11f046e0   WAVE_check
11f046e4   flag_reposition
11f046e8   flag_first_go
11f046ec   flag_first_back
11f046f0   flag_hard
11f046f4   flag_CircleStart1
11f046f8   flag_CircleStart2
11f046fc   flag_CircleStart3
11f04700   flag_end1
11f04704   flag_end2
11f04708   flag_end3
11f0470c   flag_on
11f04710   start_go1
11f04714   start_go2
11f04718   start_go3
11f0471c   start_back1
11f04720   start_back2
11f04724   start_back3
11f04728   Ref_Iq_ref_direct
11f0472c   Ref_wM_direct
11f04730   Iq_off
11f04734   Flag_ARCS_start
11f04738   Flag_ARCS_clear
11f0473c   speed_hand
11f04740   ref_wm_direct
11f04744   debug_theta
11f04748   WAVE_IresU1
11f0474c   WAVE_IresU2
11f04750   WAVE_IresU3
11f04754   WAVE_IresV1
11f04758   WAVE_IresV2
11f0475c   WAVE_IresV3
11f04760   WAVE_IresW1
11f04764   WAVE_IresW2
11f04768   WAVE_IresW3
11f0476c   WAVE_ACC_LW8079
11f04770   WAVE_ACC_LW8174
11f04774   WAVE_ACC_LW8174_axis
11f04778   WAVE_Fz
11f0477c   WAVE_WSX
11f04780   WAVE_WSY
11f04784   WAVE_WSZ
11f04788   WAVE_U_modulation
11f0478c   WAVE_V_modulation
11f04790   WAVE_W_modulation
11f04794   ref_Iq_direct1
11f04798   ref_Iq_direct2
11f0479c   ref_Iq_direct3
11f047a0   flag_fin
11f047a4   Wr_Throth_check
11f04a3c   tmr1regs
11f04a40   tmr2regs
11f04a44   tmr3regs
11f04a48   mw_gp__CSL_intcCpuIntrTable
11f04a4c   mw_platform_errno
11f04a50   WAVE_MRU1
11f04a54   WAVE_MRV1
11f04a58   WAVE_MRW1
11f04a5c   WAVE_MRU2
11f04a60   WAVE_MRV2
11f04a64   WAVE_MRW2
11f04a68   WAVE_MRU3
11f04a6c   WAVE_MRV3
11f04a70   WAVE_MRW3
11f04a74   WAVE_MRBR1
11f04a78   WAVE_MRBR2
11f04a7c   WAVE_MRBR3
11f04a80   WAVE_tauLdyn1
11f04a84   WAVE_tauLdyn2
11f04a88   WAVE_tauLdyn3
11f04a8c   WAVE_Jl_calc1
11f04a90   WAVE_Jl_calc2
11f04a94   WAVE_Jl_calc3
11f04a98   WAVE_Jl_Wr1
11f04a9c   WAVE_Jl_Wr2
11f04aa0   WAVE_Jl_Wr3
11f04aa4   WAVE_IresD1
11f04aa8   WAVE_IresD2
11f04aac   WAVE_IresD3
11f04ab0   WAVE_IresQ1
11f04ab4   WAVE_IresQ2
11f04ab8   WAVE_IresQ3
11f04abc   WAVE_Vdc1
11f04ac0   WAVE_Vdc2
11f04ac4   WAVE_Vdc3
11f04ac8   WAVE_Idc1
11f04acc   WAVE_Idc2
11f04ad0   WAVE_Idc3
11f04ad4   WAVE_ENC_temp1
11f04ad8   WAVE_ENC_temp2
11f04adc   WAVE_ENC_temp3
11f04ae0   WAVE_ENC1
11f04ae4   WAVE_ENC2
11f04ae8   WAVE_ENC3
11f04aec   WAVE_theta_rm1
11f04af0   WAVE_theta_rm2
11f04af4   WAVE_theta_rm3
11f04af8   WAVE_theta_rm_ref1
11f04afc   WAVE_theta_rm_ref2
11f04b00   WAVE_theta_rm_ref3
11f04b04   WAVE_theta_rm_full1
11f04b08   WAVE_theta_rm_full2
11f04b0c   WAVE_theta_rm_full3
11f04b10   WAVE_theta_re1
11f04b14   WAVE_theta_re2
11f04b18   WAVE_theta_re3
11f04b1c   WAVE_TRG_WM1
11f04b20   WAVE_TRG_WM2
11f04b24   WAVE_TRG_WM3
11f04b28   WAVE_wm1
11f04b2c   WAVE_wm2
11f04b30   WAVE_wm3
11f04b34   WAVE_wm_ref_org
11f04b38   WAVE_wm_ref1
11f04b3c   WAVE_wm_ref2
11f04b40   WAVE_wm_ref3
11f04b44   WAVE_wm_cmd1
11f04b48   WAVE_wm_cmd2
11f04b4c   WAVE_wm_cmd3
11f04b50   WAVE_qm1
11f04b54   WAVE_qm2
11f04b58   WAVE_qm3
11f04b5c   WAVE_qm_ref1
11f04b60   WAVE_qm_ref2
11f04b64   WAVE_qm_ref3
11f04b68   WAVE_ql1
11f04b6c   WAVE_ql2
11f04b70   WAVE_ql3
11f04b74   WAVE_Iq1
11f04b78   WAVE_Iq2
11f04b7c   WAVE_Iq3
11f04b80   WAVE_Ipi1
11f04b84   WAVE_Ipi2
11f04b88   WAVE_Ipi3
11f04b8c   WAVE_Isfb1
11f04b90   WAVE_Isfb2
11f04b94   WAVE_Isfb3
11f04b98   WAVE_VrefU1
11f04b9c   WAVE_VrefV1
11f04ba0   WAVE_VrefW1
11f04ba4   WAVE_VrefU2
11f04ba8   WAVE_VrefV2
11f04bac   WAVE_VrefW2
11f04bb0   WAVE_VrefU3
11f04bb4   WAVE_VrefV3
11f04bb8   WAVE_VrefW3
11f04bbc   WAVE_vu_ref_stand1
11f04bc0   WAVE_vv_ref_stand1
11f04bc4   WAVE_vw_ref_stand1
11f04bc8   WAVE_vu_ref_stand2
11f04bcc   WAVE_vv_ref_stand2
11f04bd0   WAVE_vw_ref_stand2
11f04bd4   WAVE_vu_ref_stand3
11f04bd8   WAVE_vv_ref_stand3
11f04bdc   WAVE_vw_ref_stand3
11f04be0   WAVE_IrefD1
11f04be4   WAVE_IrefD2
11f04be8   WAVE_IrefD3
11f04bec   WAVE_IrefQ1
11f04bf0   WAVE_IrefQ2
11f04bf4   WAVE_IrefQ3
11f04bf8   WAVE_VrefD_dcpl1
11f04bfc   WAVE_VrefQ_dcpl1
11f04c00   WAVE_VrefD_dcpl2
11f04c04   WAVE_VrefQ_dcpl2
11f04c08   WAVE_VrefD_dcpl3
11f04c0c   WAVE_VrefQ_dcpl3
11f04c10   WAVE_VrefD1
11f04c14   WAVE_VrefQ1
11f04c18   WAVE_VrefD2
11f04c1c   WAVE_VrefQ2
11f04c20   WAVE_VrefD3
11f04c24   WAVE_VrefQ3
11f04c28   WAVE_vd_lim_dif1
11f04c2c   WAVE_vq_lim_dif1
11f04c30   WAVE_vd_lim_dif2
11f04c34   WAVE_vq_lim_dif2
11f04c38   WAVE_vd_lim_dif3
11f04c3c   WAVE_vq_lim_dif3
11f04c40   WAVE_omega_rm1
11f04c44   WAVE_omega_rm2
11f04c48   WAVE_omega_rm3
11f04c4c   WAVE_omega_rm1_ref
11f04c50   WAVE_omega_rm2_ref
11f04c54   WAVE_omega_rm3_ref
11f04c58   WAVE_Tq1
11f04c5c   WAVE_Tq2
11f04c60   WAVE_Tq3
11f04c64   WAVE_Icmp1
11f04c68   WAVE_Icmp2
11f04c6c   WAVE_Icmp3
11f04c70   ref_Iq_freq_direct1
11f04c74   ref_Iq_freq_direct2
11f04c78   ref_Iq_freq_direct3
11f04c7c   WAVE_Iff_1
11f04c80   WAVE_Iff_2
11f04c84   WAVE_Iff_3
11f04c88   WAVE_tauL_dyn_2nd
11f04c8c   WAVE_VWX
11f04c90   WAVE_VWY
11f04c94   WAVE_VWZ
11f04d78   EMF_ExtWaitErrInfo_u32s
11f04d7c   EMF_ExtWaitErrCnt_u32s
11f04d80   hGpio
ffffffff   __TI_pprof_out_hndl
ffffffff   __TI_prof_data_size
ffffffff   __TI_prof_data_start
ffffffff   __binit__
ffffffff   __c_args__
ffffffff   binit
UNDEFED    __TI_INITARRAY_Base
UNDEFED    __TI_INITARRAY_Limit
UNDEFED    __TI_TLS_INIT_Base
UNDEFED    __TI_TLS_INIT_Limit

[591 symbols]
