******************************************************************************
               TMS320C6x Linker PC v7.4.24                     
******************************************************************************
>> Linked Tue Feb 04 19:01:54 2025

OUTPUT FILE NAME:   <current_control_ver2_new.out>
ENTRY POINT SYMBOL: "_c_int00"  address: 0c034640


MEMORY CONFIGURATION

         name            origin    length      used     unused   attr    fill
----------------------  --------  ---------  --------  --------  ----  --------
  IPC_ISR_REG           02620244   00000004  00000000  00000004  RWIX
  DDR3_INIT_CODE        0c000000   00018000  00000000  00018000  RW X
  USER_SRAM_1_4         0c018000   000e8000  0001f948  000c86b8  RWIX
  KNL0_SRAM_1_4         10800000   000fff80  00000000  000fff80  RWIX
  KNL0_BOOT_AREA        108fff80   0000007c  00000000  0000007c  RWIX
  KNL0_MAGIC_ADDRESS    108ffffc   00000004  00000000  00000004  RWIX
  CTRL_PARAS            11800000   00000100  00000000  00000100  RWIX
  KNL1_SRAM_1_2         11800100   0003ff00  00000000  0003ff00  RWIX
  CSL_INTC              11840000   00010000  00000000  00010000  RWIX
  USER_MAGIC_ADDRESS    118fff80   00000004  00000000  00000004  R   
  KNL1_BOOT_AREA        118fff84   00000078  00000000  00000078  RWIX
  KNL1_MAGIC_ADDRESS    118ffffc   00000004  00000000  00000004  RWIX
  USER_SRAM_2_4         11e00000   00008000  000033e0  00004c20  RWIX
  USER_SRAM_3_4         11f00000   00008000  00004708  000038f8  RWIX
  TI_BOOT_ROM           20b00000   00020000  00000000  00020000  RWIX
  KNL0_SRAM_2_4         80000000   000fe000  00000000  000fe000  RWIX
  USER_SRAM_4_4         80100000   01800000  00000000  01800000  RWIX
  KNL0_SRAM_3_4         82000000   0d000000  00000000  0d000000  RWIX
  KNL0_SRAM_4_4         8f000000   01000000  00000000  01000000  RWIX
  KNL1_SRAM_2_2         90000000   10000000  00000000  10000000  RWIX


SEGMENT ALLOCATION MAP

run origin  load origin   length   init length attrs members
----------  ----------- ---------- ----------- ----- -------
0c018000    0c018000    0001cd80   0001cd80    r-x
  0c018000    0c018000    0001cd80   0001cd80    r-x .text
0c034d80    0c034d80    000007f8   000007ec    rw-
  0c034d80    0c034d80    000007ec   000007ec    rw- .fardata
  0c03556c    0c03556c    0000000c   00000000    rw- .far
0c035580    0c035580    00000078   00000078    r--
  0c035580    0c035580    00000078   00000078    r-- .const
0c035600    0c035600    00000010   00000010    r--
  0c035600    0c035600    00000010   00000010    r-- .switch
0c035680    0c035680    00002348   00002348    r--
  0c035680    0c035680    00002348   00002348    r-- .cinit
11e00000    11e00000    000033e0   000033e0    r-x
  11e00000    11e00000    000033e0   000033e0    r-x .text_2
11f00000    11f00000    000032b8   000022b8    rw-
  11f00000    11f00000    000022b8   000022b8    rw- .data_2
  11f022b8    11f022b8    00001000   00000000    rw- .stack
11f03300    11f03300    00001450   000011b4    rw-
  11f03300    11f03300    00000d40   00000d40    rw- .DATA_ON_HIGHER_SPEED
  11f04040    11f04040    00000474   00000474    rw- .neardata
  11f044b4    11f044b4    0000029c   00000000    rw- .bss


SECTION ALLOCATION MAP

 output                                  attributes/
section   page    origin      length       input sections
--------  ----  ----------  ----------   ----------------
.text      0    0c018000    0001cd80     
                  0c018000    00013ae0     current_control_ver2_new.obj (.text)
                  0c02bae0    00004220     current_control_ver2_new.obj (.text:retain)
                  0c02fd00    00000b20     enc.obj (.text)
                  0c030820    000006c0     mwio4.lib : mw_i2c_eeprom.obj (.text)
                  0c030ee0    000005e0     rts6600_elf.lib : powf.obj (.text:powf)
                  0c0314c0    000005c0                     : divd.obj (.text:__c6xabi_divd)
                  0c031a80    000003c0     mwio4.lib : mw_spi.obj (.text)
                  0c031e40    00000360               : mw_flash.obj (.text)
                  0c0321a0    00000340               : mw_platform.obj (.text)
                  0c0324e0    000002c0     rts6600_elf.lib : cos.obj (.text:cos)
                  0c0327a0    00000280                     : divf.obj (.text:__c6xabi_divf)
                  0c032a20    00000280                     : sin.obj (.text:sin)
                  0c032ca0    00000240     mwio4.lib : FPGA_LIB.obj (.text)
                  0c032ee0    00000200               : IPFPGA_LIB.obj (.text)
                  0c0330e0    000001e0     rts6600_elf.lib : acos.obj (.text:acos)
                  0c0332c0    000001a0                     : expf.obj (.text:expf)
                  0c033460    00000180                     : copy_decompress_rle.obj (.text:__TI_decompress_rle_core)
                  0c0335e0    00000160                     : frexpf.obj (.text:frexpf)
                  0c033740    00000160                     : ldexpf.obj (.text:ldexpf)
                  0c0338a0    00000160                     : sqrt.obj (.text:sqrt)
                  0c033a00    00000140                     : atan2f.obj (.text:atan2f)
                  0c033b40    00000120                     : sqrtf.obj (.text:sqrtf)
                  0c033c60    00000100                     : autoinit.obj (.text:_auto_init_elf)
                  0c033d60    00000100                     : atanf.obj (.text:atanf)
                  0c033e60    00000100                     : cpy_tbl.obj (.text:copy_in)
                  0c033f60    000000e0                     : divi.obj (.text:__divi)
                  0c034040    000000e0                     : memset.obj (.text:memset)
                  0c034120    000000c0                     : divu.obj (.text:__divu)
                  0c0341e0    000000c0                     : exit.obj (.text:exit)
                  0c0342a0    000000c0                     : tls.obj (.text:tls:init:__TI_tls_init)
                  0c034360    000000a0                     : round.obj (.text:__c6xabi_nround)
                  0c034400    000000a0                     : memcpy64.obj (.text:memcpy)
                  0c0344a0    000000a0                     : modf.obj (.text:modf)
                  0c034540    00000080                     : fixdu.obj (.text:__c6xabi_fixdu)
                  0c0345c0    00000080                     : roundf.obj (.text:__c6xabi_roundf)
                  0c034640    00000080                     : boot.obj (.text:_c_int00)
                  0c0346c0    00000080     mwio4.lib : PEV_LIB.obj (.text)
                  0c034740    00000080               : mw_i2c.obj (.text)
                  0c0347c0    00000060     rts6600_elf.lib : cpp_init.obj (.text:__TI_cpp_init)
                  0c034820    00000060                     : frcmpyd_div.obj (.text:__c6xabi_frcmpyd_div)
                  0c034880    00000060                     : llshift.obj (.text:__c6xabi_llshru)
                  0c0348e0    00000060                     : modff.obj (.text:modff)
                  0c034940    00000040                     : args_main.obj (.text:_args_main)
                  0c034980    00000020     ti.csl.ae66 : csl_gpioGetBaseAddress.oe66 (.text:CSL_GPIO_open)
                  0c0349a0    00000020     Main.obj (.text)
                  0c0349c0    00000020     rts6600_elf.lib : errno.obj (.text:__c6xabi_errno_addr)
                  0c0349e0    00000020                     : trunc.obj (.text:__c6xabi_trunc)
                  0c034a00    00000020                     : truncf.obj (.text:__c6xabi_truncf)
                  0c034a20    00000020                     : exit.obj (.text:abort)
                  0c034a40    00000020                     : copy_decompress_none.obj (.text:decompress:none:__TI_decompress_none)
                  0c034a60    00000020                     : copy_decompress_rle.obj (.text:decompress:rle24:__TI_decompress_rle24)
                  0c034a80    00000010     mwio4.lib : EMIF16.obj ($Tramp$S$$EMF_EnableIntr_s32)
                  0c034a90    00000010               : gpio_int.obj ($Tramp$S$$GPI_init_vo)
                  0c034aa0    00000010               : mwintc.obj ($Tramp$S$$mwintc_setupApp)
                  0c034ab0    00000010               : PEV_INV_LIB.obj ($Tramp$S$$PEV_ad_set_offset)
                  0c034ac0    00000010               : EMIF16.obj ($Tramp$S$$EMF_Read_s32)
                  0c034ad0    00000010               : EMIF16.obj ($Tramp$S$$EMF_ReadFpgaBoard_s32)
                  0c034ae0    00000010               : EMIF16.obj ($Tramp$S$$EMF_Write2_s32)
                  0c034af0    00000010               : gpio_int.obj ($Tramp$S$$GPI_int_ack_vo)
                  0c034b00    00000010               : timer_lib.obj ($Tramp$S$$C6657_timer2_read)
                  0c034b10    00000010               : timer_lib.obj ($Tramp$S$$C6657_timer1_read)
                  0c034b20    00000010               : timer_lib.obj ($Tramp$S$$C6657_timer1_start)
                  0c034b30    00000010               : timer_lib.obj ($Tramp$S$$C6657_timer1_clear)
                  0c034b40    00000010               : timer_lib.obj ($Tramp$S$$C6657_timer0_read)
                  0c034b50    00000010               : timer_lib.obj ($Tramp$S$$C6657_timer0_start)
                  0c034b60    00000010               : timer_lib.obj ($Tramp$S$$C6657_timer0_clear)
                  0c034b70    00000010               : timer_lib.obj ($Tramp$S$$C6657_timer1_stop)
                  0c034b80    00000010               : timer_lib.obj ($Tramp$S$$C6657_timer0_stop)
                  0c034b90    00000010               : timer_lib.obj ($Tramp$S$$C6657_timer2_start)
                  0c034ba0    00000010               : timer_lib.obj ($Tramp$S$$C6657_timer2_clear)
                  0c034bb0    00000010               : timer_lib.obj ($Tramp$S$$C6657_timer2_stop)
                  0c034bc0    00000010               : PEV_INV_LIB.obj ($Tramp$S$$PEV_inverter_start_pwm)
                  0c034bd0    00000010               : timer_lib.obj ($Tramp$S$$C6657_timer2_disable_int)
                  0c034be0    00000010               : timer_lib.obj ($Tramp$S$$C6657_timer1_disable_int)
                  0c034bf0    00000010               : timer_lib.obj ($Tramp$S$$C6657_timer0_disable_int)
                  0c034c00    00000010               : PEV_INV_LIB.obj ($Tramp$S$$PEV_ad_disable_int)
                  0c034c10    00000010               : mwintc.obj ($Tramp$S$$IRQ_globalEnable)
                  0c034c20    00000010               : timer_lib.obj ($Tramp$S$$C6657_timer2_init)
                  0c034c30    00000010               : timer_lib.obj ($Tramp$S$$C6657_timer1_init)
                  0c034c40    00000010               : timer_lib.obj ($Tramp$S$$C6657_timer0_init)
                  0c034c50    00000010               : PEV_INV_LIB.obj ($Tramp$S$$PEV_inverter_control_break)
                  0c034c60    00000010               : PEV_INV_LIB.obj ($Tramp$S$$PEV_inverter_enable_int)
                  0c034c70    00000010               : PEV_INV_LIB.obj ($Tramp$S$$PEV_inverter_init_refload_timing)
                  0c034c80    00000010               : PEV_INV_LIB.obj ($Tramp$S$$PEV_inverter_init_adtrig_timing)
                  0c034c90    00000010               : PEV_INV_LIB.obj ($Tramp$S$$PEV_inverter_set_uvw)
                  0c034ca0    00000010               : PEV_INV_LIB.obj ($Tramp$S$$PEV_ad_set_mode)
                  0c034cb0    00000010               : PEV_INV_LIB.obj ($Tramp$S$$PEV_ad_set_range)
                  0c034cc0    00000010               : PEV_INV_LIB.obj ($Tramp$S$$PEV_sync_pwm_out)
                  0c034cd0    00000010               : PEV_INV_LIB.obj ($Tramp$S$$PEV_sync_pwm_init)
                  0c034ce0    00000010               : PEV_INV_LIB.obj ($Tramp$S$$PEV_sync_ad_out)
                  0c034cf0    00000010               : PEV_INV_LIB.obj ($Tramp$S$$PEV_sync_ad_init)
                  0c034d00    00000010               : PEV_INV_LIB.obj ($Tramp$S$$PEV_inverter_init)
                  0c034d10    00000010               : gpio_int.obj ($Tramp$S$$GPI_enable_int_vo)
                  0c034d20    00000010               : gpio_int.obj ($Tramp$S$$GPI_setVector_vo)
                  0c034d30    00000010               : PEV_INV_LIB.obj ($Tramp$S$$PEV_int_init)
                  0c034d40    00000010               : mwintc.obj ($Tramp$S$$IRQ_globalDisable)
                  0c034d50    00000010               : PEV_INV_LIB.obj ($Tramp$S$$PEV_ad_in_grp)
                  0c034d60    00000010               : PEV_INV_LIB.obj ($Tramp$S$$PEV_ad_in_st)
                  0c034d70    00000010               : PEV_INV_LIB.obj ($Tramp$S$$PEV_inverter_set_uvw_br)

.fardata   0    0c034d80    000007ec     
                  0c034d80    00000120     current_control_ver2_new.obj (.fardata:sen)
                  0c034ea0    000000a8     mwio4.lib : mw_platform.obj (.fardata)
                  0c034f48    00000084     current_control_ver2_new.obj (.fardata:LPF_motor)
                  0c034fcc    00000004     rts6600_elf.lib : errno.obj (.fardata)
                  0c034fd0    00000060                     : acos.obj (.fardata:asin_consts$1)
                  0c035030    00000048     current_control_ver2_new.obj (.fardata:d_current)
                  0c035078    00000048     current_control_ver2_new.obj (.fardata:position)
                  0c0350c0    00000048     current_control_ver2_new.obj (.fardata:q_current)
                  0c035108    00000048     current_control_ver2_new.obj (.fardata:velocity)
                  0c035150    00000044     rts6600_elf.lib : powf.obj (.fardata:A1$1)
                  0c035194    00000004     --HOLE--
                  0c035198    00000040                     : cos.obj (.fardata:R$1)
                  0c0351d8    00000040                     : sin.obj (.fardata:R$1)
                  0c035218    00000020                     : powf.obj (.fardata:A2$2)
                  0c035238    00000020                     : atanf.obj (.fardata:arctan_consts$1)
                  0c035258    00000020     current_control_ver2_new.obj (.fardata:range)
                  0c035278    0000001c     rts6600_elf.lib : expf.obj (.fardata:exp_consts$1)
                  0c035294    00000004     --HOLE--
                  0c035298    0000000c                     : powf.obj (.fardata:Q$4)
                  0c0352a4    00000004     --HOLE--
                  0c0352a8    0000000c     current_control_ver2_new.obj (.fardata:Vdc_mean$143)
                  0c0352b4    00000004     --HOLE--
                  0c0352b8    0000000c     current_control_ver2_new.obj (.fardata:Vdc_sum$142)
                  0c0352c4    00000004     --HOLE--
                  0c0352c8    0000000c     current_control_ver2_new.obj (.fardata:counter$141)
                  0c0352d4    00000004     --HOLE--
                  0c0352d8    0000000c     current_control_ver2_new.obj (.fardata:est_Qs_Z$25)
                  0c0352e4    00000004     --HOLE--
                  0c0352e8    0000000c     current_control_ver2_new.obj (.fardata:est_Qs_Z1$22)
                  0c0352f4    00000004     --HOLE--
                  0c0352f8    0000000c     current_control_ver2_new.obj (.fardata:est_wL_Z$26)
                  0c035304    00000004     --HOLE--
                  0c035308    0000000c     current_control_ver2_new.obj (.fardata:est_wL_Z1$23)
                  0c035314    00000004     --HOLE--
                  0c035318    0000000c     current_control_ver2_new.obj (.fardata:est_wM_Z$24)
                  0c035324    00000004     --HOLE--
                  0c035328    0000000c     current_control_ver2_new.obj (.fardata:est_wM_Z1$21)
                  0c035334    00000004     --HOLE--
                  0c035338    0000000c     current_control_ver2_new.obj (.fardata:goalZ$62)
                  0c035344    00000004     --HOLE--
                  0c035348    0000000c     current_control_ver2_new.obj (.fardata:hand_cmd$3)
                  0c035354    00000004     --HOLE--
                  0c035358    0000000c     current_control_ver2_new.obj (.fardata:joint_cmd$4)
                  0c035364    00000004     --HOLE--
                  0c035368    0000000c     current_control_ver2_new.obj (.fardata:loop_count_num$127)
                  0c035374    00000004     --HOLE--
                  0c035378    0000000c     current_control_ver2_new.obj (.fardata:motor_cmd$5)
                  0c035384    00000004     --HOLE--
                  0c035388    0000000c     current_control_ver2_new.obj (.fardata:p1$70)
                  0c035394    00000004     --HOLE--
                  0c035398    0000000c     current_control_ver2_new.obj (.fardata:ql_Z$133)
                  0c0353a4    00000004     --HOLE--
                  0c0353a8    0000000c     current_control_ver2_new.obj (.fardata:ql_Z1$139)
                  0c0353b4    00000004     --HOLE--
                  0c0353b8    0000000c     current_control_ver2_new.obj (.fardata:qm_Z$130)
                  0c0353c4    00000004     --HOLE--
                  0c0353c8    0000000c     current_control_ver2_new.obj (.fardata:qm_Z1$136)
                  0c0353d4    00000004     --HOLE--
                  0c0353d8    0000000c     current_control_ver2_new.obj (.fardata:qm_prev$126)
                  0c0353e4    00000004     --HOLE--
                  0c0353e8    0000000c     current_control_ver2_new.obj (.fardata:qs_Z$131)
                  0c0353f4    00000004     --HOLE--
                  0c0353f8    0000000c     current_control_ver2_new.obj (.fardata:qs_Z$28)
                  0c035404    00000004     --HOLE--
                  0c035408    0000000c     current_control_ver2_new.obj (.fardata:qs_Z$34)
                  0c035414    00000004     --HOLE--
                  0c035418    0000000c     current_control_ver2_new.obj (.fardata:qs_Z1$137)
                  0c035424    00000004     --HOLE--
                  0c035428    0000000c     current_control_ver2_new.obj (.fardata:qs_Z1$31)
                  0c035434    00000004     --HOLE--
                  0c035438    0000000c     current_control_ver2_new.obj (.fardata:qs_Z1$37)
                  0c035444    0000000c     rts6600_elf.lib : exit.obj (.fardata)
                  0c035450    0000000c     current_control_ver2_new.obj (.fardata:sign_invers$128)
                  0c03545c    00000004     --HOLE--
                  0c035460    0000000c     current_control_ver2_new.obj (.fardata:start_hand)
                  0c03546c    00000004     --HOLE--
                  0c035470    0000000c     current_control_ver2_new.obj (.fardata:wl_Z$132)
                  0c03547c    00000004     --HOLE--
                  0c035480    0000000c     current_control_ver2_new.obj (.fardata:wl_Z$29)
                  0c03548c    00000004     --HOLE--
                  0c035490    0000000c     current_control_ver2_new.obj (.fardata:wl_Z$35)
                  0c03549c    00000004     --HOLE--
                  0c0354a0    0000000c     current_control_ver2_new.obj (.fardata:wl_Z1$138)
                  0c0354ac    00000004     --HOLE--
                  0c0354b0    0000000c     current_control_ver2_new.obj (.fardata:wl_Z1$32)
                  0c0354bc    00000004     --HOLE--
                  0c0354c0    0000000c     current_control_ver2_new.obj (.fardata:wl_Z1$38)
                  0c0354cc    00000004     --HOLE--
                  0c0354d0    0000000c     current_control_ver2_new.obj (.fardata:wm_Z$129)
                  0c0354dc    00000004     --HOLE--
                  0c0354e0    0000000c     current_control_ver2_new.obj (.fardata:wm_Z$27)
                  0c0354ec    00000004     --HOLE--
                  0c0354f0    0000000c     current_control_ver2_new.obj (.fardata:wm_Z$33)
                  0c0354fc    00000004     --HOLE--
                  0c035500    0000000c     current_control_ver2_new.obj (.fardata:wm_Z1$135)
                  0c03550c    00000004     --HOLE--
                  0c035510    0000000c     current_control_ver2_new.obj (.fardata:wm_Z1$30)
                  0c03551c    00000004     --HOLE--
                  0c035520    0000000c     current_control_ver2_new.obj (.fardata:wm_Z1$36)
                  0c03552c    00000004     --HOLE--
                  0c035530    0000000c     current_control_ver2_new.obj (.fardata:wm_prev$125)
                  0c03553c    00000004     --HOLE--
                  0c035540    0000000c     current_control_ver2_new.obj (.fardata:z_Z$134)
                  0c03554c    00000004     --HOLE--
                  0c035550    0000000c     current_control_ver2_new.obj (.fardata:z_Z1$140)
                  0c03555c    00000004     --HOLE--
                  0c035560    00000008     current_control_ver2_new.obj (.fardata:loop_count_num$145)
                  0c035568    00000004     rts6600_elf.lib : powf.obj (.fardata:P$3)

.far       0    0c03556c    0000000c     UNINITIALIZED
                  0c03556c    0000000c     mwio4.lib : EMIF16.obj (.far)

.const     0    0c035580    00000078     
                  0c035580    00000020     current_control_ver2_new.obj (.const:$P$T1$17)
                  0c0355a0    00000020     current_control_ver2_new.obj (.const:$P$T2$18)
                  0c0355c0    0000000c     current_control_ver2_new.obj (.const:$P$T0$16)
                  0c0355cc    00000004     --HOLE-- [fill = 0]
                  0c0355d0    0000000c     current_control_ver2_new.obj (.const:$P$T3$144)
                  0c0355dc    00000004     --HOLE-- [fill = 0]
                  0c0355e0    00000008     current_control_ver2_new.obj (.const:cmd_1_soft)
                  0c0355e8    00000008     current_control_ver2_new.obj (.const:cmd_2_soft)
                  0c0355f0    00000008     current_control_ver2_new.obj (.const:cmd_3_soft)

.switch    0    0c035600    00000010     
                  0c035600    00000010     mwio4.lib : mw_flash.obj (.switch:mw_nor_erase)

.cinit     0    0c035680    00002348     
                  0c035680    00002069     (.cinit..data_2.load) [load image, compression = rle]
                  0c0376e9    00000003     --HOLE-- [fill = 0]
                  0c0376ec    0000023f     (.cinit..fardata.load) [load image, compression = rle]
                  0c03792b    00000001     --HOLE-- [fill = 0]
                  0c03792c    00000057     (.cinit..neardata.load) [load image, compression = rle]
                  0c037983    00000001     --HOLE-- [fill = 0]
                  0c037984    0000001a     (.cinit..DATA_ON_HIGHER_SPEED.load) [load image, compression = rle]
                  0c03799e    00000002     --HOLE-- [fill = 0]
                  0c0379a0    00000008     (__TI_handler_table)
                  0c0379a8    00000020     (__TI_cinit_table)

.text_2    0    11e00000    000033e0     
                  11e00000    00001960     mwio4.lib : PEV_INV_LIB.obj (.text)
                  11e01960    00000640               : timer_lib.obj (.text)
                  11e01fa0    00000620               : EMIF16.obj (.text)
                  11e025c0    00000440               : mwintc.obj (.text)
                  11e02a00    00000320               : csl2_intcHwControl.obj (.text:csl_section:intc)
                  11e02d20    000001e0               : EMIF16.obj (.text:retain)
                  11e02f00    000001a0               : gpio_int.obj (.text)
                  11e030a0    00000180               : csl2_intcOpen.obj (.text:csl_section:intc)
                  11e03220    00000140               : _csl2_intcIntrEnDisRes_eabi.obj (.text)
                  11e03360    00000020               : _csl2_intcDispatcher.obj (.text:csl_section:intc)
                  11e03380    00000020               : _csl2_intcDispatcher.obj (.text:csl_section:intc:retain)
                  11e033a0    00000010     ti.csl.ae66 : csl_gpioGetBaseAddress.oe66 ($Tramp$S$$CSL_GPIO_open)
                  11e033b0    00000010     rts6600_elf.lib : fixdu.obj ($Tramp$S$$__c6xabi_fixdu)
                  11e033c0    00000010                     : divd.obj ($Tramp$S$$__c6xabi_divd)
                  11e033d0    00000010                     : divi.obj ($Tramp$S$$__c6xabi_divi)

.data_2    0    11f00000    000022b8     
                  11f00000    00000170     mwio4.lib : PEV_INV_LIB.obj (.far) [fill = 0]
                  11f00170    000000c0               : gpio_int.obj (.far) [fill = 0]
                  11f00230    00000024               : timer_lib.obj (.far) [fill = 0]
                  11f00254    00000018               : csl2_intcHwControl.obj (.switch:CSL2_intcHwControl)
                  11f0026c    00000004     --HOLE--
                  11f00270    00000040               : gpio_int.obj (.fardata:gpio_int_map)
                  11f002b0    00002008               : _mwsintbl.obj (.const:_mwSinTbl)

.stack     0    11f022b8    00001000     UNINITIALIZED
                  11f022b8    00000008     rts6600_elf.lib : boot.obj (.stack)
                  11f022c0    00000ff8     --HOLE--

.DATA_ON_HIGHER_SPEED 
*          0    11f03300    00000d40     
                  11f03300    00000d28     current_control_ver2_new.obj (.DATA_ON_HIGHER_SPEED:init)
                  11f04028    00000018     current_control_ver2_new.obj (.DATA_ON_HIGHER_SPEED:uninit) [fill = 0]

.neardata 
*          0    11f04040    00000474     
                  11f04040    00000460     current_control_ver2_new.obj (.neardata)
                  11f044a0    0000000c     mwio4.lib : timer_lib.obj (.neardata)
                  11f044ac    00000004               : csl2_intcOpen.obj (.neardata)
                  11f044b0    00000004               : mw_platform.obj (.neardata)

.bss       0    11f044b4    0000029c     UNINITIALIZED
                  11f044b4    0000028c     current_control_ver2_new.obj (.bss)
                  11f04740    00000008     mwio4.lib : EMIF16.obj (.bss)
                  11f04748    00000004               : gpio_int.obj (.bss)
                  11f0474c    00000004               : mw_spi.obj (.bss)


LINKER GENERATED COPY TABLES

__TI_cinit_table @ 0c0379a8 records: 4, size/record: 8, table size: 32
	.data_2: load addr=0c035680, load size=00002069 bytes, run addr=11f00000, run size=000022b8 bytes, compression=rle
	.fardata: load addr=0c0376ec, load size=0000023f bytes, run addr=0c034d80, run size=000007ec bytes, compression=rle
	.neardata: load addr=0c03792c, load size=00000057 bytes, run addr=11f04040, run size=00000474 bytes, compression=rle
	.DATA_ON_HIGHER_SPEED: load addr=0c037984, load size=0000001a bytes, run addr=11f03300, run size=00000d40 bytes, compression=rle


LINKER GENERATED HANDLER TABLE

__TI_handler_table @ 0c0379a0 records: 2, size/record: 4, table size: 8
	index: 0, handler: __TI_decompress_rle24
	index: 1, handler: __TI_decompress_none


FAR CALL TRAMPOLINES

callee name               trampoline name
   callee addr  tramp addr   call addr  call info
--------------  -----------  ---------  ----------------
$.text:mwio4.lib<EMIF16.obj>$0x58c  $Tramp$S$$EMF_EnableIntr_s32
   11e0252c     0c034a80     0c0349ac   Main.obj (.text)
$.text:mwio4.lib<gpio_int.obj>$0x124  $Tramp$S$$GPI_init_vo
   11e03024     0c034a90     0c0349a8   Main.obj (.text)
$.text:mwio4.lib<mwintc.obj>$0x34  $Tramp$S$$mwintc_setupApp
   11e025f4     0c034aa0     0c0349a4   Main.obj (.text)
$.text:mwio4.lib<PEV_INV_LIB.obj>$0xf98  $Tramp$S$$PEV_ad_set_offset
   11e00f98     0c034ab0     0c0346e0   mwio4.lib : PEV_LIB.obj (.text)
$.text:mwio4.lib<EMIF16.obj>$0x218  $Tramp$S$$EMF_Read_s32
   11e021b8     0c034ac0     0c032eb4   mwio4.lib : FPGA_LIB.obj (.text)
                             0c0330b0             : IPFPGA_LIB.obj (.text)
                             0c034708             : PEV_LIB.obj (.text)
$.text:mwio4.lib<EMIF16.obj>$0x28c  $Tramp$S$$EMF_ReadFpgaBoard_s32
   11e0222c     0c034ad0     0c032e28   mwio4.lib : FPGA_LIB.obj (.text)
                             0c032e88             : FPGA_LIB.obj (.text)
                             0c033014             : IPFPGA_LIB.obj (.text)
                             0c033084             : IPFPGA_LIB.obj (.text)
$.text:mwio4.lib<EMIF16.obj>$0x180  $Tramp$S$$EMF_Write2_s32
   11e02120     0c034ae0     0c032d54   mwio4.lib : FPGA_LIB.obj (.text)
                             0c032dc4             : FPGA_LIB.obj (.text)
                             0c032f44             : IPFPGA_LIB.obj (.text)
                             0c032fb0             : IPFPGA_LIB.obj (.text)
$.text:mwio4.lib<gpio_int.obj>$0xd4  $Tramp$S$$GPI_int_ack_vo
   11e02fd4     0c034af0     0c02fc20   current_control_ver2_new.obj (.text:retain)
$.text:mwio4.lib<timer_lib.obj>$0x178  $Tramp$S$$C6657_timer2_read
   11e01ad8     0c034b00     0c02fbd0   current_control_ver2_new.obj (.text:retain)
$.text:mwio4.lib<timer_lib.obj>$0x340  $Tramp$S$$C6657_timer1_read
   11e01ca0     0c034b10     0c02c678   current_control_ver2_new.obj (.text:retain)
                             0c02c6e8   current_control_ver2_new.obj (.text:retain)
                             0c02c710   current_control_ver2_new.obj (.text:retain)
                             0c02c738   current_control_ver2_new.obj (.text:retain)
                             0c02c768   current_control_ver2_new.obj (.text:retain)
                             0c02c788   current_control_ver2_new.obj (.text:retain)
                             0c02c7ec   current_control_ver2_new.obj (.text:retain)
                             0c02c80c   current_control_ver2_new.obj (.text:retain)
                             0c02c870   current_control_ver2_new.obj (.text:retain)
                             0c02c884   current_control_ver2_new.obj (.text:retain)
                             0c02eac4   current_control_ver2_new.obj (.text:retain)
                             0c02eaf4   current_control_ver2_new.obj (.text:retain)
$.text:mwio4.lib<timer_lib.obj>$0x320  $Tramp$S$$C6657_timer1_start
   11e01c80     0c034b20     0c02c674   current_control_ver2_new.obj (.text:retain)
$.text:mwio4.lib<timer_lib.obj>$0x48c  $Tramp$S$$C6657_timer1_clear
   11e01dec     0c034b30     0c02c670   current_control_ver2_new.obj (.text:retain)
$.text:mwio4.lib<timer_lib.obj>$0x4e0  $Tramp$S$$C6657_timer0_read
   11e01e40     0c034b40     0c02c568   current_control_ver2_new.obj (.text:retain)
                             0c02c590   current_control_ver2_new.obj (.text:retain)
                             0c02c5b4   current_control_ver2_new.obj (.text:retain)
                             0c02c614   current_control_ver2_new.obj (.text:retain)
                             0c02cdcc   current_control_ver2_new.obj (.text:retain)
                             0c02d8e8   current_control_ver2_new.obj (.text:retain)
                             0c02d940   current_control_ver2_new.obj (.text:retain)
                             0c02d964   current_control_ver2_new.obj (.text:retain)
$.text:mwio4.lib<timer_lib.obj>$0x4c0  $Tramp$S$$C6657_timer0_start
   11e01e20     0c034b50     0c02c418   current_control_ver2_new.obj (.text:retain)
$.text:mwio4.lib<timer_lib.obj>$0x62c  $Tramp$S$$C6657_timer0_clear
   11e01f8c     0c034b60     0c02c414   current_control_ver2_new.obj (.text:retain)
$.text:mwio4.lib<timer_lib.obj>$0x308  $Tramp$S$$C6657_timer1_stop
   11e01c68     0c034b70     0c02c3fc   current_control_ver2_new.obj (.text:retain)
$.text:mwio4.lib<timer_lib.obj>$0x4a8  $Tramp$S$$C6657_timer0_stop
   11e01e08     0c034b80     0c02c3f8   current_control_ver2_new.obj (.text:retain)
$.text:mwio4.lib<timer_lib.obj>$0x154  $Tramp$S$$C6657_timer2_start
   11e01ab4     0c034b90     0c02bbac   current_control_ver2_new.obj (.text:retain)
$.text:mwio4.lib<timer_lib.obj>$0x2ec  $Tramp$S$$C6657_timer2_clear
   11e01c4c     0c034ba0     0c02bba8   current_control_ver2_new.obj (.text:retain)
$.text:mwio4.lib<timer_lib.obj>$0x140  $Tramp$S$$C6657_timer2_stop
   11e01aa0     0c034bb0     0c02bba0   current_control_ver2_new.obj (.text:retain)
$.text:mwio4.lib<PEV_INV_LIB.obj>$0x394  $Tramp$S$$PEV_inverter_start_pwm
   11e00394     0c034bc0     0c0254ec   current_control_ver2_new.obj (.text)
                             0c0254f4   current_control_ver2_new.obj (.text)
                             0c0254f8   current_control_ver2_new.obj (.text)
$.text:mwio4.lib<timer_lib.obj>$0x298  $Tramp$S$$C6657_timer2_disable_int
   11e01bf8     0c034bd0     0c0254c0   current_control_ver2_new.obj (.text)
$.text:mwio4.lib<timer_lib.obj>$0x438  $Tramp$S$$C6657_timer1_disable_int
   11e01d98     0c034be0     0c0254b8   current_control_ver2_new.obj (.text)
$.text:mwio4.lib<timer_lib.obj>$0x5d8  $Tramp$S$$C6657_timer0_disable_int
   11e01f38     0c034bf0     0c0254b4   current_control_ver2_new.obj (.text)
$.text:mwio4.lib<PEV_INV_LIB.obj>$0x1460  $Tramp$S$$PEV_ad_disable_int
   11e01460     0c034c00     0c0254a0   current_control_ver2_new.obj (.text)
                             0c0254a8   current_control_ver2_new.obj (.text)
                             0c0254ac   current_control_ver2_new.obj (.text)
$.text:mwio4.lib<mwintc.obj>$0x3f0  $Tramp$S$$IRQ_globalEnable
   11e029b0     0c034c10     0c02549c   current_control_ver2_new.obj (.text)
$.text:mwio4.lib<timer_lib.obj>$0x1d0  $Tramp$S$$C6657_timer2_init
   11e01b30     0c034c20     0c025494   current_control_ver2_new.obj (.text)
$.text:mwio4.lib<timer_lib.obj>$0x370  $Tramp$S$$C6657_timer1_init
   11e01cd0     0c034c30     0c025488   current_control_ver2_new.obj (.text)
$.text:mwio4.lib<timer_lib.obj>$0x510  $Tramp$S$$C6657_timer0_init
   11e01e70     0c034c40     0c025478   current_control_ver2_new.obj (.text)
$.text:mwio4.lib<PEV_INV_LIB.obj>$0xda8  $Tramp$S$$PEV_inverter_control_break
   11e00da8     0c034c50     0c025458   current_control_ver2_new.obj (.text)
                             0c025464   current_control_ver2_new.obj (.text)
                             0c02546c   current_control_ver2_new.obj (.text)
$.text:mwio4.lib<PEV_INV_LIB.obj>$0xcf4  $Tramp$S$$PEV_inverter_enable_int
   11e00cf4     0c034c60     0c025444   current_control_ver2_new.obj (.text)
                             0c02544c   current_control_ver2_new.obj (.text)
                             0c025450   current_control_ver2_new.obj (.text)
$.text:mwio4.lib<PEV_INV_LIB.obj>$0x958  $Tramp$S$$PEV_inverter_init_refload_timing
   11e00958     0c034c70     0c025428   current_control_ver2_new.obj (.text)
                             0c025434   current_control_ver2_new.obj (.text)
                             0c025438   current_control_ver2_new.obj (.text)
$.text:mwio4.lib<PEV_INV_LIB.obj>$0xaa8  $Tramp$S$$PEV_inverter_init_adtrig_timing
   11e00aa8     0c034c80     0c025404   current_control_ver2_new.obj (.text)
                             0c025414   current_control_ver2_new.obj (.text)
                             0c025418   current_control_ver2_new.obj (.text)
$.text:mwio4.lib<PEV_INV_LIB.obj>$0x5e8  $Tramp$S$$PEV_inverter_set_uvw
   11e005e8     0c034c90     0c0253d0   current_control_ver2_new.obj (.text)
                             0c0253e4   current_control_ver2_new.obj (.text)
                             0c0253f4   current_control_ver2_new.obj (.text)
$.text:mwio4.lib<PEV_INV_LIB.obj>$0xfe0  $Tramp$S$$PEV_ad_set_mode
   11e00fe0     0c034ca0     0c025380   current_control_ver2_new.obj (.text)
                             0c025394   current_control_ver2_new.obj (.text)
                             0c0253a8   current_control_ver2_new.obj (.text)
$.text:mwio4.lib<PEV_INV_LIB.obj>$0xf48  $Tramp$S$$PEV_ad_set_range
   11e00f48     0c034cb0     0c025378   current_control_ver2_new.obj (.text)
                             0c025388   current_control_ver2_new.obj (.text)
                             0c0253a0   current_control_ver2_new.obj (.text)
$.text:mwio4.lib<PEV_INV_LIB.obj>$0x150  $Tramp$S$$PEV_sync_pwm_out
   11e00150     0c034cc0     0c02534c   current_control_ver2_new.obj (.text)
                             0c025360   current_control_ver2_new.obj (.text)
$.text:mwio4.lib<PEV_INV_LIB.obj>$0x260  $Tramp$S$$PEV_sync_pwm_init
   11e00260     0c034cd0     0c02532c   current_control_ver2_new.obj (.text)
                             0c025334   current_control_ver2_new.obj (.text)
                             0c025344   current_control_ver2_new.obj (.text)
$.text:mwio4.lib<PEV_INV_LIB.obj>$0x2b4  $Tramp$S$$PEV_sync_ad_out
   11e002b4     0c034ce0     0c025324   current_control_ver2_new.obj (.text)
$.text:mwio4.lib<PEV_INV_LIB.obj>$0x30c  $Tramp$S$$PEV_sync_ad_init
   11e0030c     0c034cf0     0c025300   current_control_ver2_new.obj (.text)
                             0c02530c   current_control_ver2_new.obj (.text)
                             0c025314   current_control_ver2_new.obj (.text)
$.text:mwio4.lib<PEV_INV_LIB.obj>$0xb84  $Tramp$S$$PEV_inverter_init
   11e00b84     0c034d00     0c0252d0   current_control_ver2_new.obj (.text)
                             0c0252e4   current_control_ver2_new.obj (.text)
                             0c0252f4   current_control_ver2_new.obj (.text)
$.text:mwio4.lib<gpio_int.obj>$0x14c  $Tramp$S$$GPI_enable_int_vo
   11e0304c     0c034d10     0c0252b0   current_control_ver2_new.obj (.text)
$.text:mwio4.lib<gpio_int.obj>$0x0  $Tramp$S$$GPI_setVector_vo
   11e02f00     0c034d20     0c0252a0   current_control_ver2_new.obj (.text)
$.text:mwio4.lib<PEV_INV_LIB.obj>$0xde0  $Tramp$S$$PEV_int_init
   11e00de0     0c034d30     0c02528c   current_control_ver2_new.obj (.text)
$.text:mwio4.lib<mwintc.obj>$0x410  $Tramp$S$$IRQ_globalDisable
   11e029d0     0c034d40     0c024f20   current_control_ver2_new.obj (.text)
$.text:mwio4.lib<PEV_INV_LIB.obj>$0x106c  $Tramp$S$$PEV_ad_in_grp
   11e0106c     0c034d50     0c01aa24   current_control_ver2_new.obj (.text)
                             0c01acf0   current_control_ver2_new.obj (.text)
$.text:mwio4.lib<PEV_INV_LIB.obj>$0x1040  $Tramp$S$$PEV_ad_in_st
   11e01040     0c034d60     0c01a9e8   current_control_ver2_new.obj (.text)
                             0c01aa10   current_control_ver2_new.obj (.text)
                             0c01aa20   current_control_ver2_new.obj (.text)
                             0c01acb0   current_control_ver2_new.obj (.text)
                             0c01ace0   current_control_ver2_new.obj (.text)
                             0c01acec   current_control_ver2_new.obj (.text)
$.text:mwio4.lib<PEV_INV_LIB.obj>$0x3cc  $Tramp$S$$PEV_inverter_set_uvw_br
   11e003cc     0c034d70     0c019a6c   current_control_ver2_new.obj (.text)
                             0c019a94   current_control_ver2_new.obj (.text)
                             0c019ab8   current_control_ver2_new.obj (.text)
$.text:CSL_GPIO_open:ti.csl.ae66<csl_gpioGetBaseAddress.oe66>$0x0  $Tramp$S$$CSL_GPIO_open
   0c034980     11e033a0     11e03028   mwio4.lib : gpio_int.obj (.text)
$.text:__c6xabi_fixdu:rts6600_elf.lib<fixdu.obj>$0x0  $Tramp$S$$__c6xabi_fixdu
   0c034540     11e033b0     11e01a1c   mwio4.lib : timer_lib.obj (.text)
                             11e01b90             : timer_lib.obj (.text)
                             11e01d30             : timer_lib.obj (.text)
                             11e01ed0             : timer_lib.obj (.text)
$.text:__c6xabi_divd:rts6600_elf.lib<divd.obj>$0x0  $Tramp$S$$__c6xabi_divd
   0c0314c0     11e033c0     11e01a14   mwio4.lib : timer_lib.obj (.text)
                             11e01b88             : timer_lib.obj (.text)
                             11e01d28             : timer_lib.obj (.text)
                             11e01ec8             : timer_lib.obj (.text)
$.text:__divi:rts6600_elf.lib<divi.obj>$0x0  $Tramp$S$$__c6xabi_divi
   0c033f60     11e033d0     11e001f8   mwio4.lib : PEV_INV_LIB.obj (.text)
                             11e00448             : PEV_INV_LIB.obj (.text)
                             11e00470             : PEV_INV_LIB.obj (.text)
                             11e00658             : PEV_INV_LIB.obj (.text)
                             11e00684             : PEV_INV_LIB.obj (.text)
                             11e00a48             : PEV_INV_LIB.obj (.text)
                             11e00b24             : PEV_INV_LIB.obj (.text)
                             11e00bec             : PEV_INV_LIB.obj (.text)

[52 trampolines]
[124 trampoline calls]


GLOBAL SYMBOLS: SORTED ALPHABETICALLY BY Name 

address    name
--------   ----
0c02af78   BrakeController
0c034a20   C$$EXIT
11e01f8c   C6657_timer0_clear
11e01f78   C6657_timer0_clear_eventflag
11e01f38   C6657_timer0_disable_int
11e01ee4   C6657_timer0_enable_int
11e01e70   C6657_timer0_init
11e01e4c   C6657_timer0_init_vector
11e01e40   C6657_timer0_read
11e01e20   C6657_timer0_start
11e01e08   C6657_timer0_stop
11e01df8   C6657_timer0_write
11e01dec   C6657_timer1_clear
11e01de0   C6657_timer1_clear_eventflag
11e01d98   C6657_timer1_disable_int
11e01d44   C6657_timer1_enable_int
11e01cd0   C6657_timer1_init
11e01cac   C6657_timer1_init_vector
11e01ca0   C6657_timer1_read
11e01c80   C6657_timer1_start
11e01c68   C6657_timer1_stop
11e01c58   C6657_timer1_write
11e01c4c   C6657_timer2_clear
11e01c40   C6657_timer2_clear_eventflag
11e01bf8   C6657_timer2_disable_int
11e01ba4   C6657_timer2_enable_int
11e01b30   C6657_timer2_init
11e01ae8   C6657_timer2_init_vector
11e01ad8   C6657_timer2_read
11e01ab4   C6657_timer2_start
11e01aa0   C6657_timer2_stop
11e01a94   C6657_timer2_write
11e01a84   C6657_timer3_hi_clear_eventflag
11e01a2c   C6657_timer3_hi_enable_int
11e019b8   C6657_timer3_hi_init
11e01994   C6657_timer3_hi_init_vector
11e01974   C6657_timer3_hi_start
11e01960   C6657_timer3_hi_stop
11e02a00   CSL2_intcHwControl
11e030b4   CSL2_intcOpen2
11e030a0   CSL2_loadResource
0c034980   CSL_GPIO_open
11e032a8   CSL_intcGlobalEnable
11e03300   CSL_intcGlobalNmiEnable
11e03240   CSL_intcInterruptDisable
11e03220   CSL_intcInterruptEnable
0c01b300   CalcDynamicsInit
0c0213d0   CalcFDTDTSOBInit
0c01f570   CalcFDTDWrInit_QmrefInputType
0c029c78   CalcFDTDWrInit_QmrefInputType_1st2nd
0c02b544   CalcFDTDWrInit_QmrefInputType_2nd
0c027b80   CalcFDTDWr_QmrefInputType
0c02770c   CalcGravIcmp
0c02a8a0   CalcHandCmd
0c02abd0   CalcInverseCmd
0c02784c   CalcJl
0c01a984   CalcOffset
0c029394   CalcPVGain
0c023b20   CalcPVGainInitCDM
0c02b450   CalcPref2axis
0c02b250   CalcPrefRep2axis
0c02b04c   CalcPrefRep3axis
0c028c84   CalcTauLDyn
0c02aea4   CalcVdcMean
0c02bae0   ControlFunction
0c027690   DecouplingControl
11e0252c   EMF_EnableIntr_s32
11e02d20   EMF_ErrIntr_vo
11f04744   EMF_ExtWaitErrCnt_u32s
11f04740   EMF_ExtWaitErrInfo_u32s
11e024cc   EMF_Initialization_s32
11e02414   EMF_Read2_s32
11e023a8   EMF_Read3_s32
11e022e0   EMF_ReadFlashRom_s32
11e0222c   EMF_ReadFpgaBoard_s32
11e021b8   EMF_Read_s32
11e02120   EMF_Write2_s32
11e02018   EMF_WriteFlashRom_s32
11e01fa0   EMF_Write_s32
0c03556c   EMIF_IntrErr_sts
0c030768   ENC_batt_alm_en
0c0306ac   ENC_get_abm
0c0305ec   ENC_get_abs
0c030560   ENC_get_almc
0c0304c8   ENC_get_status
0c030400   ENC_reset_abm
0c030328   ENC_reset_abs
0c030260   ENC_reset_err
0c0301a8   ENC_set_refresh
0c0300c0   ENC_ss_get_abm
0c02ffc0   ENC_ss_get_abs
0c02ff0c   ENC_ss_get_start
0c02fe60   ENC_ss_init
0c02fdac   ENC_start_abs
0c02fd00   ENC_stop_abs
0c026b84   FDTDSOB
0c025d84   FDTD_T_SOB
0c025b2c   FDTD_Tm
0c023774   FDTD_Tm_Init
0c032eb0   FPGA_get_fpga_ver
0c032e64   FPGA_read
0c032df8   FPGA_read_f32
0c032d80   FPGA_write
0c032cf0   FPGA_write_f32
11f04144   Flag_ARCS_clear
11f04140   Flag_ARCS_start
11e0306c   GPI_disable_int_vo
11e0304c   GPI_enable_int_vo
11e03024   GPI_init_vo
11e02fd4   GPI_int_ack_vo
11e02f00   GPI_setVector_vo
0c025a84   GeneratorCircle1st
0c0259d8   GeneratorCircle2nd
0c02592c   GeneratorCircle3rd
0c0257a0   GetFilterdSignal
0c01ae78   GetMultiPositions
0c02576c   GetVelocity
0c01ac64   GetVoltAndCurrent
0c0330ac   IPFPGA_get_fpga_ver
0c033060   IPFPGA_read
0c032fe8   IPFPGA_read_f32
0c032f6c   IPFPGA_write
0c032ee0   IPFPGA_write_f32
11e029d0   IRQ_globalDisable
11e029b0   IRQ_globalEnable
11e029a8   IRQ_globalRestore
0c02574c   Integrator_acc_ref
0c02572c   Integrator_acc_ref2
0c02570c   Integrator_acc_ref3
0c0256ec   Integrator_w_ref
0c0256cc   Integrator_w_ref2
0c0256ac   Integrator_w_ref3
11f0413c   Iq_off
0c034f48   LPF_motor
0c02556c   LimDiffCalcDQ
0c025504   LimitPosCmd
0c019784   Limiter
0c024f14   MW_main
0c01a724   ManyRampGenerator1stAxis
0c01a4c4   ManyRampGenerator2ndAxis
0c01a26c   ManyRampGenerator3rdAxis
11f04034   ModRatioU
11f04038   ModRatioV
11f0403c   ModRatioW
11e01914   PEV_abz_clear
11e018e0   PEV_abz_clear_resolver_err
11e018a4   PEV_abz_get_resolver_err
11e01864   PEV_abz_get_resolver_pos
11e01834   PEV_abz_in_pin
11e017e8   PEV_abz_init_maxcount
11e017a4   PEV_abz_read
11e01734   PEV_abz_set_mode
11e016e8   PEV_abz_write
11e01494   PEV_ad_abz_read
11e01460   PEV_ad_disable_int
11e01418   PEV_ad_enable_int
11e012b0   PEV_ad_in_4ch
11e0106c   PEV_ad_in_grp
11e01040   PEV_ad_in_st
11e00fe0   PEV_ad_set_mode
11e00f98   PEV_ad_set_offset
11e00f48   PEV_ad_set_range
11e00f10   PEV_ad_start
0c034704   PEV_get_fpga_ver
0c0346c0   PEV_init
11e00de0   PEV_int_init
11e00da8   PEV_inverter_control_break
11e00d70   PEV_inverter_control_gate
11e00d38   PEV_inverter_disable_int
11e00cf4   PEV_inverter_enable_int
11e00b84   PEV_inverter_init
11e00aa8   PEV_inverter_init_adtrig_timing
11e009b8   PEV_inverter_init_int_timing
11e00958   PEV_inverter_init_refload_timing
11e008d4   PEV_inverter_set_ab
11e007d4   PEV_inverter_set_ra
11e005e8   PEV_inverter_set_uvw
11e003cc   PEV_inverter_set_uvw_br
11e00394   PEV_inverter_start_pwm
11e00360   PEV_inverter_stop_pwm
11e0030c   PEV_sync_ad_init
11e002b4   PEV_sync_ad_out
11e00260   PEV_sync_pwm_init
11e00150   PEV_sync_pwm_out
11e00100   PEV_sync_z_out
11e000c8   PEV_updown_clear_cnt
11e00078   PEV_updown_init_maxcount
11e00034   PEV_updown_read_cnt
11e00000   PEV_updown_set_mode
0c01a224   PIcontroller
0c01a1e0   PIcontroller_withAntiwindup
0c01a1d0   Pcontroller
11f04134   Ref_Iq_ref_direct
11f04138   Ref_wM_direct
0c01a1cc   SetBDN
0c01a1c8   SetENC_CH
0c019db8   SetGain
0c019d14   SetLPF
0c019b74   SetRampParams
0c0197a4   SetVoltReferences
0c019180   StateObserver
11f03fe0   Tm_sub
0c018a00   TriangularAccelerationCommandGenerator
0c018044   TriangularAccelerationCommandGeneratorInit
0c018000   VconPI5Axis
11f042bc   WAVE_ACC_LW8079
11f042c0   WAVE_ACC_LW8174
11f042c4   WAVE_ACC_LW8174_axis
11f042f0   WAVE_AccCmd1
11f042f8   WAVE_AccCmd2
11f04300   WAVE_AccCmd3
11f04538   WAVE_ENC1
11f0453c   WAVE_ENC2
11f04540   WAVE_ENC3
11f0452c   WAVE_ENC_temp1
11f04530   WAVE_ENC_temp2
11f04534   WAVE_ENC_temp3
11f03300   WAVE_Enc_error
11f042c8   WAVE_Fz
11f040d8   WAVE_HandX
11f040dc   WAVE_HandY
11f040e0   WAVE_HandZ
11f046d4   WAVE_Icmp1
11f046d8   WAVE_Icmp2
11f046dc   WAVE_Icmp3
11f04520   WAVE_Idc1
11f04524   WAVE_Idc2
11f04528   WAVE_Idc3
11f046ec   WAVE_Iff_1
11f046f0   WAVE_Iff_2
11f046f4   WAVE_Iff_3
11f045c0   WAVE_Iq1
11f045c4   WAVE_Iq2
11f045c8   WAVE_Iq3
11f04650   WAVE_IrefD1
11f04654   WAVE_IrefD2
11f04658   WAVE_IrefD3
11f0465c   WAVE_IrefQ1
11f04660   WAVE_IrefQ2
11f04664   WAVE_IrefQ3
11f044fc   WAVE_IresD1
11f04500   WAVE_IresD2
11f04504   WAVE_IresD3
11f04508   WAVE_IresQ1
11f0450c   WAVE_IresQ2
11f04510   WAVE_IresQ3
11f04298   WAVE_IresU1
11f0429c   WAVE_IresU2
11f042a0   WAVE_IresU3
11f042a4   WAVE_IresV1
11f042a8   WAVE_IresV2
11f042ac   WAVE_IresV3
11f042b0   WAVE_IresW1
11f042b4   WAVE_IresW2
11f042b8   WAVE_IresW3
11f045cc   WAVE_Isfb1
11f045d0   WAVE_Isfb2
11f045d4   WAVE_Isfb3
11f044f0   WAVE_Jl_calc1
11f044f4   WAVE_Jl_calc2
11f044f8   WAVE_Jl_calc3
11f040cc   WAVE_Joint1
11f040d0   WAVE_Joint2
11f040d4   WAVE_Joint3
11f04190   WAVE_Kpp1
11f041c0   WAVE_Kpp2
11f041a8   WAVE_Kpp3
11f04198   WAVE_Kvi1
11f041c8   WAVE_Kvi2
11f041b0   WAVE_Kvi3
11f04194   WAVE_Kvp1
11f041c4   WAVE_Kvp2
11f041ac   WAVE_Kvp3
11f04070   WAVE_LoopCount
11f044d8   WAVE_MRBR1
11f044dc   WAVE_MRBR2
11f044e0   WAVE_MRBR3
11f044b4   WAVE_MRU1
11f044c0   WAVE_MRU2
11f044cc   WAVE_MRU3
11f044b8   WAVE_MRV1
11f044c4   WAVE_MRV2
11f044d0   WAVE_MRV3
11f044bc   WAVE_MRW1
11f044c8   WAVE_MRW2
11f044d4   WAVE_MRW3
11f04574   WAVE_TRG_WM1
11f04578   WAVE_TRG_WM2
11f0457c   WAVE_TRG_WM3
11f040b8   WAVE_TimeACC
11f040c4   WAVE_TimeCalcCmd
11f040c8   WAVE_TimeCalcInvCmd
11f0408c   WAVE_TimeConv2dq
11f040bc   WAVE_TimeConv2uvw
11f04098   WAVE_TimeGain
11f04084   WAVE_TimeGetEnc
11f040ac   WAVE_TimeGrav
11f040c0   WAVE_TimeInsert
11f04094   WAVE_TimeJl
11f040b4   WAVE_TimeP_PI
11f04090   WAVE_TimeResRatch
11f040b0   WAVE_TimeSOB
11f04088   WAVE_TimeSetWm
11f040a4   WAVE_TimeTauLdyn
11f040a8   WAVE_TimeTm
11f040a0   WAVE_TimeWr
11f0409c   WAVE_TimeWrInit
11f04078   WAVE_Timer0
11f0407c   WAVE_Timer1
11f04080   WAVE_Timer2
11f046c8   WAVE_Tq1
11f046cc   WAVE_Tq2
11f046d0   WAVE_Tq3
11f042d8   WAVE_U_modulation
11f046fc   WAVE_VWX
11f04700   WAVE_VWY
11f04704   WAVE_VWZ
11f042dc   WAVE_V_modulation
11f04514   WAVE_Vdc1
11f04518   WAVE_Vdc2
11f0451c   WAVE_Vdc3
11f03310   WAVE_Vdc_ofst
11f042f4   WAVE_VelCmd1
11f042fc   WAVE_VelCmd2
11f04304   WAVE_VelCmd3
11f04680   WAVE_VrefD1
11f04688   WAVE_VrefD2
11f04690   WAVE_VrefD3
11f04668   WAVE_VrefD_dcpl1
11f04670   WAVE_VrefD_dcpl2
11f04678   WAVE_VrefD_dcpl3
11f04684   WAVE_VrefQ1
11f0468c   WAVE_VrefQ2
11f04694   WAVE_VrefQ3
11f0466c   WAVE_VrefQ_dcpl1
11f04674   WAVE_VrefQ_dcpl2
11f0467c   WAVE_VrefQ_dcpl3
11f04608   WAVE_VrefU1
11f04614   WAVE_VrefU2
11f04620   WAVE_VrefU3
11f0460c   WAVE_VrefV1
11f04618   WAVE_VrefV2
11f04624   WAVE_VrefV3
11f04610   WAVE_VrefW1
11f0461c   WAVE_VrefW2
11f04628   WAVE_VrefW3
11f042cc   WAVE_WSX
11f042d0   WAVE_WSY
11f042d4   WAVE_WSZ
11f042e0   WAVE_W_modulation
11f041d8   WAVE_al_calc1
11f041e8   WAVE_al_calc2
11f041f8   WAVE_al_calc3
11f045e4   WAVE_am_TriAccCmd1
11f045e8   WAVE_am_TriAccCmd2
11f045ec   WAVE_am_TriAccCmd3
11f04278   WAVE_est_ISOB_qs1
11f04284   WAVE_est_ISOB_qs2
11f04290   WAVE_est_ISOB_qs3
11f0427c   WAVE_est_ISOB_wl1
11f04288   WAVE_est_ISOB_wl2
11f04294   WAVE_est_ISOB_wl3
11f04274   WAVE_est_ISOB_wm1
11f04280   WAVE_est_ISOB_wm2
11f0428c   WAVE_est_ISOB_wm3
11f04230   WAVE_est_conv_qs1
11f0423c   WAVE_est_conv_qs2
11f04248   WAVE_est_conv_qs3
11f04234   WAVE_est_conv_wl1
11f04240   WAVE_est_conv_wl2
11f0424c   WAVE_est_conv_wl3
11f0422c   WAVE_est_conv_wm1
11f04238   WAVE_est_conv_wm2
11f04244   WAVE_est_conv_wm3
11f04254   WAVE_est_prop_qs1
11f04260   WAVE_est_prop_qs2
11f0426c   WAVE_est_prop_qs3
11f04258   WAVE_est_prop_wl1
11f04264   WAVE_est_prop_wl2
11f04270   WAVE_est_prop_wl3
11f04250   WAVE_est_prop_wm1
11f0425c   WAVE_est_prop_wm2
11f04268   WAVE_est_prop_wm3
11f0420c   WAVE_est_qs1
11f04218   WAVE_est_qs2
11f04224   WAVE_est_qs3
11f04210   WAVE_est_wl1
11f0421c   WAVE_est_wl2
11f04228   WAVE_est_wl3
11f04208   WAVE_est_wm1
11f04214   WAVE_est_wm2
11f04220   WAVE_est_wm3
11f041a0   WAVE_fqs1
11f041d0   WAVE_fqs2
11f041b8   WAVE_fqs3
11f041a4   WAVE_fwl1
11f041d4   WAVE_fwl2
11f041bc   WAVE_fwl3
11f0419c   WAVE_fwm1
11f041cc   WAVE_fwm2
11f041b4   WAVE_fwm3
11f040e4   WAVE_fx
11f040e8   WAVE_fy
11f040ec   WAVE_fz
11f045d8   WAVE_jark1
11f045dc   WAVE_jark2
11f045e0   WAVE_jark3
11f03304   WAVE_ofst_Iu
11f03308   WAVE_ofst_Iv
11f0330c   WAVE_ofst_Iw
11f046b0   WAVE_omega_rm1
11f046bc   WAVE_omega_rm1_ref
11f046b4   WAVE_omega_rm2
11f046c0   WAVE_omega_rm2_ref
11f046b8   WAVE_omega_rm3
11f046c4   WAVE_omega_rm3_ref
11f045b4   WAVE_ql1
11f045b8   WAVE_ql2
11f045bc   WAVE_ql3
11f041e0   WAVE_ql_calc1
11f041f0   WAVE_ql_calc2
11f04200   WAVE_ql_calc3
11f0459c   WAVE_qm1
11f045a0   WAVE_qm2
11f045a4   WAVE_qm3
11f045fc   WAVE_qm_TriAccCmd1
11f04600   WAVE_qm_TriAccCmd2
11f04604   WAVE_qm_TriAccCmd3
11f045a8   WAVE_qm_ref1
11f045ac   WAVE_qm_ref2
11f045b0   WAVE_qm_ref3
11f046f8   WAVE_tauL_dyn_2nd
11f044e4   WAVE_tauLdyn1
11f044e8   WAVE_tauLdyn2
11f044ec   WAVE_tauLdyn3
11f04568   WAVE_theta_re1
11f0456c   WAVE_theta_re2
11f04570   WAVE_theta_re3
11f04544   WAVE_theta_rm1
11f04548   WAVE_theta_rm2
11f0454c   WAVE_theta_rm3
11f0455c   WAVE_theta_rm_full1
11f04560   WAVE_theta_rm_full2
11f04564   WAVE_theta_rm_full3
11f04550   WAVE_theta_rm_ref1
11f04554   WAVE_theta_rm_ref2
11f04558   WAVE_theta_rm_ref3
11f04698   WAVE_vd_lim_dif1
11f046a0   WAVE_vd_lim_dif2
11f046a8   WAVE_vd_lim_dif3
11f0469c   WAVE_vq_lim_dif1
11f046a4   WAVE_vq_lim_dif2
11f046ac   WAVE_vq_lim_dif3
11f0462c   WAVE_vu_ref_stand1
11f04638   WAVE_vu_ref_stand2
11f04644   WAVE_vu_ref_stand3
11f04630   WAVE_vv_ref_stand1
11f0463c   WAVE_vv_ref_stand2
11f04648   WAVE_vv_ref_stand3
11f04634   WAVE_vw_ref_stand1
11f04640   WAVE_vw_ref_stand2
11f0464c   WAVE_vw_ref_stand3
11f041dc   WAVE_wl_calc1
11f041ec   WAVE_wl_calc2
11f041fc   WAVE_wl_calc3
11f04580   WAVE_wm1
11f04584   WAVE_wm2
11f04588   WAVE_wm3
11f045f0   WAVE_wm_TriAccCmd1
11f045f4   WAVE_wm_TriAccCmd2
11f045f8   WAVE_wm_TriAccCmd3
11f041e4   WAVE_wm_calc1
11f041f4   WAVE_wm_calc2
11f04204   WAVE_wm_calc3
11f04590   WAVE_wm_ref1
11f04594   WAVE_wm_ref2
11f04598   WAVE_wm_ref3
11f0458c   WAVE_wm_ref_org
11f03aa8   Wr_sub
11e03380   _CSL2_intcDispatcherDummy
11e032c8   _CSL_intcGlobalDisable
11e0333c   _CSL_intcGlobalExcepClear
11e03314   _CSL_intcGlobalExcepEnable
11e03328   _CSL_intcGlobalExtExcepEnable
11e032e8   _CSL_intcGlobalRestore
11e03260   _CSL_intcInterruptClear
11e03278   _CSL_intcInterruptRestore
11e0326c   _CSL_intcInterruptSet
11e03290   _CSL_intcQueryInterruptStatus
0c0379a8   __TI_CINIT_Base
0c0379c8   __TI_CINIT_Limit
0c0379a0   __TI_Handler_Table_Base
0c0379a8   __TI_Handler_Table_Limit
UNDEFED    __TI_INITARRAY_Base
UNDEFED    __TI_INITARRAY_Limit
11f032b8   __TI_STACK_END
00001000   __TI_STACK_SIZE
11f04040   __TI_STATIC_BASE
UNDEFED    __TI_TLS_INIT_Base
UNDEFED    __TI_TLS_INIT_Limit
00000001   __TI_args_main
0c0347c0   __TI_cpp_init
0c034a40   __TI_decompress_none
0c034a60   __TI_decompress_rle24
0c03544c   __TI_enable_exit_profile_output
ffffffff   __TI_pprof_out_hndl
ffffffff   __TI_prof_data_size
ffffffff   __TI_prof_data_start
0c0342a0   __TI_tls_init
ffffffff   __binit__
0c0314c0   __c6xabi_divd
0c0327a0   __c6xabi_divf
0c033f60   __c6xabi_divi
0c034120   __c6xabi_divu
0c0349c0   __c6xabi_errno_addr
0c034540   __c6xabi_fixdu
0c034820   __c6xabi_frcmpyd_div
0c034880   __c6xabi_llshru
0c034360   __c6xabi_nround
0c0345c0   __c6xabi_roundf
0c0349e0   __c6xabi_trunc
0c034a00   __c6xabi_truncf
ffffffff   __c_args__
0c033f60   __divi
0c034120   __divu
0c034fcc   __errno
0c034940   _args_main
0c033c60   _auto_init_elf
0c034640   _c_int00
0c035444   _cleanup_ptr
0c035448   _dtors_ptr
11f002b0   _mwSinTbl
11f022b8   _stack
0c034a20   abort
0c0330e0   acos
11f04028   ad1
11f0402c   ad2
11f04030   ad3
0c033a00   atan2f
0c033d60   atanf
ffffffff   binit
11e02688   cic0Out2Evnt
0c033e60   copy_in
0c0324e0   cos
11f0406c   counter_2
0c032cc8   cvt_to_float_from_u32
0c032ca0   cvt_to_u32_from_float
0c035030   d_current
11f03318   debug
11f03328   debug2
11f03338   debug3
11f0414c   debug_theta
11f04178   down_rotation_flag2
11f04180   down_rotation_flag3
11f04188   down_rotation_flag5
11f03d18   dyn
0c034fcc   errno
0c034740   evmI2CInit
0c0341e0   exit
0c0332c0   expf
11f04100   flag_CircleStart1
11f04104   flag_CircleStart2
11f04108   flag_CircleStart3
11f0405c   flag_FBgain
11f04064   flag_FF
11f04074   flag_FF_triple
11f04060   flag_PPgain
11f04068   flag_SOB
11f04058   flag_Vdc_setted
11f04040   flag_cont_start
11f04044   flag_dead
11f0404c   flag_debug
11f04054   flag_delay
11f04048   flag_dyn_payload
11f0410c   flag_end1
11f04110   flag_end2
11f04114   flag_end3
11f040f8   flag_first_back
11f040f4   flag_first_go
11f040fc   flag_hard
11f04118   flag_on
11f04050   flag_pv
11f040f0   flag_reposition
0c0335e0   frexpf
11f00270   gpio_int_map
11f03e98   gsub
11f04748   hGpio
0c030d74   i2cEepromGetStatus2
0c030bf8   i2cEepromRead2
0c030868   i2cEepromWriteBlock2
0c030ae0   i2cEepromWriteByteAddr2
11e02968   int_begin_nestint
11e02918   int_end_nestint
11f00170   intcObj
11f03348   joint
0c033740   ldexpf
11f04170   left_rotation_flag
11f04150   load_angle_limit_deg1
11f04154   load_angle_limit_deg2
11f04158   load_angle_limit_deg3
11f0415c   load_angle_limit_deg5
11f04160   load_angle_limit_rad1
11f04164   load_angle_limit_rad2
11f04168   load_angle_limit_rad3
11f0416c   load_angle_limit_rad5
0c0349a0   main
0c034400   memcpy
0c034040   memset
0c0344a0   modf
0c0348e0   modff
0c0324a4   mw_Osal_platformSpiCsEnter
0c032490   mw_Osal_platformSpiCsExit
11f044ac   mw_gp__CSL_intcCpuIntrTable
0c032098   mw_nor_erase
0c03202c   mw_nor_get_details
0c031fb8   mw_nor_init
0c031f04   mw_nor_read
0c031e40   mw_nor_write
0c032470   mw_platform_delaycycles
0c032404   mw_platform_device_close
0c0323c4   mw_platform_device_erase_block
0c0322ec   mw_platform_device_open
0c032250   mw_platform_device_read
0c0321b4   mw_platform_device_write
11f044b0   mw_platform_errno
11e03360   mw_setVect
0c031cb8   mw_spi_claim
0c031c4c   mw_spi_cmd
0c031c40   mw_spi_cmd_read
0c031c30   mw_spi_cmd_write
0c031bc4   mw_spi_release
0c031a80   mw_spi_xfer
11e02904   mwintc_clearSysInterrupt
11e028ec   mwintc_disableHostInterrupt
11e028d4   mwintc_disableSysInterrupt
11e028c0   mwintc_enableHostInterrupt
11e028a8   mwintc_enableSysInterrupt
11e02878   mwintc_getInterruptStatus
11e02860   mwintc_mapSystemIntrToChannel
11e02714   mwintc_setup
11e02794   mwintc_setup2
11e025f4   mwintc_setupApp
11f03948   ob_sub
0c0321a0   platform_write
0c035078   position
0c030ee0   powf
0c0350c0   q_current
0c035258   range
11f042e4   ref_Iq_direct1
11f042e8   ref_Iq_direct2
11f042ec   ref_Iq_direct3
11f046e0   ref_Iq_freq_direct1
11f046e4   ref_Iq_freq_direct2
11f046e8   ref_Iq_freq_direct3
11f04148   ref_wm_direct
11f04174   right_rotation_flag
0c034d80   sen
0c032a20   sin
0c0338a0   sqrt
0c033b40   sqrtf
11f04128   start_back1
11f0412c   start_back2
11f04130   start_back3
11f0411c   start_go1
11f04120   start_go2
11f04124   start_go3
11f044a0   tmr1regs
11f044a4   tmr2regs
11f044a8   tmr3regs
11f03e20   tri
11f0417c   up_rotation_flag2
11f04184   up_rotation_flag3
11f0418c   up_rotation_flag5
0c035108   velocity


GLOBAL SYMBOLS: SORTED BY Symbol Address 

address    name
--------   ----
00000001   __TI_args_main
00001000   __TI_STACK_SIZE
0c018000   VconPI5Axis
0c018044   TriangularAccelerationCommandGeneratorInit
0c018a00   TriangularAccelerationCommandGenerator
0c019180   StateObserver
0c019784   Limiter
0c0197a4   SetVoltReferences
0c019b74   SetRampParams
0c019d14   SetLPF
0c019db8   SetGain
0c01a1c8   SetENC_CH
0c01a1cc   SetBDN
0c01a1d0   Pcontroller
0c01a1e0   PIcontroller_withAntiwindup
0c01a224   PIcontroller
0c01a26c   ManyRampGenerator3rdAxis
0c01a4c4   ManyRampGenerator2ndAxis
0c01a724   ManyRampGenerator1stAxis
0c01a984   CalcOffset
0c01ac64   GetVoltAndCurrent
0c01ae78   GetMultiPositions
0c01b300   CalcDynamicsInit
0c01f570   CalcFDTDWrInit_QmrefInputType
0c0213d0   CalcFDTDTSOBInit
0c023774   FDTD_Tm_Init
0c023b20   CalcPVGainInitCDM
0c024f14   MW_main
0c025504   LimitPosCmd
0c02556c   LimDiffCalcDQ
0c0256ac   Integrator_w_ref3
0c0256cc   Integrator_w_ref2
0c0256ec   Integrator_w_ref
0c02570c   Integrator_acc_ref3
0c02572c   Integrator_acc_ref2
0c02574c   Integrator_acc_ref
0c02576c   GetVelocity
0c0257a0   GetFilterdSignal
0c02592c   GeneratorCircle3rd
0c0259d8   GeneratorCircle2nd
0c025a84   GeneratorCircle1st
0c025b2c   FDTD_Tm
0c025d84   FDTD_T_SOB
0c026b84   FDTDSOB
0c027690   DecouplingControl
0c02770c   CalcGravIcmp
0c02784c   CalcJl
0c027b80   CalcFDTDWr_QmrefInputType
0c028c84   CalcTauLDyn
0c029394   CalcPVGain
0c029c78   CalcFDTDWrInit_QmrefInputType_1st2nd
0c02a8a0   CalcHandCmd
0c02abd0   CalcInverseCmd
0c02aea4   CalcVdcMean
0c02af78   BrakeController
0c02b04c   CalcPrefRep3axis
0c02b250   CalcPrefRep2axis
0c02b450   CalcPref2axis
0c02b544   CalcFDTDWrInit_QmrefInputType_2nd
0c02bae0   ControlFunction
0c02fd00   ENC_stop_abs
0c02fdac   ENC_start_abs
0c02fe60   ENC_ss_init
0c02ff0c   ENC_ss_get_start
0c02ffc0   ENC_ss_get_abs
0c0300c0   ENC_ss_get_abm
0c0301a8   ENC_set_refresh
0c030260   ENC_reset_err
0c030328   ENC_reset_abs
0c030400   ENC_reset_abm
0c0304c8   ENC_get_status
0c030560   ENC_get_almc
0c0305ec   ENC_get_abs
0c0306ac   ENC_get_abm
0c030768   ENC_batt_alm_en
0c030868   i2cEepromWriteBlock2
0c030ae0   i2cEepromWriteByteAddr2
0c030bf8   i2cEepromRead2
0c030d74   i2cEepromGetStatus2
0c030ee0   powf
0c0314c0   __c6xabi_divd
0c031a80   mw_spi_xfer
0c031bc4   mw_spi_release
0c031c30   mw_spi_cmd_write
0c031c40   mw_spi_cmd_read
0c031c4c   mw_spi_cmd
0c031cb8   mw_spi_claim
0c031e40   mw_nor_write
0c031f04   mw_nor_read
0c031fb8   mw_nor_init
0c03202c   mw_nor_get_details
0c032098   mw_nor_erase
0c0321a0   platform_write
0c0321b4   mw_platform_device_write
0c032250   mw_platform_device_read
0c0322ec   mw_platform_device_open
0c0323c4   mw_platform_device_erase_block
0c032404   mw_platform_device_close
0c032470   mw_platform_delaycycles
0c032490   mw_Osal_platformSpiCsExit
0c0324a4   mw_Osal_platformSpiCsEnter
0c0324e0   cos
0c0327a0   __c6xabi_divf
0c032a20   sin
0c032ca0   cvt_to_u32_from_float
0c032cc8   cvt_to_float_from_u32
0c032cf0   FPGA_write_f32
0c032d80   FPGA_write
0c032df8   FPGA_read_f32
0c032e64   FPGA_read
0c032eb0   FPGA_get_fpga_ver
0c032ee0   IPFPGA_write_f32
0c032f6c   IPFPGA_write
0c032fe8   IPFPGA_read_f32
0c033060   IPFPGA_read
0c0330ac   IPFPGA_get_fpga_ver
0c0330e0   acos
0c0332c0   expf
0c0335e0   frexpf
0c033740   ldexpf
0c0338a0   sqrt
0c033a00   atan2f
0c033b40   sqrtf
0c033c60   _auto_init_elf
0c033d60   atanf
0c033e60   copy_in
0c033f60   __c6xabi_divi
0c033f60   __divi
0c034040   memset
0c034120   __c6xabi_divu
0c034120   __divu
0c0341e0   exit
0c0342a0   __TI_tls_init
0c034360   __c6xabi_nround
0c034400   memcpy
0c0344a0   modf
0c034540   __c6xabi_fixdu
0c0345c0   __c6xabi_roundf
0c034640   _c_int00
0c0346c0   PEV_init
0c034704   PEV_get_fpga_ver
0c034740   evmI2CInit
0c0347c0   __TI_cpp_init
0c034820   __c6xabi_frcmpyd_div
0c034880   __c6xabi_llshru
0c0348e0   modff
0c034940   _args_main
0c034980   CSL_GPIO_open
0c0349a0   main
0c0349c0   __c6xabi_errno_addr
0c0349e0   __c6xabi_trunc
0c034a00   __c6xabi_truncf
0c034a20   C$$EXIT
0c034a20   abort
0c034a40   __TI_decompress_none
0c034a60   __TI_decompress_rle24
0c034d80   sen
0c034f48   LPF_motor
0c034fcc   __errno
0c034fcc   errno
0c035030   d_current
0c035078   position
0c0350c0   q_current
0c035108   velocity
0c035258   range
0c035444   _cleanup_ptr
0c035448   _dtors_ptr
0c03544c   __TI_enable_exit_profile_output
0c03556c   EMIF_IntrErr_sts
0c0379a0   __TI_Handler_Table_Base
0c0379a8   __TI_CINIT_Base
0c0379a8   __TI_Handler_Table_Limit
0c0379c8   __TI_CINIT_Limit
11e00000   PEV_updown_set_mode
11e00034   PEV_updown_read_cnt
11e00078   PEV_updown_init_maxcount
11e000c8   PEV_updown_clear_cnt
11e00100   PEV_sync_z_out
11e00150   PEV_sync_pwm_out
11e00260   PEV_sync_pwm_init
11e002b4   PEV_sync_ad_out
11e0030c   PEV_sync_ad_init
11e00360   PEV_inverter_stop_pwm
11e00394   PEV_inverter_start_pwm
11e003cc   PEV_inverter_set_uvw_br
11e005e8   PEV_inverter_set_uvw
11e007d4   PEV_inverter_set_ra
11e008d4   PEV_inverter_set_ab
11e00958   PEV_inverter_init_refload_timing
11e009b8   PEV_inverter_init_int_timing
11e00aa8   PEV_inverter_init_adtrig_timing
11e00b84   PEV_inverter_init
11e00cf4   PEV_inverter_enable_int
11e00d38   PEV_inverter_disable_int
11e00d70   PEV_inverter_control_gate
11e00da8   PEV_inverter_control_break
11e00de0   PEV_int_init
11e00f10   PEV_ad_start
11e00f48   PEV_ad_set_range
11e00f98   PEV_ad_set_offset
11e00fe0   PEV_ad_set_mode
11e01040   PEV_ad_in_st
11e0106c   PEV_ad_in_grp
11e012b0   PEV_ad_in_4ch
11e01418   PEV_ad_enable_int
11e01460   PEV_ad_disable_int
11e01494   PEV_ad_abz_read
11e016e8   PEV_abz_write
11e01734   PEV_abz_set_mode
11e017a4   PEV_abz_read
11e017e8   PEV_abz_init_maxcount
11e01834   PEV_abz_in_pin
11e01864   PEV_abz_get_resolver_pos
11e018a4   PEV_abz_get_resolver_err
11e018e0   PEV_abz_clear_resolver_err
11e01914   PEV_abz_clear
11e01960   C6657_timer3_hi_stop
11e01974   C6657_timer3_hi_start
11e01994   C6657_timer3_hi_init_vector
11e019b8   C6657_timer3_hi_init
11e01a2c   C6657_timer3_hi_enable_int
11e01a84   C6657_timer3_hi_clear_eventflag
11e01a94   C6657_timer2_write
11e01aa0   C6657_timer2_stop
11e01ab4   C6657_timer2_start
11e01ad8   C6657_timer2_read
11e01ae8   C6657_timer2_init_vector
11e01b30   C6657_timer2_init
11e01ba4   C6657_timer2_enable_int
11e01bf8   C6657_timer2_disable_int
11e01c40   C6657_timer2_clear_eventflag
11e01c4c   C6657_timer2_clear
11e01c58   C6657_timer1_write
11e01c68   C6657_timer1_stop
11e01c80   C6657_timer1_start
11e01ca0   C6657_timer1_read
11e01cac   C6657_timer1_init_vector
11e01cd0   C6657_timer1_init
11e01d44   C6657_timer1_enable_int
11e01d98   C6657_timer1_disable_int
11e01de0   C6657_timer1_clear_eventflag
11e01dec   C6657_timer1_clear
11e01df8   C6657_timer0_write
11e01e08   C6657_timer0_stop
11e01e20   C6657_timer0_start
11e01e40   C6657_timer0_read
11e01e4c   C6657_timer0_init_vector
11e01e70   C6657_timer0_init
11e01ee4   C6657_timer0_enable_int
11e01f38   C6657_timer0_disable_int
11e01f78   C6657_timer0_clear_eventflag
11e01f8c   C6657_timer0_clear
11e01fa0   EMF_Write_s32
11e02018   EMF_WriteFlashRom_s32
11e02120   EMF_Write2_s32
11e021b8   EMF_Read_s32
11e0222c   EMF_ReadFpgaBoard_s32
11e022e0   EMF_ReadFlashRom_s32
11e023a8   EMF_Read3_s32
11e02414   EMF_Read2_s32
11e024cc   EMF_Initialization_s32
11e0252c   EMF_EnableIntr_s32
11e025f4   mwintc_setupApp
11e02688   cic0Out2Evnt
11e02714   mwintc_setup
11e02794   mwintc_setup2
11e02860   mwintc_mapSystemIntrToChannel
11e02878   mwintc_getInterruptStatus
11e028a8   mwintc_enableSysInterrupt
11e028c0   mwintc_enableHostInterrupt
11e028d4   mwintc_disableSysInterrupt
11e028ec   mwintc_disableHostInterrupt
11e02904   mwintc_clearSysInterrupt
11e02918   int_end_nestint
11e02968   int_begin_nestint
11e029a8   IRQ_globalRestore
11e029b0   IRQ_globalEnable
11e029d0   IRQ_globalDisable
11e02a00   CSL2_intcHwControl
11e02d20   EMF_ErrIntr_vo
11e02f00   GPI_setVector_vo
11e02fd4   GPI_int_ack_vo
11e03024   GPI_init_vo
11e0304c   GPI_enable_int_vo
11e0306c   GPI_disable_int_vo
11e030a0   CSL2_loadResource
11e030b4   CSL2_intcOpen2
11e03220   CSL_intcInterruptEnable
11e03240   CSL_intcInterruptDisable
11e03260   _CSL_intcInterruptClear
11e0326c   _CSL_intcInterruptSet
11e03278   _CSL_intcInterruptRestore
11e03290   _CSL_intcQueryInterruptStatus
11e032a8   CSL_intcGlobalEnable
11e032c8   _CSL_intcGlobalDisable
11e032e8   _CSL_intcGlobalRestore
11e03300   CSL_intcGlobalNmiEnable
11e03314   _CSL_intcGlobalExcepEnable
11e03328   _CSL_intcGlobalExtExcepEnable
11e0333c   _CSL_intcGlobalExcepClear
11e03360   mw_setVect
11e03380   _CSL2_intcDispatcherDummy
11f00170   intcObj
11f00270   gpio_int_map
11f002b0   _mwSinTbl
11f022b8   _stack
11f032b8   __TI_STACK_END
11f03300   WAVE_Enc_error
11f03304   WAVE_ofst_Iu
11f03308   WAVE_ofst_Iv
11f0330c   WAVE_ofst_Iw
11f03310   WAVE_Vdc_ofst
11f03318   debug
11f03328   debug2
11f03338   debug3
11f03348   joint
11f03948   ob_sub
11f03aa8   Wr_sub
11f03d18   dyn
11f03e20   tri
11f03e98   gsub
11f03fe0   Tm_sub
11f04028   ad1
11f0402c   ad2
11f04030   ad3
11f04034   ModRatioU
11f04038   ModRatioV
11f0403c   ModRatioW
11f04040   __TI_STATIC_BASE
11f04040   flag_cont_start
11f04044   flag_dead
11f04048   flag_dyn_payload
11f0404c   flag_debug
11f04050   flag_pv
11f04054   flag_delay
11f04058   flag_Vdc_setted
11f0405c   flag_FBgain
11f04060   flag_PPgain
11f04064   flag_FF
11f04068   flag_SOB
11f0406c   counter_2
11f04070   WAVE_LoopCount
11f04074   flag_FF_triple
11f04078   WAVE_Timer0
11f0407c   WAVE_Timer1
11f04080   WAVE_Timer2
11f04084   WAVE_TimeGetEnc
11f04088   WAVE_TimeSetWm
11f0408c   WAVE_TimeConv2dq
11f04090   WAVE_TimeResRatch
11f04094   WAVE_TimeJl
11f04098   WAVE_TimeGain
11f0409c   WAVE_TimeWrInit
11f040a0   WAVE_TimeWr
11f040a4   WAVE_TimeTauLdyn
11f040a8   WAVE_TimeTm
11f040ac   WAVE_TimeGrav
11f040b0   WAVE_TimeSOB
11f040b4   WAVE_TimeP_PI
11f040b8   WAVE_TimeACC
11f040bc   WAVE_TimeConv2uvw
11f040c0   WAVE_TimeInsert
11f040c4   WAVE_TimeCalcCmd
11f040c8   WAVE_TimeCalcInvCmd
11f040cc   WAVE_Joint1
11f040d0   WAVE_Joint2
11f040d4   WAVE_Joint3
11f040d8   WAVE_HandX
11f040dc   WAVE_HandY
11f040e0   WAVE_HandZ
11f040e4   WAVE_fx
11f040e8   WAVE_fy
11f040ec   WAVE_fz
11f040f0   flag_reposition
11f040f4   flag_first_go
11f040f8   flag_first_back
11f040fc   flag_hard
11f04100   flag_CircleStart1
11f04104   flag_CircleStart2
11f04108   flag_CircleStart3
11f0410c   flag_end1
11f04110   flag_end2
11f04114   flag_end3
11f04118   flag_on
11f0411c   start_go1
11f04120   start_go2
11f04124   start_go3
11f04128   start_back1
11f0412c   start_back2
11f04130   start_back3
11f04134   Ref_Iq_ref_direct
11f04138   Ref_wM_direct
11f0413c   Iq_off
11f04140   Flag_ARCS_start
11f04144   Flag_ARCS_clear
11f04148   ref_wm_direct
11f0414c   debug_theta
11f04150   load_angle_limit_deg1
11f04154   load_angle_limit_deg2
11f04158   load_angle_limit_deg3
11f0415c   load_angle_limit_deg5
11f04160   load_angle_limit_rad1
11f04164   load_angle_limit_rad2
11f04168   load_angle_limit_rad3
11f0416c   load_angle_limit_rad5
11f04170   left_rotation_flag
11f04174   right_rotation_flag
11f04178   down_rotation_flag2
11f0417c   up_rotation_flag2
11f04180   down_rotation_flag3
11f04184   up_rotation_flag3
11f04188   down_rotation_flag5
11f0418c   up_rotation_flag5
11f04190   WAVE_Kpp1
11f04194   WAVE_Kvp1
11f04198   WAVE_Kvi1
11f0419c   WAVE_fwm1
11f041a0   WAVE_fqs1
11f041a4   WAVE_fwl1
11f041a8   WAVE_Kpp3
11f041ac   WAVE_Kvp3
11f041b0   WAVE_Kvi3
11f041b4   WAVE_fwm3
11f041b8   WAVE_fqs3
11f041bc   WAVE_fwl3
11f041c0   WAVE_Kpp2
11f041c4   WAVE_Kvp2
11f041c8   WAVE_Kvi2
11f041cc   WAVE_fwm2
11f041d0   WAVE_fqs2
11f041d4   WAVE_fwl2
11f041d8   WAVE_al_calc1
11f041dc   WAVE_wl_calc1
11f041e0   WAVE_ql_calc1
11f041e4   WAVE_wm_calc1
11f041e8   WAVE_al_calc2
11f041ec   WAVE_wl_calc2
11f041f0   WAVE_ql_calc2
11f041f4   WAVE_wm_calc2
11f041f8   WAVE_al_calc3
11f041fc   WAVE_wl_calc3
11f04200   WAVE_ql_calc3
11f04204   WAVE_wm_calc3
11f04208   WAVE_est_wm1
11f0420c   WAVE_est_qs1
11f04210   WAVE_est_wl1
11f04214   WAVE_est_wm2
11f04218   WAVE_est_qs2
11f0421c   WAVE_est_wl2
11f04220   WAVE_est_wm3
11f04224   WAVE_est_qs3
11f04228   WAVE_est_wl3
11f0422c   WAVE_est_conv_wm1
11f04230   WAVE_est_conv_qs1
11f04234   WAVE_est_conv_wl1
11f04238   WAVE_est_conv_wm2
11f0423c   WAVE_est_conv_qs2
11f04240   WAVE_est_conv_wl2
11f04244   WAVE_est_conv_wm3
11f04248   WAVE_est_conv_qs3
11f0424c   WAVE_est_conv_wl3
11f04250   WAVE_est_prop_wm1
11f04254   WAVE_est_prop_qs1
11f04258   WAVE_est_prop_wl1
11f0425c   WAVE_est_prop_wm2
11f04260   WAVE_est_prop_qs2
11f04264   WAVE_est_prop_wl2
11f04268   WAVE_est_prop_wm3
11f0426c   WAVE_est_prop_qs3
11f04270   WAVE_est_prop_wl3
11f04274   WAVE_est_ISOB_wm1
11f04278   WAVE_est_ISOB_qs1
11f0427c   WAVE_est_ISOB_wl1
11f04280   WAVE_est_ISOB_wm2
11f04284   WAVE_est_ISOB_qs2
11f04288   WAVE_est_ISOB_wl2
11f0428c   WAVE_est_ISOB_wm3
11f04290   WAVE_est_ISOB_qs3
11f04294   WAVE_est_ISOB_wl3
11f04298   WAVE_IresU1
11f0429c   WAVE_IresU2
11f042a0   WAVE_IresU3
11f042a4   WAVE_IresV1
11f042a8   WAVE_IresV2
11f042ac   WAVE_IresV3
11f042b0   WAVE_IresW1
11f042b4   WAVE_IresW2
11f042b8   WAVE_IresW3
11f042bc   WAVE_ACC_LW8079
11f042c0   WAVE_ACC_LW8174
11f042c4   WAVE_ACC_LW8174_axis
11f042c8   WAVE_Fz
11f042cc   WAVE_WSX
11f042d0   WAVE_WSY
11f042d4   WAVE_WSZ
11f042d8   WAVE_U_modulation
11f042dc   WAVE_V_modulation
11f042e0   WAVE_W_modulation
11f042e4   ref_Iq_direct1
11f042e8   ref_Iq_direct2
11f042ec   ref_Iq_direct3
11f042f0   WAVE_AccCmd1
11f042f4   WAVE_VelCmd1
11f042f8   WAVE_AccCmd2
11f042fc   WAVE_VelCmd2
11f04300   WAVE_AccCmd3
11f04304   WAVE_VelCmd3
11f044a0   tmr1regs
11f044a4   tmr2regs
11f044a8   tmr3regs
11f044ac   mw_gp__CSL_intcCpuIntrTable
11f044b0   mw_platform_errno
11f044b4   WAVE_MRU1
11f044b8   WAVE_MRV1
11f044bc   WAVE_MRW1
11f044c0   WAVE_MRU2
11f044c4   WAVE_MRV2
11f044c8   WAVE_MRW2
11f044cc   WAVE_MRU3
11f044d0   WAVE_MRV3
11f044d4   WAVE_MRW3
11f044d8   WAVE_MRBR1
11f044dc   WAVE_MRBR2
11f044e0   WAVE_MRBR3
11f044e4   WAVE_tauLdyn1
11f044e8   WAVE_tauLdyn2
11f044ec   WAVE_tauLdyn3
11f044f0   WAVE_Jl_calc1
11f044f4   WAVE_Jl_calc2
11f044f8   WAVE_Jl_calc3
11f044fc   WAVE_IresD1
11f04500   WAVE_IresD2
11f04504   WAVE_IresD3
11f04508   WAVE_IresQ1
11f0450c   WAVE_IresQ2
11f04510   WAVE_IresQ3
11f04514   WAVE_Vdc1
11f04518   WAVE_Vdc2
11f0451c   WAVE_Vdc3
11f04520   WAVE_Idc1
11f04524   WAVE_Idc2
11f04528   WAVE_Idc3
11f0452c   WAVE_ENC_temp1
11f04530   WAVE_ENC_temp2
11f04534   WAVE_ENC_temp3
11f04538   WAVE_ENC1
11f0453c   WAVE_ENC2
11f04540   WAVE_ENC3
11f04544   WAVE_theta_rm1
11f04548   WAVE_theta_rm2
11f0454c   WAVE_theta_rm3
11f04550   WAVE_theta_rm_ref1
11f04554   WAVE_theta_rm_ref2
11f04558   WAVE_theta_rm_ref3
11f0455c   WAVE_theta_rm_full1
11f04560   WAVE_theta_rm_full2
11f04564   WAVE_theta_rm_full3
11f04568   WAVE_theta_re1
11f0456c   WAVE_theta_re2
11f04570   WAVE_theta_re3
11f04574   WAVE_TRG_WM1
11f04578   WAVE_TRG_WM2
11f0457c   WAVE_TRG_WM3
11f04580   WAVE_wm1
11f04584   WAVE_wm2
11f04588   WAVE_wm3
11f0458c   WAVE_wm_ref_org
11f04590   WAVE_wm_ref1
11f04594   WAVE_wm_ref2
11f04598   WAVE_wm_ref3
11f0459c   WAVE_qm1
11f045a0   WAVE_qm2
11f045a4   WAVE_qm3
11f045a8   WAVE_qm_ref1
11f045ac   WAVE_qm_ref2
11f045b0   WAVE_qm_ref3
11f045b4   WAVE_ql1
11f045b8   WAVE_ql2
11f045bc   WAVE_ql3
11f045c0   WAVE_Iq1
11f045c4   WAVE_Iq2
11f045c8   WAVE_Iq3
11f045cc   WAVE_Isfb1
11f045d0   WAVE_Isfb2
11f045d4   WAVE_Isfb3
11f045d8   WAVE_jark1
11f045dc   WAVE_jark2
11f045e0   WAVE_jark3
11f045e4   WAVE_am_TriAccCmd1
11f045e8   WAVE_am_TriAccCmd2
11f045ec   WAVE_am_TriAccCmd3
11f045f0   WAVE_wm_TriAccCmd1
11f045f4   WAVE_wm_TriAccCmd2
11f045f8   WAVE_wm_TriAccCmd3
11f045fc   WAVE_qm_TriAccCmd1
11f04600   WAVE_qm_TriAccCmd2
11f04604   WAVE_qm_TriAccCmd3
11f04608   WAVE_VrefU1
11f0460c   WAVE_VrefV1
11f04610   WAVE_VrefW1
11f04614   WAVE_VrefU2
11f04618   WAVE_VrefV2
11f0461c   WAVE_VrefW2
11f04620   WAVE_VrefU3
11f04624   WAVE_VrefV3
11f04628   WAVE_VrefW3
11f0462c   WAVE_vu_ref_stand1
11f04630   WAVE_vv_ref_stand1
11f04634   WAVE_vw_ref_stand1
11f04638   WAVE_vu_ref_stand2
11f0463c   WAVE_vv_ref_stand2
11f04640   WAVE_vw_ref_stand2
11f04644   WAVE_vu_ref_stand3
11f04648   WAVE_vv_ref_stand3
11f0464c   WAVE_vw_ref_stand3
11f04650   WAVE_IrefD1
11f04654   WAVE_IrefD2
11f04658   WAVE_IrefD3
11f0465c   WAVE_IrefQ1
11f04660   WAVE_IrefQ2
11f04664   WAVE_IrefQ3
11f04668   WAVE_VrefD_dcpl1
11f0466c   WAVE_VrefQ_dcpl1
11f04670   WAVE_VrefD_dcpl2
11f04674   WAVE_VrefQ_dcpl2
11f04678   WAVE_VrefD_dcpl3
11f0467c   WAVE_VrefQ_dcpl3
11f04680   WAVE_VrefD1
11f04684   WAVE_VrefQ1
11f04688   WAVE_VrefD2
11f0468c   WAVE_VrefQ2
11f04690   WAVE_VrefD3
11f04694   WAVE_VrefQ3
11f04698   WAVE_vd_lim_dif1
11f0469c   WAVE_vq_lim_dif1
11f046a0   WAVE_vd_lim_dif2
11f046a4   WAVE_vq_lim_dif2
11f046a8   WAVE_vd_lim_dif3
11f046ac   WAVE_vq_lim_dif3
11f046b0   WAVE_omega_rm1
11f046b4   WAVE_omega_rm2
11f046b8   WAVE_omega_rm3
11f046bc   WAVE_omega_rm1_ref
11f046c0   WAVE_omega_rm2_ref
11f046c4   WAVE_omega_rm3_ref
11f046c8   WAVE_Tq1
11f046cc   WAVE_Tq2
11f046d0   WAVE_Tq3
11f046d4   WAVE_Icmp1
11f046d8   WAVE_Icmp2
11f046dc   WAVE_Icmp3
11f046e0   ref_Iq_freq_direct1
11f046e4   ref_Iq_freq_direct2
11f046e8   ref_Iq_freq_direct3
11f046ec   WAVE_Iff_1
11f046f0   WAVE_Iff_2
11f046f4   WAVE_Iff_3
11f046f8   WAVE_tauL_dyn_2nd
11f046fc   WAVE_VWX
11f04700   WAVE_VWY
11f04704   WAVE_VWZ
11f04740   EMF_ExtWaitErrInfo_u32s
11f04744   EMF_ExtWaitErrCnt_u32s
11f04748   hGpio
ffffffff   __TI_pprof_out_hndl
ffffffff   __TI_prof_data_size
ffffffff   __TI_prof_data_start
ffffffff   __binit__
ffffffff   __c_args__
ffffffff   binit
UNDEFED    __TI_INITARRAY_Base
UNDEFED    __TI_INITARRAY_Limit
UNDEFED    __TI_TLS_INIT_Base
UNDEFED    __TI_TLS_INIT_Limit

[674 symbols]
