******************************************************************************
               TMS320C6x Linker PC v7.4.24                     
******************************************************************************
>> Linked Thu Aug 14 12:36:22 2025

OUTPUT FILE NAME:   <current_control_ver2_new.out>
ENTRY POINT SYMBOL: "_c_int00"  address: 0c03d900


MEMORY CONFIGURATION

         name            origin    length      used     unused   attr    fill
----------------------  --------  ---------  --------  --------  ----  --------
  IPC_ISR_REG           02620244   00000004  00000000  00000004  RWIX
  DDR3_INIT_CODE        0c000000   00018000  00000000  00018000  RW X
  USER_SRAM_1_4         0c018000   000e8000  000290fc  000bef04  RWIX
  KNL0_SRAM_1_4         10800000   000fff80  00000000  000fff80  RWIX
  KNL0_BOOT_AREA        108fff80   0000007c  00000000  0000007c  RWIX
  KNL0_MAGIC_ADDRESS    108ffffc   00000004  00000000  00000004  RWIX
  CTRL_PARAS            11800000   00000100  00000000  00000100  RWIX
  KNL1_SRAM_1_2         11800100   0003ff00  00000000  0003ff00  RWIX
  CSL_INTC              11840000   00010000  00000000  00010000  RWIX
  USER_MAGIC_ADDRESS    118fff80   00000004  00000000  00000004  R   
  KNL1_BOOT_AREA        118fff84   00000078  00000000  00000078  RWIX
  KNL1_MAGIC_ADDRESS    118ffffc   00000004  00000000  00000004  RWIX
  USER_SRAM_2_4         11e00000   00008000  000033e0  00004c20  RWIX
  USER_SRAM_3_4         11f00000   00008000  00004d30  000032d0  RWIX
  TI_BOOT_ROM           20b00000   00020000  00000000  00020000  RWIX
  KNL0_SRAM_2_4         80000000   000fe000  00000000  000fe000  RWIX
  USER_SRAM_4_4         80100000   01800000  00000000  01800000  RWIX
  KNL0_SRAM_3_4         82000000   0d000000  00000000  0d000000  RWIX
  KNL0_SRAM_4_4         8f000000   01000000  00000000  01000000  RWIX
  KNL1_SRAM_2_2         90000000   10000000  00000000  10000000  RWIX


SEGMENT ALLOCATION MAP

run origin  load origin   length   init length attrs members
----------  ----------- ---------- ----------- ----- -------
0c018000    0c018000    00026040   00026040    r-x
  0c018000    0c018000    00026040   00026040    r-x .text
0c03e040    0c03e040    00000b2c   00000b2c    rw-
  0c03e040    0c03e040    00000b2c   00000b2c    rw- .fardata
0c03eb80    0c03eb80    00000078   00000078    r--
  0c03eb80    0c03eb80    00000078   00000078    r-- .const
0c03ebf8    0c03ebf8    00000058   00000000    rw-
  0c03ebf8    0c03ebf8    00000058   00000000    rw- .far
0c03ec80    0c03ec80    00000010   00000010    r--
  0c03ec80    0c03ec80    00000010   00000010    r-- .switch
0c03ed00    0c03ed00    000024b0   000024b0    r--
  0c03ed00    0c03ed00    000024b0   000024b0    r-- .cinit
11e00000    11e00000    000033e0   000033e0    r-x
  11e00000    11e00000    000033e0   000033e0    r-x .text_2
11f00000    11f00000    000022b8   000022b8    rw-
  11f00000    11f00000    000022b8   000022b8    rw- .data_2
11f02300    11f02300    00002220   00001220    rw-
  11f02300    11f02300    00001220   00001220    rw- .DATA_ON_HIGHER_SPEED
  11f03520    11f03520    00001000   00000000    rw- .stack
11f04520    11f04520    00000858   00000560    rw-
  11f04520    11f04520    00000560   00000560    rw- .neardata
  11f04a80    11f04a80    000002f8   00000000    rw- .bss


SECTION ALLOCATION MAP

 output                                  attributes/
section   page    origin      length       input sections
--------  ----  ----------  ----------   ----------------
.text      0    0c018000    00026040     
                  0c018000    0001c1c0     current_control_ver2_new.obj (.text)
                  0c0341c0    00004440     current_control_ver2_new.obj (.text:retain)
                  0c038600    00000b20     enc.obj (.text)
                  0c039120    00000700     rts6600_elf.lib : pow.obj (.text:pow)
                  0c039820    000006c0     mwio4.lib : mw_i2c_eeprom.obj (.text)
                  0c039ee0    000005e0     rts6600_elf.lib : powf.obj (.text:powf)
                  0c03a4c0    000005c0                     : divd.obj (.text:__c6xabi_divd)
                  0c03aa80    000003c0     mwio4.lib : mw_spi.obj (.text)
                  0c03ae40    00000360               : mw_flash.obj (.text)
                  0c03b1a0    00000340               : mw_platform.obj (.text)
                  0c03b4e0    000002c0     rts6600_elf.lib : cos.obj (.text:cos)
                  0c03b7a0    00000280                     : divf.obj (.text:__c6xabi_divf)
                  0c03ba20    00000280                     : sin.obj (.text:sin)
                  0c03bca0    00000240     mwio4.lib : FPGA_LIB.obj (.text)
                  0c03bee0    00000200               : IPFPGA_LIB.obj (.text)
                  0c03c0e0    000001e0     rts6600_elf.lib : acos.obj (.text:acos)
                  0c03c2c0    000001c0                     : atan.obj (.text:atan)
                  0c03c480    000001a0                     : expf.obj (.text:expf)
                  0c03c620    00000180                     : copy_decompress_rle.obj (.text:__TI_decompress_rle_core)
                  0c03c7a0    00000180                     : atan2.obj (.text:atan2)
                  0c03c920    00000180                     : frexp.obj (.text:frexp)
                  0c03caa0    00000160                     : frexpf.obj (.text:frexpf)
                  0c03cc00    00000160                     : ldexp.obj (.text:ldexp)
                  0c03cd60    00000160                     : ldexpf.obj (.text:ldexpf)
                  0c03cec0    00000160                     : sqrt.obj (.text:sqrt)
                  0c03d020    00000100                     : autoinit.obj (.text:_auto_init_elf)
                  0c03d120    00000100                     : cpy_tbl.obj (.text:copy_in)
                  0c03d220    000000e0                     : divi.obj (.text:__divi)
                  0c03d300    000000e0                     : memset.obj (.text:memset)
                  0c03d3e0    000000c0                     : divu.obj (.text:__divu)
                  0c03d4a0    000000c0                     : exit.obj (.text:exit)
                  0c03d560    000000c0                     : tls.obj (.text:tls:init:__TI_tls_init)
                  0c03d620    000000a0                     : round.obj (.text:__c6xabi_nround)
                  0c03d6c0    000000a0                     : memcpy64.obj (.text:memcpy)
                  0c03d760    000000a0                     : modf.obj (.text:modf)
                  0c03d800    00000080                     : fixdu.obj (.text:__c6xabi_fixdu)
                  0c03d880    00000080                     : roundf.obj (.text:__c6xabi_roundf)
                  0c03d900    00000080                     : boot.obj (.text:_c_int00)
                  0c03d980    00000080     mwio4.lib : PEV_LIB.obj (.text)
                  0c03da00    00000080               : mw_i2c.obj (.text)
                  0c03da80    00000060     rts6600_elf.lib : cpp_init.obj (.text:__TI_cpp_init)
                  0c03dae0    00000060                     : frcmpyd_div.obj (.text:__c6xabi_frcmpyd_div)
                  0c03db40    00000060                     : llshift.obj (.text:__c6xabi_llshru)
                  0c03dba0    00000060                     : modff.obj (.text:modff)
                  0c03dc00    00000040                     : args_main.obj (.text:_args_main)
                  0c03dc40    00000020     ti.csl.ae66 : csl_gpioGetBaseAddress.oe66 (.text:CSL_GPIO_open)
                  0c03dc60    00000020     Main.obj (.text)
                  0c03dc80    00000020     rts6600_elf.lib : errno.obj (.text:__c6xabi_errno_addr)
                  0c03dca0    00000020                     : trunc.obj (.text:__c6xabi_trunc)
                  0c03dcc0    00000020                     : truncf.obj (.text:__c6xabi_truncf)
                  0c03dce0    00000020                     : exit.obj (.text:abort)
                  0c03dd00    00000020                     : copy_decompress_none.obj (.text:decompress:none:__TI_decompress_none)
                  0c03dd20    00000020                     : copy_decompress_rle.obj (.text:decompress:rle24:__TI_decompress_rle24)
                  0c03dd40    00000010     mwio4.lib : EMIF16.obj ($Tramp$S$$EMF_EnableIntr_s32)
                  0c03dd50    00000010               : gpio_int.obj ($Tramp$S$$GPI_init_vo)
                  0c03dd60    00000010               : mwintc.obj ($Tramp$S$$mwintc_setupApp)
                  0c03dd70    00000010               : PEV_INV_LIB.obj ($Tramp$S$$PEV_ad_set_offset)
                  0c03dd80    00000010               : EMIF16.obj ($Tramp$S$$EMF_Read_s32)
                  0c03dd90    00000010               : EMIF16.obj ($Tramp$S$$EMF_ReadFpgaBoard_s32)
                  0c03dda0    00000010               : EMIF16.obj ($Tramp$S$$EMF_Write2_s32)
                  0c03ddb0    00000010               : gpio_int.obj ($Tramp$S$$GPI_int_ack_vo)
                  0c03ddc0    00000010               : timer_lib.obj ($Tramp$S$$C6657_timer2_read)
                  0c03ddd0    00000010               : timer_lib.obj ($Tramp$S$$C6657_timer1_read)
                  0c03dde0    00000010               : timer_lib.obj ($Tramp$S$$C6657_timer1_start)
                  0c03ddf0    00000010               : timer_lib.obj ($Tramp$S$$C6657_timer1_clear)
                  0c03de00    00000010               : timer_lib.obj ($Tramp$S$$C6657_timer0_read)
                  0c03de10    00000010               : timer_lib.obj ($Tramp$S$$C6657_timer0_start)
                  0c03de20    00000010               : timer_lib.obj ($Tramp$S$$C6657_timer0_clear)
                  0c03de30    00000010               : timer_lib.obj ($Tramp$S$$C6657_timer1_stop)
                  0c03de40    00000010               : timer_lib.obj ($Tramp$S$$C6657_timer0_stop)
                  0c03de50    00000010               : timer_lib.obj ($Tramp$S$$C6657_timer2_start)
                  0c03de60    00000010               : timer_lib.obj ($Tramp$S$$C6657_timer2_clear)
                  0c03de70    00000010               : timer_lib.obj ($Tramp$S$$C6657_timer2_stop)
                  0c03de80    00000010               : PEV_INV_LIB.obj ($Tramp$S$$PEV_inverter_start_pwm)
                  0c03de90    00000010               : timer_lib.obj ($Tramp$S$$C6657_timer2_disable_int)
                  0c03dea0    00000010               : timer_lib.obj ($Tramp$S$$C6657_timer1_disable_int)
                  0c03deb0    00000010               : timer_lib.obj ($Tramp$S$$C6657_timer0_disable_int)
                  0c03dec0    00000010               : PEV_INV_LIB.obj ($Tramp$S$$PEV_ad_disable_int)
                  0c03ded0    00000010               : mwintc.obj ($Tramp$S$$IRQ_globalEnable)
                  0c03dee0    00000010               : timer_lib.obj ($Tramp$S$$C6657_timer2_init)
                  0c03def0    00000010               : timer_lib.obj ($Tramp$S$$C6657_timer1_init)
                  0c03df00    00000010               : timer_lib.obj ($Tramp$S$$C6657_timer0_init)
                  0c03df10    00000010               : PEV_INV_LIB.obj ($Tramp$S$$PEV_inverter_control_break)
                  0c03df20    00000010               : PEV_INV_LIB.obj ($Tramp$S$$PEV_inverter_enable_int)
                  0c03df30    00000010               : PEV_INV_LIB.obj ($Tramp$S$$PEV_inverter_init_refload_timing)
                  0c03df40    00000010               : PEV_INV_LIB.obj ($Tramp$S$$PEV_inverter_init_adtrig_timing)
                  0c03df50    00000010               : PEV_INV_LIB.obj ($Tramp$S$$PEV_inverter_set_uvw)
                  0c03df60    00000010               : PEV_INV_LIB.obj ($Tramp$S$$PEV_ad_set_mode)
                  0c03df70    00000010               : PEV_INV_LIB.obj ($Tramp$S$$PEV_ad_set_range)
                  0c03df80    00000010               : PEV_INV_LIB.obj ($Tramp$S$$PEV_sync_pwm_out)
                  0c03df90    00000010               : PEV_INV_LIB.obj ($Tramp$S$$PEV_sync_pwm_init)
                  0c03dfa0    00000010               : PEV_INV_LIB.obj ($Tramp$S$$PEV_sync_ad_out)
                  0c03dfb0    00000010               : PEV_INV_LIB.obj ($Tramp$S$$PEV_sync_ad_init)
                  0c03dfc0    00000010               : PEV_INV_LIB.obj ($Tramp$S$$PEV_inverter_init)
                  0c03dfd0    00000010               : gpio_int.obj ($Tramp$S$$GPI_enable_int_vo)
                  0c03dfe0    00000010               : gpio_int.obj ($Tramp$S$$GPI_setVector_vo)
                  0c03dff0    00000010               : PEV_INV_LIB.obj ($Tramp$S$$PEV_int_init)
                  0c03e000    00000010               : mwintc.obj ($Tramp$S$$IRQ_globalDisable)
                  0c03e010    00000010               : PEV_INV_LIB.obj ($Tramp$S$$PEV_ad_in_grp)
                  0c03e020    00000010               : PEV_INV_LIB.obj ($Tramp$S$$PEV_ad_in_st)
                  0c03e030    00000010               : PEV_INV_LIB.obj ($Tramp$S$$PEV_inverter_set_uvw_br)

.fardata   0    0c03e040    00000b2c     
                  0c03e040    00000120     current_control_ver2_new.obj (.fardata:sen)
                  0c03e160    000000a8     mwio4.lib : mw_platform.obj (.fardata)
                  0c03e208    00000088     rts6600_elf.lib : pow.obj (.fardata:A1$1)
                  0c03e290    00000084     current_control_ver2_new.obj (.fardata:LPF_cmd)
                  0c03e314    00000004     rts6600_elf.lib : errno.obj (.fardata)
                  0c03e318    00000084     current_control_ver2_new.obj (.fardata:LPF_motor)
                  0c03e39c    00000004     --HOLE--
                  0c03e3a0    00000060     rts6600_elf.lib : acos.obj (.fardata:asin_consts$1)
                  0c03e400    00000048     current_control_ver2_new.obj (.fardata:d_current)
                  0c03e448    00000048     current_control_ver2_new.obj (.fardata:position)
                  0c03e490    00000048     current_control_ver2_new.obj (.fardata:q_current)
                  0c03e4d8    00000048     current_control_ver2_new.obj (.fardata:velocity)
                  0c03e520    00000044     rts6600_elf.lib : powf.obj (.fardata:A1$1)
                  0c03e564    00000004     --HOLE--
                  0c03e568    00000040                     : pow.obj (.fardata:A2$2)
                  0c03e5a8    00000040                     : cos.obj (.fardata:R$1)
                  0c03e5e8    00000040                     : sin.obj (.fardata:R$1)
                  0c03e628    00000040                     : atan.obj (.fardata:arctan_consts$1)
                  0c03e668    00000038                     : pow.obj (.fardata:Q$4)
                  0c03e6a0    00000024     current_control_ver2_new.obj (.fardata:J$109)
                  0c03e6c4    00000004     --HOLE--
                  0c03e6c8    00000020     rts6600_elf.lib : atan.obj (.fardata:A$2)
                  0c03e6e8    00000020                     : powf.obj (.fardata:A2$2)
                  0c03e708    00000020                     : pow.obj (.fardata:P$3)
                  0c03e728    00000020     current_control_ver2_new.obj (.fardata:range)
                  0c03e748    0000001c     rts6600_elf.lib : expf.obj (.fardata:exp_consts$1)
                  0c03e764    00000004     --HOLE--
                  0c03e768    0000000c                     : powf.obj (.fardata:Q$4)
                  0c03e774    00000004     --HOLE--
                  0c03e778    0000000c     current_control_ver2_new.obj (.fardata:Vdc_mean$190)
                  0c03e784    00000004     --HOLE--
                  0c03e788    0000000c     current_control_ver2_new.obj (.fardata:Vdc_sum$189)
                  0c03e794    00000004     --HOLE--
                  0c03e798    0000000c     current_control_ver2_new.obj (.fardata:counter$188)
                  0c03e7a4    00000004     --HOLE--
                  0c03e7a8    0000000c     current_control_ver2_new.obj (.fardata:est_Qs_Z$29)
                  0c03e7b4    00000004     --HOLE--
                  0c03e7b8    0000000c     current_control_ver2_new.obj (.fardata:est_Qs_Z1$26)
                  0c03e7c4    00000004     --HOLE--
                  0c03e7c8    0000000c     current_control_ver2_new.obj (.fardata:est_wL_Z$30)
                  0c03e7d4    00000004     --HOLE--
                  0c03e7d8    0000000c     current_control_ver2_new.obj (.fardata:est_wL_Z1$27)
                  0c03e7e4    00000004     --HOLE--
                  0c03e7e8    0000000c     current_control_ver2_new.obj (.fardata:est_wM_Z$28)
                  0c03e7f4    00000004     --HOLE--
                  0c03e7f8    0000000c     current_control_ver2_new.obj (.fardata:est_wM_Z1$25)
                  0c03e804    00000004     --HOLE--
                  0c03e808    0000000c     current_control_ver2_new.obj (.fardata:goalZ$56)
                  0c03e814    00000004     --HOLE--
                  0c03e818    0000000c     current_control_ver2_new.obj (.fardata:goalZ$68)
                  0c03e824    00000004     --HOLE--
                  0c03e828    0000000c     current_control_ver2_new.obj (.fardata:goalZ$77)
                  0c03e834    00000004     --HOLE--
                  0c03e838    0000000c     current_control_ver2_new.obj (.fardata:hand_cmd$3)
                  0c03e844    00000004     --HOLE--
                  0c03e848    0000000c     current_control_ver2_new.obj (.fardata:hand_vel$4)
                  0c03e854    00000004     --HOLE--
                  0c03e858    0000000c     current_control_ver2_new.obj (.fardata:joint_cmd$5)
                  0c03e864    00000004     --HOLE--
                  0c03e868    0000000c     current_control_ver2_new.obj (.fardata:loop_count_num$160)
                  0c03e874    00000004     --HOLE--
                  0c03e878    0000000c     current_control_ver2_new.obj (.fardata:m_Z$180)
                  0c03e884    00000004     --HOLE--
                  0c03e888    0000000c     current_control_ver2_new.obj (.fardata:m_Z1$187)
                  0c03e894    00000004     --HOLE--
                  0c03e898    0000000c     current_control_ver2_new.obj (.fardata:motor_cmd$6)
                  0c03e8a4    00000004     --HOLE--
                  0c03e8a8    0000000c     current_control_ver2_new.obj (.fardata:motor_cmd_init$8)
                  0c03e8b4    00000004     --HOLE--
                  0c03e8b8    0000000c     current_control_ver2_new.obj (.fardata:motor_vel_cmd$7)
                  0c03e8c4    00000004     --HOLE--
                  0c03e8c8    0000000c     current_control_ver2_new.obj (.fardata:n_Z$179)
                  0c03e8d4    00000004     --HOLE--
                  0c03e8d8    0000000c     current_control_ver2_new.obj (.fardata:n_Z1$186)
                  0c03e8e4    00000004     --HOLE--
                  0c03e8e8    0000000c     current_control_ver2_new.obj (.fardata:p1$108)
                  0c03e8f4    00000004     --HOLE--
                  0c03e8f8    0000000c     current_control_ver2_new.obj (.fardata:ql_Z$166)
                  0c03e904    00000004     --HOLE--
                  0c03e908    0000000c     current_control_ver2_new.obj (.fardata:ql_Z$178)
                  0c03e914    00000004     --HOLE--
                  0c03e918    0000000c     current_control_ver2_new.obj (.fardata:ql_Z1$172)
                  0c03e924    00000004     --HOLE--
                  0c03e928    0000000c     current_control_ver2_new.obj (.fardata:ql_Z1$185)
                  0c03e934    00000004     --HOLE--
                  0c03e938    0000000c     current_control_ver2_new.obj (.fardata:qm_Z$163)
                  0c03e944    00000004     --HOLE--
                  0c03e948    0000000c     current_control_ver2_new.obj (.fardata:qm_Z$175)
                  0c03e954    00000004     --HOLE--
                  0c03e958    0000000c     current_control_ver2_new.obj (.fardata:qm_Z1$169)
                  0c03e964    00000004     --HOLE--
                  0c03e968    0000000c     current_control_ver2_new.obj (.fardata:qm_Z1$182)
                  0c03e974    00000004     --HOLE--
                  0c03e978    0000000c     current_control_ver2_new.obj (.fardata:qm_prev$159)
                  0c03e984    00000004     --HOLE--
                  0c03e988    0000000c     current_control_ver2_new.obj (.fardata:qs_Z$164)
                  0c03e994    00000004     --HOLE--
                  0c03e998    0000000c     current_control_ver2_new.obj (.fardata:qs_Z$176)
                  0c03e9a4    00000004     --HOLE--
                  0c03e9a8    0000000c     current_control_ver2_new.obj (.fardata:qs_Z$32)
                  0c03e9b4    00000004     --HOLE--
                  0c03e9b8    0000000c     current_control_ver2_new.obj (.fardata:qs_Z$38)
                  0c03e9c4    00000004     --HOLE--
                  0c03e9c8    0000000c     current_control_ver2_new.obj (.fardata:qs_Z1$170)
                  0c03e9d4    00000004     --HOLE--
                  0c03e9d8    0000000c     current_control_ver2_new.obj (.fardata:qs_Z1$183)
                  0c03e9e4    00000004     --HOLE--
                  0c03e9e8    0000000c     current_control_ver2_new.obj (.fardata:qs_Z1$35)
                  0c03e9f4    00000004     --HOLE--
                  0c03e9f8    0000000c     current_control_ver2_new.obj (.fardata:qs_Z1$41)
                  0c03ea04    0000000c     rts6600_elf.lib : exit.obj (.fardata)
                  0c03ea10    0000000c     current_control_ver2_new.obj (.fardata:sign_invers$161)
                  0c03ea1c    00000004     --HOLE--
                  0c03ea20    0000000c     current_control_ver2_new.obj (.fardata:start_hand)
                  0c03ea2c    00000004     --HOLE--
                  0c03ea30    0000000c     current_control_ver2_new.obj (.fardata:wl_Z$165)
                  0c03ea3c    00000004     --HOLE--
                  0c03ea40    0000000c     current_control_ver2_new.obj (.fardata:wl_Z$177)
                  0c03ea4c    00000004     --HOLE--
                  0c03ea50    0000000c     current_control_ver2_new.obj (.fardata:wl_Z$33)
                  0c03ea5c    00000004     --HOLE--
                  0c03ea60    0000000c     current_control_ver2_new.obj (.fardata:wl_Z$39)
                  0c03ea6c    00000004     --HOLE--
                  0c03ea70    0000000c     current_control_ver2_new.obj (.fardata:wl_Z1$171)
                  0c03ea7c    00000004     --HOLE--
                  0c03ea80    0000000c     current_control_ver2_new.obj (.fardata:wl_Z1$184)
                  0c03ea8c    00000004     --HOLE--
                  0c03ea90    0000000c     current_control_ver2_new.obj (.fardata:wl_Z1$36)
                  0c03ea9c    00000004     --HOLE--
                  0c03eaa0    0000000c     current_control_ver2_new.obj (.fardata:wl_Z1$42)
                  0c03eaac    00000004     --HOLE--
                  0c03eab0    0000000c     current_control_ver2_new.obj (.fardata:wm_Z$162)
                  0c03eabc    00000004     --HOLE--
                  0c03eac0    0000000c     current_control_ver2_new.obj (.fardata:wm_Z$174)
                  0c03eacc    00000004     --HOLE--
                  0c03ead0    0000000c     current_control_ver2_new.obj (.fardata:wm_Z$31)
                  0c03eadc    00000004     --HOLE--
                  0c03eae0    0000000c     current_control_ver2_new.obj (.fardata:wm_Z$37)
                  0c03eaec    00000004     --HOLE--
                  0c03eaf0    0000000c     current_control_ver2_new.obj (.fardata:wm_Z1$168)
                  0c03eafc    00000004     --HOLE--
                  0c03eb00    0000000c     current_control_ver2_new.obj (.fardata:wm_Z1$181)
                  0c03eb0c    00000004     --HOLE--
                  0c03eb10    0000000c     current_control_ver2_new.obj (.fardata:wm_Z1$34)
                  0c03eb1c    00000004     --HOLE--
                  0c03eb20    0000000c     current_control_ver2_new.obj (.fardata:wm_Z1$40)
                  0c03eb2c    00000004     --HOLE--
                  0c03eb30    0000000c     current_control_ver2_new.obj (.fardata:wm_prev$158)
                  0c03eb3c    00000004     --HOLE--
                  0c03eb40    0000000c     current_control_ver2_new.obj (.fardata:z_Z$167)
                  0c03eb4c    00000004     --HOLE--
                  0c03eb50    0000000c     current_control_ver2_new.obj (.fardata:z_Z1$173)
                  0c03eb5c    00000004     --HOLE--
                  0c03eb60    00000008     current_control_ver2_new.obj (.fardata:loop_count_num$192)
                  0c03eb68    00000004     rts6600_elf.lib : powf.obj (.fardata:P$3)

.const     0    0c03eb80    00000078     
                  0c03eb80    00000020     current_control_ver2_new.obj (.const:$P$T1$21)
                  0c03eba0    00000020     current_control_ver2_new.obj (.const:$P$T2$22)
                  0c03ebc0    0000000c     current_control_ver2_new.obj (.const:$P$T0$20)
                  0c03ebcc    00000004     --HOLE-- [fill = 0]
                  0c03ebd0    0000000c     current_control_ver2_new.obj (.const:$P$T3$191)
                  0c03ebdc    00000004     --HOLE-- [fill = 0]
                  0c03ebe0    00000008     current_control_ver2_new.obj (.const:cmd_1_soft)
                  0c03ebe8    00000008     current_control_ver2_new.obj (.const:cmd_2_soft)
                  0c03ebf0    00000008     current_control_ver2_new.obj (.const:cmd_3_soft)

.far       0    0c03ebf8    00000058     UNINITIALIZED
                  0c03ebf8    0000004c     current_control_ver2_new.obj (.far)
                  0c03ec44    0000000c     mwio4.lib : EMIF16.obj (.far)

.switch    0    0c03ec80    00000010     
                  0c03ec80    00000010     mwio4.lib : mw_flash.obj (.switch:mw_nor_erase)

.cinit     0    0c03ed00    000024b0     
                  0c03ed00    00002069     (.cinit..data_2.load) [load image, compression = rle]
                  0c040d69    00000003     --HOLE-- [fill = 0]
                  0c040d6c    00000393     (.cinit..fardata.load) [load image, compression = rle]
                  0c0410ff    00000001     --HOLE-- [fill = 0]
                  0c041100    00000068     (.cinit..neardata.load) [load image, compression = rle]
                  0c041168    0000001a     (.cinit..DATA_ON_HIGHER_SPEED.load) [load image, compression = rle]
                  0c041182    00000002     --HOLE-- [fill = 0]
                  0c041184    00000008     (__TI_handler_table)
                  0c04118c    00000004     --HOLE-- [fill = 0]
                  0c041190    00000020     (__TI_cinit_table)

.text_2    0    11e00000    000033e0     
                  11e00000    00001960     mwio4.lib : PEV_INV_LIB.obj (.text)
                  11e01960    00000640               : timer_lib.obj (.text)
                  11e01fa0    00000620               : EMIF16.obj (.text)
                  11e025c0    00000440               : mwintc.obj (.text)
                  11e02a00    00000320               : csl2_intcHwControl.obj (.text:csl_section:intc)
                  11e02d20    000001e0               : EMIF16.obj (.text:retain)
                  11e02f00    000001a0               : gpio_int.obj (.text)
                  11e030a0    00000180               : csl2_intcOpen.obj (.text:csl_section:intc)
                  11e03220    00000140               : _csl2_intcIntrEnDisRes_eabi.obj (.text)
                  11e03360    00000020               : _csl2_intcDispatcher.obj (.text:csl_section:intc)
                  11e03380    00000020               : _csl2_intcDispatcher.obj (.text:csl_section:intc:retain)
                  11e033a0    00000010     ti.csl.ae66 : csl_gpioGetBaseAddress.oe66 ($Tramp$S$$CSL_GPIO_open)
                  11e033b0    00000010     rts6600_elf.lib : fixdu.obj ($Tramp$S$$__c6xabi_fixdu)
                  11e033c0    00000010                     : divd.obj ($Tramp$S$$__c6xabi_divd)
                  11e033d0    00000010                     : divi.obj ($Tramp$S$$__c6xabi_divi)

.data_2    0    11f00000    000022b8     
                  11f00000    00000170     mwio4.lib : PEV_INV_LIB.obj (.far) [fill = 0]
                  11f00170    000000c0               : gpio_int.obj (.far) [fill = 0]
                  11f00230    00000024               : timer_lib.obj (.far) [fill = 0]
                  11f00254    00000018               : csl2_intcHwControl.obj (.switch:CSL2_intcHwControl)
                  11f0026c    00000004     --HOLE--
                  11f00270    00000040               : gpio_int.obj (.fardata:gpio_int_map)
                  11f002b0    00002008               : _mwsintbl.obj (.const:_mwSinTbl)

.DATA_ON_HIGHER_SPEED 
*          0    11f02300    00001220     
                  11f02300    00001208     current_control_ver2_new.obj (.DATA_ON_HIGHER_SPEED:init)
                  11f03508    00000018     current_control_ver2_new.obj (.DATA_ON_HIGHER_SPEED:uninit) [fill = 0]

.stack     0    11f03520    00001000     UNINITIALIZED
                  11f03520    00000008     rts6600_elf.lib : boot.obj (.stack)
                  11f03528    00000ff8     --HOLE--

.neardata 
*          0    11f04520    00000560     
                  11f04520    0000054c     current_control_ver2_new.obj (.neardata)
                  11f04a6c    0000000c     mwio4.lib : timer_lib.obj (.neardata)
                  11f04a78    00000004               : csl2_intcOpen.obj (.neardata)
                  11f04a7c    00000004               : mw_platform.obj (.neardata)

.bss       0    11f04a80    000002f8     UNINITIALIZED
                  11f04a80    000002e8     current_control_ver2_new.obj (.bss)
                  11f04d68    00000008     mwio4.lib : EMIF16.obj (.bss)
                  11f04d70    00000004               : gpio_int.obj (.bss)
                  11f04d74    00000004               : mw_spi.obj (.bss)


LINKER GENERATED COPY TABLES

__TI_cinit_table @ 0c041190 records: 4, size/record: 8, table size: 32
	.data_2: load addr=0c03ed00, load size=00002069 bytes, run addr=11f00000, run size=000022b8 bytes, compression=rle
	.fardata: load addr=0c040d6c, load size=00000393 bytes, run addr=0c03e040, run size=00000b2c bytes, compression=rle
	.neardata: load addr=0c041100, load size=00000068 bytes, run addr=11f04520, run size=00000560 bytes, compression=rle
	.DATA_ON_HIGHER_SPEED: load addr=0c041168, load size=0000001a bytes, run addr=11f02300, run size=00001220 bytes, compression=rle


LINKER GENERATED HANDLER TABLE

__TI_handler_table @ 0c041184 records: 2, size/record: 4, table size: 8
	index: 0, handler: __TI_decompress_rle24
	index: 1, handler: __TI_decompress_none


FAR CALL TRAMPOLINES

callee name               trampoline name
   callee addr  tramp addr   call addr  call info
--------------  -----------  ---------  ----------------
$.text:mwio4.lib<EMIF16.obj>$0x58c  $Tramp$S$$EMF_EnableIntr_s32
   11e0252c     0c03dd40     0c03dc6c   Main.obj (.text)
$.text:mwio4.lib<gpio_int.obj>$0x124  $Tramp$S$$GPI_init_vo
   11e03024     0c03dd50     0c03dc68   Main.obj (.text)
$.text:mwio4.lib<mwintc.obj>$0x34  $Tramp$S$$mwintc_setupApp
   11e025f4     0c03dd60     0c03dc64   Main.obj (.text)
$.text:mwio4.lib<PEV_INV_LIB.obj>$0xf98  $Tramp$S$$PEV_ad_set_offset
   11e00f98     0c03dd70     0c03d9a0   mwio4.lib : PEV_LIB.obj (.text)
$.text:mwio4.lib<EMIF16.obj>$0x218  $Tramp$S$$EMF_Read_s32
   11e021b8     0c03dd80     0c03beb4   mwio4.lib : FPGA_LIB.obj (.text)
                             0c03c0b0             : IPFPGA_LIB.obj (.text)
                             0c03d9c8             : PEV_LIB.obj (.text)
$.text:mwio4.lib<EMIF16.obj>$0x28c  $Tramp$S$$EMF_ReadFpgaBoard_s32
   11e0222c     0c03dd90     0c03be28   mwio4.lib : FPGA_LIB.obj (.text)
                             0c03be88             : FPGA_LIB.obj (.text)
                             0c03c014             : IPFPGA_LIB.obj (.text)
                             0c03c084             : IPFPGA_LIB.obj (.text)
$.text:mwio4.lib<EMIF16.obj>$0x180  $Tramp$S$$EMF_Write2_s32
   11e02120     0c03dda0     0c03bd54   mwio4.lib : FPGA_LIB.obj (.text)
                             0c03bdc4             : FPGA_LIB.obj (.text)
                             0c03bf44             : IPFPGA_LIB.obj (.text)
                             0c03bfb0             : IPFPGA_LIB.obj (.text)
$.text:mwio4.lib<gpio_int.obj>$0xd4  $Tramp$S$$GPI_int_ack_vo
   11e02fd4     0c03ddb0     0c038534   current_control_ver2_new.obj (.text:retain)
$.text:mwio4.lib<timer_lib.obj>$0x178  $Tramp$S$$C6657_timer2_read
   11e01ad8     0c03ddc0     0c0384ec   current_control_ver2_new.obj (.text:retain)
$.text:mwio4.lib<timer_lib.obj>$0x340  $Tramp$S$$C6657_timer1_read
   11e01ca0     0c03ddd0     0c0371d4   current_control_ver2_new.obj (.text:retain)
                             0c037208   current_control_ver2_new.obj (.text:retain)
$.text:mwio4.lib<timer_lib.obj>$0x320  $Tramp$S$$C6657_timer1_start
   11e01c80     0c03dde0     0c034cb8   current_control_ver2_new.obj (.text:retain)
$.text:mwio4.lib<timer_lib.obj>$0x48c  $Tramp$S$$C6657_timer1_clear
   11e01dec     0c03ddf0     0c034cb4   current_control_ver2_new.obj (.text:retain)
$.text:mwio4.lib<timer_lib.obj>$0x4e0  $Tramp$S$$C6657_timer0_read
   11e01e40     0c03de00     0c034c3c   current_control_ver2_new.obj (.text:retain)
                             0c034c54   current_control_ver2_new.obj (.text:retain)
$.text:mwio4.lib<timer_lib.obj>$0x4c0  $Tramp$S$$C6657_timer0_start
   11e01e20     0c03de10     0c034b0c   current_control_ver2_new.obj (.text:retain)
$.text:mwio4.lib<timer_lib.obj>$0x62c  $Tramp$S$$C6657_timer0_clear
   11e01f8c     0c03de20     0c034b08   current_control_ver2_new.obj (.text:retain)
$.text:mwio4.lib<timer_lib.obj>$0x308  $Tramp$S$$C6657_timer1_stop
   11e01c68     0c03de30     0c034af0   current_control_ver2_new.obj (.text:retain)
$.text:mwio4.lib<timer_lib.obj>$0x4a8  $Tramp$S$$C6657_timer0_stop
   11e01e08     0c03de40     0c034aec   current_control_ver2_new.obj (.text:retain)
$.text:mwio4.lib<timer_lib.obj>$0x154  $Tramp$S$$C6657_timer2_start
   11e01ab4     0c03de50     0c034278   current_control_ver2_new.obj (.text:retain)
$.text:mwio4.lib<timer_lib.obj>$0x2ec  $Tramp$S$$C6657_timer2_clear
   11e01c4c     0c03de60     0c034274   current_control_ver2_new.obj (.text:retain)
$.text:mwio4.lib<timer_lib.obj>$0x140  $Tramp$S$$C6657_timer2_stop
   11e01aa0     0c03de70     0c03426c   current_control_ver2_new.obj (.text:retain)
$.text:mwio4.lib<PEV_INV_LIB.obj>$0x394  $Tramp$S$$PEV_inverter_start_pwm
   11e00394     0c03de80     0c025a98   current_control_ver2_new.obj (.text)
                             0c025aa0   current_control_ver2_new.obj (.text)
                             0c025aa8   current_control_ver2_new.obj (.text)
$.text:mwio4.lib<timer_lib.obj>$0x298  $Tramp$S$$C6657_timer2_disable_int
   11e01bf8     0c03de90     0c025a88   current_control_ver2_new.obj (.text)
$.text:mwio4.lib<timer_lib.obj>$0x438  $Tramp$S$$C6657_timer1_disable_int
   11e01d98     0c03dea0     0c025a84   current_control_ver2_new.obj (.text)
$.text:mwio4.lib<timer_lib.obj>$0x5d8  $Tramp$S$$C6657_timer0_disable_int
   11e01f38     0c03deb0     0c025a80   current_control_ver2_new.obj (.text)
$.text:mwio4.lib<PEV_INV_LIB.obj>$0x1460  $Tramp$S$$PEV_ad_disable_int
   11e01460     0c03dec0     0c025a68   current_control_ver2_new.obj (.text)
                             0c025a70   current_control_ver2_new.obj (.text)
                             0c025a74   current_control_ver2_new.obj (.text)
$.text:mwio4.lib<mwintc.obj>$0x3f0  $Tramp$S$$IRQ_globalEnable
   11e029b0     0c03ded0     0c025a64   current_control_ver2_new.obj (.text)
$.text:mwio4.lib<timer_lib.obj>$0x1d0  $Tramp$S$$C6657_timer2_init
   11e01b30     0c03dee0     0c025a5c   current_control_ver2_new.obj (.text)
$.text:mwio4.lib<timer_lib.obj>$0x370  $Tramp$S$$C6657_timer1_init
   11e01cd0     0c03def0     0c025a50   current_control_ver2_new.obj (.text)
$.text:mwio4.lib<timer_lib.obj>$0x510  $Tramp$S$$C6657_timer0_init
   11e01e70     0c03df00     0c025a44   current_control_ver2_new.obj (.text)
$.text:mwio4.lib<PEV_INV_LIB.obj>$0xda8  $Tramp$S$$PEV_inverter_control_break
   11e00da8     0c03df10     0c025a24   current_control_ver2_new.obj (.text)
                             0c025a2c   current_control_ver2_new.obj (.text)
                             0c025a34   current_control_ver2_new.obj (.text)
$.text:mwio4.lib<PEV_INV_LIB.obj>$0xcf4  $Tramp$S$$PEV_inverter_enable_int
   11e00cf4     0c03df20     0c025a0c   current_control_ver2_new.obj (.text)
                             0c025a14   current_control_ver2_new.obj (.text)
                             0c025a18   current_control_ver2_new.obj (.text)
$.text:mwio4.lib<PEV_INV_LIB.obj>$0x958  $Tramp$S$$PEV_inverter_init_refload_timing
   11e00958     0c03df30     0c0259f0   current_control_ver2_new.obj (.text)
                             0c025a00   current_control_ver2_new.obj (.text)
                             0c025a04   current_control_ver2_new.obj (.text)
$.text:mwio4.lib<PEV_INV_LIB.obj>$0xaa8  $Tramp$S$$PEV_inverter_init_adtrig_timing
   11e00aa8     0c03df40     0c0259cc   current_control_ver2_new.obj (.text)
                             0c0259e0   current_control_ver2_new.obj (.text)
                             0c0259e4   current_control_ver2_new.obj (.text)
$.text:mwio4.lib<PEV_INV_LIB.obj>$0x5e8  $Tramp$S$$PEV_inverter_set_uvw
   11e005e8     0c03df50     0c025994   current_control_ver2_new.obj (.text)
                             0c0259ac   current_control_ver2_new.obj (.text)
                             0c0259c0   current_control_ver2_new.obj (.text)
$.text:mwio4.lib<PEV_INV_LIB.obj>$0xfe0  $Tramp$S$$PEV_ad_set_mode
   11e00fe0     0c03df60     0c025948   current_control_ver2_new.obj (.text)
                             0c025960   current_control_ver2_new.obj (.text)
                             0c025970   current_control_ver2_new.obj (.text)
$.text:mwio4.lib<PEV_INV_LIB.obj>$0xf48  $Tramp$S$$PEV_ad_set_range
   11e00f48     0c03df70     0c025944   current_control_ver2_new.obj (.text)
                             0c025950   current_control_ver2_new.obj (.text)
                             0c025968   current_control_ver2_new.obj (.text)
$.text:mwio4.lib<PEV_INV_LIB.obj>$0x150  $Tramp$S$$PEV_sync_pwm_out
   11e00150     0c03df80     0c025918   current_control_ver2_new.obj (.text)
                             0c025928   current_control_ver2_new.obj (.text)
$.text:mwio4.lib<PEV_INV_LIB.obj>$0x260  $Tramp$S$$PEV_sync_pwm_init
   11e00260     0c03df90     0c0258f4   current_control_ver2_new.obj (.text)
                             0c025904   current_control_ver2_new.obj (.text)
                             0c02590c   current_control_ver2_new.obj (.text)
$.text:mwio4.lib<PEV_INV_LIB.obj>$0x2b4  $Tramp$S$$PEV_sync_ad_out
   11e002b4     0c03dfa0     0c0258ec   current_control_ver2_new.obj (.text)
$.text:mwio4.lib<PEV_INV_LIB.obj>$0x30c  $Tramp$S$$PEV_sync_ad_init
   11e0030c     0c03dfb0     0c0258cc   current_control_ver2_new.obj (.text)
                             0c0258d8   current_control_ver2_new.obj (.text)
                             0c0258e4   current_control_ver2_new.obj (.text)
$.text:mwio4.lib<PEV_INV_LIB.obj>$0xb84  $Tramp$S$$PEV_inverter_init
   11e00b84     0c03dfc0     0c0258a0   current_control_ver2_new.obj (.text)
                             0c0258b0   current_control_ver2_new.obj (.text)
                             0c0258c0   current_control_ver2_new.obj (.text)
$.text:mwio4.lib<gpio_int.obj>$0x14c  $Tramp$S$$GPI_enable_int_vo
   11e0304c     0c03dfd0     0c025880   current_control_ver2_new.obj (.text)
$.text:mwio4.lib<gpio_int.obj>$0x0  $Tramp$S$$GPI_setVector_vo
   11e02f00     0c03dfe0     0c025878   current_control_ver2_new.obj (.text)
$.text:mwio4.lib<PEV_INV_LIB.obj>$0xde0  $Tramp$S$$PEV_int_init
   11e00de0     0c03dff0     0c025854   current_control_ver2_new.obj (.text)
$.text:mwio4.lib<mwintc.obj>$0x410  $Tramp$S$$IRQ_globalDisable
   11e029d0     0c03e000     0c025480   current_control_ver2_new.obj (.text)
$.text:mwio4.lib<PEV_INV_LIB.obj>$0x106c  $Tramp$S$$PEV_ad_in_grp
   11e0106c     0c03e010     0c01aa94   current_control_ver2_new.obj (.text)
                             0c01ad68   current_control_ver2_new.obj (.text)
$.text:mwio4.lib<PEV_INV_LIB.obj>$0x1040  $Tramp$S$$PEV_ad_in_st
   11e01040     0c03e020     0c01aa60   current_control_ver2_new.obj (.text)
                             0c01aa84   current_control_ver2_new.obj (.text)
                             0c01aa90   current_control_ver2_new.obj (.text)
                             0c01ad28   current_control_ver2_new.obj (.text)
                             0c01ad54   current_control_ver2_new.obj (.text)
                             0c01ad64   current_control_ver2_new.obj (.text)
$.text:mwio4.lib<PEV_INV_LIB.obj>$0x3cc  $Tramp$S$$PEV_inverter_set_uvw_br
   11e003cc     0c03e030     0c019a6c   current_control_ver2_new.obj (.text)
                             0c019a94   current_control_ver2_new.obj (.text)
                             0c019ab8   current_control_ver2_new.obj (.text)
$.text:CSL_GPIO_open:ti.csl.ae66<csl_gpioGetBaseAddress.oe66>$0x0  $Tramp$S$$CSL_GPIO_open
   0c03dc40     11e033a0     11e03028   mwio4.lib : gpio_int.obj (.text)
$.text:__c6xabi_fixdu:rts6600_elf.lib<fixdu.obj>$0x0  $Tramp$S$$__c6xabi_fixdu
   0c03d800     11e033b0     11e01a1c   mwio4.lib : timer_lib.obj (.text)
                             11e01b90             : timer_lib.obj (.text)
                             11e01d30             : timer_lib.obj (.text)
                             11e01ed0             : timer_lib.obj (.text)
$.text:__c6xabi_divd:rts6600_elf.lib<divd.obj>$0x0  $Tramp$S$$__c6xabi_divd
   0c03a4c0     11e033c0     11e01a14   mwio4.lib : timer_lib.obj (.text)
                             11e01b88             : timer_lib.obj (.text)
                             11e01d28             : timer_lib.obj (.text)
                             11e01ec8             : timer_lib.obj (.text)
$.text:__divi:rts6600_elf.lib<divi.obj>$0x0  $Tramp$S$$__c6xabi_divi
   0c03d220     11e033d0     11e001f8   mwio4.lib : PEV_INV_LIB.obj (.text)
                             11e00448             : PEV_INV_LIB.obj (.text)
                             11e00470             : PEV_INV_LIB.obj (.text)
                             11e00658             : PEV_INV_LIB.obj (.text)
                             11e00684             : PEV_INV_LIB.obj (.text)
                             11e00a48             : PEV_INV_LIB.obj (.text)
                             11e00b24             : PEV_INV_LIB.obj (.text)
                             11e00bec             : PEV_INV_LIB.obj (.text)

[52 trampolines]
[108 trampoline calls]


GLOBAL SYMBOLS: SORTED ALPHABETICALLY BY Name 

address    name
--------   ----
0c02ee8c   BrakeController
0c03dce0   C$$EXIT
11e01f8c   C6657_timer0_clear
11e01f78   C6657_timer0_clear_eventflag
11e01f38   C6657_timer0_disable_int
11e01ee4   C6657_timer0_enable_int
11e01e70   C6657_timer0_init
11e01e4c   C6657_timer0_init_vector
11e01e40   C6657_timer0_read
11e01e20   C6657_timer0_start
11e01e08   C6657_timer0_stop
11e01df8   C6657_timer0_write
11e01dec   C6657_timer1_clear
11e01de0   C6657_timer1_clear_eventflag
11e01d98   C6657_timer1_disable_int
11e01d44   C6657_timer1_enable_int
11e01cd0   C6657_timer1_init
11e01cac   C6657_timer1_init_vector
11e01ca0   C6657_timer1_read
11e01c80   C6657_timer1_start
11e01c68   C6657_timer1_stop
11e01c58   C6657_timer1_write
11e01c4c   C6657_timer2_clear
11e01c40   C6657_timer2_clear_eventflag
11e01bf8   C6657_timer2_disable_int
11e01ba4   C6657_timer2_enable_int
11e01b30   C6657_timer2_init
11e01ae8   C6657_timer2_init_vector
11e01ad8   C6657_timer2_read
11e01ab4   C6657_timer2_start
11e01aa0   C6657_timer2_stop
11e01a94   C6657_timer2_write
11e01a84   C6657_timer3_hi_clear_eventflag
11e01a2c   C6657_timer3_hi_enable_int
11e019b8   C6657_timer3_hi_init
11e01994   C6657_timer3_hi_init_vector
11e01974   C6657_timer3_hi_start
11e01960   C6657_timer3_hi_stop
11e02a00   CSL2_intcHwControl
11e030b4   CSL2_intcOpen2
11e030a0   CSL2_loadResource
0c03dc40   CSL_GPIO_open
11e032a8   CSL_intcGlobalEnable
11e03300   CSL_intcGlobalNmiEnable
11e03240   CSL_intcInterruptDisable
11e03220   CSL_intcInterruptEnable
0c01b38c   CalcDynamicsInit
0c021958   CalcFDTDTSOBInit
0c032330   CalcFDTDWrInit_QmrefInputType
0c01f5f0   CalcFDTDWrInit_WmcmdInputType
0c031784   CalcFDTDWrUpdate_QmrefInputType_1st2nd
0c031200   CalcFDTDWrUpdate_QmrefInputType_2nd
0c02c6a0   CalcFDTDWrUpdate_WmcmdInputType_1st2nd
0c02bbec   CalcFDTDWrUpdate_WmcmdInputType_2nd
0c02ffa0   CalcFDTDWr_QmrefInputType
0c029c70   CalcFDTDWr_WmcmdInputType
0c027d34   CalcGravIcmp
0c02db98   CalcHandCmdCircle
0c02f9a4   CalcHandCmdDiamond
0c02f464   CalcHandCmdRectangle
0c02dfe0   CalcInverseCmd_vel
0c027e74   CalcJl
0c01a9f4   CalcOffset
0c0281ac   CalcPVGain
0c0240a0   CalcPVGainInitCDM
0c02f370   CalcPref2axis
0c02f174   CalcPrefRep2axis
0c02ef80   CalcPrefRep3axis
0c02b4d8   CalcTauLDyn
0c02edb0   CalcVdcMean
0c0341c0   ControlFunction
0c027cac   DecouplingControl
11e0252c   EMF_EnableIntr_s32
11e02d20   EMF_ErrIntr_vo
11f04d6c   EMF_ExtWaitErrCnt_u32s
11f04d68   EMF_ExtWaitErrInfo_u32s
11e024cc   EMF_Initialization_s32
11e02414   EMF_Read2_s32
11e023a8   EMF_Read3_s32
11e022e0   EMF_ReadFlashRom_s32
11e0222c   EMF_ReadFpgaBoard_s32
11e021b8   EMF_Read_s32
11e02120   EMF_Write2_s32
11e02018   EMF_WriteFlashRom_s32
11e01fa0   EMF_Write_s32
0c03ec44   EMIF_IntrErr_sts
0c039068   ENC_batt_alm_en
0c038fac   ENC_get_abm
0c038eec   ENC_get_abs
0c038e60   ENC_get_almc
0c038dc8   ENC_get_status
0c038d00   ENC_reset_abm
0c038c28   ENC_reset_abs
0c038b60   ENC_reset_err
0c038aa8   ENC_set_refresh
0c0389c0   ENC_ss_get_abm
0c0388c0   ENC_ss_get_abs
0c03880c   ENC_ss_get_start
0c038760   ENC_ss_init
0c0386ac   ENC_start_abs
0c038600   ENC_stop_abs
0c027180   FDTDSOB
0c026364   FDTD_T_SOB
0c026108   FDTD_Tm
0c023cf4   FDTD_Tm_Init
0c03beb0   FPGA_get_fpga_ver
0c03be64   FPGA_read
0c03bdf8   FPGA_read_f32
0c03bd80   FPGA_write
0c03bcf0   FPGA_write_f32
11f04600   Flag_ARCS_clear
11f045fc   Flag_ARCS_start
11e0306c   GPI_disable_int_vo
11e0304c   GPI_enable_int_vo
11e03024   GPI_init_vo
11e02fd4   GPI_int_ack_vo
11e02f00   GPI_setVector_vo
0c026060   GeneratorCircle1st
0c025fb0   GeneratorCircle2nd
0c025f08   GeneratorCircle3rd
0c025d60   GetFilterdSignal
0c01af04   GetMultiPositions
0c025d28   GetVelocity
0c01acd8   GetVoltAndCurrent
0c03c0ac   IPFPGA_get_fpga_ver
0c03c060   IPFPGA_read
0c03bfe8   IPFPGA_read_f32
0c03bf6c   IPFPGA_write
0c03bee0   IPFPGA_write_f32
11e029d0   IRQ_globalDisable
11e029b0   IRQ_globalEnable
11e029a8   IRQ_globalRestore
0c025d08   Integrator_acc_ref
0c025ce8   Integrator_acc_ref2
0c025cc8   Integrator_acc_ref3
0c025ca8   Integrator_w_ref
0c025c88   Integrator_w_ref2
0c025c68   Integrator_w_ref3
11f045f8   Iq_off
0c03e290   LPF_cmd
0c03e318   LPF_motor
0c025b10   LimDiffCalcDQ
0c025ab0   LimitPosCmd
0c0197a4   Limiter
0c025470   MW_main
0c01a794   ManyRampGenerator1stAxis
0c01a534   ManyRampGenerator2ndAxis
0c01a2d4   ManyRampGenerator3rdAxis
11f03514   ModRatioU
11f03518   ModRatioV
11f0351c   ModRatioW
11e01914   PEV_abz_clear
11e018e0   PEV_abz_clear_resolver_err
11e018a4   PEV_abz_get_resolver_err
11e01864   PEV_abz_get_resolver_pos
11e01834   PEV_abz_in_pin
11e017e8   PEV_abz_init_maxcount
11e017a4   PEV_abz_read
11e01734   PEV_abz_set_mode
11e016e8   PEV_abz_write
11e01494   PEV_ad_abz_read
11e01460   PEV_ad_disable_int
11e01418   PEV_ad_enable_int
11e012b0   PEV_ad_in_4ch
11e0106c   PEV_ad_in_grp
11e01040   PEV_ad_in_st
11e00fe0   PEV_ad_set_mode
11e00f98   PEV_ad_set_offset
11e00f48   PEV_ad_set_range
11e00f10   PEV_ad_start
0c03d9c4   PEV_get_fpga_ver
0c03d980   PEV_init
11e00de0   PEV_int_init
11e00da8   PEV_inverter_control_break
11e00d70   PEV_inverter_control_gate
11e00d38   PEV_inverter_disable_int
11e00cf4   PEV_inverter_enable_int
11e00b84   PEV_inverter_init
11e00aa8   PEV_inverter_init_adtrig_timing
11e009b8   PEV_inverter_init_int_timing
11e00958   PEV_inverter_init_refload_timing
11e008d4   PEV_inverter_set_ab
11e007d4   PEV_inverter_set_ra
11e005e8   PEV_inverter_set_uvw
11e003cc   PEV_inverter_set_uvw_br
11e00394   PEV_inverter_start_pwm
11e00360   PEV_inverter_stop_pwm
11e0030c   PEV_sync_ad_init
11e002b4   PEV_sync_ad_out
11e00260   PEV_sync_pwm_init
11e00150   PEV_sync_pwm_out
11e00100   PEV_sync_z_out
11e000c8   PEV_updown_clear_cnt
11e00078   PEV_updown_init_maxcount
11e00034   PEV_updown_read_cnt
11e00000   PEV_updown_set_mode
0c01a28c   PIcontroller
0c01a248   PIcontroller_withAntiwindup
0c01a238   Pcontroller
11f045f0   Ref_Iq_ref_direct
11f045f4   Ref_wM_direct
0c01a234   SetBDN
0c01a230   SetENC_CH
0c019db8   SetGain
0c019d2c   SetLPF
0c019b74   SetRampParams
0c0197c4   SetVoltReferences
0c0191a0   StateObserver
11f034c0   Tm_sub
0c018a20   TriangularAccelerationCommandGenerator
0c018060   TriangularAccelerationCommandGeneratorInit
0c01800c   VconPI5Axis
11f047c4   WAVE_ACC_LW8079
11f047c8   WAVE_ACC_LW8174
11f047cc   WAVE_ACC_LW8174_axis
11f047f8   WAVE_AccCmd1
11f04800   WAVE_AccCmd2
11f04808   WAVE_AccCmd3
11f04b04   WAVE_ENC1
11f04b08   WAVE_ENC2
11f04b0c   WAVE_ENC3
11f04af8   WAVE_ENC_temp1
11f04afc   WAVE_ENC_temp2
11f04b00   WAVE_ENC_temp3
11f02300   WAVE_Enc_error
11f04524   WAVE_FIL_Y
11f047d0   WAVE_Fz
11f04580   WAVE_HandX
11f04584   WAVE_HandY
11f04588   WAVE_HandZ
11f04520   WAVE_INIT_COUNT
11f04cb8   WAVE_Icmp1
11f04cbc   WAVE_Icmp2
11f04cc0   WAVE_Icmp3
11f04aec   WAVE_Idc1
11f04af0   WAVE_Idc2
11f04af4   WAVE_Idc3
11f04cd0   WAVE_Iff_1
11f04cd4   WAVE_Iff_2
11f04cd8   WAVE_Iff_3
11f04ba4   WAVE_Iq1
11f04ba8   WAVE_Iq2
11f04bac   WAVE_Iq3
11f04c34   WAVE_IrefD1
11f04c38   WAVE_IrefD2
11f04c3c   WAVE_IrefD3
11f04c40   WAVE_IrefQ1
11f04c44   WAVE_IrefQ2
11f04c48   WAVE_IrefQ3
11f04ac8   WAVE_IresD1
11f04acc   WAVE_IresD2
11f04ad0   WAVE_IresD3
11f04ad4   WAVE_IresQ1
11f04ad8   WAVE_IresQ2
11f04adc   WAVE_IresQ3
11f047a0   WAVE_IresU1
11f047a4   WAVE_IresU2
11f047a8   WAVE_IresU3
11f047ac   WAVE_IresV1
11f047b0   WAVE_IresV2
11f047b4   WAVE_IresV3
11f047b8   WAVE_IresW1
11f047bc   WAVE_IresW2
11f047c0   WAVE_IresW3
11f04bb0   WAVE_Isfb1
11f04bb4   WAVE_Isfb2
11f04bb8   WAVE_Isfb3
11f04abc   WAVE_Jl_calc1
11f04ac0   WAVE_Jl_calc2
11f04ac4   WAVE_Jl_calc3
11f04574   WAVE_Joint1
11f04578   WAVE_Joint2
11f0457c   WAVE_Joint3
11f04658   WAVE_Kfb1
11f04678   WAVE_Kfb2
11f04698   WAVE_Kfb3
11f04654   WAVE_Kff1
11f04674   WAVE_Kff2
11f04694   WAVE_Kff3
11f04650   WAVE_Kpp1
11f04670   WAVE_Kpp2
11f04690   WAVE_Kpp3
11f04660   WAVE_Kvi1
11f04680   WAVE_Kvi2
11f046a0   WAVE_Kvi3
11f0465c   WAVE_Kvp1
11f0467c   WAVE_Kvp2
11f0469c   WAVE_Kvp3
11f0455c   WAVE_LoopCount
11f04aa4   WAVE_MRBR1
11f04aa8   WAVE_MRBR2
11f04aac   WAVE_MRBR3
11f04a80   WAVE_MRU1
11f04a8c   WAVE_MRU2
11f04a98   WAVE_MRU3
11f04a84   WAVE_MRV1
11f04a90   WAVE_MRV2
11f04a9c   WAVE_MRV3
11f04a88   WAVE_MRW1
11f04a94   WAVE_MRW2
11f04aa0   WAVE_MRW3
11f04b40   WAVE_TRG_WM1
11f04b44   WAVE_TRG_WM2
11f04b48   WAVE_TRG_WM3
11f04568   WAVE_Timer0
11f0456c   WAVE_Timer1
11f04570   WAVE_Timer2
11f04cac   WAVE_Tq1
11f04cb0   WAVE_Tq2
11f04cb4   WAVE_Tq3
11f047e0   WAVE_U_modulation
11f04ce0   WAVE_VWX
11f04ce4   WAVE_VWY
11f04ce8   WAVE_VWZ
11f047e4   WAVE_V_modulation
11f04ae0   WAVE_Vdc1
11f04ae4   WAVE_Vdc2
11f04ae8   WAVE_Vdc3
11f02310   WAVE_Vdc_ofst
11f047fc   WAVE_VelCmd1
11f04804   WAVE_VelCmd2
11f0480c   WAVE_VelCmd3
11f04c64   WAVE_VrefD1
11f04c6c   WAVE_VrefD2
11f04c74   WAVE_VrefD3
11f04c4c   WAVE_VrefD_dcpl1
11f04c54   WAVE_VrefD_dcpl2
11f04c5c   WAVE_VrefD_dcpl3
11f04c68   WAVE_VrefQ1
11f04c70   WAVE_VrefQ2
11f04c78   WAVE_VrefQ3
11f04c50   WAVE_VrefQ_dcpl1
11f04c58   WAVE_VrefQ_dcpl2
11f04c60   WAVE_VrefQ_dcpl3
11f04bec   WAVE_VrefU1
11f04bf8   WAVE_VrefU2
11f04c04   WAVE_VrefU3
11f04bf0   WAVE_VrefV1
11f04bfc   WAVE_VrefV2
11f04c08   WAVE_VrefV3
11f04bf4   WAVE_VrefW1
11f04c00   WAVE_VrefW2
11f04c0c   WAVE_VrefW3
11f047d4   WAVE_WSX
11f047d8   WAVE_WSY
11f047dc   WAVE_WSZ
11f047e8   WAVE_W_modulation
11f046b0   WAVE_al_calc1
11f046c0   WAVE_al_calc2
11f046d0   WAVE_al_calc3
11f046e0   WAVE_al_calc_DPD1
11f046f0   WAVE_al_calc_DPD2
11f04700   WAVE_al_calc_DPD3
11f04bc8   WAVE_am_TriAccCmd1
11f04bcc   WAVE_am_TriAccCmd2
11f04bd0   WAVE_am_TriAccCmd3
11f0483c   WAVE_aq0_1
11f0486c   WAVE_aq0_2
11f0489c   WAVE_aq0_3
11f04838   WAVE_aq1_1
11f04868   WAVE_aq1_2
11f04898   WAVE_aq1_3
11f04834   WAVE_aq2_1
11f04864   WAVE_aq2_2
11f04894   WAVE_aq2_3
11f04820   WAVE_av0_1
11f04850   WAVE_av0_2
11f04880   WAVE_av0_3
11f0481c   WAVE_av1_1
11f0484c   WAVE_av1_2
11f0487c   WAVE_av1_3
11f04818   WAVE_av2_1
11f04848   WAVE_av2_2
11f04878   WAVE_av2_3
11f04814   WAVE_av3_1
11f04844   WAVE_av3_2
11f04874   WAVE_av3_3
11f04810   WAVE_av4_1
11f04840   WAVE_av4_2
11f04870   WAVE_av4_3
11f04830   WAVE_bv0_1
11f04860   WAVE_bv0_2
11f04890   WAVE_bv0_3
11f0482c   WAVE_bv1_1
11f0485c   WAVE_bv1_2
11f0488c   WAVE_bv1_3
11f04828   WAVE_bv2_1
11f04858   WAVE_bv2_2
11f04888   WAVE_bv2_3
11f04824   WAVE_bv3_1
11f04854   WAVE_bv3_2
11f04884   WAVE_bv3_3
11f045a8   WAVE_check
11f04780   WAVE_est_ISOB_qs1
11f0478c   WAVE_est_ISOB_qs2
11f04798   WAVE_est_ISOB_qs3
11f04784   WAVE_est_ISOB_wl1
11f04790   WAVE_est_ISOB_wl2
11f0479c   WAVE_est_ISOB_wl3
11f0477c   WAVE_est_ISOB_wm1
11f04788   WAVE_est_ISOB_wm2
11f04794   WAVE_est_ISOB_wm3
11f04738   WAVE_est_conv_qs1
11f04744   WAVE_est_conv_qs2
11f04750   WAVE_est_conv_qs3
11f0473c   WAVE_est_conv_wl1
11f04748   WAVE_est_conv_wl2
11f04754   WAVE_est_conv_wl3
11f04734   WAVE_est_conv_wm1
11f04740   WAVE_est_conv_wm2
11f0474c   WAVE_est_conv_wm3
11f0475c   WAVE_est_prop_qs1
11f04768   WAVE_est_prop_qs2
11f04774   WAVE_est_prop_qs3
11f04760   WAVE_est_prop_wl1
11f0476c   WAVE_est_prop_wl2
11f04778   WAVE_est_prop_wl3
11f04758   WAVE_est_prop_wm1
11f04764   WAVE_est_prop_wm2
11f04770   WAVE_est_prop_wm3
11f04714   WAVE_est_qs1
11f04720   WAVE_est_qs2
11f0472c   WAVE_est_qs3
11f04718   WAVE_est_wl1
11f04724   WAVE_est_wl2
11f04730   WAVE_est_wl3
11f04710   WAVE_est_wm1
11f0471c   WAVE_est_wm2
11f04728   WAVE_est_wm3
11f04668   WAVE_fqs1
11f04688   WAVE_fqs2
11f046a8   WAVE_fqs3
11f0466c   WAVE_fwl1
11f0468c   WAVE_fwl2
11f046ac   WAVE_fwl3
11f04664   WAVE_fwm1
11f04684   WAVE_fwm2
11f046a4   WAVE_fwm3
11f0458c   WAVE_fx
11f04590   WAVE_fy
11f04594   WAVE_fz
11f04bbc   WAVE_jark1
11f04bc0   WAVE_jark2
11f04bc4   WAVE_jark3
11f02304   WAVE_ofst_Iu
11f02308   WAVE_ofst_Iv
11f0230c   WAVE_ofst_Iw
11f04c94   WAVE_omega_rm1
11f04ca0   WAVE_omega_rm1_ref
11f04c98   WAVE_omega_rm2
11f04ca4   WAVE_omega_rm2_ref
11f04c9c   WAVE_omega_rm3
11f04ca8   WAVE_omega_rm3_ref
11f04b98   WAVE_ql1
11f04b9c   WAVE_ql2
11f04ba0   WAVE_ql3
11f046b8   WAVE_ql_calc1
11f046c8   WAVE_ql_calc2
11f046d8   WAVE_ql_calc3
11f046e8   WAVE_ql_calc_DPD1
11f046f8   WAVE_ql_calc_DPD2
11f04708   WAVE_ql_calc_DPD3
11f04b80   WAVE_qm1
11f04b84   WAVE_qm2
11f04b88   WAVE_qm3
11f04be0   WAVE_qm_TriAccCmd1
11f04be4   WAVE_qm_TriAccCmd2
11f04be8   WAVE_qm_TriAccCmd3
11f04b8c   WAVE_qm_ref1
11f04b90   WAVE_qm_ref2
11f04b94   WAVE_qm_ref3
11f045a4   WAVE_state
11f04cdc   WAVE_tauL_dyn_2nd
11f04ab0   WAVE_tauLdyn1
11f04ab4   WAVE_tauLdyn2
11f04ab8   WAVE_tauLdyn3
11f04b34   WAVE_theta_re1
11f04b38   WAVE_theta_re2
11f04b3c   WAVE_theta_re3
11f04b10   WAVE_theta_rm1
11f04b14   WAVE_theta_rm2
11f04b18   WAVE_theta_rm3
11f04b28   WAVE_theta_rm_full1
11f04b2c   WAVE_theta_rm_full2
11f04b30   WAVE_theta_rm_full3
11f04b1c   WAVE_theta_rm_ref1
11f04b20   WAVE_theta_rm_ref2
11f04b24   WAVE_theta_rm_ref3
11f04c7c   WAVE_vd_lim_dif1
11f04c84   WAVE_vd_lim_dif2
11f04c8c   WAVE_vd_lim_dif3
11f04c80   WAVE_vq_lim_dif1
11f04c88   WAVE_vq_lim_dif2
11f04c90   WAVE_vq_lim_dif3
11f04c10   WAVE_vu_ref_stand1
11f04c1c   WAVE_vu_ref_stand2
11f04c28   WAVE_vu_ref_stand3
11f04c14   WAVE_vv_ref_stand1
11f04c20   WAVE_vv_ref_stand2
11f04c2c   WAVE_vv_ref_stand3
11f04c18   WAVE_vw_ref_stand1
11f04c24   WAVE_vw_ref_stand2
11f04c30   WAVE_vw_ref_stand3
11f04598   WAVE_vx
11f0459c   WAVE_vy
11f045a0   WAVE_vz
11f046b4   WAVE_wl_calc1
11f046c4   WAVE_wl_calc2
11f046d4   WAVE_wl_calc3
11f046e4   WAVE_wl_calc_DPD1
11f046f4   WAVE_wl_calc_DPD2
11f04704   WAVE_wl_calc_DPD3
11f04b4c   WAVE_wm1
11f04b50   WAVE_wm2
11f04b54   WAVE_wm3
11f04b74   WAVE_wm_CCC1
11f04b78   WAVE_wm_CCC2
11f04b7c   WAVE_wm_CCC3
11f04bd4   WAVE_wm_TriAccCmd1
11f04bd8   WAVE_wm_TriAccCmd2
11f04bdc   WAVE_wm_TriAccCmd3
11f046bc   WAVE_wm_calc1
11f046cc   WAVE_wm_calc2
11f046dc   WAVE_wm_calc3
11f046ec   WAVE_wm_calc_DPD1
11f046fc   WAVE_wm_calc_DPD2
11f0470c   WAVE_wm_calc_DPD3
11f04b68   WAVE_wm_cmd1
11f04b6c   WAVE_wm_cmd2
11f04b70   WAVE_wm_cmd3
11f04b5c   WAVE_wm_ref1
11f04b60   WAVE_wm_ref2
11f04b64   WAVE_wm_ref3
11f04b58   WAVE_wm_ref_org
11f02ec8   Wr_DPD
11f048a0   Wr_Throth_check
11f02bb0   Wr_sub
11e03380   _CSL2_intcDispatcherDummy
11e032c8   _CSL_intcGlobalDisable
11e0333c   _CSL_intcGlobalExcepClear
11e03314   _CSL_intcGlobalExcepEnable
11e03328   _CSL_intcGlobalExtExcepEnable
11e032e8   _CSL_intcGlobalRestore
11e03260   _CSL_intcInterruptClear
11e03278   _CSL_intcInterruptRestore
11e0326c   _CSL_intcInterruptSet
11e03290   _CSL_intcQueryInterruptStatus
0c041190   __TI_CINIT_Base
0c0411b0   __TI_CINIT_Limit
0c041184   __TI_Handler_Table_Base
0c04118c   __TI_Handler_Table_Limit
UNDEFED    __TI_INITARRAY_Base
UNDEFED    __TI_INITARRAY_Limit
11f04520   __TI_STACK_END
00001000   __TI_STACK_SIZE
11f04520   __TI_STATIC_BASE
UNDEFED    __TI_TLS_INIT_Base
UNDEFED    __TI_TLS_INIT_Limit
00000001   __TI_args_main
0c03da80   __TI_cpp_init
0c03dd00   __TI_decompress_none
0c03dd20   __TI_decompress_rle24
0c03ea0c   __TI_enable_exit_profile_output
ffffffff   __TI_pprof_out_hndl
ffffffff   __TI_prof_data_size
ffffffff   __TI_prof_data_start
0c03d560   __TI_tls_init
ffffffff   __binit__
0c03a4c0   __c6xabi_divd
0c03b7a0   __c6xabi_divf
0c03d220   __c6xabi_divi
0c03d3e0   __c6xabi_divu
0c03dc80   __c6xabi_errno_addr
0c03d800   __c6xabi_fixdu
0c03dae0   __c6xabi_frcmpyd_div
0c03db40   __c6xabi_llshru
0c03d620   __c6xabi_nround
0c03d880   __c6xabi_roundf
0c03dca0   __c6xabi_trunc
0c03dcc0   __c6xabi_truncf
ffffffff   __c_args__
0c03d220   __divi
0c03d3e0   __divu
0c03e314   __errno
0c03dc00   _args_main
0c03d020   _auto_init_elf
0c03d900   _c_int00
0c03ea04   _cleanup_ptr
0c03ea08   _dtors_ptr
11f002b0   _mwSinTbl
11f03520   _stack
0c03dce0   abort
0c03c0e0   acos
11f03508   ad1
11f0350c   ad2
11f03510   ad3
0c03c2c0   atan
0c03c7a0   atan2
0c018000   backward_diff
ffffffff   binit
11e02688   cic0Out2Evnt
0c03d120   copy_in
0c03b4e0   cos
11f04558   counter_2
0c03bcc8   cvt_to_float_from_u32
0c03bca0   cvt_to_u32_from_float
0c03e400   d_current
11f02318   debug
11f02328   debug2
11f02338   debug3
11f0460c   debug_theta
11f04638   down_rotation_flag2
11f04640   down_rotation_flag3
11f04648   down_rotation_flag5
11f031e0   dyn
0c03e314   errno
0c03da00   evmI2CInit
0c03d4a0   exit
0c03c480   expf
11f04534   flag_CalcHandCmd
11f045bc   flag_CircleStart1
11f045c0   flag_CircleStart2
11f045c4   flag_CircleStart3
11f04548   flag_FBgain
11f04550   flag_FF
11f04560   flag_FF_triple
11f0454c   flag_PPgain
11f04554   flag_SOB
11f04544   flag_Vdc_setted
11f04564   flag_cmd_end
11f04528   flag_cont_start
11f0452c   flag_dead
11f04538   flag_debug
11f04540   flag_delay
11f04530   flag_dyn_payload
11f045c8   flag_end1
11f045cc   flag_end2
11f045d0   flag_end3
11f045b4   flag_first_back
11f045b0   flag_first_go
11f045b8   flag_hard
11f045d4   flag_on
11f0453c   flag_pv
11f045ac   flag_reposition
0c03c920   frexp
0c03caa0   frexpf
11f00270   gpio_int_map
11f03360   gsub
11f04d70   hGpio
0c039d74   i2cEepromGetStatus2
0c039bf8   i2cEepromRead2
0c039868   i2cEepromWriteBlock2
0c039ae0   i2cEepromWriteByteAddr2
11e02968   int_begin_nestint
11e02918   int_end_nestint
11f00170   intcObj
11f02348   joint
0c03cc00   ldexp
0c03cd60   ldexpf
11f04630   left_rotation_flag
11f04610   load_angle_limit_deg1
11f04614   load_angle_limit_deg2
11f04618   load_angle_limit_deg3
11f0461c   load_angle_limit_deg5
11f04620   load_angle_limit_rad1
11f04624   load_angle_limit_rad2
11f04628   load_angle_limit_rad3
11f0462c   load_angle_limit_rad5
0c03dc60   main
0c03d6c0   memcpy
0c03d300   memset
0c03d760   modf
0c03dba0   modff
0c03b4a4   mw_Osal_platformSpiCsEnter
0c03b490   mw_Osal_platformSpiCsExit
11f04a78   mw_gp__CSL_intcCpuIntrTable
0c03b098   mw_nor_erase
0c03b02c   mw_nor_get_details
0c03afb8   mw_nor_init
0c03af04   mw_nor_read
0c03ae40   mw_nor_write
0c03b470   mw_platform_delaycycles
0c03b404   mw_platform_device_close
0c03b3c4   mw_platform_device_erase_block
0c03b2ec   mw_platform_device_open
0c03b250   mw_platform_device_read
0c03b1b4   mw_platform_device_write
11f04a7c   mw_platform_errno
11e03360   mw_setVect
0c03acb8   mw_spi_claim
0c03ac4c   mw_spi_cmd
0c03ac40   mw_spi_cmd_read
0c03ac30   mw_spi_cmd_write
0c03abc4   mw_spi_release
0c03aa80   mw_spi_xfer
11e02904   mwintc_clearSysInterrupt
11e028ec   mwintc_disableHostInterrupt
11e028d4   mwintc_disableSysInterrupt
11e028c0   mwintc_enableHostInterrupt
11e028a8   mwintc_enableSysInterrupt
11e02878   mwintc_getInterruptStatus
11e02860   mwintc_mapSystemIntrToChannel
11e02714   mwintc_setup
11e02794   mwintc_setup2
11e025f4   mwintc_setupApp
11f02a50   ob_sub
0c03b1a0   platform_write
0c03e448   position
0c039120   pow
0c039ee0   powf
0c03e490   q_current
0c03e728   range
11f047ec   ref_Iq_direct1
11f047f0   ref_Iq_direct2
11f047f4   ref_Iq_direct3
11f04cc4   ref_Iq_freq_direct1
11f04cc8   ref_Iq_freq_direct2
11f04ccc   ref_Iq_freq_direct3
11f04608   ref_wm_direct
11f04634   right_rotation_flag
0c03e040   sen
0c03ba20   sin
11f04604   speed_hand
0c03cec0   sqrt
11f045e4   start_back1
11f045e8   start_back2
11f045ec   start_back3
11f045d8   start_go1
11f045dc   start_go2
11f045e0   start_go3
11f04a6c   tmr1regs
11f04a70   tmr2regs
11f04a74   tmr3regs
11f032e8   tri
11f0463c   up_rotation_flag2
11f04644   up_rotation_flag3
11f0464c   up_rotation_flag5
0c03e4d8   velocity


GLOBAL SYMBOLS: SORTED BY Symbol Address 

address    name
--------   ----
00000001   __TI_args_main
00001000   __TI_STACK_SIZE
0c018000   backward_diff
0c01800c   VconPI5Axis
0c018060   TriangularAccelerationCommandGeneratorInit
0c018a20   TriangularAccelerationCommandGenerator
0c0191a0   StateObserver
0c0197a4   Limiter
0c0197c4   SetVoltReferences
0c019b74   SetRampParams
0c019d2c   SetLPF
0c019db8   SetGain
0c01a230   SetENC_CH
0c01a234   SetBDN
0c01a238   Pcontroller
0c01a248   PIcontroller_withAntiwindup
0c01a28c   PIcontroller
0c01a2d4   ManyRampGenerator3rdAxis
0c01a534   ManyRampGenerator2ndAxis
0c01a794   ManyRampGenerator1stAxis
0c01a9f4   CalcOffset
0c01acd8   GetVoltAndCurrent
0c01af04   GetMultiPositions
0c01b38c   CalcDynamicsInit
0c01f5f0   CalcFDTDWrInit_WmcmdInputType
0c021958   CalcFDTDTSOBInit
0c023cf4   FDTD_Tm_Init
0c0240a0   CalcPVGainInitCDM
0c025470   MW_main
0c025ab0   LimitPosCmd
0c025b10   LimDiffCalcDQ
0c025c68   Integrator_w_ref3
0c025c88   Integrator_w_ref2
0c025ca8   Integrator_w_ref
0c025cc8   Integrator_acc_ref3
0c025ce8   Integrator_acc_ref2
0c025d08   Integrator_acc_ref
0c025d28   GetVelocity
0c025d60   GetFilterdSignal
0c025f08   GeneratorCircle3rd
0c025fb0   GeneratorCircle2nd
0c026060   GeneratorCircle1st
0c026108   FDTD_Tm
0c026364   FDTD_T_SOB
0c027180   FDTDSOB
0c027cac   DecouplingControl
0c027d34   CalcGravIcmp
0c027e74   CalcJl
0c0281ac   CalcPVGain
0c029c70   CalcFDTDWr_WmcmdInputType
0c02b4d8   CalcTauLDyn
0c02bbec   CalcFDTDWrUpdate_WmcmdInputType_2nd
0c02c6a0   CalcFDTDWrUpdate_WmcmdInputType_1st2nd
0c02db98   CalcHandCmdCircle
0c02dfe0   CalcInverseCmd_vel
0c02edb0   CalcVdcMean
0c02ee8c   BrakeController
0c02ef80   CalcPrefRep3axis
0c02f174   CalcPrefRep2axis
0c02f370   CalcPref2axis
0c02f464   CalcHandCmdRectangle
0c02f9a4   CalcHandCmdDiamond
0c02ffa0   CalcFDTDWr_QmrefInputType
0c031200   CalcFDTDWrUpdate_QmrefInputType_2nd
0c031784   CalcFDTDWrUpdate_QmrefInputType_1st2nd
0c032330   CalcFDTDWrInit_QmrefInputType
0c0341c0   ControlFunction
0c038600   ENC_stop_abs
0c0386ac   ENC_start_abs
0c038760   ENC_ss_init
0c03880c   ENC_ss_get_start
0c0388c0   ENC_ss_get_abs
0c0389c0   ENC_ss_get_abm
0c038aa8   ENC_set_refresh
0c038b60   ENC_reset_err
0c038c28   ENC_reset_abs
0c038d00   ENC_reset_abm
0c038dc8   ENC_get_status
0c038e60   ENC_get_almc
0c038eec   ENC_get_abs
0c038fac   ENC_get_abm
0c039068   ENC_batt_alm_en
0c039120   pow
0c039868   i2cEepromWriteBlock2
0c039ae0   i2cEepromWriteByteAddr2
0c039bf8   i2cEepromRead2
0c039d74   i2cEepromGetStatus2
0c039ee0   powf
0c03a4c0   __c6xabi_divd
0c03aa80   mw_spi_xfer
0c03abc4   mw_spi_release
0c03ac30   mw_spi_cmd_write
0c03ac40   mw_spi_cmd_read
0c03ac4c   mw_spi_cmd
0c03acb8   mw_spi_claim
0c03ae40   mw_nor_write
0c03af04   mw_nor_read
0c03afb8   mw_nor_init
0c03b02c   mw_nor_get_details
0c03b098   mw_nor_erase
0c03b1a0   platform_write
0c03b1b4   mw_platform_device_write
0c03b250   mw_platform_device_read
0c03b2ec   mw_platform_device_open
0c03b3c4   mw_platform_device_erase_block
0c03b404   mw_platform_device_close
0c03b470   mw_platform_delaycycles
0c03b490   mw_Osal_platformSpiCsExit
0c03b4a4   mw_Osal_platformSpiCsEnter
0c03b4e0   cos
0c03b7a0   __c6xabi_divf
0c03ba20   sin
0c03bca0   cvt_to_u32_from_float
0c03bcc8   cvt_to_float_from_u32
0c03bcf0   FPGA_write_f32
0c03bd80   FPGA_write
0c03bdf8   FPGA_read_f32
0c03be64   FPGA_read
0c03beb0   FPGA_get_fpga_ver
0c03bee0   IPFPGA_write_f32
0c03bf6c   IPFPGA_write
0c03bfe8   IPFPGA_read_f32
0c03c060   IPFPGA_read
0c03c0ac   IPFPGA_get_fpga_ver
0c03c0e0   acos
0c03c2c0   atan
0c03c480   expf
0c03c7a0   atan2
0c03c920   frexp
0c03caa0   frexpf
0c03cc00   ldexp
0c03cd60   ldexpf
0c03cec0   sqrt
0c03d020   _auto_init_elf
0c03d120   copy_in
0c03d220   __c6xabi_divi
0c03d220   __divi
0c03d300   memset
0c03d3e0   __c6xabi_divu
0c03d3e0   __divu
0c03d4a0   exit
0c03d560   __TI_tls_init
0c03d620   __c6xabi_nround
0c03d6c0   memcpy
0c03d760   modf
0c03d800   __c6xabi_fixdu
0c03d880   __c6xabi_roundf
0c03d900   _c_int00
0c03d980   PEV_init
0c03d9c4   PEV_get_fpga_ver
0c03da00   evmI2CInit
0c03da80   __TI_cpp_init
0c03dae0   __c6xabi_frcmpyd_div
0c03db40   __c6xabi_llshru
0c03dba0   modff
0c03dc00   _args_main
0c03dc40   CSL_GPIO_open
0c03dc60   main
0c03dc80   __c6xabi_errno_addr
0c03dca0   __c6xabi_trunc
0c03dcc0   __c6xabi_truncf
0c03dce0   C$$EXIT
0c03dce0   abort
0c03dd00   __TI_decompress_none
0c03dd20   __TI_decompress_rle24
0c03e040   sen
0c03e290   LPF_cmd
0c03e314   __errno
0c03e314   errno
0c03e318   LPF_motor
0c03e400   d_current
0c03e448   position
0c03e490   q_current
0c03e4d8   velocity
0c03e728   range
0c03ea04   _cleanup_ptr
0c03ea08   _dtors_ptr
0c03ea0c   __TI_enable_exit_profile_output
0c03ec44   EMIF_IntrErr_sts
0c041184   __TI_Handler_Table_Base
0c04118c   __TI_Handler_Table_Limit
0c041190   __TI_CINIT_Base
0c0411b0   __TI_CINIT_Limit
11e00000   PEV_updown_set_mode
11e00034   PEV_updown_read_cnt
11e00078   PEV_updown_init_maxcount
11e000c8   PEV_updown_clear_cnt
11e00100   PEV_sync_z_out
11e00150   PEV_sync_pwm_out
11e00260   PEV_sync_pwm_init
11e002b4   PEV_sync_ad_out
11e0030c   PEV_sync_ad_init
11e00360   PEV_inverter_stop_pwm
11e00394   PEV_inverter_start_pwm
11e003cc   PEV_inverter_set_uvw_br
11e005e8   PEV_inverter_set_uvw
11e007d4   PEV_inverter_set_ra
11e008d4   PEV_inverter_set_ab
11e00958   PEV_inverter_init_refload_timing
11e009b8   PEV_inverter_init_int_timing
11e00aa8   PEV_inverter_init_adtrig_timing
11e00b84   PEV_inverter_init
11e00cf4   PEV_inverter_enable_int
11e00d38   PEV_inverter_disable_int
11e00d70   PEV_inverter_control_gate
11e00da8   PEV_inverter_control_break
11e00de0   PEV_int_init
11e00f10   PEV_ad_start
11e00f48   PEV_ad_set_range
11e00f98   PEV_ad_set_offset
11e00fe0   PEV_ad_set_mode
11e01040   PEV_ad_in_st
11e0106c   PEV_ad_in_grp
11e012b0   PEV_ad_in_4ch
11e01418   PEV_ad_enable_int
11e01460   PEV_ad_disable_int
11e01494   PEV_ad_abz_read
11e016e8   PEV_abz_write
11e01734   PEV_abz_set_mode
11e017a4   PEV_abz_read
11e017e8   PEV_abz_init_maxcount
11e01834   PEV_abz_in_pin
11e01864   PEV_abz_get_resolver_pos
11e018a4   PEV_abz_get_resolver_err
11e018e0   PEV_abz_clear_resolver_err
11e01914   PEV_abz_clear
11e01960   C6657_timer3_hi_stop
11e01974   C6657_timer3_hi_start
11e01994   C6657_timer3_hi_init_vector
11e019b8   C6657_timer3_hi_init
11e01a2c   C6657_timer3_hi_enable_int
11e01a84   C6657_timer3_hi_clear_eventflag
11e01a94   C6657_timer2_write
11e01aa0   C6657_timer2_stop
11e01ab4   C6657_timer2_start
11e01ad8   C6657_timer2_read
11e01ae8   C6657_timer2_init_vector
11e01b30   C6657_timer2_init
11e01ba4   C6657_timer2_enable_int
11e01bf8   C6657_timer2_disable_int
11e01c40   C6657_timer2_clear_eventflag
11e01c4c   C6657_timer2_clear
11e01c58   C6657_timer1_write
11e01c68   C6657_timer1_stop
11e01c80   C6657_timer1_start
11e01ca0   C6657_timer1_read
11e01cac   C6657_timer1_init_vector
11e01cd0   C6657_timer1_init
11e01d44   C6657_timer1_enable_int
11e01d98   C6657_timer1_disable_int
11e01de0   C6657_timer1_clear_eventflag
11e01dec   C6657_timer1_clear
11e01df8   C6657_timer0_write
11e01e08   C6657_timer0_stop
11e01e20   C6657_timer0_start
11e01e40   C6657_timer0_read
11e01e4c   C6657_timer0_init_vector
11e01e70   C6657_timer0_init
11e01ee4   C6657_timer0_enable_int
11e01f38   C6657_timer0_disable_int
11e01f78   C6657_timer0_clear_eventflag
11e01f8c   C6657_timer0_clear
11e01fa0   EMF_Write_s32
11e02018   EMF_WriteFlashRom_s32
11e02120   EMF_Write2_s32
11e021b8   EMF_Read_s32
11e0222c   EMF_ReadFpgaBoard_s32
11e022e0   EMF_ReadFlashRom_s32
11e023a8   EMF_Read3_s32
11e02414   EMF_Read2_s32
11e024cc   EMF_Initialization_s32
11e0252c   EMF_EnableIntr_s32
11e025f4   mwintc_setupApp
11e02688   cic0Out2Evnt
11e02714   mwintc_setup
11e02794   mwintc_setup2
11e02860   mwintc_mapSystemIntrToChannel
11e02878   mwintc_getInterruptStatus
11e028a8   mwintc_enableSysInterrupt
11e028c0   mwintc_enableHostInterrupt
11e028d4   mwintc_disableSysInterrupt
11e028ec   mwintc_disableHostInterrupt
11e02904   mwintc_clearSysInterrupt
11e02918   int_end_nestint
11e02968   int_begin_nestint
11e029a8   IRQ_globalRestore
11e029b0   IRQ_globalEnable
11e029d0   IRQ_globalDisable
11e02a00   CSL2_intcHwControl
11e02d20   EMF_ErrIntr_vo
11e02f00   GPI_setVector_vo
11e02fd4   GPI_int_ack_vo
11e03024   GPI_init_vo
11e0304c   GPI_enable_int_vo
11e0306c   GPI_disable_int_vo
11e030a0   CSL2_loadResource
11e030b4   CSL2_intcOpen2
11e03220   CSL_intcInterruptEnable
11e03240   CSL_intcInterruptDisable
11e03260   _CSL_intcInterruptClear
11e0326c   _CSL_intcInterruptSet
11e03278   _CSL_intcInterruptRestore
11e03290   _CSL_intcQueryInterruptStatus
11e032a8   CSL_intcGlobalEnable
11e032c8   _CSL_intcGlobalDisable
11e032e8   _CSL_intcGlobalRestore
11e03300   CSL_intcGlobalNmiEnable
11e03314   _CSL_intcGlobalExcepEnable
11e03328   _CSL_intcGlobalExtExcepEnable
11e0333c   _CSL_intcGlobalExcepClear
11e03360   mw_setVect
11e03380   _CSL2_intcDispatcherDummy
11f00170   intcObj
11f00270   gpio_int_map
11f002b0   _mwSinTbl
11f02300   WAVE_Enc_error
11f02304   WAVE_ofst_Iu
11f02308   WAVE_ofst_Iv
11f0230c   WAVE_ofst_Iw
11f02310   WAVE_Vdc_ofst
11f02318   debug
11f02328   debug2
11f02338   debug3
11f02348   joint
11f02a50   ob_sub
11f02bb0   Wr_sub
11f02ec8   Wr_DPD
11f031e0   dyn
11f032e8   tri
11f03360   gsub
11f034c0   Tm_sub
11f03508   ad1
11f0350c   ad2
11f03510   ad3
11f03514   ModRatioU
11f03518   ModRatioV
11f0351c   ModRatioW
11f03520   _stack
11f04520   WAVE_INIT_COUNT
11f04520   __TI_STACK_END
11f04520   __TI_STATIC_BASE
11f04524   WAVE_FIL_Y
11f04528   flag_cont_start
11f0452c   flag_dead
11f04530   flag_dyn_payload
11f04534   flag_CalcHandCmd
11f04538   flag_debug
11f0453c   flag_pv
11f04540   flag_delay
11f04544   flag_Vdc_setted
11f04548   flag_FBgain
11f0454c   flag_PPgain
11f04550   flag_FF
11f04554   flag_SOB
11f04558   counter_2
11f0455c   WAVE_LoopCount
11f04560   flag_FF_triple
11f04564   flag_cmd_end
11f04568   WAVE_Timer0
11f0456c   WAVE_Timer1
11f04570   WAVE_Timer2
11f04574   WAVE_Joint1
11f04578   WAVE_Joint2
11f0457c   WAVE_Joint3
11f04580   WAVE_HandX
11f04584   WAVE_HandY
11f04588   WAVE_HandZ
11f0458c   WAVE_fx
11f04590   WAVE_fy
11f04594   WAVE_fz
11f04598   WAVE_vx
11f0459c   WAVE_vy
11f045a0   WAVE_vz
11f045a4   WAVE_state
11f045a8   WAVE_check
11f045ac   flag_reposition
11f045b0   flag_first_go
11f045b4   flag_first_back
11f045b8   flag_hard
11f045bc   flag_CircleStart1
11f045c0   flag_CircleStart2
11f045c4   flag_CircleStart3
11f045c8   flag_end1
11f045cc   flag_end2
11f045d0   flag_end3
11f045d4   flag_on
11f045d8   start_go1
11f045dc   start_go2
11f045e0   start_go3
11f045e4   start_back1
11f045e8   start_back2
11f045ec   start_back3
11f045f0   Ref_Iq_ref_direct
11f045f4   Ref_wM_direct
11f045f8   Iq_off
11f045fc   Flag_ARCS_start
11f04600   Flag_ARCS_clear
11f04604   speed_hand
11f04608   ref_wm_direct
11f0460c   debug_theta
11f04610   load_angle_limit_deg1
11f04614   load_angle_limit_deg2
11f04618   load_angle_limit_deg3
11f0461c   load_angle_limit_deg5
11f04620   load_angle_limit_rad1
11f04624   load_angle_limit_rad2
11f04628   load_angle_limit_rad3
11f0462c   load_angle_limit_rad5
11f04630   left_rotation_flag
11f04634   right_rotation_flag
11f04638   down_rotation_flag2
11f0463c   up_rotation_flag2
11f04640   down_rotation_flag3
11f04644   up_rotation_flag3
11f04648   down_rotation_flag5
11f0464c   up_rotation_flag5
11f04650   WAVE_Kpp1
11f04654   WAVE_Kff1
11f04658   WAVE_Kfb1
11f0465c   WAVE_Kvp1
11f04660   WAVE_Kvi1
11f04664   WAVE_fwm1
11f04668   WAVE_fqs1
11f0466c   WAVE_fwl1
11f04670   WAVE_Kpp2
11f04674   WAVE_Kff2
11f04678   WAVE_Kfb2
11f0467c   WAVE_Kvp2
11f04680   WAVE_Kvi2
11f04684   WAVE_fwm2
11f04688   WAVE_fqs2
11f0468c   WAVE_fwl2
11f04690   WAVE_Kpp3
11f04694   WAVE_Kff3
11f04698   WAVE_Kfb3
11f0469c   WAVE_Kvp3
11f046a0   WAVE_Kvi3
11f046a4   WAVE_fwm3
11f046a8   WAVE_fqs3
11f046ac   WAVE_fwl3
11f046b0   WAVE_al_calc1
11f046b4   WAVE_wl_calc1
11f046b8   WAVE_ql_calc1
11f046bc   WAVE_wm_calc1
11f046c0   WAVE_al_calc2
11f046c4   WAVE_wl_calc2
11f046c8   WAVE_ql_calc2
11f046cc   WAVE_wm_calc2
11f046d0   WAVE_al_calc3
11f046d4   WAVE_wl_calc3
11f046d8   WAVE_ql_calc3
11f046dc   WAVE_wm_calc3
11f046e0   WAVE_al_calc_DPD1
11f046e4   WAVE_wl_calc_DPD1
11f046e8   WAVE_ql_calc_DPD1
11f046ec   WAVE_wm_calc_DPD1
11f046f0   WAVE_al_calc_DPD2
11f046f4   WAVE_wl_calc_DPD2
11f046f8   WAVE_ql_calc_DPD2
11f046fc   WAVE_wm_calc_DPD2
11f04700   WAVE_al_calc_DPD3
11f04704   WAVE_wl_calc_DPD3
11f04708   WAVE_ql_calc_DPD3
11f0470c   WAVE_wm_calc_DPD3
11f04710   WAVE_est_wm1
11f04714   WAVE_est_qs1
11f04718   WAVE_est_wl1
11f0471c   WAVE_est_wm2
11f04720   WAVE_est_qs2
11f04724   WAVE_est_wl2
11f04728   WAVE_est_wm3
11f0472c   WAVE_est_qs3
11f04730   WAVE_est_wl3
11f04734   WAVE_est_conv_wm1
11f04738   WAVE_est_conv_qs1
11f0473c   WAVE_est_conv_wl1
11f04740   WAVE_est_conv_wm2
11f04744   WAVE_est_conv_qs2
11f04748   WAVE_est_conv_wl2
11f0474c   WAVE_est_conv_wm3
11f04750   WAVE_est_conv_qs3
11f04754   WAVE_est_conv_wl3
11f04758   WAVE_est_prop_wm1
11f0475c   WAVE_est_prop_qs1
11f04760   WAVE_est_prop_wl1
11f04764   WAVE_est_prop_wm2
11f04768   WAVE_est_prop_qs2
11f0476c   WAVE_est_prop_wl2
11f04770   WAVE_est_prop_wm3
11f04774   WAVE_est_prop_qs3
11f04778   WAVE_est_prop_wl3
11f0477c   WAVE_est_ISOB_wm1
11f04780   WAVE_est_ISOB_qs1
11f04784   WAVE_est_ISOB_wl1
11f04788   WAVE_est_ISOB_wm2
11f0478c   WAVE_est_ISOB_qs2
11f04790   WAVE_est_ISOB_wl2
11f04794   WAVE_est_ISOB_wm3
11f04798   WAVE_est_ISOB_qs3
11f0479c   WAVE_est_ISOB_wl3
11f047a0   WAVE_IresU1
11f047a4   WAVE_IresU2
11f047a8   WAVE_IresU3
11f047ac   WAVE_IresV1
11f047b0   WAVE_IresV2
11f047b4   WAVE_IresV3
11f047b8   WAVE_IresW1
11f047bc   WAVE_IresW2
11f047c0   WAVE_IresW3
11f047c4   WAVE_ACC_LW8079
11f047c8   WAVE_ACC_LW8174
11f047cc   WAVE_ACC_LW8174_axis
11f047d0   WAVE_Fz
11f047d4   WAVE_WSX
11f047d8   WAVE_WSY
11f047dc   WAVE_WSZ
11f047e0   WAVE_U_modulation
11f047e4   WAVE_V_modulation
11f047e8   WAVE_W_modulation
11f047ec   ref_Iq_direct1
11f047f0   ref_Iq_direct2
11f047f4   ref_Iq_direct3
11f047f8   WAVE_AccCmd1
11f047fc   WAVE_VelCmd1
11f04800   WAVE_AccCmd2
11f04804   WAVE_VelCmd2
11f04808   WAVE_AccCmd3
11f0480c   WAVE_VelCmd3
11f04810   WAVE_av4_1
11f04814   WAVE_av3_1
11f04818   WAVE_av2_1
11f0481c   WAVE_av1_1
11f04820   WAVE_av0_1
11f04824   WAVE_bv3_1
11f04828   WAVE_bv2_1
11f0482c   WAVE_bv1_1
11f04830   WAVE_bv0_1
11f04834   WAVE_aq2_1
11f04838   WAVE_aq1_1
11f0483c   WAVE_aq0_1
11f04840   WAVE_av4_2
11f04844   WAVE_av3_2
11f04848   WAVE_av2_2
11f0484c   WAVE_av1_2
11f04850   WAVE_av0_2
11f04854   WAVE_bv3_2
11f04858   WAVE_bv2_2
11f0485c   WAVE_bv1_2
11f04860   WAVE_bv0_2
11f04864   WAVE_aq2_2
11f04868   WAVE_aq1_2
11f0486c   WAVE_aq0_2
11f04870   WAVE_av4_3
11f04874   WAVE_av3_3
11f04878   WAVE_av2_3
11f0487c   WAVE_av1_3
11f04880   WAVE_av0_3
11f04884   WAVE_bv3_3
11f04888   WAVE_bv2_3
11f0488c   WAVE_bv1_3
11f04890   WAVE_bv0_3
11f04894   WAVE_aq2_3
11f04898   WAVE_aq1_3
11f0489c   WAVE_aq0_3
11f048a0   Wr_Throth_check
11f04a6c   tmr1regs
11f04a70   tmr2regs
11f04a74   tmr3regs
11f04a78   mw_gp__CSL_intcCpuIntrTable
11f04a7c   mw_platform_errno
11f04a80   WAVE_MRU1
11f04a84   WAVE_MRV1
11f04a88   WAVE_MRW1
11f04a8c   WAVE_MRU2
11f04a90   WAVE_MRV2
11f04a94   WAVE_MRW2
11f04a98   WAVE_MRU3
11f04a9c   WAVE_MRV3
11f04aa0   WAVE_MRW3
11f04aa4   WAVE_MRBR1
11f04aa8   WAVE_MRBR2
11f04aac   WAVE_MRBR3
11f04ab0   WAVE_tauLdyn1
11f04ab4   WAVE_tauLdyn2
11f04ab8   WAVE_tauLdyn3
11f04abc   WAVE_Jl_calc1
11f04ac0   WAVE_Jl_calc2
11f04ac4   WAVE_Jl_calc3
11f04ac8   WAVE_IresD1
11f04acc   WAVE_IresD2
11f04ad0   WAVE_IresD3
11f04ad4   WAVE_IresQ1
11f04ad8   WAVE_IresQ2
11f04adc   WAVE_IresQ3
11f04ae0   WAVE_Vdc1
11f04ae4   WAVE_Vdc2
11f04ae8   WAVE_Vdc3
11f04aec   WAVE_Idc1
11f04af0   WAVE_Idc2
11f04af4   WAVE_Idc3
11f04af8   WAVE_ENC_temp1
11f04afc   WAVE_ENC_temp2
11f04b00   WAVE_ENC_temp3
11f04b04   WAVE_ENC1
11f04b08   WAVE_ENC2
11f04b0c   WAVE_ENC3
11f04b10   WAVE_theta_rm1
11f04b14   WAVE_theta_rm2
11f04b18   WAVE_theta_rm3
11f04b1c   WAVE_theta_rm_ref1
11f04b20   WAVE_theta_rm_ref2
11f04b24   WAVE_theta_rm_ref3
11f04b28   WAVE_theta_rm_full1
11f04b2c   WAVE_theta_rm_full2
11f04b30   WAVE_theta_rm_full3
11f04b34   WAVE_theta_re1
11f04b38   WAVE_theta_re2
11f04b3c   WAVE_theta_re3
11f04b40   WAVE_TRG_WM1
11f04b44   WAVE_TRG_WM2
11f04b48   WAVE_TRG_WM3
11f04b4c   WAVE_wm1
11f04b50   WAVE_wm2
11f04b54   WAVE_wm3
11f04b58   WAVE_wm_ref_org
11f04b5c   WAVE_wm_ref1
11f04b60   WAVE_wm_ref2
11f04b64   WAVE_wm_ref3
11f04b68   WAVE_wm_cmd1
11f04b6c   WAVE_wm_cmd2
11f04b70   WAVE_wm_cmd3
11f04b74   WAVE_wm_CCC1
11f04b78   WAVE_wm_CCC2
11f04b7c   WAVE_wm_CCC3
11f04b80   WAVE_qm1
11f04b84   WAVE_qm2
11f04b88   WAVE_qm3
11f04b8c   WAVE_qm_ref1
11f04b90   WAVE_qm_ref2
11f04b94   WAVE_qm_ref3
11f04b98   WAVE_ql1
11f04b9c   WAVE_ql2
11f04ba0   WAVE_ql3
11f04ba4   WAVE_Iq1
11f04ba8   WAVE_Iq2
11f04bac   WAVE_Iq3
11f04bb0   WAVE_Isfb1
11f04bb4   WAVE_Isfb2
11f04bb8   WAVE_Isfb3
11f04bbc   WAVE_jark1
11f04bc0   WAVE_jark2
11f04bc4   WAVE_jark3
11f04bc8   WAVE_am_TriAccCmd1
11f04bcc   WAVE_am_TriAccCmd2
11f04bd0   WAVE_am_TriAccCmd3
11f04bd4   WAVE_wm_TriAccCmd1
11f04bd8   WAVE_wm_TriAccCmd2
11f04bdc   WAVE_wm_TriAccCmd3
11f04be0   WAVE_qm_TriAccCmd1
11f04be4   WAVE_qm_TriAccCmd2
11f04be8   WAVE_qm_TriAccCmd3
11f04bec   WAVE_VrefU1
11f04bf0   WAVE_VrefV1
11f04bf4   WAVE_VrefW1
11f04bf8   WAVE_VrefU2
11f04bfc   WAVE_VrefV2
11f04c00   WAVE_VrefW2
11f04c04   WAVE_VrefU3
11f04c08   WAVE_VrefV3
11f04c0c   WAVE_VrefW3
11f04c10   WAVE_vu_ref_stand1
11f04c14   WAVE_vv_ref_stand1
11f04c18   WAVE_vw_ref_stand1
11f04c1c   WAVE_vu_ref_stand2
11f04c20   WAVE_vv_ref_stand2
11f04c24   WAVE_vw_ref_stand2
11f04c28   WAVE_vu_ref_stand3
11f04c2c   WAVE_vv_ref_stand3
11f04c30   WAVE_vw_ref_stand3
11f04c34   WAVE_IrefD1
11f04c38   WAVE_IrefD2
11f04c3c   WAVE_IrefD3
11f04c40   WAVE_IrefQ1
11f04c44   WAVE_IrefQ2
11f04c48   WAVE_IrefQ3
11f04c4c   WAVE_VrefD_dcpl1
11f04c50   WAVE_VrefQ_dcpl1
11f04c54   WAVE_VrefD_dcpl2
11f04c58   WAVE_VrefQ_dcpl2
11f04c5c   WAVE_VrefD_dcpl3
11f04c60   WAVE_VrefQ_dcpl3
11f04c64   WAVE_VrefD1
11f04c68   WAVE_VrefQ1
11f04c6c   WAVE_VrefD2
11f04c70   WAVE_VrefQ2
11f04c74   WAVE_VrefD3
11f04c78   WAVE_VrefQ3
11f04c7c   WAVE_vd_lim_dif1
11f04c80   WAVE_vq_lim_dif1
11f04c84   WAVE_vd_lim_dif2
11f04c88   WAVE_vq_lim_dif2
11f04c8c   WAVE_vd_lim_dif3
11f04c90   WAVE_vq_lim_dif3
11f04c94   WAVE_omega_rm1
11f04c98   WAVE_omega_rm2
11f04c9c   WAVE_omega_rm3
11f04ca0   WAVE_omega_rm1_ref
11f04ca4   WAVE_omega_rm2_ref
11f04ca8   WAVE_omega_rm3_ref
11f04cac   WAVE_Tq1
11f04cb0   WAVE_Tq2
11f04cb4   WAVE_Tq3
11f04cb8   WAVE_Icmp1
11f04cbc   WAVE_Icmp2
11f04cc0   WAVE_Icmp3
11f04cc4   ref_Iq_freq_direct1
11f04cc8   ref_Iq_freq_direct2
11f04ccc   ref_Iq_freq_direct3
11f04cd0   WAVE_Iff_1
11f04cd4   WAVE_Iff_2
11f04cd8   WAVE_Iff_3
11f04cdc   WAVE_tauL_dyn_2nd
11f04ce0   WAVE_VWX
11f04ce4   WAVE_VWY
11f04ce8   WAVE_VWZ
11f04d68   EMF_ExtWaitErrInfo_u32s
11f04d6c   EMF_ExtWaitErrCnt_u32s
11f04d70   hGpio
ffffffff   __TI_pprof_out_hndl
ffffffff   __TI_prof_data_size
ffffffff   __TI_prof_data_start
ffffffff   __binit__
ffffffff   __c_args__
ffffffff   binit
UNDEFED    __TI_INITARRAY_Base
UNDEFED    __TI_INITARRAY_Limit
UNDEFED    __TI_TLS_INIT_Base
UNDEFED    __TI_TLS_INIT_Limit

[738 symbols]
