******************************************************************************
               TMS320C6x Linker PC v7.4.24                     
******************************************************************************
>> Linked Thu Apr 10 17:20:23 2025

OUTPUT FILE NAME:   <current_control_ver2_new.out>
ENTRY POINT SYMBOL: "_c_int00"  address: 0c03bfa0


MEMORY CONFIGURATION

         name            origin    length      used     unused   attr    fill
----------------------  --------  ---------  --------  --------  ----  --------
  IPC_ISR_REG           02620244   00000004  00000000  00000004  RWIX
  DDR3_INIT_CODE        0c000000   00018000  00000000  00018000  RW X
  USER_SRAM_1_4         0c018000   000e8000  00027794  000c086c  RWIX
  KNL0_SRAM_1_4         10800000   000fff80  00000000  000fff80  RWIX
  KNL0_BOOT_AREA        108fff80   0000007c  00000000  0000007c  RWIX
  KNL0_MAGIC_ADDRESS    108ffffc   00000004  00000000  00000004  RWIX
  CTRL_PARAS            11800000   00000100  00000000  00000100  RWIX
  KNL1_SRAM_1_2         11800100   0003ff00  00000000  0003ff00  RWIX
  CSL_INTC              11840000   00010000  00000000  00010000  RWIX
  USER_MAGIC_ADDRESS    118fff80   00000004  00000000  00000004  R   
  KNL1_BOOT_AREA        118fff84   00000078  00000000  00000078  RWIX
  KNL1_MAGIC_ADDRESS    118ffffc   00000004  00000000  00000004  RWIX
  USER_SRAM_2_4         11e00000   00008000  000033e0  00004c20  RWIX
  USER_SRAM_3_4         11f00000   00008000  00004c24  000033dc  RWIX
  TI_BOOT_ROM           20b00000   00020000  00000000  00020000  RWIX
  KNL0_SRAM_2_4         80000000   000fe000  00000000  000fe000  RWIX
  USER_SRAM_4_4         80100000   01800000  00000000  01800000  RWIX
  KNL0_SRAM_3_4         82000000   0d000000  00000000  0d000000  RWIX
  KNL0_SRAM_4_4         8f000000   01000000  00000000  01000000  RWIX
  KNL1_SRAM_2_2         90000000   10000000  00000000  10000000  RWIX


SEGMENT ALLOCATION MAP

run origin  load origin   length   init length attrs members
----------  ----------- ---------- ----------- ----- -------
0c018000    0c018000    000246e0   000246e0    r-x
  0c018000    0c018000    000246e0   000246e0    r-x .text
0c03c6e0    0c03c6e0    00000b2c   00000b2c    rw-
  0c03c6e0    0c03c6e0    00000b2c   00000b2c    rw- .fardata
0c03d210    0c03d210    00000058   00000000    rw-
  0c03d210    0c03d210    00000058   00000000    rw- .far
0c03d280    0c03d280    00000078   00000078    r--
  0c03d280    0c03d280    00000078   00000078    r-- .const
0c03d300    0c03d300    00000010   00000010    r--
  0c03d300    0c03d300    00000010   00000010    r-- .switch
0c03d380    0c03d380    000024a8   000024a8    r--
  0c03d380    0c03d380    000024a8   000024a8    r-- .cinit
11e00000    11e00000    000033e0   000033e0    r-x
  11e00000    11e00000    000033e0   000033e0    r-x .text_2
11f00000    11f00000    000022b8   000022b8    rw-
  11f00000    11f00000    000022b8   000022b8    rw- .data_2
11f02300    11f02300    00002158   00001158    rw-
  11f02300    11f02300    00001158   00001158    rw- .DATA_ON_HIGHER_SPEED
  11f03458    11f03458    00001000   00000000    rw- .stack
11f04458    11f04458    00000814   0000051c    rw-
  11f04458    11f04458    0000051c   0000051c    rw- .neardata
  11f04974    11f04974    000002f8   00000000    rw- .bss


SECTION ALLOCATION MAP

 output                                  attributes/
section   page    origin      length       input sections
--------  ----  ----------  ----------   ----------------
.text      0    0c018000    000246e0     
                  0c018000    0001a1a0     current_control_ver2_new.obj (.text)
                  0c0321a0    00004b00     current_control_ver2_new.obj (.text:retain)
                  0c036ca0    00000b20     enc.obj (.text)
                  0c0377c0    00000700     rts6600_elf.lib : pow.obj (.text:pow)
                  0c037ec0    000006c0     mwio4.lib : mw_i2c_eeprom.obj (.text)
                  0c038580    000005e0     rts6600_elf.lib : powf.obj (.text:powf)
                  0c038b60    000005c0                     : divd.obj (.text:__c6xabi_divd)
                  0c039120    000003c0     mwio4.lib : mw_spi.obj (.text)
                  0c0394e0    00000360               : mw_flash.obj (.text)
                  0c039840    00000340               : mw_platform.obj (.text)
                  0c039b80    000002c0     rts6600_elf.lib : cos.obj (.text:cos)
                  0c039e40    00000280                     : divf.obj (.text:__c6xabi_divf)
                  0c03a0c0    00000280                     : sin.obj (.text:sin)
                  0c03a340    00000240     mwio4.lib : FPGA_LIB.obj (.text)
                  0c03a580    00000200               : IPFPGA_LIB.obj (.text)
                  0c03a780    000001e0     rts6600_elf.lib : acos.obj (.text:acos)
                  0c03a960    000001c0                     : atan.obj (.text:atan)
                  0c03ab20    000001a0                     : expf.obj (.text:expf)
                  0c03acc0    00000180                     : copy_decompress_rle.obj (.text:__TI_decompress_rle_core)
                  0c03ae40    00000180                     : atan2.obj (.text:atan2)
                  0c03afc0    00000180                     : frexp.obj (.text:frexp)
                  0c03b140    00000160                     : frexpf.obj (.text:frexpf)
                  0c03b2a0    00000160                     : ldexp.obj (.text:ldexp)
                  0c03b400    00000160                     : ldexpf.obj (.text:ldexpf)
                  0c03b560    00000160                     : sqrt.obj (.text:sqrt)
                  0c03b6c0    00000100                     : autoinit.obj (.text:_auto_init_elf)
                  0c03b7c0    00000100                     : cpy_tbl.obj (.text:copy_in)
                  0c03b8c0    000000e0                     : divi.obj (.text:__divi)
                  0c03b9a0    000000e0                     : memset.obj (.text:memset)
                  0c03ba80    000000c0                     : divu.obj (.text:__divu)
                  0c03bb40    000000c0                     : exit.obj (.text:exit)
                  0c03bc00    000000c0                     : tls.obj (.text:tls:init:__TI_tls_init)
                  0c03bcc0    000000a0                     : round.obj (.text:__c6xabi_nround)
                  0c03bd60    000000a0                     : memcpy64.obj (.text:memcpy)
                  0c03be00    000000a0                     : modf.obj (.text:modf)
                  0c03bea0    00000080                     : fixdu.obj (.text:__c6xabi_fixdu)
                  0c03bf20    00000080                     : roundf.obj (.text:__c6xabi_roundf)
                  0c03bfa0    00000080                     : boot.obj (.text:_c_int00)
                  0c03c020    00000080     mwio4.lib : PEV_LIB.obj (.text)
                  0c03c0a0    00000080               : mw_i2c.obj (.text)
                  0c03c120    00000060     rts6600_elf.lib : cpp_init.obj (.text:__TI_cpp_init)
                  0c03c180    00000060                     : frcmpyd_div.obj (.text:__c6xabi_frcmpyd_div)
                  0c03c1e0    00000060                     : llshift.obj (.text:__c6xabi_llshru)
                  0c03c240    00000060                     : modff.obj (.text:modff)
                  0c03c2a0    00000040                     : args_main.obj (.text:_args_main)
                  0c03c2e0    00000020     ti.csl.ae66 : csl_gpioGetBaseAddress.oe66 (.text:CSL_GPIO_open)
                  0c03c300    00000020     Main.obj (.text)
                  0c03c320    00000020     rts6600_elf.lib : errno.obj (.text:__c6xabi_errno_addr)
                  0c03c340    00000020                     : trunc.obj (.text:__c6xabi_trunc)
                  0c03c360    00000020                     : truncf.obj (.text:__c6xabi_truncf)
                  0c03c380    00000020                     : exit.obj (.text:abort)
                  0c03c3a0    00000020                     : copy_decompress_none.obj (.text:decompress:none:__TI_decompress_none)
                  0c03c3c0    00000020                     : copy_decompress_rle.obj (.text:decompress:rle24:__TI_decompress_rle24)
                  0c03c3e0    00000010     mwio4.lib : EMIF16.obj ($Tramp$S$$EMF_EnableIntr_s32)
                  0c03c3f0    00000010               : gpio_int.obj ($Tramp$S$$GPI_init_vo)
                  0c03c400    00000010               : mwintc.obj ($Tramp$S$$mwintc_setupApp)
                  0c03c410    00000010               : PEV_INV_LIB.obj ($Tramp$S$$PEV_ad_set_offset)
                  0c03c420    00000010               : EMIF16.obj ($Tramp$S$$EMF_Read_s32)
                  0c03c430    00000010               : EMIF16.obj ($Tramp$S$$EMF_ReadFpgaBoard_s32)
                  0c03c440    00000010               : EMIF16.obj ($Tramp$S$$EMF_Write2_s32)
                  0c03c450    00000010               : gpio_int.obj ($Tramp$S$$GPI_int_ack_vo)
                  0c03c460    00000010               : timer_lib.obj ($Tramp$S$$C6657_timer2_read)
                  0c03c470    00000010               : timer_lib.obj ($Tramp$S$$C6657_timer1_read)
                  0c03c480    00000010               : timer_lib.obj ($Tramp$S$$C6657_timer1_start)
                  0c03c490    00000010               : timer_lib.obj ($Tramp$S$$C6657_timer1_clear)
                  0c03c4a0    00000010               : timer_lib.obj ($Tramp$S$$C6657_timer0_read)
                  0c03c4b0    00000010               : timer_lib.obj ($Tramp$S$$C6657_timer0_start)
                  0c03c4c0    00000010               : timer_lib.obj ($Tramp$S$$C6657_timer0_clear)
                  0c03c4d0    00000010               : timer_lib.obj ($Tramp$S$$C6657_timer1_stop)
                  0c03c4e0    00000010               : timer_lib.obj ($Tramp$S$$C6657_timer0_stop)
                  0c03c4f0    00000010               : timer_lib.obj ($Tramp$S$$C6657_timer2_start)
                  0c03c500    00000010               : timer_lib.obj ($Tramp$S$$C6657_timer2_clear)
                  0c03c510    00000010               : timer_lib.obj ($Tramp$S$$C6657_timer2_stop)
                  0c03c520    00000010               : PEV_INV_LIB.obj ($Tramp$S$$PEV_inverter_start_pwm)
                  0c03c530    00000010               : timer_lib.obj ($Tramp$S$$C6657_timer2_disable_int)
                  0c03c540    00000010               : timer_lib.obj ($Tramp$S$$C6657_timer1_disable_int)
                  0c03c550    00000010               : timer_lib.obj ($Tramp$S$$C6657_timer0_disable_int)
                  0c03c560    00000010               : PEV_INV_LIB.obj ($Tramp$S$$PEV_ad_disable_int)
                  0c03c570    00000010               : mwintc.obj ($Tramp$S$$IRQ_globalEnable)
                  0c03c580    00000010               : timer_lib.obj ($Tramp$S$$C6657_timer2_init)
                  0c03c590    00000010               : timer_lib.obj ($Tramp$S$$C6657_timer1_init)
                  0c03c5a0    00000010               : timer_lib.obj ($Tramp$S$$C6657_timer0_init)
                  0c03c5b0    00000010               : PEV_INV_LIB.obj ($Tramp$S$$PEV_inverter_control_break)
                  0c03c5c0    00000010               : PEV_INV_LIB.obj ($Tramp$S$$PEV_inverter_enable_int)
                  0c03c5d0    00000010               : PEV_INV_LIB.obj ($Tramp$S$$PEV_inverter_init_refload_timing)
                  0c03c5e0    00000010               : PEV_INV_LIB.obj ($Tramp$S$$PEV_inverter_init_adtrig_timing)
                  0c03c5f0    00000010               : PEV_INV_LIB.obj ($Tramp$S$$PEV_inverter_set_uvw)
                  0c03c600    00000010               : PEV_INV_LIB.obj ($Tramp$S$$PEV_ad_set_mode)
                  0c03c610    00000010               : PEV_INV_LIB.obj ($Tramp$S$$PEV_ad_set_range)
                  0c03c620    00000010               : PEV_INV_LIB.obj ($Tramp$S$$PEV_sync_pwm_out)
                  0c03c630    00000010               : PEV_INV_LIB.obj ($Tramp$S$$PEV_sync_pwm_init)
                  0c03c640    00000010               : PEV_INV_LIB.obj ($Tramp$S$$PEV_sync_ad_out)
                  0c03c650    00000010               : PEV_INV_LIB.obj ($Tramp$S$$PEV_sync_ad_init)
                  0c03c660    00000010               : PEV_INV_LIB.obj ($Tramp$S$$PEV_inverter_init)
                  0c03c670    00000010               : gpio_int.obj ($Tramp$S$$GPI_enable_int_vo)
                  0c03c680    00000010               : gpio_int.obj ($Tramp$S$$GPI_setVector_vo)
                  0c03c690    00000010               : PEV_INV_LIB.obj ($Tramp$S$$PEV_int_init)
                  0c03c6a0    00000010               : mwintc.obj ($Tramp$S$$IRQ_globalDisable)
                  0c03c6b0    00000010               : PEV_INV_LIB.obj ($Tramp$S$$PEV_ad_in_grp)
                  0c03c6c0    00000010               : PEV_INV_LIB.obj ($Tramp$S$$PEV_ad_in_st)
                  0c03c6d0    00000010               : PEV_INV_LIB.obj ($Tramp$S$$PEV_inverter_set_uvw_br)

.fardata   0    0c03c6e0    00000b2c     
                  0c03c6e0    00000120     current_control_ver2_new.obj (.fardata:sen)
                  0c03c800    000000a8     mwio4.lib : mw_platform.obj (.fardata)
                  0c03c8a8    00000088     rts6600_elf.lib : pow.obj (.fardata:A1$1)
                  0c03c930    00000084     current_control_ver2_new.obj (.fardata:LPF_cmd)
                  0c03c9b4    00000004     rts6600_elf.lib : errno.obj (.fardata)
                  0c03c9b8    00000084     current_control_ver2_new.obj (.fardata:LPF_motor)
                  0c03ca3c    00000004     --HOLE--
                  0c03ca40    00000060     rts6600_elf.lib : acos.obj (.fardata:asin_consts$1)
                  0c03caa0    00000048     current_control_ver2_new.obj (.fardata:d_current)
                  0c03cae8    00000048     current_control_ver2_new.obj (.fardata:position)
                  0c03cb30    00000048     current_control_ver2_new.obj (.fardata:q_current)
                  0c03cb78    00000048     current_control_ver2_new.obj (.fardata:velocity)
                  0c03cbc0    00000044     rts6600_elf.lib : powf.obj (.fardata:A1$1)
                  0c03cc04    00000004     --HOLE--
                  0c03cc08    00000040                     : pow.obj (.fardata:A2$2)
                  0c03cc48    00000040                     : cos.obj (.fardata:R$1)
                  0c03cc88    00000040                     : sin.obj (.fardata:R$1)
                  0c03ccc8    00000040                     : atan.obj (.fardata:arctan_consts$1)
                  0c03cd08    00000038                     : pow.obj (.fardata:Q$4)
                  0c03cd40    00000024     current_control_ver2_new.obj (.fardata:J$111)
                  0c03cd64    00000004     --HOLE--
                  0c03cd68    00000020     rts6600_elf.lib : atan.obj (.fardata:A$2)
                  0c03cd88    00000020                     : powf.obj (.fardata:A2$2)
                  0c03cda8    00000020                     : pow.obj (.fardata:P$3)
                  0c03cdc8    00000020     current_control_ver2_new.obj (.fardata:range)
                  0c03cde8    0000001c     rts6600_elf.lib : expf.obj (.fardata:exp_consts$1)
                  0c03ce04    00000004     --HOLE--
                  0c03ce08    0000000c                     : powf.obj (.fardata:Q$4)
                  0c03ce14    00000004     --HOLE--
                  0c03ce18    0000000c     current_control_ver2_new.obj (.fardata:Vdc_mean$192)
                  0c03ce24    00000004     --HOLE--
                  0c03ce28    0000000c     current_control_ver2_new.obj (.fardata:Vdc_sum$191)
                  0c03ce34    00000004     --HOLE--
                  0c03ce38    0000000c     current_control_ver2_new.obj (.fardata:counter$190)
                  0c03ce44    00000004     --HOLE--
                  0c03ce48    0000000c     current_control_ver2_new.obj (.fardata:est_Qs_Z$31)
                  0c03ce54    00000004     --HOLE--
                  0c03ce58    0000000c     current_control_ver2_new.obj (.fardata:est_Qs_Z1$28)
                  0c03ce64    00000004     --HOLE--
                  0c03ce68    0000000c     current_control_ver2_new.obj (.fardata:est_wL_Z$32)
                  0c03ce74    00000004     --HOLE--
                  0c03ce78    0000000c     current_control_ver2_new.obj (.fardata:est_wL_Z1$29)
                  0c03ce84    00000004     --HOLE--
                  0c03ce88    0000000c     current_control_ver2_new.obj (.fardata:est_wM_Z$30)
                  0c03ce94    00000004     --HOLE--
                  0c03ce98    0000000c     current_control_ver2_new.obj (.fardata:est_wM_Z1$27)
                  0c03cea4    00000004     --HOLE--
                  0c03cea8    0000000c     current_control_ver2_new.obj (.fardata:goalZ$58)
                  0c03ceb4    00000004     --HOLE--
                  0c03ceb8    0000000c     current_control_ver2_new.obj (.fardata:goalZ$70)
                  0c03cec4    00000004     --HOLE--
                  0c03cec8    0000000c     current_control_ver2_new.obj (.fardata:goalZ$79)
                  0c03ced4    00000004     --HOLE--
                  0c03ced8    0000000c     current_control_ver2_new.obj (.fardata:hand_cmd$3)
                  0c03cee4    00000004     --HOLE--
                  0c03cee8    0000000c     current_control_ver2_new.obj (.fardata:hand_vel$4)
                  0c03cef4    00000004     --HOLE--
                  0c03cef8    0000000c     current_control_ver2_new.obj (.fardata:joint_cmd$5)
                  0c03cf04    00000004     --HOLE--
                  0c03cf08    0000000c     current_control_ver2_new.obj (.fardata:loop_count_num$162)
                  0c03cf14    00000004     --HOLE--
                  0c03cf18    0000000c     current_control_ver2_new.obj (.fardata:m_Z$182)
                  0c03cf24    00000004     --HOLE--
                  0c03cf28    0000000c     current_control_ver2_new.obj (.fardata:m_Z1$189)
                  0c03cf34    00000004     --HOLE--
                  0c03cf38    0000000c     current_control_ver2_new.obj (.fardata:motor_cmd$6)
                  0c03cf44    00000004     --HOLE--
                  0c03cf48    0000000c     current_control_ver2_new.obj (.fardata:motor_cmd_init$8)
                  0c03cf54    00000004     --HOLE--
                  0c03cf58    0000000c     current_control_ver2_new.obj (.fardata:motor_vel_cmd$7)
                  0c03cf64    00000004     --HOLE--
                  0c03cf68    0000000c     current_control_ver2_new.obj (.fardata:n_Z$181)
                  0c03cf74    00000004     --HOLE--
                  0c03cf78    0000000c     current_control_ver2_new.obj (.fardata:n_Z1$188)
                  0c03cf84    00000004     --HOLE--
                  0c03cf88    0000000c     current_control_ver2_new.obj (.fardata:p1$110)
                  0c03cf94    00000004     --HOLE--
                  0c03cf98    0000000c     current_control_ver2_new.obj (.fardata:ql_Z$168)
                  0c03cfa4    00000004     --HOLE--
                  0c03cfa8    0000000c     current_control_ver2_new.obj (.fardata:ql_Z$180)
                  0c03cfb4    00000004     --HOLE--
                  0c03cfb8    0000000c     current_control_ver2_new.obj (.fardata:ql_Z1$174)
                  0c03cfc4    00000004     --HOLE--
                  0c03cfc8    0000000c     current_control_ver2_new.obj (.fardata:ql_Z1$187)
                  0c03cfd4    00000004     --HOLE--
                  0c03cfd8    0000000c     current_control_ver2_new.obj (.fardata:qm_Z$165)
                  0c03cfe4    00000004     --HOLE--
                  0c03cfe8    0000000c     current_control_ver2_new.obj (.fardata:qm_Z$177)
                  0c03cff4    00000004     --HOLE--
                  0c03cff8    0000000c     current_control_ver2_new.obj (.fardata:qm_Z1$171)
                  0c03d004    00000004     --HOLE--
                  0c03d008    0000000c     current_control_ver2_new.obj (.fardata:qm_Z1$184)
                  0c03d014    00000004     --HOLE--
                  0c03d018    0000000c     current_control_ver2_new.obj (.fardata:qm_prev$161)
                  0c03d024    00000004     --HOLE--
                  0c03d028    0000000c     current_control_ver2_new.obj (.fardata:qs_Z$166)
                  0c03d034    00000004     --HOLE--
                  0c03d038    0000000c     current_control_ver2_new.obj (.fardata:qs_Z$178)
                  0c03d044    00000004     --HOLE--
                  0c03d048    0000000c     current_control_ver2_new.obj (.fardata:qs_Z$34)
                  0c03d054    00000004     --HOLE--
                  0c03d058    0000000c     current_control_ver2_new.obj (.fardata:qs_Z$40)
                  0c03d064    00000004     --HOLE--
                  0c03d068    0000000c     current_control_ver2_new.obj (.fardata:qs_Z1$172)
                  0c03d074    00000004     --HOLE--
                  0c03d078    0000000c     current_control_ver2_new.obj (.fardata:qs_Z1$185)
                  0c03d084    00000004     --HOLE--
                  0c03d088    0000000c     current_control_ver2_new.obj (.fardata:qs_Z1$37)
                  0c03d094    00000004     --HOLE--
                  0c03d098    0000000c     current_control_ver2_new.obj (.fardata:qs_Z1$43)
                  0c03d0a4    0000000c     rts6600_elf.lib : exit.obj (.fardata)
                  0c03d0b0    0000000c     current_control_ver2_new.obj (.fardata:sign_invers$163)
                  0c03d0bc    00000004     --HOLE--
                  0c03d0c0    0000000c     current_control_ver2_new.obj (.fardata:start_hand)
                  0c03d0cc    00000004     --HOLE--
                  0c03d0d0    0000000c     current_control_ver2_new.obj (.fardata:wl_Z$167)
                  0c03d0dc    00000004     --HOLE--
                  0c03d0e0    0000000c     current_control_ver2_new.obj (.fardata:wl_Z$179)
                  0c03d0ec    00000004     --HOLE--
                  0c03d0f0    0000000c     current_control_ver2_new.obj (.fardata:wl_Z$35)
                  0c03d0fc    00000004     --HOLE--
                  0c03d100    0000000c     current_control_ver2_new.obj (.fardata:wl_Z$41)
                  0c03d10c    00000004     --HOLE--
                  0c03d110    0000000c     current_control_ver2_new.obj (.fardata:wl_Z1$173)
                  0c03d11c    00000004     --HOLE--
                  0c03d120    0000000c     current_control_ver2_new.obj (.fardata:wl_Z1$186)
                  0c03d12c    00000004     --HOLE--
                  0c03d130    0000000c     current_control_ver2_new.obj (.fardata:wl_Z1$38)
                  0c03d13c    00000004     --HOLE--
                  0c03d140    0000000c     current_control_ver2_new.obj (.fardata:wl_Z1$44)
                  0c03d14c    00000004     --HOLE--
                  0c03d150    0000000c     current_control_ver2_new.obj (.fardata:wm_Z$164)
                  0c03d15c    00000004     --HOLE--
                  0c03d160    0000000c     current_control_ver2_new.obj (.fardata:wm_Z$176)
                  0c03d16c    00000004     --HOLE--
                  0c03d170    0000000c     current_control_ver2_new.obj (.fardata:wm_Z$33)
                  0c03d17c    00000004     --HOLE--
                  0c03d180    0000000c     current_control_ver2_new.obj (.fardata:wm_Z$39)
                  0c03d18c    00000004     --HOLE--
                  0c03d190    0000000c     current_control_ver2_new.obj (.fardata:wm_Z1$170)
                  0c03d19c    00000004     --HOLE--
                  0c03d1a0    0000000c     current_control_ver2_new.obj (.fardata:wm_Z1$183)
                  0c03d1ac    00000004     --HOLE--
                  0c03d1b0    0000000c     current_control_ver2_new.obj (.fardata:wm_Z1$36)
                  0c03d1bc    00000004     --HOLE--
                  0c03d1c0    0000000c     current_control_ver2_new.obj (.fardata:wm_Z1$42)
                  0c03d1cc    00000004     --HOLE--
                  0c03d1d0    0000000c     current_control_ver2_new.obj (.fardata:wm_prev$160)
                  0c03d1dc    00000004     --HOLE--
                  0c03d1e0    0000000c     current_control_ver2_new.obj (.fardata:z_Z$169)
                  0c03d1ec    00000004     --HOLE--
                  0c03d1f0    0000000c     current_control_ver2_new.obj (.fardata:z_Z1$175)
                  0c03d1fc    00000004     --HOLE--
                  0c03d200    00000008     current_control_ver2_new.obj (.fardata:loop_count_num$194)
                  0c03d208    00000004     rts6600_elf.lib : powf.obj (.fardata:P$3)

.far       0    0c03d210    00000058     UNINITIALIZED
                  0c03d210    0000004c     current_control_ver2_new.obj (.far)
                  0c03d25c    0000000c     mwio4.lib : EMIF16.obj (.far)

.const     0    0c03d280    00000078     
                  0c03d280    00000020     current_control_ver2_new.obj (.const:$P$T1$23)
                  0c03d2a0    00000020     current_control_ver2_new.obj (.const:$P$T2$24)
                  0c03d2c0    0000000c     current_control_ver2_new.obj (.const:$P$T0$22)
                  0c03d2cc    00000004     --HOLE-- [fill = 0]
                  0c03d2d0    0000000c     current_control_ver2_new.obj (.const:$P$T3$193)
                  0c03d2dc    00000004     --HOLE-- [fill = 0]
                  0c03d2e0    00000008     current_control_ver2_new.obj (.const:cmd_1_soft)
                  0c03d2e8    00000008     current_control_ver2_new.obj (.const:cmd_2_soft)
                  0c03d2f0    00000008     current_control_ver2_new.obj (.const:cmd_3_soft)

.switch    0    0c03d300    00000010     
                  0c03d300    00000010     mwio4.lib : mw_flash.obj (.switch:mw_nor_erase)

.cinit     0    0c03d380    000024a8     
                  0c03d380    00002069     (.cinit..data_2.load) [load image, compression = rle]
                  0c03f3e9    00000003     --HOLE-- [fill = 0]
                  0c03f3ec    00000393     (.cinit..fardata.load) [load image, compression = rle]
                  0c03f77f    00000001     --HOLE-- [fill = 0]
                  0c03f780    00000064     (.cinit..neardata.load) [load image, compression = rle]
                  0c03f7e4    0000001a     (.cinit..DATA_ON_HIGHER_SPEED.load) [load image, compression = rle]
                  0c03f7fe    00000002     --HOLE-- [fill = 0]
                  0c03f800    00000008     (__TI_handler_table)
                  0c03f808    00000020     (__TI_cinit_table)

.text_2    0    11e00000    000033e0     
                  11e00000    00001960     mwio4.lib : PEV_INV_LIB.obj (.text)
                  11e01960    00000640               : timer_lib.obj (.text)
                  11e01fa0    00000620               : EMIF16.obj (.text)
                  11e025c0    00000440               : mwintc.obj (.text)
                  11e02a00    00000320               : csl2_intcHwControl.obj (.text:csl_section:intc)
                  11e02d20    000001e0               : EMIF16.obj (.text:retain)
                  11e02f00    000001a0               : gpio_int.obj (.text)
                  11e030a0    00000180               : csl2_intcOpen.obj (.text:csl_section:intc)
                  11e03220    00000140               : _csl2_intcIntrEnDisRes_eabi.obj (.text)
                  11e03360    00000020               : _csl2_intcDispatcher.obj (.text:csl_section:intc)
                  11e03380    00000020               : _csl2_intcDispatcher.obj (.text:csl_section:intc:retain)
                  11e033a0    00000010     ti.csl.ae66 : csl_gpioGetBaseAddress.oe66 ($Tramp$S$$CSL_GPIO_open)
                  11e033b0    00000010     rts6600_elf.lib : fixdu.obj ($Tramp$S$$__c6xabi_fixdu)
                  11e033c0    00000010                     : divd.obj ($Tramp$S$$__c6xabi_divd)
                  11e033d0    00000010                     : divi.obj ($Tramp$S$$__c6xabi_divi)

.data_2    0    11f00000    000022b8     
                  11f00000    00000170     mwio4.lib : PEV_INV_LIB.obj (.far) [fill = 0]
                  11f00170    000000c0               : gpio_int.obj (.far) [fill = 0]
                  11f00230    00000024               : timer_lib.obj (.far) [fill = 0]
                  11f00254    00000018               : csl2_intcHwControl.obj (.switch:CSL2_intcHwControl)
                  11f0026c    00000004     --HOLE--
                  11f00270    00000040               : gpio_int.obj (.fardata:gpio_int_map)
                  11f002b0    00002008               : _mwsintbl.obj (.const:_mwSinTbl)

.DATA_ON_HIGHER_SPEED 
*          0    11f02300    00001158     
                  11f02300    00001140     current_control_ver2_new.obj (.DATA_ON_HIGHER_SPEED:init)
                  11f03440    00000018     current_control_ver2_new.obj (.DATA_ON_HIGHER_SPEED:uninit) [fill = 0]

.stack     0    11f03458    00001000     UNINITIALIZED
                  11f03458    00000008     rts6600_elf.lib : boot.obj (.stack)
                  11f03460    00000ff8     --HOLE--

.neardata 
*          0    11f04458    0000051c     
                  11f04458    00000508     current_control_ver2_new.obj (.neardata)
                  11f04960    0000000c     mwio4.lib : timer_lib.obj (.neardata)
                  11f0496c    00000004               : csl2_intcOpen.obj (.neardata)
                  11f04970    00000004               : mw_platform.obj (.neardata)

.bss       0    11f04974    000002f8     UNINITIALIZED
                  11f04974    000002e8     current_control_ver2_new.obj (.bss)
                  11f04c5c    00000008     mwio4.lib : EMIF16.obj (.bss)
                  11f04c64    00000004               : gpio_int.obj (.bss)
                  11f04c68    00000004               : mw_spi.obj (.bss)


LINKER GENERATED COPY TABLES

__TI_cinit_table @ 0c03f808 records: 4, size/record: 8, table size: 32
	.data_2: load addr=0c03d380, load size=00002069 bytes, run addr=11f00000, run size=000022b8 bytes, compression=rle
	.fardata: load addr=0c03f3ec, load size=00000393 bytes, run addr=0c03c6e0, run size=00000b2c bytes, compression=rle
	.neardata: load addr=0c03f780, load size=00000064 bytes, run addr=11f04458, run size=0000051c bytes, compression=rle
	.DATA_ON_HIGHER_SPEED: load addr=0c03f7e4, load size=0000001a bytes, run addr=11f02300, run size=00001158 bytes, compression=rle


LINKER GENERATED HANDLER TABLE

__TI_handler_table @ 0c03f800 records: 2, size/record: 4, table size: 8
	index: 0, handler: __TI_decompress_rle24
	index: 1, handler: __TI_decompress_none


FAR CALL TRAMPOLINES

callee name               trampoline name
   callee addr  tramp addr   call addr  call info
--------------  -----------  ---------  ----------------
$.text:mwio4.lib<EMIF16.obj>$0x58c  $Tramp$S$$EMF_EnableIntr_s32
   11e0252c     0c03c3e0     0c03c30c   Main.obj (.text)
$.text:mwio4.lib<gpio_int.obj>$0x124  $Tramp$S$$GPI_init_vo
   11e03024     0c03c3f0     0c03c308   Main.obj (.text)
$.text:mwio4.lib<mwintc.obj>$0x34  $Tramp$S$$mwintc_setupApp
   11e025f4     0c03c400     0c03c304   Main.obj (.text)
$.text:mwio4.lib<PEV_INV_LIB.obj>$0xf98  $Tramp$S$$PEV_ad_set_offset
   11e00f98     0c03c410     0c03c040   mwio4.lib : PEV_LIB.obj (.text)
$.text:mwio4.lib<EMIF16.obj>$0x218  $Tramp$S$$EMF_Read_s32
   11e021b8     0c03c420     0c03a554   mwio4.lib : FPGA_LIB.obj (.text)
                             0c03a750             : IPFPGA_LIB.obj (.text)
                             0c03c068             : PEV_LIB.obj (.text)
$.text:mwio4.lib<EMIF16.obj>$0x28c  $Tramp$S$$EMF_ReadFpgaBoard_s32
   11e0222c     0c03c430     0c03a4c8   mwio4.lib : FPGA_LIB.obj (.text)
                             0c03a528             : FPGA_LIB.obj (.text)
                             0c03a6b4             : IPFPGA_LIB.obj (.text)
                             0c03a724             : IPFPGA_LIB.obj (.text)
$.text:mwio4.lib<EMIF16.obj>$0x180  $Tramp$S$$EMF_Write2_s32
   11e02120     0c03c440     0c03a3f4   mwio4.lib : FPGA_LIB.obj (.text)
                             0c03a464             : FPGA_LIB.obj (.text)
                             0c03a5e4             : IPFPGA_LIB.obj (.text)
                             0c03a650             : IPFPGA_LIB.obj (.text)
$.text:mwio4.lib<gpio_int.obj>$0xd4  $Tramp$S$$GPI_int_ack_vo
   11e02fd4     0c03c450     0c036bc8   current_control_ver2_new.obj (.text:retain)
$.text:mwio4.lib<timer_lib.obj>$0x178  $Tramp$S$$C6657_timer2_read
   11e01ad8     0c03c460     0c036b78   current_control_ver2_new.obj (.text:retain)
$.text:mwio4.lib<timer_lib.obj>$0x340  $Tramp$S$$C6657_timer1_read
   11e01ca0     0c03c470     0c032ed0   current_control_ver2_new.obj (.text:retain)
                             0c032f3c   current_control_ver2_new.obj (.text:retain)
                             0c032f64   current_control_ver2_new.obj (.text:retain)
                             0c032f8c   current_control_ver2_new.obj (.text:retain)
                             0c032fbc   current_control_ver2_new.obj (.text:retain)
                             0c032fd4   current_control_ver2_new.obj (.text:retain)
                             0c03303c   current_control_ver2_new.obj (.text:retain)
                             0c033058   current_control_ver2_new.obj (.text:retain)
                             0c0330c0   current_control_ver2_new.obj (.text:retain)
                             0c0330d0   current_control_ver2_new.obj (.text:retain)
                             0c03370c   current_control_ver2_new.obj (.text:retain)
                             0c03377c   current_control_ver2_new.obj (.text:retain)
                             0c034158   current_control_ver2_new.obj (.text:retain)
                             0c034188   current_control_ver2_new.obj (.text:retain)
                             0c034d44   current_control_ver2_new.obj (.text:retain)
                             0c035990   current_control_ver2_new.obj (.text:retain)
$.text:mwio4.lib<timer_lib.obj>$0x320  $Tramp$S$$C6657_timer1_start
   11e01c80     0c03c480     0c032ecc   current_control_ver2_new.obj (.text:retain)
$.text:mwio4.lib<timer_lib.obj>$0x48c  $Tramp$S$$C6657_timer1_clear
   11e01dec     0c03c490     0c032ec8   current_control_ver2_new.obj (.text:retain)
$.text:mwio4.lib<timer_lib.obj>$0x4e0  $Tramp$S$$C6657_timer0_read
   11e01e40     0c03c4a0     0c032d14   current_control_ver2_new.obj (.text:retain)
                             0c032d64   current_control_ver2_new.obj (.text:retain)
                             0c032dec   current_control_ver2_new.obj (.text:retain)
                             0c032e18   current_control_ver2_new.obj (.text:retain)
                             0c032e40   current_control_ver2_new.obj (.text:retain)
                             0c032e6c   current_control_ver2_new.obj (.text:retain)
                             0c033664   current_control_ver2_new.obj (.text:retain)
                             0c034230   current_control_ver2_new.obj (.text:retain)
                             0c034284   current_control_ver2_new.obj (.text:retain)
                             0c0342c4   current_control_ver2_new.obj (.text:retain)
$.text:mwio4.lib<timer_lib.obj>$0x4c0  $Tramp$S$$C6657_timer0_start
   11e01e20     0c03c4b0     0c032bd8   current_control_ver2_new.obj (.text:retain)
$.text:mwio4.lib<timer_lib.obj>$0x62c  $Tramp$S$$C6657_timer0_clear
   11e01f8c     0c03c4c0     0c032bd4   current_control_ver2_new.obj (.text:retain)
$.text:mwio4.lib<timer_lib.obj>$0x308  $Tramp$S$$C6657_timer1_stop
   11e01c68     0c03c4d0     0c032bb8   current_control_ver2_new.obj (.text:retain)
$.text:mwio4.lib<timer_lib.obj>$0x4a8  $Tramp$S$$C6657_timer0_stop
   11e01e08     0c03c4e0     0c032bac   current_control_ver2_new.obj (.text:retain)
$.text:mwio4.lib<timer_lib.obj>$0x154  $Tramp$S$$C6657_timer2_start
   11e01ab4     0c03c4f0     0c03226c   current_control_ver2_new.obj (.text:retain)
$.text:mwio4.lib<timer_lib.obj>$0x2ec  $Tramp$S$$C6657_timer2_clear
   11e01c4c     0c03c500     0c032268   current_control_ver2_new.obj (.text:retain)
$.text:mwio4.lib<timer_lib.obj>$0x140  $Tramp$S$$C6657_timer2_stop
   11e01aa0     0c03c510     0c032260   current_control_ver2_new.obj (.text:retain)
$.text:mwio4.lib<PEV_INV_LIB.obj>$0x394  $Tramp$S$$PEV_inverter_start_pwm
   11e00394     0c03c520     0c027238   current_control_ver2_new.obj (.text)
                             0c027240   current_control_ver2_new.obj (.text)
                             0c027248   current_control_ver2_new.obj (.text)
$.text:mwio4.lib<timer_lib.obj>$0x298  $Tramp$S$$C6657_timer2_disable_int
   11e01bf8     0c03c530     0c027228   current_control_ver2_new.obj (.text)
$.text:mwio4.lib<timer_lib.obj>$0x438  $Tramp$S$$C6657_timer1_disable_int
   11e01d98     0c03c540     0c027224   current_control_ver2_new.obj (.text)
$.text:mwio4.lib<timer_lib.obj>$0x5d8  $Tramp$S$$C6657_timer0_disable_int
   11e01f38     0c03c550     0c027220   current_control_ver2_new.obj (.text)
$.text:mwio4.lib<PEV_INV_LIB.obj>$0x1460  $Tramp$S$$PEV_ad_disable_int
   11e01460     0c03c560     0c027208   current_control_ver2_new.obj (.text)
                             0c027210   current_control_ver2_new.obj (.text)
                             0c027214   current_control_ver2_new.obj (.text)
$.text:mwio4.lib<mwintc.obj>$0x3f0  $Tramp$S$$IRQ_globalEnable
   11e029b0     0c03c570     0c027204   current_control_ver2_new.obj (.text)
$.text:mwio4.lib<timer_lib.obj>$0x1d0  $Tramp$S$$C6657_timer2_init
   11e01b30     0c03c580     0c0271fc   current_control_ver2_new.obj (.text)
$.text:mwio4.lib<timer_lib.obj>$0x370  $Tramp$S$$C6657_timer1_init
   11e01cd0     0c03c590     0c0271f0   current_control_ver2_new.obj (.text)
$.text:mwio4.lib<timer_lib.obj>$0x510  $Tramp$S$$C6657_timer0_init
   11e01e70     0c03c5a0     0c0271e4   current_control_ver2_new.obj (.text)
$.text:mwio4.lib<PEV_INV_LIB.obj>$0xda8  $Tramp$S$$PEV_inverter_control_break
   11e00da8     0c03c5b0     0c0271c4   current_control_ver2_new.obj (.text)
                             0c0271cc   current_control_ver2_new.obj (.text)
                             0c0271d4   current_control_ver2_new.obj (.text)
$.text:mwio4.lib<PEV_INV_LIB.obj>$0xcf4  $Tramp$S$$PEV_inverter_enable_int
   11e00cf4     0c03c5c0     0c0271ac   current_control_ver2_new.obj (.text)
                             0c0271b4   current_control_ver2_new.obj (.text)
                             0c0271b8   current_control_ver2_new.obj (.text)
$.text:mwio4.lib<PEV_INV_LIB.obj>$0x958  $Tramp$S$$PEV_inverter_init_refload_timing
   11e00958     0c03c5d0     0c027190   current_control_ver2_new.obj (.text)
                             0c0271a0   current_control_ver2_new.obj (.text)
                             0c0271a4   current_control_ver2_new.obj (.text)
$.text:mwio4.lib<PEV_INV_LIB.obj>$0xaa8  $Tramp$S$$PEV_inverter_init_adtrig_timing
   11e00aa8     0c03c5e0     0c02716c   current_control_ver2_new.obj (.text)
                             0c027180   current_control_ver2_new.obj (.text)
                             0c027184   current_control_ver2_new.obj (.text)
$.text:mwio4.lib<PEV_INV_LIB.obj>$0x5e8  $Tramp$S$$PEV_inverter_set_uvw
   11e005e8     0c03c5f0     0c027138   current_control_ver2_new.obj (.text)
                             0c02714c   current_control_ver2_new.obj (.text)
                             0c027160   current_control_ver2_new.obj (.text)
$.text:mwio4.lib<PEV_INV_LIB.obj>$0xfe0  $Tramp$S$$PEV_ad_set_mode
   11e00fe0     0c03c600     0c0270e8   current_control_ver2_new.obj (.text)
                             0c027100   current_control_ver2_new.obj (.text)
                             0c027110   current_control_ver2_new.obj (.text)
$.text:mwio4.lib<PEV_INV_LIB.obj>$0xf48  $Tramp$S$$PEV_ad_set_range
   11e00f48     0c03c610     0c0270e4   current_control_ver2_new.obj (.text)
                             0c0270f0   current_control_ver2_new.obj (.text)
                             0c027108   current_control_ver2_new.obj (.text)
$.text:mwio4.lib<PEV_INV_LIB.obj>$0x150  $Tramp$S$$PEV_sync_pwm_out
   11e00150     0c03c620     0c0270b8   current_control_ver2_new.obj (.text)
                             0c0270c8   current_control_ver2_new.obj (.text)
$.text:mwio4.lib<PEV_INV_LIB.obj>$0x260  $Tramp$S$$PEV_sync_pwm_init
   11e00260     0c03c630     0c027094   current_control_ver2_new.obj (.text)
                             0c0270a4   current_control_ver2_new.obj (.text)
                             0c0270ac   current_control_ver2_new.obj (.text)
$.text:mwio4.lib<PEV_INV_LIB.obj>$0x2b4  $Tramp$S$$PEV_sync_ad_out
   11e002b4     0c03c640     0c02708c   current_control_ver2_new.obj (.text)
$.text:mwio4.lib<PEV_INV_LIB.obj>$0x30c  $Tramp$S$$PEV_sync_ad_init
   11e0030c     0c03c650     0c02706c   current_control_ver2_new.obj (.text)
                             0c027078   current_control_ver2_new.obj (.text)
                             0c027084   current_control_ver2_new.obj (.text)
$.text:mwio4.lib<PEV_INV_LIB.obj>$0xb84  $Tramp$S$$PEV_inverter_init
   11e00b84     0c03c660     0c027040   current_control_ver2_new.obj (.text)
                             0c027050   current_control_ver2_new.obj (.text)
                             0c027060   current_control_ver2_new.obj (.text)
$.text:mwio4.lib<gpio_int.obj>$0x14c  $Tramp$S$$GPI_enable_int_vo
   11e0304c     0c03c670     0c027020   current_control_ver2_new.obj (.text)
$.text:mwio4.lib<gpio_int.obj>$0x0  $Tramp$S$$GPI_setVector_vo
   11e02f00     0c03c680     0c027018   current_control_ver2_new.obj (.text)
$.text:mwio4.lib<PEV_INV_LIB.obj>$0xde0  $Tramp$S$$PEV_int_init
   11e00de0     0c03c690     0c026ff0   current_control_ver2_new.obj (.text)
$.text:mwio4.lib<mwintc.obj>$0x410  $Tramp$S$$IRQ_globalDisable
   11e029d0     0c03c6a0     0c026c64   current_control_ver2_new.obj (.text)
$.text:mwio4.lib<PEV_INV_LIB.obj>$0x106c  $Tramp$S$$PEV_ad_in_grp
   11e0106c     0c03c6b0     0c01aa64   current_control_ver2_new.obj (.text)
                             0c01ad30   current_control_ver2_new.obj (.text)
$.text:mwio4.lib<PEV_INV_LIB.obj>$0x1040  $Tramp$S$$PEV_ad_in_st
   11e01040     0c03c6c0     0c01aa28   current_control_ver2_new.obj (.text)
                             0c01aa50   current_control_ver2_new.obj (.text)
                             0c01aa60   current_control_ver2_new.obj (.text)
                             0c01acf0   current_control_ver2_new.obj (.text)
                             0c01ad20   current_control_ver2_new.obj (.text)
                             0c01ad2c   current_control_ver2_new.obj (.text)
$.text:mwio4.lib<PEV_INV_LIB.obj>$0x3cc  $Tramp$S$$PEV_inverter_set_uvw_br
   11e003cc     0c03c6d0     0c019a8c   current_control_ver2_new.obj (.text)
                             0c019ab4   current_control_ver2_new.obj (.text)
                             0c019ad8   current_control_ver2_new.obj (.text)
$.text:CSL_GPIO_open:ti.csl.ae66<csl_gpioGetBaseAddress.oe66>$0x0  $Tramp$S$$CSL_GPIO_open
   0c03c2e0     11e033a0     11e03028   mwio4.lib : gpio_int.obj (.text)
$.text:__c6xabi_fixdu:rts6600_elf.lib<fixdu.obj>$0x0  $Tramp$S$$__c6xabi_fixdu
   0c03bea0     11e033b0     11e01a1c   mwio4.lib : timer_lib.obj (.text)
                             11e01b90             : timer_lib.obj (.text)
                             11e01d30             : timer_lib.obj (.text)
                             11e01ed0             : timer_lib.obj (.text)
$.text:__c6xabi_divd:rts6600_elf.lib<divd.obj>$0x0  $Tramp$S$$__c6xabi_divd
   0c038b60     11e033c0     11e01a14   mwio4.lib : timer_lib.obj (.text)
                             11e01b88             : timer_lib.obj (.text)
                             11e01d28             : timer_lib.obj (.text)
                             11e01ec8             : timer_lib.obj (.text)
$.text:__divi:rts6600_elf.lib<divi.obj>$0x0  $Tramp$S$$__c6xabi_divi
   0c03b8c0     11e033d0     11e001f8   mwio4.lib : PEV_INV_LIB.obj (.text)
                             11e00448             : PEV_INV_LIB.obj (.text)
                             11e00470             : PEV_INV_LIB.obj (.text)
                             11e00658             : PEV_INV_LIB.obj (.text)
                             11e00684             : PEV_INV_LIB.obj (.text)
                             11e00a48             : PEV_INV_LIB.obj (.text)
                             11e00b24             : PEV_INV_LIB.obj (.text)
                             11e00bec             : PEV_INV_LIB.obj (.text)

[52 trampolines]
[130 trampoline calls]


GLOBAL SYMBOLS: SORTED ALPHABETICALLY BY Name 

address    name
--------   ----
0c02ed0c   BrakeController
0c03c380   C$$EXIT
11e01f8c   C6657_timer0_clear
11e01f78   C6657_timer0_clear_eventflag
11e01f38   C6657_timer0_disable_int
11e01ee4   C6657_timer0_enable_int
11e01e70   C6657_timer0_init
11e01e4c   C6657_timer0_init_vector
11e01e40   C6657_timer0_read
11e01e20   C6657_timer0_start
11e01e08   C6657_timer0_stop
11e01df8   C6657_timer0_write
11e01dec   C6657_timer1_clear
11e01de0   C6657_timer1_clear_eventflag
11e01d98   C6657_timer1_disable_int
11e01d44   C6657_timer1_enable_int
11e01cd0   C6657_timer1_init
11e01cac   C6657_timer1_init_vector
11e01ca0   C6657_timer1_read
11e01c80   C6657_timer1_start
11e01c68   C6657_timer1_stop
11e01c58   C6657_timer1_write
11e01c4c   C6657_timer2_clear
11e01c40   C6657_timer2_clear_eventflag
11e01bf8   C6657_timer2_disable_int
11e01ba4   C6657_timer2_enable_int
11e01b30   C6657_timer2_init
11e01ae8   C6657_timer2_init_vector
11e01ad8   C6657_timer2_read
11e01ab4   C6657_timer2_start
11e01aa0   C6657_timer2_stop
11e01a94   C6657_timer2_write
11e01a84   C6657_timer3_hi_clear_eventflag
11e01a2c   C6657_timer3_hi_enable_int
11e019b8   C6657_timer3_hi_init
11e01994   C6657_timer3_hi_init_vector
11e01974   C6657_timer3_hi_start
11e01960   C6657_timer3_hi_stop
11e02a00   CSL2_intcHwControl
11e030b4   CSL2_intcOpen2
11e030a0   CSL2_loadResource
0c03c2e0   CSL_GPIO_open
11e032a8   CSL_intcGlobalEnable
11e03300   CSL_intcGlobalNmiEnable
11e03240   CSL_intcInterruptDisable
11e03220   CSL_intcInterruptEnable
0c01b34c   CalcDynamicsInit
0c023120   CalcFDTDTSOBInit
0c01f5b0   CalcFDTDWrInit_QmrefInputType
0c021428   CalcFDTDWrInit_WmcmdInputType
0c0315e4   CalcFDTDWrUpdate_QmrefInputType_1st2nd
0c031060   CalcFDTDWrUpdate_QmrefInputType_2nd
0c02c904   CalcFDTDWrUpdate_WmcmdInputType_1st2nd
0c02c114   CalcFDTDWrUpdate_WmcmdInputType_2nd
0c02fe20   CalcFDTDWr_QmrefInputType
0c0298e0   CalcFDTDWr_WmcmdInputType
0c02946c   CalcGravIcmp
0c02d9e0   CalcHandCmdCircle
0c02f824   CalcHandCmdDiamond
0c02f2d4   CalcHandCmdRectangle
0c02de2c   CalcInverseCmd_vel
0c0295ac   CalcJl
0c01a9c4   CalcOffset
0c02b84c   CalcPVGain
0c025860   CalcPVGainInitCDM
0c02f1e4   CalcPref2axis
0c02efe4   CalcPrefRep2axis
0c02ede4   CalcPrefRep3axis
0c02b138   CalcTauLDyn
0c02ec30   CalcVdcMean
0c0321a0   ControlFunction
0c0293f0   DecouplingControl
11e0252c   EMF_EnableIntr_s32
11e02d20   EMF_ErrIntr_vo
11f04c60   EMF_ExtWaitErrCnt_u32s
11f04c5c   EMF_ExtWaitErrInfo_u32s
11e024cc   EMF_Initialization_s32
11e02414   EMF_Read2_s32
11e023a8   EMF_Read3_s32
11e022e0   EMF_ReadFlashRom_s32
11e0222c   EMF_ReadFpgaBoard_s32
11e021b8   EMF_Read_s32
11e02120   EMF_Write2_s32
11e02018   EMF_WriteFlashRom_s32
11e01fa0   EMF_Write_s32
0c03d25c   EMIF_IntrErr_sts
0c037708   ENC_batt_alm_en
0c03764c   ENC_get_abm
0c03758c   ENC_get_abs
0c037500   ENC_get_almc
0c037468   ENC_get_status
0c0373a0   ENC_reset_abm
0c0372c8   ENC_reset_abs
0c037200   ENC_reset_err
0c037148   ENC_set_refresh
0c037060   ENC_ss_get_abm
0c036f60   ENC_ss_get_abs
0c036eac   ENC_ss_get_start
0c036e00   ENC_ss_init
0c036d4c   ENC_start_abs
0c036ca0   ENC_stop_abs
0c0288e4   FDTDSOB
0c027ae4   FDTD_T_SOB
0c027888   FDTD_Tm
0c0254b4   FDTD_Tm_Init
0c03a550   FPGA_get_fpga_ver
0c03a504   FPGA_read
0c03a498   FPGA_read_f32
0c03a420   FPGA_write
0c03a390   FPGA_write_f32
11f04580   Flag_ARCS_clear
11f0457c   Flag_ARCS_start
11e0306c   GPI_disable_int_vo
11e0304c   GPI_enable_int_vo
11e03024   GPI_init_vo
11e02fd4   GPI_int_ack_vo
11e02f00   GPI_setVector_vo
0c0277e0   GeneratorCircle1st
0c027730   GeneratorCircle2nd
0c027688   GeneratorCircle3rd
0c0274e4   GetFilterdSignal
0c01aecc   GetMultiPositions
0c0274b0   GetVelocity
0c01aca4   GetVoltAndCurrent
0c03a74c   IPFPGA_get_fpga_ver
0c03a700   IPFPGA_read
0c03a688   IPFPGA_read_f32
0c03a60c   IPFPGA_write
0c03a580   IPFPGA_write_f32
11e029d0   IRQ_globalDisable
11e029b0   IRQ_globalEnable
11e029a8   IRQ_globalRestore
0c027490   Integrator_acc_ref
0c027470   Integrator_acc_ref2
0c027450   Integrator_acc_ref3
0c027430   Integrator_w_ref
0c027410   Integrator_w_ref2
0c0273f0   Integrator_w_ref3
11f04578   Iq_off
0c03c930   LPF_cmd
0c03c9b8   LPF_motor
0c0272b0   LimDiffCalcDQ
0c027250   LimitPosCmd
0c0197a4   Limiter
0c026c54   MW_main
0c01a764   ManyRampGenerator1stAxis
0c01a504   ManyRampGenerator2ndAxis
0c01a2a4   ManyRampGenerator3rdAxis
11f0344c   ModRatioU
11f03450   ModRatioV
11f03454   ModRatioW
11e01914   PEV_abz_clear
11e018e0   PEV_abz_clear_resolver_err
11e018a4   PEV_abz_get_resolver_err
11e01864   PEV_abz_get_resolver_pos
11e01834   PEV_abz_in_pin
11e017e8   PEV_abz_init_maxcount
11e017a4   PEV_abz_read
11e01734   PEV_abz_set_mode
11e016e8   PEV_abz_write
11e01494   PEV_ad_abz_read
11e01460   PEV_ad_disable_int
11e01418   PEV_ad_enable_int
11e012b0   PEV_ad_in_4ch
11e0106c   PEV_ad_in_grp
11e01040   PEV_ad_in_st
11e00fe0   PEV_ad_set_mode
11e00f98   PEV_ad_set_offset
11e00f48   PEV_ad_set_range
11e00f10   PEV_ad_start
0c03c064   PEV_get_fpga_ver
0c03c020   PEV_init
11e00de0   PEV_int_init
11e00da8   PEV_inverter_control_break
11e00d70   PEV_inverter_control_gate
11e00d38   PEV_inverter_disable_int
11e00cf4   PEV_inverter_enable_int
11e00b84   PEV_inverter_init
11e00aa8   PEV_inverter_init_adtrig_timing
11e009b8   PEV_inverter_init_int_timing
11e00958   PEV_inverter_init_refload_timing
11e008d4   PEV_inverter_set_ab
11e007d4   PEV_inverter_set_ra
11e005e8   PEV_inverter_set_uvw
11e003cc   PEV_inverter_set_uvw_br
11e00394   PEV_inverter_start_pwm
11e00360   PEV_inverter_stop_pwm
11e0030c   PEV_sync_ad_init
11e002b4   PEV_sync_ad_out
11e00260   PEV_sync_pwm_init
11e00150   PEV_sync_pwm_out
11e00100   PEV_sync_z_out
11e000c8   PEV_updown_clear_cnt
11e00078   PEV_updown_init_maxcount
11e00034   PEV_updown_read_cnt
11e00000   PEV_updown_set_mode
0c01a260   PIcontroller
0c01a218   PIcontroller_withAntiwindup
0c01a20c   Pcontroller
11f04570   Ref_Iq_ref_direct
11f04574   Ref_wM_direct
0c01a208   SetBDN
0c01a204   SetENC_CH
0c019dc4   SetGain
0c019d34   SetLPF
0c019b94   SetRampParams
0c0197c4   SetVoltReferences
0c0191a0   StateObserver
11f033f8   Tm_sub
0c018a20   TriangularAccelerationCommandGenerator
0c018060   TriangularAccelerationCommandGeneratorInit
0c01800c   VconPI5Axis
11f04740   WAVE_ACC_LW8079
11f04744   WAVE_ACC_LW8174
11f04748   WAVE_ACC_LW8174_axis
11f04774   WAVE_AccCmd1
11f0477c   WAVE_AccCmd2
11f04784   WAVE_AccCmd3
11f049f8   WAVE_ENC1
11f049fc   WAVE_ENC2
11f04a00   WAVE_ENC3
11f049ec   WAVE_ENC_temp1
11f049f0   WAVE_ENC_temp2
11f049f4   WAVE_ENC_temp3
11f02300   WAVE_Enc_error
11f0445c   WAVE_FIL_Y
11f0474c   WAVE_Fz
11f04500   WAVE_HandX
11f04504   WAVE_HandY
11f04508   WAVE_HandZ
11f04458   WAVE_INIT_COUNT
11f04bac   WAVE_Icmp1
11f04bb0   WAVE_Icmp2
11f04bb4   WAVE_Icmp3
11f049e0   WAVE_Idc1
11f049e4   WAVE_Idc2
11f049e8   WAVE_Idc3
11f04bc4   WAVE_Iff_1
11f04bc8   WAVE_Iff_2
11f04bcc   WAVE_Iff_3
11f04a98   WAVE_Iq1
11f04a9c   WAVE_Iq2
11f04aa0   WAVE_Iq3
11f04b28   WAVE_IrefD1
11f04b2c   WAVE_IrefD2
11f04b30   WAVE_IrefD3
11f04b34   WAVE_IrefQ1
11f04b38   WAVE_IrefQ2
11f04b3c   WAVE_IrefQ3
11f049bc   WAVE_IresD1
11f049c0   WAVE_IresD2
11f049c4   WAVE_IresD3
11f049c8   WAVE_IresQ1
11f049cc   WAVE_IresQ2
11f049d0   WAVE_IresQ3
11f0471c   WAVE_IresU1
11f04720   WAVE_IresU2
11f04724   WAVE_IresU3
11f04728   WAVE_IresV1
11f0472c   WAVE_IresV2
11f04730   WAVE_IresV3
11f04734   WAVE_IresW1
11f04738   WAVE_IresW2
11f0473c   WAVE_IresW3
11f04aa4   WAVE_Isfb1
11f04aa8   WAVE_Isfb2
11f04aac   WAVE_Isfb3
11f049b0   WAVE_Jl_calc1
11f049b4   WAVE_Jl_calc2
11f049b8   WAVE_Jl_calc3
11f044f4   WAVE_Joint1
11f044f8   WAVE_Joint2
11f044fc   WAVE_Joint3
11f045d4   WAVE_Kfb1
11f045f4   WAVE_Kfb2
11f04614   WAVE_Kfb3
11f045d0   WAVE_Kff1
11f045f0   WAVE_Kff2
11f04610   WAVE_Kff3
11f045cc   WAVE_Kpp1
11f045ec   WAVE_Kpp2
11f0460c   WAVE_Kpp3
11f045dc   WAVE_Kvi1
11f045fc   WAVE_Kvi2
11f0461c   WAVE_Kvi3
11f045d8   WAVE_Kvp1
11f045f8   WAVE_Kvp2
11f04618   WAVE_Kvp3
11f04494   WAVE_LoopCount
11f04998   WAVE_MRBR1
11f0499c   WAVE_MRBR2
11f049a0   WAVE_MRBR3
11f04974   WAVE_MRU1
11f04980   WAVE_MRU2
11f0498c   WAVE_MRU3
11f04978   WAVE_MRV1
11f04984   WAVE_MRV2
11f04990   WAVE_MRV3
11f0497c   WAVE_MRW1
11f04988   WAVE_MRW2
11f04994   WAVE_MRW3
11f04a34   WAVE_TRG_WM1
11f04a38   WAVE_TRG_WM2
11f04a3c   WAVE_TRG_WM3
11f044e0   WAVE_TimeACC
11f044ec   WAVE_TimeCalcCmd
11f044f0   WAVE_TimeCalcInvCmd
11f044b4   WAVE_TimeConv2dq
11f044e4   WAVE_TimeConv2uvw
11f044c0   WAVE_TimeGain
11f044ac   WAVE_TimeGetEnc
11f044d4   WAVE_TimeGrav
11f044e8   WAVE_TimeInsert
11f044bc   WAVE_TimeJl
11f044dc   WAVE_TimeP_PI
11f044b8   WAVE_TimeResRatch
11f044d8   WAVE_TimeSOB
11f044b0   WAVE_TimeSetWm
11f044cc   WAVE_TimeTauLdyn
11f044d0   WAVE_TimeTm
11f044c8   WAVE_TimeWr
11f044c4   WAVE_TimeWrInit
11f044a0   WAVE_Timer0
11f044a4   WAVE_Timer1
11f044a8   WAVE_Timer2
11f04ba0   WAVE_Tq1
11f04ba4   WAVE_Tq2
11f04ba8   WAVE_Tq3
11f0475c   WAVE_U_modulation
11f04bd4   WAVE_VWX
11f04bd8   WAVE_VWY
11f04bdc   WAVE_VWZ
11f04760   WAVE_V_modulation
11f049d4   WAVE_Vdc1
11f049d8   WAVE_Vdc2
11f049dc   WAVE_Vdc3
11f02310   WAVE_Vdc_ofst
11f04778   WAVE_VelCmd1
11f04780   WAVE_VelCmd2
11f04788   WAVE_VelCmd3
11f04b58   WAVE_VrefD1
11f04b60   WAVE_VrefD2
11f04b68   WAVE_VrefD3
11f04b40   WAVE_VrefD_dcpl1
11f04b48   WAVE_VrefD_dcpl2
11f04b50   WAVE_VrefD_dcpl3
11f04b5c   WAVE_VrefQ1
11f04b64   WAVE_VrefQ2
11f04b6c   WAVE_VrefQ3
11f04b44   WAVE_VrefQ_dcpl1
11f04b4c   WAVE_VrefQ_dcpl2
11f04b54   WAVE_VrefQ_dcpl3
11f04ae0   WAVE_VrefU1
11f04aec   WAVE_VrefU2
11f04af8   WAVE_VrefU3
11f04ae4   WAVE_VrefV1
11f04af0   WAVE_VrefV2
11f04afc   WAVE_VrefV3
11f04ae8   WAVE_VrefW1
11f04af4   WAVE_VrefW2
11f04b00   WAVE_VrefW3
11f04750   WAVE_WSX
11f04754   WAVE_WSY
11f04758   WAVE_WSZ
11f04764   WAVE_W_modulation
11f0462c   WAVE_al_calc1
11f0463c   WAVE_al_calc2
11f0464c   WAVE_al_calc3
11f0465c   WAVE_al_calc_DPD1
11f0466c   WAVE_al_calc_DPD2
11f0467c   WAVE_al_calc_DPD3
11f04abc   WAVE_am_TriAccCmd1
11f04ac0   WAVE_am_TriAccCmd2
11f04ac4   WAVE_am_TriAccCmd3
11f04528   WAVE_check
11f046fc   WAVE_est_ISOB_qs1
11f04708   WAVE_est_ISOB_qs2
11f04714   WAVE_est_ISOB_qs3
11f04700   WAVE_est_ISOB_wl1
11f0470c   WAVE_est_ISOB_wl2
11f04718   WAVE_est_ISOB_wl3
11f046f8   WAVE_est_ISOB_wm1
11f04704   WAVE_est_ISOB_wm2
11f04710   WAVE_est_ISOB_wm3
11f046b4   WAVE_est_conv_qs1
11f046c0   WAVE_est_conv_qs2
11f046cc   WAVE_est_conv_qs3
11f046b8   WAVE_est_conv_wl1
11f046c4   WAVE_est_conv_wl2
11f046d0   WAVE_est_conv_wl3
11f046b0   WAVE_est_conv_wm1
11f046bc   WAVE_est_conv_wm2
11f046c8   WAVE_est_conv_wm3
11f046d8   WAVE_est_prop_qs1
11f046e4   WAVE_est_prop_qs2
11f046f0   WAVE_est_prop_qs3
11f046dc   WAVE_est_prop_wl1
11f046e8   WAVE_est_prop_wl2
11f046f4   WAVE_est_prop_wl3
11f046d4   WAVE_est_prop_wm1
11f046e0   WAVE_est_prop_wm2
11f046ec   WAVE_est_prop_wm3
11f04690   WAVE_est_qs1
11f0469c   WAVE_est_qs2
11f046a8   WAVE_est_qs3
11f04694   WAVE_est_wl1
11f046a0   WAVE_est_wl2
11f046ac   WAVE_est_wl3
11f0468c   WAVE_est_wm1
11f04698   WAVE_est_wm2
11f046a4   WAVE_est_wm3
11f045e4   WAVE_fqs1
11f04604   WAVE_fqs2
11f04624   WAVE_fqs3
11f045e8   WAVE_fwl1
11f04608   WAVE_fwl2
11f04628   WAVE_fwl3
11f045e0   WAVE_fwm1
11f04600   WAVE_fwm2
11f04620   WAVE_fwm3
11f0450c   WAVE_fx
11f04510   WAVE_fy
11f04514   WAVE_fz
11f04ab0   WAVE_jark1
11f04ab4   WAVE_jark2
11f04ab8   WAVE_jark3
11f02304   WAVE_ofst_Iu
11f02308   WAVE_ofst_Iv
11f0230c   WAVE_ofst_Iw
11f04b88   WAVE_omega_rm1
11f04b94   WAVE_omega_rm1_ref
11f04b8c   WAVE_omega_rm2
11f04b98   WAVE_omega_rm2_ref
11f04b90   WAVE_omega_rm3
11f04b9c   WAVE_omega_rm3_ref
11f04a8c   WAVE_ql1
11f04a90   WAVE_ql2
11f04a94   WAVE_ql3
11f04634   WAVE_ql_calc1
11f04644   WAVE_ql_calc2
11f04654   WAVE_ql_calc3
11f04664   WAVE_ql_calc_DPD1
11f04674   WAVE_ql_calc_DPD2
11f04684   WAVE_ql_calc_DPD3
11f04a74   WAVE_qm1
11f04a78   WAVE_qm2
11f04a7c   WAVE_qm3
11f04ad4   WAVE_qm_TriAccCmd1
11f04ad8   WAVE_qm_TriAccCmd2
11f04adc   WAVE_qm_TriAccCmd3
11f04a80   WAVE_qm_ref1
11f04a84   WAVE_qm_ref2
11f04a88   WAVE_qm_ref3
11f04524   WAVE_state
11f04bd0   WAVE_tauL_dyn_2nd
11f049a4   WAVE_tauLdyn1
11f049a8   WAVE_tauLdyn2
11f049ac   WAVE_tauLdyn3
11f04a28   WAVE_theta_re1
11f04a2c   WAVE_theta_re2
11f04a30   WAVE_theta_re3
11f04a04   WAVE_theta_rm1
11f04a08   WAVE_theta_rm2
11f04a0c   WAVE_theta_rm3
11f04a1c   WAVE_theta_rm_full1
11f04a20   WAVE_theta_rm_full2
11f04a24   WAVE_theta_rm_full3
11f04a10   WAVE_theta_rm_ref1
11f04a14   WAVE_theta_rm_ref2
11f04a18   WAVE_theta_rm_ref3
11f04b70   WAVE_vd_lim_dif1
11f04b78   WAVE_vd_lim_dif2
11f04b80   WAVE_vd_lim_dif3
11f04b74   WAVE_vq_lim_dif1
11f04b7c   WAVE_vq_lim_dif2
11f04b84   WAVE_vq_lim_dif3
11f04b04   WAVE_vu_ref_stand1
11f04b10   WAVE_vu_ref_stand2
11f04b1c   WAVE_vu_ref_stand3
11f04b08   WAVE_vv_ref_stand1
11f04b14   WAVE_vv_ref_stand2
11f04b20   WAVE_vv_ref_stand3
11f04b0c   WAVE_vw_ref_stand1
11f04b18   WAVE_vw_ref_stand2
11f04b24   WAVE_vw_ref_stand3
11f04518   WAVE_vx
11f0451c   WAVE_vy
11f04520   WAVE_vz
11f04630   WAVE_wl_calc1
11f04640   WAVE_wl_calc2
11f04650   WAVE_wl_calc3
11f04660   WAVE_wl_calc_DPD1
11f04670   WAVE_wl_calc_DPD2
11f04680   WAVE_wl_calc_DPD3
11f04a40   WAVE_wm1
11f04a44   WAVE_wm2
11f04a48   WAVE_wm3
11f04a68   WAVE_wm_CCC1
11f04a6c   WAVE_wm_CCC2
11f04a70   WAVE_wm_CCC3
11f04ac8   WAVE_wm_TriAccCmd1
11f04acc   WAVE_wm_TriAccCmd2
11f04ad0   WAVE_wm_TriAccCmd3
11f04638   WAVE_wm_calc1
11f04648   WAVE_wm_calc2
11f04658   WAVE_wm_calc3
11f04668   WAVE_wm_calc_DPD1
11f04678   WAVE_wm_calc_DPD2
11f04688   WAVE_wm_calc_DPD3
11f04a5c   WAVE_wm_cmd1
11f04a60   WAVE_wm_cmd2
11f04a64   WAVE_wm_cmd3
11f04a50   WAVE_wm_ref1
11f04a54   WAVE_wm_ref2
11f04a58   WAVE_wm_ref3
11f04a4c   WAVE_wm_ref_org
11f02e18   Wr_DPD
11f0478c   Wr_Throth_check
11f02b00   Wr_sub
11e03380   _CSL2_intcDispatcherDummy
11e032c8   _CSL_intcGlobalDisable
11e0333c   _CSL_intcGlobalExcepClear
11e03314   _CSL_intcGlobalExcepEnable
11e03328   _CSL_intcGlobalExtExcepEnable
11e032e8   _CSL_intcGlobalRestore
11e03260   _CSL_intcInterruptClear
11e03278   _CSL_intcInterruptRestore
11e0326c   _CSL_intcInterruptSet
11e03290   _CSL_intcQueryInterruptStatus
0c03f808   __TI_CINIT_Base
0c03f828   __TI_CINIT_Limit
0c03f800   __TI_Handler_Table_Base
0c03f808   __TI_Handler_Table_Limit
UNDEFED    __TI_INITARRAY_Base
UNDEFED    __TI_INITARRAY_Limit
11f04458   __TI_STACK_END
00001000   __TI_STACK_SIZE
11f04458   __TI_STATIC_BASE
UNDEFED    __TI_TLS_INIT_Base
UNDEFED    __TI_TLS_INIT_Limit
00000001   __TI_args_main
0c03c120   __TI_cpp_init
0c03c3a0   __TI_decompress_none
0c03c3c0   __TI_decompress_rle24
0c03d0ac   __TI_enable_exit_profile_output
ffffffff   __TI_pprof_out_hndl
ffffffff   __TI_prof_data_size
ffffffff   __TI_prof_data_start
0c03bc00   __TI_tls_init
ffffffff   __binit__
0c038b60   __c6xabi_divd
0c039e40   __c6xabi_divf
0c03b8c0   __c6xabi_divi
0c03ba80   __c6xabi_divu
0c03c320   __c6xabi_errno_addr
0c03bea0   __c6xabi_fixdu
0c03c180   __c6xabi_frcmpyd_div
0c03c1e0   __c6xabi_llshru
0c03bcc0   __c6xabi_nround
0c03bf20   __c6xabi_roundf
0c03c340   __c6xabi_trunc
0c03c360   __c6xabi_truncf
ffffffff   __c_args__
0c03b8c0   __divi
0c03ba80   __divu
0c03c9b4   __errno
0c03c2a0   _args_main
0c03b6c0   _auto_init_elf
0c03bfa0   _c_int00
0c03d0a4   _cleanup_ptr
0c03d0a8   _dtors_ptr
11f002b0   _mwSinTbl
11f03458   _stack
0c03c380   abort
0c03a780   acos
11f03440   ad1
11f03444   ad2
11f03448   ad3
0c03a960   atan
0c03ae40   atan2
0c018000   backward_diff
ffffffff   binit
11e02688   cic0Out2Evnt
0c03b7c0   copy_in
0c039b80   cos
11f04490   counter_2
0c03a368   cvt_to_float_from_u32
0c03a340   cvt_to_u32_from_float
0c03caa0   d_current
11f02318   debug
11f02328   debug2
11f02338   debug3
11f04588   debug_theta
11f045b4   down_rotation_flag2
11f045bc   down_rotation_flag3
11f045c4   down_rotation_flag5
11f03130   dyn
0c03c9b4   errno
0c03c0a0   evmI2CInit
0c03bb40   exit
0c03ab20   expf
11f0446c   flag_CalcHandCmd
11f0453c   flag_CircleStart1
11f04540   flag_CircleStart2
11f04544   flag_CircleStart3
11f04480   flag_FBgain
11f04488   flag_FF
11f04498   flag_FF_triple
11f04484   flag_PPgain
11f0448c   flag_SOB
11f0447c   flag_Vdc_setted
11f0449c   flag_cmd_end
11f04460   flag_cont_start
11f04464   flag_dead
11f04470   flag_debug
11f04478   flag_delay
11f04468   flag_dyn_payload
11f04548   flag_end1
11f0454c   flag_end2
11f04550   flag_end3
11f04534   flag_first_back
11f04530   flag_first_go
11f04538   flag_hard
11f04554   flag_on
11f04474   flag_pv
11f0452c   flag_reposition
0c03afc0   frexp
0c03b140   frexpf
11f00270   gpio_int_map
11f032b0   gsub
11f04c64   hGpio
0c038414   i2cEepromGetStatus2
0c038298   i2cEepromRead2
0c037f08   i2cEepromWriteBlock2
0c038180   i2cEepromWriteByteAddr2
11e02968   int_begin_nestint
11e02918   int_end_nestint
11f00170   intcObj
11f02348   joint
0c03b2a0   ldexp
0c03b400   ldexpf
11f045ac   left_rotation_flag
11f0458c   load_angle_limit_deg1
11f04590   load_angle_limit_deg2
11f04594   load_angle_limit_deg3
11f04598   load_angle_limit_deg5
11f0459c   load_angle_limit_rad1
11f045a0   load_angle_limit_rad2
11f045a4   load_angle_limit_rad3
11f045a8   load_angle_limit_rad5
0c03c300   main
0c03bd60   memcpy
0c03b9a0   memset
0c03be00   modf
0c03c240   modff
0c039b44   mw_Osal_platformSpiCsEnter
0c039b30   mw_Osal_platformSpiCsExit
11f0496c   mw_gp__CSL_intcCpuIntrTable
0c039738   mw_nor_erase
0c0396cc   mw_nor_get_details
0c039658   mw_nor_init
0c0395a4   mw_nor_read
0c0394e0   mw_nor_write
0c039b10   mw_platform_delaycycles
0c039aa4   mw_platform_device_close
0c039a64   mw_platform_device_erase_block
0c03998c   mw_platform_device_open
0c0398f0   mw_platform_device_read
0c039854   mw_platform_device_write
11f04970   mw_platform_errno
11e03360   mw_setVect
0c039358   mw_spi_claim
0c0392ec   mw_spi_cmd
0c0392e0   mw_spi_cmd_read
0c0392d0   mw_spi_cmd_write
0c039264   mw_spi_release
0c039120   mw_spi_xfer
11e02904   mwintc_clearSysInterrupt
11e028ec   mwintc_disableHostInterrupt
11e028d4   mwintc_disableSysInterrupt
11e028c0   mwintc_enableHostInterrupt
11e028a8   mwintc_enableSysInterrupt
11e02878   mwintc_getInterruptStatus
11e02860   mwintc_mapSystemIntrToChannel
11e02714   mwintc_setup
11e02794   mwintc_setup2
11e025f4   mwintc_setupApp
11f029a0   ob_sub
0c039840   platform_write
0c03cae8   position
0c0377c0   pow
0c038580   powf
0c03cb30   q_current
0c03cdc8   range
11f04768   ref_Iq_direct1
11f0476c   ref_Iq_direct2
11f04770   ref_Iq_direct3
11f04bb8   ref_Iq_freq_direct1
11f04bbc   ref_Iq_freq_direct2
11f04bc0   ref_Iq_freq_direct3
11f04584   ref_wm_direct
11f045b0   right_rotation_flag
0c03c6e0   sen
0c03a0c0   sin
0c03b560   sqrt
11f04564   start_back1
11f04568   start_back2
11f0456c   start_back3
11f04558   start_go1
11f0455c   start_go2
11f04560   start_go3
11f04960   tmr1regs
11f04964   tmr2regs
11f04968   tmr3regs
11f03238   tri
11f045b8   up_rotation_flag2
11f045c0   up_rotation_flag3
11f045c8   up_rotation_flag5
0c03cb78   velocity


GLOBAL SYMBOLS: SORTED BY Symbol Address 

address    name
--------   ----
00000001   __TI_args_main
00001000   __TI_STACK_SIZE
0c018000   backward_diff
0c01800c   VconPI5Axis
0c018060   TriangularAccelerationCommandGeneratorInit
0c018a20   TriangularAccelerationCommandGenerator
0c0191a0   StateObserver
0c0197a4   Limiter
0c0197c4   SetVoltReferences
0c019b94   SetRampParams
0c019d34   SetLPF
0c019dc4   SetGain
0c01a204   SetENC_CH
0c01a208   SetBDN
0c01a20c   Pcontroller
0c01a218   PIcontroller_withAntiwindup
0c01a260   PIcontroller
0c01a2a4   ManyRampGenerator3rdAxis
0c01a504   ManyRampGenerator2ndAxis
0c01a764   ManyRampGenerator1stAxis
0c01a9c4   CalcOffset
0c01aca4   GetVoltAndCurrent
0c01aecc   GetMultiPositions
0c01b34c   CalcDynamicsInit
0c01f5b0   CalcFDTDWrInit_QmrefInputType
0c021428   CalcFDTDWrInit_WmcmdInputType
0c023120   CalcFDTDTSOBInit
0c0254b4   FDTD_Tm_Init
0c025860   CalcPVGainInitCDM
0c026c54   MW_main
0c027250   LimitPosCmd
0c0272b0   LimDiffCalcDQ
0c0273f0   Integrator_w_ref3
0c027410   Integrator_w_ref2
0c027430   Integrator_w_ref
0c027450   Integrator_acc_ref3
0c027470   Integrator_acc_ref2
0c027490   Integrator_acc_ref
0c0274b0   GetVelocity
0c0274e4   GetFilterdSignal
0c027688   GeneratorCircle3rd
0c027730   GeneratorCircle2nd
0c0277e0   GeneratorCircle1st
0c027888   FDTD_Tm
0c027ae4   FDTD_T_SOB
0c0288e4   FDTDSOB
0c0293f0   DecouplingControl
0c02946c   CalcGravIcmp
0c0295ac   CalcJl
0c0298e0   CalcFDTDWr_WmcmdInputType
0c02b138   CalcTauLDyn
0c02b84c   CalcPVGain
0c02c114   CalcFDTDWrUpdate_WmcmdInputType_2nd
0c02c904   CalcFDTDWrUpdate_WmcmdInputType_1st2nd
0c02d9e0   CalcHandCmdCircle
0c02de2c   CalcInverseCmd_vel
0c02ec30   CalcVdcMean
0c02ed0c   BrakeController
0c02ede4   CalcPrefRep3axis
0c02efe4   CalcPrefRep2axis
0c02f1e4   CalcPref2axis
0c02f2d4   CalcHandCmdRectangle
0c02f824   CalcHandCmdDiamond
0c02fe20   CalcFDTDWr_QmrefInputType
0c031060   CalcFDTDWrUpdate_QmrefInputType_2nd
0c0315e4   CalcFDTDWrUpdate_QmrefInputType_1st2nd
0c0321a0   ControlFunction
0c036ca0   ENC_stop_abs
0c036d4c   ENC_start_abs
0c036e00   ENC_ss_init
0c036eac   ENC_ss_get_start
0c036f60   ENC_ss_get_abs
0c037060   ENC_ss_get_abm
0c037148   ENC_set_refresh
0c037200   ENC_reset_err
0c0372c8   ENC_reset_abs
0c0373a0   ENC_reset_abm
0c037468   ENC_get_status
0c037500   ENC_get_almc
0c03758c   ENC_get_abs
0c03764c   ENC_get_abm
0c037708   ENC_batt_alm_en
0c0377c0   pow
0c037f08   i2cEepromWriteBlock2
0c038180   i2cEepromWriteByteAddr2
0c038298   i2cEepromRead2
0c038414   i2cEepromGetStatus2
0c038580   powf
0c038b60   __c6xabi_divd
0c039120   mw_spi_xfer
0c039264   mw_spi_release
0c0392d0   mw_spi_cmd_write
0c0392e0   mw_spi_cmd_read
0c0392ec   mw_spi_cmd
0c039358   mw_spi_claim
0c0394e0   mw_nor_write
0c0395a4   mw_nor_read
0c039658   mw_nor_init
0c0396cc   mw_nor_get_details
0c039738   mw_nor_erase
0c039840   platform_write
0c039854   mw_platform_device_write
0c0398f0   mw_platform_device_read
0c03998c   mw_platform_device_open
0c039a64   mw_platform_device_erase_block
0c039aa4   mw_platform_device_close
0c039b10   mw_platform_delaycycles
0c039b30   mw_Osal_platformSpiCsExit
0c039b44   mw_Osal_platformSpiCsEnter
0c039b80   cos
0c039e40   __c6xabi_divf
0c03a0c0   sin
0c03a340   cvt_to_u32_from_float
0c03a368   cvt_to_float_from_u32
0c03a390   FPGA_write_f32
0c03a420   FPGA_write
0c03a498   FPGA_read_f32
0c03a504   FPGA_read
0c03a550   FPGA_get_fpga_ver
0c03a580   IPFPGA_write_f32
0c03a60c   IPFPGA_write
0c03a688   IPFPGA_read_f32
0c03a700   IPFPGA_read
0c03a74c   IPFPGA_get_fpga_ver
0c03a780   acos
0c03a960   atan
0c03ab20   expf
0c03ae40   atan2
0c03afc0   frexp
0c03b140   frexpf
0c03b2a0   ldexp
0c03b400   ldexpf
0c03b560   sqrt
0c03b6c0   _auto_init_elf
0c03b7c0   copy_in
0c03b8c0   __c6xabi_divi
0c03b8c0   __divi
0c03b9a0   memset
0c03ba80   __c6xabi_divu
0c03ba80   __divu
0c03bb40   exit
0c03bc00   __TI_tls_init
0c03bcc0   __c6xabi_nround
0c03bd60   memcpy
0c03be00   modf
0c03bea0   __c6xabi_fixdu
0c03bf20   __c6xabi_roundf
0c03bfa0   _c_int00
0c03c020   PEV_init
0c03c064   PEV_get_fpga_ver
0c03c0a0   evmI2CInit
0c03c120   __TI_cpp_init
0c03c180   __c6xabi_frcmpyd_div
0c03c1e0   __c6xabi_llshru
0c03c240   modff
0c03c2a0   _args_main
0c03c2e0   CSL_GPIO_open
0c03c300   main
0c03c320   __c6xabi_errno_addr
0c03c340   __c6xabi_trunc
0c03c360   __c6xabi_truncf
0c03c380   C$$EXIT
0c03c380   abort
0c03c3a0   __TI_decompress_none
0c03c3c0   __TI_decompress_rle24
0c03c6e0   sen
0c03c930   LPF_cmd
0c03c9b4   __errno
0c03c9b4   errno
0c03c9b8   LPF_motor
0c03caa0   d_current
0c03cae8   position
0c03cb30   q_current
0c03cb78   velocity
0c03cdc8   range
0c03d0a4   _cleanup_ptr
0c03d0a8   _dtors_ptr
0c03d0ac   __TI_enable_exit_profile_output
0c03d25c   EMIF_IntrErr_sts
0c03f800   __TI_Handler_Table_Base
0c03f808   __TI_CINIT_Base
0c03f808   __TI_Handler_Table_Limit
0c03f828   __TI_CINIT_Limit
11e00000   PEV_updown_set_mode
11e00034   PEV_updown_read_cnt
11e00078   PEV_updown_init_maxcount
11e000c8   PEV_updown_clear_cnt
11e00100   PEV_sync_z_out
11e00150   PEV_sync_pwm_out
11e00260   PEV_sync_pwm_init
11e002b4   PEV_sync_ad_out
11e0030c   PEV_sync_ad_init
11e00360   PEV_inverter_stop_pwm
11e00394   PEV_inverter_start_pwm
11e003cc   PEV_inverter_set_uvw_br
11e005e8   PEV_inverter_set_uvw
11e007d4   PEV_inverter_set_ra
11e008d4   PEV_inverter_set_ab
11e00958   PEV_inverter_init_refload_timing
11e009b8   PEV_inverter_init_int_timing
11e00aa8   PEV_inverter_init_adtrig_timing
11e00b84   PEV_inverter_init
11e00cf4   PEV_inverter_enable_int
11e00d38   PEV_inverter_disable_int
11e00d70   PEV_inverter_control_gate
11e00da8   PEV_inverter_control_break
11e00de0   PEV_int_init
11e00f10   PEV_ad_start
11e00f48   PEV_ad_set_range
11e00f98   PEV_ad_set_offset
11e00fe0   PEV_ad_set_mode
11e01040   PEV_ad_in_st
11e0106c   PEV_ad_in_grp
11e012b0   PEV_ad_in_4ch
11e01418   PEV_ad_enable_int
11e01460   PEV_ad_disable_int
11e01494   PEV_ad_abz_read
11e016e8   PEV_abz_write
11e01734   PEV_abz_set_mode
11e017a4   PEV_abz_read
11e017e8   PEV_abz_init_maxcount
11e01834   PEV_abz_in_pin
11e01864   PEV_abz_get_resolver_pos
11e018a4   PEV_abz_get_resolver_err
11e018e0   PEV_abz_clear_resolver_err
11e01914   PEV_abz_clear
11e01960   C6657_timer3_hi_stop
11e01974   C6657_timer3_hi_start
11e01994   C6657_timer3_hi_init_vector
11e019b8   C6657_timer3_hi_init
11e01a2c   C6657_timer3_hi_enable_int
11e01a84   C6657_timer3_hi_clear_eventflag
11e01a94   C6657_timer2_write
11e01aa0   C6657_timer2_stop
11e01ab4   C6657_timer2_start
11e01ad8   C6657_timer2_read
11e01ae8   C6657_timer2_init_vector
11e01b30   C6657_timer2_init
11e01ba4   C6657_timer2_enable_int
11e01bf8   C6657_timer2_disable_int
11e01c40   C6657_timer2_clear_eventflag
11e01c4c   C6657_timer2_clear
11e01c58   C6657_timer1_write
11e01c68   C6657_timer1_stop
11e01c80   C6657_timer1_start
11e01ca0   C6657_timer1_read
11e01cac   C6657_timer1_init_vector
11e01cd0   C6657_timer1_init
11e01d44   C6657_timer1_enable_int
11e01d98   C6657_timer1_disable_int
11e01de0   C6657_timer1_clear_eventflag
11e01dec   C6657_timer1_clear
11e01df8   C6657_timer0_write
11e01e08   C6657_timer0_stop
11e01e20   C6657_timer0_start
11e01e40   C6657_timer0_read
11e01e4c   C6657_timer0_init_vector
11e01e70   C6657_timer0_init
11e01ee4   C6657_timer0_enable_int
11e01f38   C6657_timer0_disable_int
11e01f78   C6657_timer0_clear_eventflag
11e01f8c   C6657_timer0_clear
11e01fa0   EMF_Write_s32
11e02018   EMF_WriteFlashRom_s32
11e02120   EMF_Write2_s32
11e021b8   EMF_Read_s32
11e0222c   EMF_ReadFpgaBoard_s32
11e022e0   EMF_ReadFlashRom_s32
11e023a8   EMF_Read3_s32
11e02414   EMF_Read2_s32
11e024cc   EMF_Initialization_s32
11e0252c   EMF_EnableIntr_s32
11e025f4   mwintc_setupApp
11e02688   cic0Out2Evnt
11e02714   mwintc_setup
11e02794   mwintc_setup2
11e02860   mwintc_mapSystemIntrToChannel
11e02878   mwintc_getInterruptStatus
11e028a8   mwintc_enableSysInterrupt
11e028c0   mwintc_enableHostInterrupt
11e028d4   mwintc_disableSysInterrupt
11e028ec   mwintc_disableHostInterrupt
11e02904   mwintc_clearSysInterrupt
11e02918   int_end_nestint
11e02968   int_begin_nestint
11e029a8   IRQ_globalRestore
11e029b0   IRQ_globalEnable
11e029d0   IRQ_globalDisable
11e02a00   CSL2_intcHwControl
11e02d20   EMF_ErrIntr_vo
11e02f00   GPI_setVector_vo
11e02fd4   GPI_int_ack_vo
11e03024   GPI_init_vo
11e0304c   GPI_enable_int_vo
11e0306c   GPI_disable_int_vo
11e030a0   CSL2_loadResource
11e030b4   CSL2_intcOpen2
11e03220   CSL_intcInterruptEnable
11e03240   CSL_intcInterruptDisable
11e03260   _CSL_intcInterruptClear
11e0326c   _CSL_intcInterruptSet
11e03278   _CSL_intcInterruptRestore
11e03290   _CSL_intcQueryInterruptStatus
11e032a8   CSL_intcGlobalEnable
11e032c8   _CSL_intcGlobalDisable
11e032e8   _CSL_intcGlobalRestore
11e03300   CSL_intcGlobalNmiEnable
11e03314   _CSL_intcGlobalExcepEnable
11e03328   _CSL_intcGlobalExtExcepEnable
11e0333c   _CSL_intcGlobalExcepClear
11e03360   mw_setVect
11e03380   _CSL2_intcDispatcherDummy
11f00170   intcObj
11f00270   gpio_int_map
11f002b0   _mwSinTbl
11f02300   WAVE_Enc_error
11f02304   WAVE_ofst_Iu
11f02308   WAVE_ofst_Iv
11f0230c   WAVE_ofst_Iw
11f02310   WAVE_Vdc_ofst
11f02318   debug
11f02328   debug2
11f02338   debug3
11f02348   joint
11f029a0   ob_sub
11f02b00   Wr_sub
11f02e18   Wr_DPD
11f03130   dyn
11f03238   tri
11f032b0   gsub
11f033f8   Tm_sub
11f03440   ad1
11f03444   ad2
11f03448   ad3
11f0344c   ModRatioU
11f03450   ModRatioV
11f03454   ModRatioW
11f03458   _stack
11f04458   WAVE_INIT_COUNT
11f04458   __TI_STACK_END
11f04458   __TI_STATIC_BASE
11f0445c   WAVE_FIL_Y
11f04460   flag_cont_start
11f04464   flag_dead
11f04468   flag_dyn_payload
11f0446c   flag_CalcHandCmd
11f04470   flag_debug
11f04474   flag_pv
11f04478   flag_delay
11f0447c   flag_Vdc_setted
11f04480   flag_FBgain
11f04484   flag_PPgain
11f04488   flag_FF
11f0448c   flag_SOB
11f04490   counter_2
11f04494   WAVE_LoopCount
11f04498   flag_FF_triple
11f0449c   flag_cmd_end
11f044a0   WAVE_Timer0
11f044a4   WAVE_Timer1
11f044a8   WAVE_Timer2
11f044ac   WAVE_TimeGetEnc
11f044b0   WAVE_TimeSetWm
11f044b4   WAVE_TimeConv2dq
11f044b8   WAVE_TimeResRatch
11f044bc   WAVE_TimeJl
11f044c0   WAVE_TimeGain
11f044c4   WAVE_TimeWrInit
11f044c8   WAVE_TimeWr
11f044cc   WAVE_TimeTauLdyn
11f044d0   WAVE_TimeTm
11f044d4   WAVE_TimeGrav
11f044d8   WAVE_TimeSOB
11f044dc   WAVE_TimeP_PI
11f044e0   WAVE_TimeACC
11f044e4   WAVE_TimeConv2uvw
11f044e8   WAVE_TimeInsert
11f044ec   WAVE_TimeCalcCmd
11f044f0   WAVE_TimeCalcInvCmd
11f044f4   WAVE_Joint1
11f044f8   WAVE_Joint2
11f044fc   WAVE_Joint3
11f04500   WAVE_HandX
11f04504   WAVE_HandY
11f04508   WAVE_HandZ
11f0450c   WAVE_fx
11f04510   WAVE_fy
11f04514   WAVE_fz
11f04518   WAVE_vx
11f0451c   WAVE_vy
11f04520   WAVE_vz
11f04524   WAVE_state
11f04528   WAVE_check
11f0452c   flag_reposition
11f04530   flag_first_go
11f04534   flag_first_back
11f04538   flag_hard
11f0453c   flag_CircleStart1
11f04540   flag_CircleStart2
11f04544   flag_CircleStart3
11f04548   flag_end1
11f0454c   flag_end2
11f04550   flag_end3
11f04554   flag_on
11f04558   start_go1
11f0455c   start_go2
11f04560   start_go3
11f04564   start_back1
11f04568   start_back2
11f0456c   start_back3
11f04570   Ref_Iq_ref_direct
11f04574   Ref_wM_direct
11f04578   Iq_off
11f0457c   Flag_ARCS_start
11f04580   Flag_ARCS_clear
11f04584   ref_wm_direct
11f04588   debug_theta
11f0458c   load_angle_limit_deg1
11f04590   load_angle_limit_deg2
11f04594   load_angle_limit_deg3
11f04598   load_angle_limit_deg5
11f0459c   load_angle_limit_rad1
11f045a0   load_angle_limit_rad2
11f045a4   load_angle_limit_rad3
11f045a8   load_angle_limit_rad5
11f045ac   left_rotation_flag
11f045b0   right_rotation_flag
11f045b4   down_rotation_flag2
11f045b8   up_rotation_flag2
11f045bc   down_rotation_flag3
11f045c0   up_rotation_flag3
11f045c4   down_rotation_flag5
11f045c8   up_rotation_flag5
11f045cc   WAVE_Kpp1
11f045d0   WAVE_Kff1
11f045d4   WAVE_Kfb1
11f045d8   WAVE_Kvp1
11f045dc   WAVE_Kvi1
11f045e0   WAVE_fwm1
11f045e4   WAVE_fqs1
11f045e8   WAVE_fwl1
11f045ec   WAVE_Kpp2
11f045f0   WAVE_Kff2
11f045f4   WAVE_Kfb2
11f045f8   WAVE_Kvp2
11f045fc   WAVE_Kvi2
11f04600   WAVE_fwm2
11f04604   WAVE_fqs2
11f04608   WAVE_fwl2
11f0460c   WAVE_Kpp3
11f04610   WAVE_Kff3
11f04614   WAVE_Kfb3
11f04618   WAVE_Kvp3
11f0461c   WAVE_Kvi3
11f04620   WAVE_fwm3
11f04624   WAVE_fqs3
11f04628   WAVE_fwl3
11f0462c   WAVE_al_calc1
11f04630   WAVE_wl_calc1
11f04634   WAVE_ql_calc1
11f04638   WAVE_wm_calc1
11f0463c   WAVE_al_calc2
11f04640   WAVE_wl_calc2
11f04644   WAVE_ql_calc2
11f04648   WAVE_wm_calc2
11f0464c   WAVE_al_calc3
11f04650   WAVE_wl_calc3
11f04654   WAVE_ql_calc3
11f04658   WAVE_wm_calc3
11f0465c   WAVE_al_calc_DPD1
11f04660   WAVE_wl_calc_DPD1
11f04664   WAVE_ql_calc_DPD1
11f04668   WAVE_wm_calc_DPD1
11f0466c   WAVE_al_calc_DPD2
11f04670   WAVE_wl_calc_DPD2
11f04674   WAVE_ql_calc_DPD2
11f04678   WAVE_wm_calc_DPD2
11f0467c   WAVE_al_calc_DPD3
11f04680   WAVE_wl_calc_DPD3
11f04684   WAVE_ql_calc_DPD3
11f04688   WAVE_wm_calc_DPD3
11f0468c   WAVE_est_wm1
11f04690   WAVE_est_qs1
11f04694   WAVE_est_wl1
11f04698   WAVE_est_wm2
11f0469c   WAVE_est_qs2
11f046a0   WAVE_est_wl2
11f046a4   WAVE_est_wm3
11f046a8   WAVE_est_qs3
11f046ac   WAVE_est_wl3
11f046b0   WAVE_est_conv_wm1
11f046b4   WAVE_est_conv_qs1
11f046b8   WAVE_est_conv_wl1
11f046bc   WAVE_est_conv_wm2
11f046c0   WAVE_est_conv_qs2
11f046c4   WAVE_est_conv_wl2
11f046c8   WAVE_est_conv_wm3
11f046cc   WAVE_est_conv_qs3
11f046d0   WAVE_est_conv_wl3
11f046d4   WAVE_est_prop_wm1
11f046d8   WAVE_est_prop_qs1
11f046dc   WAVE_est_prop_wl1
11f046e0   WAVE_est_prop_wm2
11f046e4   WAVE_est_prop_qs2
11f046e8   WAVE_est_prop_wl2
11f046ec   WAVE_est_prop_wm3
11f046f0   WAVE_est_prop_qs3
11f046f4   WAVE_est_prop_wl3
11f046f8   WAVE_est_ISOB_wm1
11f046fc   WAVE_est_ISOB_qs1
11f04700   WAVE_est_ISOB_wl1
11f04704   WAVE_est_ISOB_wm2
11f04708   WAVE_est_ISOB_qs2
11f0470c   WAVE_est_ISOB_wl2
11f04710   WAVE_est_ISOB_wm3
11f04714   WAVE_est_ISOB_qs3
11f04718   WAVE_est_ISOB_wl3
11f0471c   WAVE_IresU1
11f04720   WAVE_IresU2
11f04724   WAVE_IresU3
11f04728   WAVE_IresV1
11f0472c   WAVE_IresV2
11f04730   WAVE_IresV3
11f04734   WAVE_IresW1
11f04738   WAVE_IresW2
11f0473c   WAVE_IresW3
11f04740   WAVE_ACC_LW8079
11f04744   WAVE_ACC_LW8174
11f04748   WAVE_ACC_LW8174_axis
11f0474c   WAVE_Fz
11f04750   WAVE_WSX
11f04754   WAVE_WSY
11f04758   WAVE_WSZ
11f0475c   WAVE_U_modulation
11f04760   WAVE_V_modulation
11f04764   WAVE_W_modulation
11f04768   ref_Iq_direct1
11f0476c   ref_Iq_direct2
11f04770   ref_Iq_direct3
11f04774   WAVE_AccCmd1
11f04778   WAVE_VelCmd1
11f0477c   WAVE_AccCmd2
11f04780   WAVE_VelCmd2
11f04784   WAVE_AccCmd3
11f04788   WAVE_VelCmd3
11f0478c   Wr_Throth_check
11f04960   tmr1regs
11f04964   tmr2regs
11f04968   tmr3regs
11f0496c   mw_gp__CSL_intcCpuIntrTable
11f04970   mw_platform_errno
11f04974   WAVE_MRU1
11f04978   WAVE_MRV1
11f0497c   WAVE_MRW1
11f04980   WAVE_MRU2
11f04984   WAVE_MRV2
11f04988   WAVE_MRW2
11f0498c   WAVE_MRU3
11f04990   WAVE_MRV3
11f04994   WAVE_MRW3
11f04998   WAVE_MRBR1
11f0499c   WAVE_MRBR2
11f049a0   WAVE_MRBR3
11f049a4   WAVE_tauLdyn1
11f049a8   WAVE_tauLdyn2
11f049ac   WAVE_tauLdyn3
11f049b0   WAVE_Jl_calc1
11f049b4   WAVE_Jl_calc2
11f049b8   WAVE_Jl_calc3
11f049bc   WAVE_IresD1
11f049c0   WAVE_IresD2
11f049c4   WAVE_IresD3
11f049c8   WAVE_IresQ1
11f049cc   WAVE_IresQ2
11f049d0   WAVE_IresQ3
11f049d4   WAVE_Vdc1
11f049d8   WAVE_Vdc2
11f049dc   WAVE_Vdc3
11f049e0   WAVE_Idc1
11f049e4   WAVE_Idc2
11f049e8   WAVE_Idc3
11f049ec   WAVE_ENC_temp1
11f049f0   WAVE_ENC_temp2
11f049f4   WAVE_ENC_temp3
11f049f8   WAVE_ENC1
11f049fc   WAVE_ENC2
11f04a00   WAVE_ENC3
11f04a04   WAVE_theta_rm1
11f04a08   WAVE_theta_rm2
11f04a0c   WAVE_theta_rm3
11f04a10   WAVE_theta_rm_ref1
11f04a14   WAVE_theta_rm_ref2
11f04a18   WAVE_theta_rm_ref3
11f04a1c   WAVE_theta_rm_full1
11f04a20   WAVE_theta_rm_full2
11f04a24   WAVE_theta_rm_full3
11f04a28   WAVE_theta_re1
11f04a2c   WAVE_theta_re2
11f04a30   WAVE_theta_re3
11f04a34   WAVE_TRG_WM1
11f04a38   WAVE_TRG_WM2
11f04a3c   WAVE_TRG_WM3
11f04a40   WAVE_wm1
11f04a44   WAVE_wm2
11f04a48   WAVE_wm3
11f04a4c   WAVE_wm_ref_org
11f04a50   WAVE_wm_ref1
11f04a54   WAVE_wm_ref2
11f04a58   WAVE_wm_ref3
11f04a5c   WAVE_wm_cmd1
11f04a60   WAVE_wm_cmd2
11f04a64   WAVE_wm_cmd3
11f04a68   WAVE_wm_CCC1
11f04a6c   WAVE_wm_CCC2
11f04a70   WAVE_wm_CCC3
11f04a74   WAVE_qm1
11f04a78   WAVE_qm2
11f04a7c   WAVE_qm3
11f04a80   WAVE_qm_ref1
11f04a84   WAVE_qm_ref2
11f04a88   WAVE_qm_ref3
11f04a8c   WAVE_ql1
11f04a90   WAVE_ql2
11f04a94   WAVE_ql3
11f04a98   WAVE_Iq1
11f04a9c   WAVE_Iq2
11f04aa0   WAVE_Iq3
11f04aa4   WAVE_Isfb1
11f04aa8   WAVE_Isfb2
11f04aac   WAVE_Isfb3
11f04ab0   WAVE_jark1
11f04ab4   WAVE_jark2
11f04ab8   WAVE_jark3
11f04abc   WAVE_am_TriAccCmd1
11f04ac0   WAVE_am_TriAccCmd2
11f04ac4   WAVE_am_TriAccCmd3
11f04ac8   WAVE_wm_TriAccCmd1
11f04acc   WAVE_wm_TriAccCmd2
11f04ad0   WAVE_wm_TriAccCmd3
11f04ad4   WAVE_qm_TriAccCmd1
11f04ad8   WAVE_qm_TriAccCmd2
11f04adc   WAVE_qm_TriAccCmd3
11f04ae0   WAVE_VrefU1
11f04ae4   WAVE_VrefV1
11f04ae8   WAVE_VrefW1
11f04aec   WAVE_VrefU2
11f04af0   WAVE_VrefV2
11f04af4   WAVE_VrefW2
11f04af8   WAVE_VrefU3
11f04afc   WAVE_VrefV3
11f04b00   WAVE_VrefW3
11f04b04   WAVE_vu_ref_stand1
11f04b08   WAVE_vv_ref_stand1
11f04b0c   WAVE_vw_ref_stand1
11f04b10   WAVE_vu_ref_stand2
11f04b14   WAVE_vv_ref_stand2
11f04b18   WAVE_vw_ref_stand2
11f04b1c   WAVE_vu_ref_stand3
11f04b20   WAVE_vv_ref_stand3
11f04b24   WAVE_vw_ref_stand3
11f04b28   WAVE_IrefD1
11f04b2c   WAVE_IrefD2
11f04b30   WAVE_IrefD3
11f04b34   WAVE_IrefQ1
11f04b38   WAVE_IrefQ2
11f04b3c   WAVE_IrefQ3
11f04b40   WAVE_VrefD_dcpl1
11f04b44   WAVE_VrefQ_dcpl1
11f04b48   WAVE_VrefD_dcpl2
11f04b4c   WAVE_VrefQ_dcpl2
11f04b50   WAVE_VrefD_dcpl3
11f04b54   WAVE_VrefQ_dcpl3
11f04b58   WAVE_VrefD1
11f04b5c   WAVE_VrefQ1
11f04b60   WAVE_VrefD2
11f04b64   WAVE_VrefQ2
11f04b68   WAVE_VrefD3
11f04b6c   WAVE_VrefQ3
11f04b70   WAVE_vd_lim_dif1
11f04b74   WAVE_vq_lim_dif1
11f04b78   WAVE_vd_lim_dif2
11f04b7c   WAVE_vq_lim_dif2
11f04b80   WAVE_vd_lim_dif3
11f04b84   WAVE_vq_lim_dif3
11f04b88   WAVE_omega_rm1
11f04b8c   WAVE_omega_rm2
11f04b90   WAVE_omega_rm3
11f04b94   WAVE_omega_rm1_ref
11f04b98   WAVE_omega_rm2_ref
11f04b9c   WAVE_omega_rm3_ref
11f04ba0   WAVE_Tq1
11f04ba4   WAVE_Tq2
11f04ba8   WAVE_Tq3
11f04bac   WAVE_Icmp1
11f04bb0   WAVE_Icmp2
11f04bb4   WAVE_Icmp3
11f04bb8   ref_Iq_freq_direct1
11f04bbc   ref_Iq_freq_direct2
11f04bc0   ref_Iq_freq_direct3
11f04bc4   WAVE_Iff_1
11f04bc8   WAVE_Iff_2
11f04bcc   WAVE_Iff_3
11f04bd0   WAVE_tauL_dyn_2nd
11f04bd4   WAVE_VWX
11f04bd8   WAVE_VWY
11f04bdc   WAVE_VWZ
11f04c5c   EMF_ExtWaitErrInfo_u32s
11f04c60   EMF_ExtWaitErrCnt_u32s
11f04c64   hGpio
ffffffff   __TI_pprof_out_hndl
ffffffff   __TI_prof_data_size
ffffffff   __TI_prof_data_start
ffffffff   __binit__
ffffffff   __c_args__
ffffffff   binit
UNDEFED    __TI_INITARRAY_Base
UNDEFED    __TI_INITARRAY_Limit
UNDEFED    __TI_TLS_INIT_Base
UNDEFED    __TI_TLS_INIT_Limit

[719 symbols]
