******************************************************************************
               TMS320C6x Linker PC v7.4.24                     
******************************************************************************
>> Linked Thu Aug 21 13:45:39 2025

OUTPUT FILE NAME:   <current_control_ver2_new.out>
ENTRY POINT SYMBOL: "_c_int00"  address: 0c03dca0


MEMORY CONFIGURATION

         name            origin    length      used     unused   attr    fill
----------------------  --------  ---------  --------  --------  ----  --------
  IPC_ISR_REG           02620244   00000004  00000000  00000004  RWIX
  DDR3_INIT_CODE        0c000000   00018000  00000000  00018000  RW X
  USER_SRAM_1_4         0c018000   000e8000  000294ac  000beb54  RWIX
  KNL0_SRAM_1_4         10800000   000fff80  00000000  000fff80  RWIX
  KNL0_BOOT_AREA        108fff80   0000007c  00000000  0000007c  RWIX
  KNL0_MAGIC_ADDRESS    108ffffc   00000004  00000000  00000004  RWIX
  CTRL_PARAS            11800000   00000100  00000000  00000100  RWIX
  KNL1_SRAM_1_2         11800100   0003ff00  00000000  0003ff00  RWIX
  CSL_INTC              11840000   00010000  00000000  00010000  RWIX
  USER_MAGIC_ADDRESS    118fff80   00000004  00000000  00000004  R   
  KNL1_BOOT_AREA        118fff84   00000078  00000000  00000078  RWIX
  KNL1_MAGIC_ADDRESS    118ffffc   00000004  00000000  00000004  RWIX
  USER_SRAM_2_4         11e00000   00008000  000033e0  00004c20  RWIX
  USER_SRAM_3_4         11f00000   00008000  00004d48  000032b8  RWIX
  TI_BOOT_ROM           20b00000   00020000  00000000  00020000  RWIX
  KNL0_SRAM_2_4         80000000   000fe000  00000000  000fe000  RWIX
  USER_SRAM_4_4         80100000   01800000  00000000  01800000  RWIX
  KNL0_SRAM_3_4         82000000   0d000000  00000000  0d000000  RWIX
  KNL0_SRAM_4_4         8f000000   01000000  00000000  01000000  RWIX
  KNL1_SRAM_2_2         90000000   10000000  00000000  10000000  RWIX


SEGMENT ALLOCATION MAP

run origin  load origin   length   init length attrs members
----------  ----------- ---------- ----------- ----- -------
0c018000    0c018000    000263e0   000263e0    r-x
  0c018000    0c018000    000263e0   000263e0    r-x .text
0c03e3e0    0c03e3e0    00000b2c   00000b2c    rw-
  0c03e3e0    0c03e3e0    00000b2c   00000b2c    rw- .fardata
0c03ef10    0c03ef10    00000058   00000000    rw-
  0c03ef10    0c03ef10    00000058   00000000    rw- .far
0c03ef80    0c03ef80    00000088   00000088    r--
  0c03ef80    0c03ef80    00000088   00000088    r-- .const
0c03f080    0c03f080    00000010   00000010    r--
  0c03f080    0c03f080    00000010   00000010    r-- .switch
0c03f100    0c03f100    000024b0   000024b0    r--
  0c03f100    0c03f100    000024b0   000024b0    r-- .cinit
11e00000    11e00000    000033e0   000033e0    r-x
  11e00000    11e00000    000033e0   000033e0    r-x .text_2
11f00000    11f00000    000022b8   000022b8    rw-
  11f00000    11f00000    000022b8   000022b8    rw- .data_2
11f02300    11f02300    00002230   00001230    rw-
  11f02300    11f02300    00001230   00001230    rw- .DATA_ON_HIGHER_SPEED
  11f03530    11f03530    00001000   00000000    rw- .stack
11f04530    11f04530    00000860   0000055c    rw-
  11f04530    11f04530    0000055c   0000055c    rw- .neardata
  11f04a8c    11f04a8c    00000304   00000000    rw- .bss


SECTION ALLOCATION MAP

 output                                  attributes/
section   page    origin      length       input sections
--------  ----  ----------  ----------   ----------------
.text      0    0c018000    000263e0     
                  0c018000    0001c1a0     current_control_ver2_new.obj (.text)
                  0c0341a0    00004800     current_control_ver2_new.obj (.text:retain)
                  0c0389a0    00000b20     enc.obj (.text)
                  0c0394c0    00000700     rts6600_elf.lib : pow.obj (.text:pow)
                  0c039bc0    000006c0     mwio4.lib : mw_i2c_eeprom.obj (.text)
                  0c03a280    000005e0     rts6600_elf.lib : powf.obj (.text:powf)
                  0c03a860    000005c0                     : divd.obj (.text:__c6xabi_divd)
                  0c03ae20    000003c0     mwio4.lib : mw_spi.obj (.text)
                  0c03b1e0    00000360               : mw_flash.obj (.text)
                  0c03b540    00000340               : mw_platform.obj (.text)
                  0c03b880    000002c0     rts6600_elf.lib : cos.obj (.text:cos)
                  0c03bb40    00000280                     : divf.obj (.text:__c6xabi_divf)
                  0c03bdc0    00000280                     : sin.obj (.text:sin)
                  0c03c040    00000240     mwio4.lib : FPGA_LIB.obj (.text)
                  0c03c280    00000200               : IPFPGA_LIB.obj (.text)
                  0c03c480    000001e0     rts6600_elf.lib : acos.obj (.text:acos)
                  0c03c660    000001c0                     : atan.obj (.text:atan)
                  0c03c820    000001a0                     : expf.obj (.text:expf)
                  0c03c9c0    00000180                     : copy_decompress_rle.obj (.text:__TI_decompress_rle_core)
                  0c03cb40    00000180                     : atan2.obj (.text:atan2)
                  0c03ccc0    00000180                     : frexp.obj (.text:frexp)
                  0c03ce40    00000160                     : frexpf.obj (.text:frexpf)
                  0c03cfa0    00000160                     : ldexp.obj (.text:ldexp)
                  0c03d100    00000160                     : ldexpf.obj (.text:ldexpf)
                  0c03d260    00000160                     : sqrt.obj (.text:sqrt)
                  0c03d3c0    00000100                     : autoinit.obj (.text:_auto_init_elf)
                  0c03d4c0    00000100                     : cpy_tbl.obj (.text:copy_in)
                  0c03d5c0    000000e0                     : divi.obj (.text:__divi)
                  0c03d6a0    000000e0                     : memset.obj (.text:memset)
                  0c03d780    000000c0                     : divu.obj (.text:__divu)
                  0c03d840    000000c0                     : exit.obj (.text:exit)
                  0c03d900    000000c0                     : tls.obj (.text:tls:init:__TI_tls_init)
                  0c03d9c0    000000a0                     : round.obj (.text:__c6xabi_nround)
                  0c03da60    000000a0                     : memcpy64.obj (.text:memcpy)
                  0c03db00    000000a0                     : modf.obj (.text:modf)
                  0c03dba0    00000080                     : fixdu.obj (.text:__c6xabi_fixdu)
                  0c03dc20    00000080                     : roundf.obj (.text:__c6xabi_roundf)
                  0c03dca0    00000080                     : boot.obj (.text:_c_int00)
                  0c03dd20    00000080     mwio4.lib : PEV_LIB.obj (.text)
                  0c03dda0    00000080               : mw_i2c.obj (.text)
                  0c03de20    00000060     rts6600_elf.lib : cpp_init.obj (.text:__TI_cpp_init)
                  0c03de80    00000060                     : frcmpyd_div.obj (.text:__c6xabi_frcmpyd_div)
                  0c03dee0    00000060                     : llshift.obj (.text:__c6xabi_llshru)
                  0c03df40    00000060                     : modff.obj (.text:modff)
                  0c03dfa0    00000040                     : args_main.obj (.text:_args_main)
                  0c03dfe0    00000020     ti.csl.ae66 : csl_gpioGetBaseAddress.oe66 (.text:CSL_GPIO_open)
                  0c03e000    00000020     Main.obj (.text)
                  0c03e020    00000020     rts6600_elf.lib : errno.obj (.text:__c6xabi_errno_addr)
                  0c03e040    00000020                     : trunc.obj (.text:__c6xabi_trunc)
                  0c03e060    00000020                     : truncf.obj (.text:__c6xabi_truncf)
                  0c03e080    00000020                     : exit.obj (.text:abort)
                  0c03e0a0    00000020                     : copy_decompress_none.obj (.text:decompress:none:__TI_decompress_none)
                  0c03e0c0    00000020                     : copy_decompress_rle.obj (.text:decompress:rle24:__TI_decompress_rle24)
                  0c03e0e0    00000010     mwio4.lib : EMIF16.obj ($Tramp$S$$EMF_EnableIntr_s32)
                  0c03e0f0    00000010               : gpio_int.obj ($Tramp$S$$GPI_init_vo)
                  0c03e100    00000010               : mwintc.obj ($Tramp$S$$mwintc_setupApp)
                  0c03e110    00000010               : PEV_INV_LIB.obj ($Tramp$S$$PEV_ad_set_offset)
                  0c03e120    00000010               : EMIF16.obj ($Tramp$S$$EMF_Read_s32)
                  0c03e130    00000010               : EMIF16.obj ($Tramp$S$$EMF_ReadFpgaBoard_s32)
                  0c03e140    00000010               : EMIF16.obj ($Tramp$S$$EMF_Write2_s32)
                  0c03e150    00000010               : gpio_int.obj ($Tramp$S$$GPI_int_ack_vo)
                  0c03e160    00000010               : timer_lib.obj ($Tramp$S$$C6657_timer2_read)
                  0c03e170    00000010               : timer_lib.obj ($Tramp$S$$C6657_timer1_read)
                  0c03e180    00000010               : timer_lib.obj ($Tramp$S$$C6657_timer1_start)
                  0c03e190    00000010               : timer_lib.obj ($Tramp$S$$C6657_timer1_clear)
                  0c03e1a0    00000010               : timer_lib.obj ($Tramp$S$$C6657_timer0_read)
                  0c03e1b0    00000010               : timer_lib.obj ($Tramp$S$$C6657_timer0_start)
                  0c03e1c0    00000010               : timer_lib.obj ($Tramp$S$$C6657_timer0_clear)
                  0c03e1d0    00000010               : timer_lib.obj ($Tramp$S$$C6657_timer1_stop)
                  0c03e1e0    00000010               : timer_lib.obj ($Tramp$S$$C6657_timer0_stop)
                  0c03e1f0    00000010               : timer_lib.obj ($Tramp$S$$C6657_timer2_start)
                  0c03e200    00000010               : timer_lib.obj ($Tramp$S$$C6657_timer2_clear)
                  0c03e210    00000010               : timer_lib.obj ($Tramp$S$$C6657_timer2_stop)
                  0c03e220    00000010               : PEV_INV_LIB.obj ($Tramp$S$$PEV_inverter_start_pwm)
                  0c03e230    00000010               : timer_lib.obj ($Tramp$S$$C6657_timer2_disable_int)
                  0c03e240    00000010               : timer_lib.obj ($Tramp$S$$C6657_timer1_disable_int)
                  0c03e250    00000010               : timer_lib.obj ($Tramp$S$$C6657_timer0_disable_int)
                  0c03e260    00000010               : PEV_INV_LIB.obj ($Tramp$S$$PEV_ad_disable_int)
                  0c03e270    00000010               : mwintc.obj ($Tramp$S$$IRQ_globalEnable)
                  0c03e280    00000010               : timer_lib.obj ($Tramp$S$$C6657_timer2_init)
                  0c03e290    00000010               : timer_lib.obj ($Tramp$S$$C6657_timer1_init)
                  0c03e2a0    00000010               : timer_lib.obj ($Tramp$S$$C6657_timer0_init)
                  0c03e2b0    00000010               : PEV_INV_LIB.obj ($Tramp$S$$PEV_inverter_control_break)
                  0c03e2c0    00000010               : PEV_INV_LIB.obj ($Tramp$S$$PEV_inverter_enable_int)
                  0c03e2d0    00000010               : PEV_INV_LIB.obj ($Tramp$S$$PEV_inverter_init_refload_timing)
                  0c03e2e0    00000010               : PEV_INV_LIB.obj ($Tramp$S$$PEV_inverter_init_adtrig_timing)
                  0c03e2f0    00000010               : PEV_INV_LIB.obj ($Tramp$S$$PEV_inverter_set_uvw)
                  0c03e300    00000010               : PEV_INV_LIB.obj ($Tramp$S$$PEV_ad_set_mode)
                  0c03e310    00000010               : PEV_INV_LIB.obj ($Tramp$S$$PEV_ad_set_range)
                  0c03e320    00000010               : PEV_INV_LIB.obj ($Tramp$S$$PEV_sync_pwm_out)
                  0c03e330    00000010               : PEV_INV_LIB.obj ($Tramp$S$$PEV_sync_pwm_init)
                  0c03e340    00000010               : PEV_INV_LIB.obj ($Tramp$S$$PEV_sync_ad_out)
                  0c03e350    00000010               : PEV_INV_LIB.obj ($Tramp$S$$PEV_sync_ad_init)
                  0c03e360    00000010               : PEV_INV_LIB.obj ($Tramp$S$$PEV_inverter_init)
                  0c03e370    00000010               : gpio_int.obj ($Tramp$S$$GPI_enable_int_vo)
                  0c03e380    00000010               : gpio_int.obj ($Tramp$S$$GPI_setVector_vo)
                  0c03e390    00000010               : PEV_INV_LIB.obj ($Tramp$S$$PEV_int_init)
                  0c03e3a0    00000010               : mwintc.obj ($Tramp$S$$IRQ_globalDisable)
                  0c03e3b0    00000010               : PEV_INV_LIB.obj ($Tramp$S$$PEV_ad_in_grp)
                  0c03e3c0    00000010               : PEV_INV_LIB.obj ($Tramp$S$$PEV_ad_in_st)
                  0c03e3d0    00000010               : PEV_INV_LIB.obj ($Tramp$S$$PEV_inverter_set_uvw_br)

.fardata   0    0c03e3e0    00000b2c     
                  0c03e3e0    00000120     current_control_ver2_new.obj (.fardata:sen)
                  0c03e500    000000a8     mwio4.lib : mw_platform.obj (.fardata)
                  0c03e5a8    00000088     rts6600_elf.lib : pow.obj (.fardata:A1$1)
                  0c03e630    00000084     current_control_ver2_new.obj (.fardata:LPF_cmd)
                  0c03e6b4    00000004     rts6600_elf.lib : errno.obj (.fardata)
                  0c03e6b8    00000084     current_control_ver2_new.obj (.fardata:LPF_motor)
                  0c03e73c    00000004     --HOLE--
                  0c03e740    00000060     rts6600_elf.lib : acos.obj (.fardata:asin_consts$1)
                  0c03e7a0    00000048     current_control_ver2_new.obj (.fardata:d_current)
                  0c03e7e8    00000048     current_control_ver2_new.obj (.fardata:position)
                  0c03e830    00000048     current_control_ver2_new.obj (.fardata:q_current)
                  0c03e878    00000048     current_control_ver2_new.obj (.fardata:velocity)
                  0c03e8c0    00000044     rts6600_elf.lib : powf.obj (.fardata:A1$1)
                  0c03e904    00000004     --HOLE--
                  0c03e908    00000040                     : pow.obj (.fardata:A2$2)
                  0c03e948    00000040                     : cos.obj (.fardata:R$1)
                  0c03e988    00000040                     : sin.obj (.fardata:R$1)
                  0c03e9c8    00000040                     : atan.obj (.fardata:arctan_consts$1)
                  0c03ea08    00000038                     : pow.obj (.fardata:Q$4)
                  0c03ea40    00000024     current_control_ver2_new.obj (.fardata:J$107)
                  0c03ea64    00000004     --HOLE--
                  0c03ea68    00000020     rts6600_elf.lib : atan.obj (.fardata:A$2)
                  0c03ea88    00000020                     : powf.obj (.fardata:A2$2)
                  0c03eaa8    00000020                     : pow.obj (.fardata:P$3)
                  0c03eac8    00000020     current_control_ver2_new.obj (.fardata:range)
                  0c03eae8    0000001c     rts6600_elf.lib : expf.obj (.fardata:exp_consts$1)
                  0c03eb04    00000004     --HOLE--
                  0c03eb08    0000000c                     : powf.obj (.fardata:Q$4)
                  0c03eb14    00000004     --HOLE--
                  0c03eb18    0000000c     current_control_ver2_new.obj (.fardata:Vdc_mean$188)
                  0c03eb24    00000004     --HOLE--
                  0c03eb28    0000000c     current_control_ver2_new.obj (.fardata:Vdc_sum$187)
                  0c03eb34    00000004     --HOLE--
                  0c03eb38    0000000c     current_control_ver2_new.obj (.fardata:counter$186)
                  0c03eb44    00000004     --HOLE--
                  0c03eb48    0000000c     current_control_ver2_new.obj (.fardata:est_Qs_Z$27)
                  0c03eb54    00000004     --HOLE--
                  0c03eb58    0000000c     current_control_ver2_new.obj (.fardata:est_Qs_Z1$24)
                  0c03eb64    00000004     --HOLE--
                  0c03eb68    0000000c     current_control_ver2_new.obj (.fardata:est_wL_Z$28)
                  0c03eb74    00000004     --HOLE--
                  0c03eb78    0000000c     current_control_ver2_new.obj (.fardata:est_wL_Z1$25)
                  0c03eb84    00000004     --HOLE--
                  0c03eb88    0000000c     current_control_ver2_new.obj (.fardata:est_wM_Z$26)
                  0c03eb94    00000004     --HOLE--
                  0c03eb98    0000000c     current_control_ver2_new.obj (.fardata:est_wM_Z1$23)
                  0c03eba4    00000004     --HOLE--
                  0c03eba8    0000000c     current_control_ver2_new.obj (.fardata:goalZ$54)
                  0c03ebb4    00000004     --HOLE--
                  0c03ebb8    0000000c     current_control_ver2_new.obj (.fardata:goalZ$66)
                  0c03ebc4    00000004     --HOLE--
                  0c03ebc8    0000000c     current_control_ver2_new.obj (.fardata:goalZ$75)
                  0c03ebd4    00000004     --HOLE--
                  0c03ebd8    0000000c     current_control_ver2_new.obj (.fardata:hand_cmd$3)
                  0c03ebe4    00000004     --HOLE--
                  0c03ebe8    0000000c     current_control_ver2_new.obj (.fardata:hand_vel$4)
                  0c03ebf4    00000004     --HOLE--
                  0c03ebf8    0000000c     current_control_ver2_new.obj (.fardata:joint_cmd$5)
                  0c03ec04    00000004     --HOLE--
                  0c03ec08    0000000c     current_control_ver2_new.obj (.fardata:loop_count_num$158)
                  0c03ec14    00000004     --HOLE--
                  0c03ec18    0000000c     current_control_ver2_new.obj (.fardata:m_Z$178)
                  0c03ec24    00000004     --HOLE--
                  0c03ec28    0000000c     current_control_ver2_new.obj (.fardata:m_Z1$185)
                  0c03ec34    00000004     --HOLE--
                  0c03ec38    0000000c     current_control_ver2_new.obj (.fardata:motor_cmd$6)
                  0c03ec44    00000004     --HOLE--
                  0c03ec48    0000000c     current_control_ver2_new.obj (.fardata:motor_cmd_init$8)
                  0c03ec54    00000004     --HOLE--
                  0c03ec58    0000000c     current_control_ver2_new.obj (.fardata:motor_vel_cmd$7)
                  0c03ec64    00000004     --HOLE--
                  0c03ec68    0000000c     current_control_ver2_new.obj (.fardata:n_Z$177)
                  0c03ec74    00000004     --HOLE--
                  0c03ec78    0000000c     current_control_ver2_new.obj (.fardata:n_Z1$184)
                  0c03ec84    00000004     --HOLE--
                  0c03ec88    0000000c     current_control_ver2_new.obj (.fardata:p1$106)
                  0c03ec94    00000004     --HOLE--
                  0c03ec98    0000000c     current_control_ver2_new.obj (.fardata:ql_Z$164)
                  0c03eca4    00000004     --HOLE--
                  0c03eca8    0000000c     current_control_ver2_new.obj (.fardata:ql_Z$176)
                  0c03ecb4    00000004     --HOLE--
                  0c03ecb8    0000000c     current_control_ver2_new.obj (.fardata:ql_Z1$170)
                  0c03ecc4    00000004     --HOLE--
                  0c03ecc8    0000000c     current_control_ver2_new.obj (.fardata:ql_Z1$183)
                  0c03ecd4    00000004     --HOLE--
                  0c03ecd8    0000000c     current_control_ver2_new.obj (.fardata:qm_Z$161)
                  0c03ece4    00000004     --HOLE--
                  0c03ece8    0000000c     current_control_ver2_new.obj (.fardata:qm_Z$173)
                  0c03ecf4    00000004     --HOLE--
                  0c03ecf8    0000000c     current_control_ver2_new.obj (.fardata:qm_Z1$167)
                  0c03ed04    00000004     --HOLE--
                  0c03ed08    0000000c     current_control_ver2_new.obj (.fardata:qm_Z1$180)
                  0c03ed14    00000004     --HOLE--
                  0c03ed18    0000000c     current_control_ver2_new.obj (.fardata:qm_prev$157)
                  0c03ed24    00000004     --HOLE--
                  0c03ed28    0000000c     current_control_ver2_new.obj (.fardata:qs_Z$162)
                  0c03ed34    00000004     --HOLE--
                  0c03ed38    0000000c     current_control_ver2_new.obj (.fardata:qs_Z$174)
                  0c03ed44    00000004     --HOLE--
                  0c03ed48    0000000c     current_control_ver2_new.obj (.fardata:qs_Z$30)
                  0c03ed54    00000004     --HOLE--
                  0c03ed58    0000000c     current_control_ver2_new.obj (.fardata:qs_Z$36)
                  0c03ed64    00000004     --HOLE--
                  0c03ed68    0000000c     current_control_ver2_new.obj (.fardata:qs_Z1$168)
                  0c03ed74    00000004     --HOLE--
                  0c03ed78    0000000c     current_control_ver2_new.obj (.fardata:qs_Z1$181)
                  0c03ed84    00000004     --HOLE--
                  0c03ed88    0000000c     current_control_ver2_new.obj (.fardata:qs_Z1$33)
                  0c03ed94    00000004     --HOLE--
                  0c03ed98    0000000c     current_control_ver2_new.obj (.fardata:qs_Z1$39)
                  0c03eda4    0000000c     rts6600_elf.lib : exit.obj (.fardata)
                  0c03edb0    0000000c     current_control_ver2_new.obj (.fardata:sign_invers$159)
                  0c03edbc    00000004     --HOLE--
                  0c03edc0    0000000c     current_control_ver2_new.obj (.fardata:start_hand)
                  0c03edcc    00000004     --HOLE--
                  0c03edd0    0000000c     current_control_ver2_new.obj (.fardata:wl_Z$163)
                  0c03eddc    00000004     --HOLE--
                  0c03ede0    0000000c     current_control_ver2_new.obj (.fardata:wl_Z$175)
                  0c03edec    00000004     --HOLE--
                  0c03edf0    0000000c     current_control_ver2_new.obj (.fardata:wl_Z$31)
                  0c03edfc    00000004     --HOLE--
                  0c03ee00    0000000c     current_control_ver2_new.obj (.fardata:wl_Z$37)
                  0c03ee0c    00000004     --HOLE--
                  0c03ee10    0000000c     current_control_ver2_new.obj (.fardata:wl_Z1$169)
                  0c03ee1c    00000004     --HOLE--
                  0c03ee20    0000000c     current_control_ver2_new.obj (.fardata:wl_Z1$182)
                  0c03ee2c    00000004     --HOLE--
                  0c03ee30    0000000c     current_control_ver2_new.obj (.fardata:wl_Z1$34)
                  0c03ee3c    00000004     --HOLE--
                  0c03ee40    0000000c     current_control_ver2_new.obj (.fardata:wl_Z1$40)
                  0c03ee4c    00000004     --HOLE--
                  0c03ee50    0000000c     current_control_ver2_new.obj (.fardata:wm_Z$160)
                  0c03ee5c    00000004     --HOLE--
                  0c03ee60    0000000c     current_control_ver2_new.obj (.fardata:wm_Z$172)
                  0c03ee6c    00000004     --HOLE--
                  0c03ee70    0000000c     current_control_ver2_new.obj (.fardata:wm_Z$29)
                  0c03ee7c    00000004     --HOLE--
                  0c03ee80    0000000c     current_control_ver2_new.obj (.fardata:wm_Z$35)
                  0c03ee8c    00000004     --HOLE--
                  0c03ee90    0000000c     current_control_ver2_new.obj (.fardata:wm_Z1$166)
                  0c03ee9c    00000004     --HOLE--
                  0c03eea0    0000000c     current_control_ver2_new.obj (.fardata:wm_Z1$179)
                  0c03eeac    00000004     --HOLE--
                  0c03eeb0    0000000c     current_control_ver2_new.obj (.fardata:wm_Z1$32)
                  0c03eebc    00000004     --HOLE--
                  0c03eec0    0000000c     current_control_ver2_new.obj (.fardata:wm_Z1$38)
                  0c03eecc    00000004     --HOLE--
                  0c03eed0    0000000c     current_control_ver2_new.obj (.fardata:wm_prev$156)
                  0c03eedc    00000004     --HOLE--
                  0c03eee0    0000000c     current_control_ver2_new.obj (.fardata:z_Z$165)
                  0c03eeec    00000004     --HOLE--
                  0c03eef0    0000000c     current_control_ver2_new.obj (.fardata:z_Z1$171)
                  0c03eefc    00000004     --HOLE--
                  0c03ef00    00000008     current_control_ver2_new.obj (.fardata:loop_count_num$190)
                  0c03ef08    00000004     rts6600_elf.lib : powf.obj (.fardata:P$3)

.far       0    0c03ef10    00000058     UNINITIALIZED
                  0c03ef10    0000004c     current_control_ver2_new.obj (.far)
                  0c03ef5c    0000000c     mwio4.lib : EMIF16.obj (.far)

.const     0    0c03ef80    00000088     
                  0c03ef80    00000020     current_control_ver2_new.obj (.const:$P$T1$19)
                  0c03efa0    00000020     current_control_ver2_new.obj (.const:$P$T2$20)
                  0c03efc0    0000000c     current_control_ver2_new.obj (.const:$P$T0$18)
                  0c03efcc    00000004     --HOLE-- [fill = 0]
                  0c03efd0    0000000c     current_control_ver2_new.obj (.const:$P$T3$189)
                  0c03efdc    00000004     --HOLE-- [fill = 0]
                  0c03efe0    0000000c     current_control_ver2_new.obj (.const:CmdGain)
                  0c03efec    00000004     --HOLE-- [fill = 0]
                  0c03eff0    00000008     current_control_ver2_new.obj (.const:cmd_1_soft)
                  0c03eff8    00000008     current_control_ver2_new.obj (.const:cmd_2_soft)
                  0c03f000    00000008     current_control_ver2_new.obj (.const:cmd_3_soft)

.switch    0    0c03f080    00000010     
                  0c03f080    00000010     mwio4.lib : mw_flash.obj (.switch:mw_nor_erase)

.cinit     0    0c03f100    000024b0     
                  0c03f100    00002069     (.cinit..data_2.load) [load image, compression = rle]
                  0c041169    00000003     --HOLE-- [fill = 0]
                  0c04116c    00000393     (.cinit..fardata.load) [load image, compression = rle]
                  0c0414ff    00000001     --HOLE-- [fill = 0]
                  0c041500    00000068     (.cinit..neardata.load) [load image, compression = rle]
                  0c041568    0000001a     (.cinit..DATA_ON_HIGHER_SPEED.load) [load image, compression = rle]
                  0c041582    00000002     --HOLE-- [fill = 0]
                  0c041584    00000008     (__TI_handler_table)
                  0c04158c    00000004     --HOLE-- [fill = 0]
                  0c041590    00000020     (__TI_cinit_table)

.text_2    0    11e00000    000033e0     
                  11e00000    00001960     mwio4.lib : PEV_INV_LIB.obj (.text)
                  11e01960    00000640               : timer_lib.obj (.text)
                  11e01fa0    00000620               : EMIF16.obj (.text)
                  11e025c0    00000440               : mwintc.obj (.text)
                  11e02a00    00000320               : csl2_intcHwControl.obj (.text:csl_section:intc)
                  11e02d20    000001e0               : EMIF16.obj (.text:retain)
                  11e02f00    000001a0               : gpio_int.obj (.text)
                  11e030a0    00000180               : csl2_intcOpen.obj (.text:csl_section:intc)
                  11e03220    00000140               : _csl2_intcIntrEnDisRes_eabi.obj (.text)
                  11e03360    00000020               : _csl2_intcDispatcher.obj (.text:csl_section:intc)
                  11e03380    00000020               : _csl2_intcDispatcher.obj (.text:csl_section:intc:retain)
                  11e033a0    00000010     ti.csl.ae66 : csl_gpioGetBaseAddress.oe66 ($Tramp$S$$CSL_GPIO_open)
                  11e033b0    00000010     rts6600_elf.lib : fixdu.obj ($Tramp$S$$__c6xabi_fixdu)
                  11e033c0    00000010                     : divd.obj ($Tramp$S$$__c6xabi_divd)
                  11e033d0    00000010                     : divi.obj ($Tramp$S$$__c6xabi_divi)

.data_2    0    11f00000    000022b8     
                  11f00000    00000170     mwio4.lib : PEV_INV_LIB.obj (.far) [fill = 0]
                  11f00170    000000c0               : gpio_int.obj (.far) [fill = 0]
                  11f00230    00000024               : timer_lib.obj (.far) [fill = 0]
                  11f00254    00000018               : csl2_intcHwControl.obj (.switch:CSL2_intcHwControl)
                  11f0026c    00000004     --HOLE--
                  11f00270    00000040               : gpio_int.obj (.fardata:gpio_int_map)
                  11f002b0    00002008               : _mwsintbl.obj (.const:_mwSinTbl)

.DATA_ON_HIGHER_SPEED 
*          0    11f02300    00001230     
                  11f02300    00001218     current_control_ver2_new.obj (.DATA_ON_HIGHER_SPEED:init)
                  11f03518    00000018     current_control_ver2_new.obj (.DATA_ON_HIGHER_SPEED:uninit) [fill = 0]

.stack     0    11f03530    00001000     UNINITIALIZED
                  11f03530    00000008     rts6600_elf.lib : boot.obj (.stack)
                  11f03538    00000ff8     --HOLE--

.neardata 
*          0    11f04530    0000055c     
                  11f04530    00000548     current_control_ver2_new.obj (.neardata)
                  11f04a78    0000000c     mwio4.lib : timer_lib.obj (.neardata)
                  11f04a84    00000004               : csl2_intcOpen.obj (.neardata)
                  11f04a88    00000004               : mw_platform.obj (.neardata)

.bss       0    11f04a8c    00000304     UNINITIALIZED
                  11f04a8c    000002f4     current_control_ver2_new.obj (.bss)
                  11f04d80    00000008     mwio4.lib : EMIF16.obj (.bss)
                  11f04d88    00000004               : gpio_int.obj (.bss)
                  11f04d8c    00000004               : mw_spi.obj (.bss)


LINKER GENERATED COPY TABLES

__TI_cinit_table @ 0c041590 records: 4, size/record: 8, table size: 32
	.data_2: load addr=0c03f100, load size=00002069 bytes, run addr=11f00000, run size=000022b8 bytes, compression=rle
	.fardata: load addr=0c04116c, load size=00000393 bytes, run addr=0c03e3e0, run size=00000b2c bytes, compression=rle
	.neardata: load addr=0c041500, load size=00000068 bytes, run addr=11f04530, run size=0000055c bytes, compression=rle
	.DATA_ON_HIGHER_SPEED: load addr=0c041568, load size=0000001a bytes, run addr=11f02300, run size=00001230 bytes, compression=rle


LINKER GENERATED HANDLER TABLE

__TI_handler_table @ 0c041584 records: 2, size/record: 4, table size: 8
	index: 0, handler: __TI_decompress_rle24
	index: 1, handler: __TI_decompress_none


FAR CALL TRAMPOLINES

callee name               trampoline name
   callee addr  tramp addr   call addr  call info
--------------  -----------  ---------  ----------------
$.text:mwio4.lib<EMIF16.obj>$0x58c  $Tramp$S$$EMF_EnableIntr_s32
   11e0252c     0c03e0e0     0c03e00c   Main.obj (.text)
$.text:mwio4.lib<gpio_int.obj>$0x124  $Tramp$S$$GPI_init_vo
   11e03024     0c03e0f0     0c03e008   Main.obj (.text)
$.text:mwio4.lib<mwintc.obj>$0x34  $Tramp$S$$mwintc_setupApp
   11e025f4     0c03e100     0c03e004   Main.obj (.text)
$.text:mwio4.lib<PEV_INV_LIB.obj>$0xf98  $Tramp$S$$PEV_ad_set_offset
   11e00f98     0c03e110     0c03dd40   mwio4.lib : PEV_LIB.obj (.text)
$.text:mwio4.lib<EMIF16.obj>$0x218  $Tramp$S$$EMF_Read_s32
   11e021b8     0c03e120     0c03c254   mwio4.lib : FPGA_LIB.obj (.text)
                             0c03c450             : IPFPGA_LIB.obj (.text)
                             0c03dd68             : PEV_LIB.obj (.text)
$.text:mwio4.lib<EMIF16.obj>$0x28c  $Tramp$S$$EMF_ReadFpgaBoard_s32
   11e0222c     0c03e130     0c03c1c8   mwio4.lib : FPGA_LIB.obj (.text)
                             0c03c228             : FPGA_LIB.obj (.text)
                             0c03c3b4             : IPFPGA_LIB.obj (.text)
                             0c03c424             : IPFPGA_LIB.obj (.text)
$.text:mwio4.lib<EMIF16.obj>$0x180  $Tramp$S$$EMF_Write2_s32
   11e02120     0c03e140     0c03c0f4   mwio4.lib : FPGA_LIB.obj (.text)
                             0c03c164             : FPGA_LIB.obj (.text)
                             0c03c2e4             : IPFPGA_LIB.obj (.text)
                             0c03c350             : IPFPGA_LIB.obj (.text)
$.text:mwio4.lib<gpio_int.obj>$0xd4  $Tramp$S$$GPI_int_ack_vo
   11e02fd4     0c03e150     0c0388d4   current_control_ver2_new.obj (.text:retain)
$.text:mwio4.lib<timer_lib.obj>$0x178  $Tramp$S$$C6657_timer2_read
   11e01ad8     0c03e160     0c038888   current_control_ver2_new.obj (.text:retain)
$.text:mwio4.lib<timer_lib.obj>$0x340  $Tramp$S$$C6657_timer1_read
   11e01ca0     0c03e170     0c036968   current_control_ver2_new.obj (.text:retain)
                             0c0375ac   current_control_ver2_new.obj (.text:retain)
$.text:mwio4.lib<timer_lib.obj>$0x320  $Tramp$S$$C6657_timer1_start
   11e01c80     0c03e180     0c034c98   current_control_ver2_new.obj (.text:retain)
$.text:mwio4.lib<timer_lib.obj>$0x48c  $Tramp$S$$C6657_timer1_clear
   11e01dec     0c03e190     0c034c94   current_control_ver2_new.obj (.text:retain)
$.text:mwio4.lib<timer_lib.obj>$0x4e0  $Tramp$S$$C6657_timer0_read
   11e01e40     0c03e1a0     0c034c18   current_control_ver2_new.obj (.text:retain)
                             0c034c34   current_control_ver2_new.obj (.text:retain)
$.text:mwio4.lib<timer_lib.obj>$0x4c0  $Tramp$S$$C6657_timer0_start
   11e01e20     0c03e1b0     0c034af4   current_control_ver2_new.obj (.text:retain)
$.text:mwio4.lib<timer_lib.obj>$0x62c  $Tramp$S$$C6657_timer0_clear
   11e01f8c     0c03e1c0     0c034af0   current_control_ver2_new.obj (.text:retain)
$.text:mwio4.lib<timer_lib.obj>$0x308  $Tramp$S$$C6657_timer1_stop
   11e01c68     0c03e1d0     0c034adc   current_control_ver2_new.obj (.text:retain)
$.text:mwio4.lib<timer_lib.obj>$0x4a8  $Tramp$S$$C6657_timer0_stop
   11e01e08     0c03e1e0     0c034ad8   current_control_ver2_new.obj (.text:retain)
$.text:mwio4.lib<timer_lib.obj>$0x154  $Tramp$S$$C6657_timer2_start
   11e01ab4     0c03e1f0     0c034258   current_control_ver2_new.obj (.text:retain)
$.text:mwio4.lib<timer_lib.obj>$0x2ec  $Tramp$S$$C6657_timer2_clear
   11e01c4c     0c03e200     0c034254   current_control_ver2_new.obj (.text:retain)
$.text:mwio4.lib<timer_lib.obj>$0x140  $Tramp$S$$C6657_timer2_stop
   11e01aa0     0c03e210     0c03424c   current_control_ver2_new.obj (.text:retain)
$.text:mwio4.lib<PEV_INV_LIB.obj>$0x394  $Tramp$S$$PEV_inverter_start_pwm
   11e00394     0c03e220     0c025a98   current_control_ver2_new.obj (.text)
                             0c025aa0   current_control_ver2_new.obj (.text)
                             0c025aa8   current_control_ver2_new.obj (.text)
$.text:mwio4.lib<timer_lib.obj>$0x298  $Tramp$S$$C6657_timer2_disable_int
   11e01bf8     0c03e230     0c025a88   current_control_ver2_new.obj (.text)
$.text:mwio4.lib<timer_lib.obj>$0x438  $Tramp$S$$C6657_timer1_disable_int
   11e01d98     0c03e240     0c025a84   current_control_ver2_new.obj (.text)
$.text:mwio4.lib<timer_lib.obj>$0x5d8  $Tramp$S$$C6657_timer0_disable_int
   11e01f38     0c03e250     0c025a80   current_control_ver2_new.obj (.text)
$.text:mwio4.lib<PEV_INV_LIB.obj>$0x1460  $Tramp$S$$PEV_ad_disable_int
   11e01460     0c03e260     0c025a68   current_control_ver2_new.obj (.text)
                             0c025a70   current_control_ver2_new.obj (.text)
                             0c025a74   current_control_ver2_new.obj (.text)
$.text:mwio4.lib<mwintc.obj>$0x3f0  $Tramp$S$$IRQ_globalEnable
   11e029b0     0c03e270     0c025a64   current_control_ver2_new.obj (.text)
$.text:mwio4.lib<timer_lib.obj>$0x1d0  $Tramp$S$$C6657_timer2_init
   11e01b30     0c03e280     0c025a5c   current_control_ver2_new.obj (.text)
$.text:mwio4.lib<timer_lib.obj>$0x370  $Tramp$S$$C6657_timer1_init
   11e01cd0     0c03e290     0c025a50   current_control_ver2_new.obj (.text)
$.text:mwio4.lib<timer_lib.obj>$0x510  $Tramp$S$$C6657_timer0_init
   11e01e70     0c03e2a0     0c025a44   current_control_ver2_new.obj (.text)
$.text:mwio4.lib<PEV_INV_LIB.obj>$0xda8  $Tramp$S$$PEV_inverter_control_break
   11e00da8     0c03e2b0     0c025a24   current_control_ver2_new.obj (.text)
                             0c025a2c   current_control_ver2_new.obj (.text)
                             0c025a34   current_control_ver2_new.obj (.text)
$.text:mwio4.lib<PEV_INV_LIB.obj>$0xcf4  $Tramp$S$$PEV_inverter_enable_int
   11e00cf4     0c03e2c0     0c025a0c   current_control_ver2_new.obj (.text)
                             0c025a14   current_control_ver2_new.obj (.text)
                             0c025a18   current_control_ver2_new.obj (.text)
$.text:mwio4.lib<PEV_INV_LIB.obj>$0x958  $Tramp$S$$PEV_inverter_init_refload_timing
   11e00958     0c03e2d0     0c0259f0   current_control_ver2_new.obj (.text)
                             0c025a00   current_control_ver2_new.obj (.text)
                             0c025a04   current_control_ver2_new.obj (.text)
$.text:mwio4.lib<PEV_INV_LIB.obj>$0xaa8  $Tramp$S$$PEV_inverter_init_adtrig_timing
   11e00aa8     0c03e2e0     0c0259cc   current_control_ver2_new.obj (.text)
                             0c0259e0   current_control_ver2_new.obj (.text)
                             0c0259e4   current_control_ver2_new.obj (.text)
$.text:mwio4.lib<PEV_INV_LIB.obj>$0x5e8  $Tramp$S$$PEV_inverter_set_uvw
   11e005e8     0c03e2f0     0c025998   current_control_ver2_new.obj (.text)
                             0c0259ac   current_control_ver2_new.obj (.text)
                             0c0259c0   current_control_ver2_new.obj (.text)
$.text:mwio4.lib<PEV_INV_LIB.obj>$0xfe0  $Tramp$S$$PEV_ad_set_mode
   11e00fe0     0c03e300     0c025948   current_control_ver2_new.obj (.text)
                             0c025960   current_control_ver2_new.obj (.text)
                             0c025970   current_control_ver2_new.obj (.text)
$.text:mwio4.lib<PEV_INV_LIB.obj>$0xf48  $Tramp$S$$PEV_ad_set_range
   11e00f48     0c03e310     0c025944   current_control_ver2_new.obj (.text)
                             0c025950   current_control_ver2_new.obj (.text)
                             0c025968   current_control_ver2_new.obj (.text)
$.text:mwio4.lib<PEV_INV_LIB.obj>$0x150  $Tramp$S$$PEV_sync_pwm_out
   11e00150     0c03e320     0c025918   current_control_ver2_new.obj (.text)
                             0c025928   current_control_ver2_new.obj (.text)
$.text:mwio4.lib<PEV_INV_LIB.obj>$0x260  $Tramp$S$$PEV_sync_pwm_init
   11e00260     0c03e330     0c0258f4   current_control_ver2_new.obj (.text)
                             0c025904   current_control_ver2_new.obj (.text)
                             0c02590c   current_control_ver2_new.obj (.text)
$.text:mwio4.lib<PEV_INV_LIB.obj>$0x2b4  $Tramp$S$$PEV_sync_ad_out
   11e002b4     0c03e340     0c0258ec   current_control_ver2_new.obj (.text)
$.text:mwio4.lib<PEV_INV_LIB.obj>$0x30c  $Tramp$S$$PEV_sync_ad_init
   11e0030c     0c03e350     0c0258cc   current_control_ver2_new.obj (.text)
                             0c0258d8   current_control_ver2_new.obj (.text)
                             0c0258e4   current_control_ver2_new.obj (.text)
$.text:mwio4.lib<PEV_INV_LIB.obj>$0xb84  $Tramp$S$$PEV_inverter_init
   11e00b84     0c03e360     0c0258a0   current_control_ver2_new.obj (.text)
                             0c0258b0   current_control_ver2_new.obj (.text)
                             0c0258c0   current_control_ver2_new.obj (.text)
$.text:mwio4.lib<gpio_int.obj>$0x14c  $Tramp$S$$GPI_enable_int_vo
   11e0304c     0c03e370     0c025880   current_control_ver2_new.obj (.text)
$.text:mwio4.lib<gpio_int.obj>$0x0  $Tramp$S$$GPI_setVector_vo
   11e02f00     0c03e380     0c025878   current_control_ver2_new.obj (.text)
$.text:mwio4.lib<PEV_INV_LIB.obj>$0xde0  $Tramp$S$$PEV_int_init
   11e00de0     0c03e390     0c025858   current_control_ver2_new.obj (.text)
$.text:mwio4.lib<mwintc.obj>$0x410  $Tramp$S$$IRQ_globalDisable
   11e029d0     0c03e3a0     0c025484   current_control_ver2_new.obj (.text)
$.text:mwio4.lib<PEV_INV_LIB.obj>$0x106c  $Tramp$S$$PEV_ad_in_grp
   11e0106c     0c03e3b0     0c01aa94   current_control_ver2_new.obj (.text)
                             0c01ad68   current_control_ver2_new.obj (.text)
$.text:mwio4.lib<PEV_INV_LIB.obj>$0x1040  $Tramp$S$$PEV_ad_in_st
   11e01040     0c03e3c0     0c01aa60   current_control_ver2_new.obj (.text)
                             0c01aa84   current_control_ver2_new.obj (.text)
                             0c01aa90   current_control_ver2_new.obj (.text)
                             0c01ad28   current_control_ver2_new.obj (.text)
                             0c01ad54   current_control_ver2_new.obj (.text)
                             0c01ad64   current_control_ver2_new.obj (.text)
$.text:mwio4.lib<PEV_INV_LIB.obj>$0x3cc  $Tramp$S$$PEV_inverter_set_uvw_br
   11e003cc     0c03e3d0     0c019a6c   current_control_ver2_new.obj (.text)
                             0c019a94   current_control_ver2_new.obj (.text)
                             0c019ab8   current_control_ver2_new.obj (.text)
$.text:CSL_GPIO_open:ti.csl.ae66<csl_gpioGetBaseAddress.oe66>$0x0  $Tramp$S$$CSL_GPIO_open
   0c03dfe0     11e033a0     11e03028   mwio4.lib : gpio_int.obj (.text)
$.text:__c6xabi_fixdu:rts6600_elf.lib<fixdu.obj>$0x0  $Tramp$S$$__c6xabi_fixdu
   0c03dba0     11e033b0     11e01a1c   mwio4.lib : timer_lib.obj (.text)
                             11e01b90             : timer_lib.obj (.text)
                             11e01d30             : timer_lib.obj (.text)
                             11e01ed0             : timer_lib.obj (.text)
$.text:__c6xabi_divd:rts6600_elf.lib<divd.obj>$0x0  $Tramp$S$$__c6xabi_divd
   0c03a860     11e033c0     11e01a14   mwio4.lib : timer_lib.obj (.text)
                             11e01b88             : timer_lib.obj (.text)
                             11e01d28             : timer_lib.obj (.text)
                             11e01ec8             : timer_lib.obj (.text)
$.text:__divi:rts6600_elf.lib<divi.obj>$0x0  $Tramp$S$$__c6xabi_divi
   0c03d5c0     11e033d0     11e001f8   mwio4.lib : PEV_INV_LIB.obj (.text)
                             11e00448             : PEV_INV_LIB.obj (.text)
                             11e00470             : PEV_INV_LIB.obj (.text)
                             11e00658             : PEV_INV_LIB.obj (.text)
                             11e00684             : PEV_INV_LIB.obj (.text)
                             11e00a48             : PEV_INV_LIB.obj (.text)
                             11e00b24             : PEV_INV_LIB.obj (.text)
                             11e00bec             : PEV_INV_LIB.obj (.text)

[52 trampolines]
[108 trampoline calls]


GLOBAL SYMBOLS: SORTED ALPHABETICALLY BY Name 

address    name
--------   ----
0c02ee74   BrakeController
0c03e080   C$$EXIT
11e01f8c   C6657_timer0_clear
11e01f78   C6657_timer0_clear_eventflag
11e01f38   C6657_timer0_disable_int
11e01ee4   C6657_timer0_enable_int
11e01e70   C6657_timer0_init
11e01e4c   C6657_timer0_init_vector
11e01e40   C6657_timer0_read
11e01e20   C6657_timer0_start
11e01e08   C6657_timer0_stop
11e01df8   C6657_timer0_write
11e01dec   C6657_timer1_clear
11e01de0   C6657_timer1_clear_eventflag
11e01d98   C6657_timer1_disable_int
11e01d44   C6657_timer1_enable_int
11e01cd0   C6657_timer1_init
11e01cac   C6657_timer1_init_vector
11e01ca0   C6657_timer1_read
11e01c80   C6657_timer1_start
11e01c68   C6657_timer1_stop
11e01c58   C6657_timer1_write
11e01c4c   C6657_timer2_clear
11e01c40   C6657_timer2_clear_eventflag
11e01bf8   C6657_timer2_disable_int
11e01ba4   C6657_timer2_enable_int
11e01b30   C6657_timer2_init
11e01ae8   C6657_timer2_init_vector
11e01ad8   C6657_timer2_read
11e01ab4   C6657_timer2_start
11e01aa0   C6657_timer2_stop
11e01a94   C6657_timer2_write
11e01a84   C6657_timer3_hi_clear_eventflag
11e01a2c   C6657_timer3_hi_enable_int
11e019b8   C6657_timer3_hi_init
11e01994   C6657_timer3_hi_init_vector
11e01974   C6657_timer3_hi_start
11e01960   C6657_timer3_hi_stop
11e02a00   CSL2_intcHwControl
11e030b4   CSL2_intcOpen2
11e030a0   CSL2_loadResource
0c03dfe0   CSL_GPIO_open
11e032a8   CSL_intcGlobalEnable
11e03300   CSL_intcGlobalNmiEnable
11e03240   CSL_intcInterruptDisable
11e03220   CSL_intcInterruptEnable
0c01b38c   CalcDynamicsInit
0c021958   CalcFDTDTSOBInit
0c032310   CalcFDTDWrInit_QmrefInputType
0c01f5f0   CalcFDTDWrInit_WmcmdInputType
0c031764   CalcFDTDWrUpdate_QmrefInputType_1st2nd
0c0311e0   CalcFDTDWrUpdate_QmrefInputType_2nd
0c02c6a0   CalcFDTDWrUpdate_WmcmdInputType_1st2nd
0c02bbec   CalcFDTDWrUpdate_WmcmdInputType_2nd
0c02ffa0   CalcFDTDWr_QmrefInputType
0c029c70   CalcFDTDWr_WmcmdInputType
0c027d34   CalcGravIcmp
0c02db98   CalcHandCmdCircle
0c02f9a4   CalcHandCmdDiamond
0c02f454   CalcHandCmdRectangle
0c02dfe0   CalcInverseCmd_vel
0c027e78   CalcJl
0c01a9f4   CalcOffset
0c0281ac   CalcPVGain
0c0240a0   CalcPVGainInitCDM
0c02f364   CalcPref2axis
0c02f164   CalcPrefRep2axis
0c02ef64   CalcPrefRep3axis
0c02b4d8   CalcTauLDyn
0c02eda0   CalcVdcMean
0c0341a0   ControlFunction
0c027cac   DecouplingControl
11e0252c   EMF_EnableIntr_s32
11e02d20   EMF_ErrIntr_vo
11f04d84   EMF_ExtWaitErrCnt_u32s
11f04d80   EMF_ExtWaitErrInfo_u32s
11e024cc   EMF_Initialization_s32
11e02414   EMF_Read2_s32
11e023a8   EMF_Read3_s32
11e022e0   EMF_ReadFlashRom_s32
11e0222c   EMF_ReadFpgaBoard_s32
11e021b8   EMF_Read_s32
11e02120   EMF_Write2_s32
11e02018   EMF_WriteFlashRom_s32
11e01fa0   EMF_Write_s32
0c03ef5c   EMIF_IntrErr_sts
0c039408   ENC_batt_alm_en
0c03934c   ENC_get_abm
0c03928c   ENC_get_abs
0c039200   ENC_get_almc
0c039168   ENC_get_status
0c0390a0   ENC_reset_abm
0c038fc8   ENC_reset_abs
0c038f00   ENC_reset_err
0c038e48   ENC_set_refresh
0c038d60   ENC_ss_get_abm
0c038c60   ENC_ss_get_abs
0c038bac   ENC_ss_get_start
0c038b00   ENC_ss_init
0c038a4c   ENC_start_abs
0c0389a0   ENC_stop_abs
0c027180   FDTDSOB
0c026364   FDTD_T_SOB
0c026108   FDTD_Tm
0c023cf4   FDTD_Tm_Init
0c03c250   FPGA_get_fpga_ver
0c03c204   FPGA_read
0c03c198   FPGA_read_f32
0c03c120   FPGA_write
0c03c090   FPGA_write_f32
11f04610   Flag_ARCS_clear
11f0460c   Flag_ARCS_start
11e0306c   GPI_disable_int_vo
11e0304c   GPI_enable_int_vo
11e03024   GPI_init_vo
11e02fd4   GPI_int_ack_vo
11e02f00   GPI_setVector_vo
0c026060   GeneratorCircle1st
0c025fb0   GeneratorCircle2nd
0c025f08   GeneratorCircle3rd
0c025d60   GetFilterdSignal
0c01af04   GetMultiPositions
0c025d28   GetVelocity
0c01acd8   GetVoltAndCurrent
0c03c44c   IPFPGA_get_fpga_ver
0c03c400   IPFPGA_read
0c03c388   IPFPGA_read_f32
0c03c30c   IPFPGA_write
0c03c280   IPFPGA_write_f32
11e029d0   IRQ_globalDisable
11e029b0   IRQ_globalEnable
11e029a8   IRQ_globalRestore
0c025d08   Integrator_acc_ref
0c025ce8   Integrator_acc_ref2
0c025cc8   Integrator_acc_ref3
0c025ca8   Integrator_w_ref
0c025c88   Integrator_w_ref2
0c025c68   Integrator_w_ref3
11f04608   Iq_off
0c03e630   LPF_cmd
0c03e6b8   LPF_motor
0c025b10   LimDiffCalcDQ
0c025ab0   LimitPosCmd
0c0197a4   Limiter
0c025470   MW_main
0c01a794   ManyRampGenerator1stAxis
0c01a534   ManyRampGenerator2ndAxis
0c01a2d4   ManyRampGenerator3rdAxis
11f03524   ModRatioU
11f03528   ModRatioV
11f0352c   ModRatioW
11e01914   PEV_abz_clear
11e018e0   PEV_abz_clear_resolver_err
11e018a4   PEV_abz_get_resolver_err
11e01864   PEV_abz_get_resolver_pos
11e01834   PEV_abz_in_pin
11e017e8   PEV_abz_init_maxcount
11e017a4   PEV_abz_read
11e01734   PEV_abz_set_mode
11e016e8   PEV_abz_write
11e01494   PEV_ad_abz_read
11e01460   PEV_ad_disable_int
11e01418   PEV_ad_enable_int
11e012b0   PEV_ad_in_4ch
11e0106c   PEV_ad_in_grp
11e01040   PEV_ad_in_st
11e00fe0   PEV_ad_set_mode
11e00f98   PEV_ad_set_offset
11e00f48   PEV_ad_set_range
11e00f10   PEV_ad_start
0c03dd64   PEV_get_fpga_ver
0c03dd20   PEV_init
11e00de0   PEV_int_init
11e00da8   PEV_inverter_control_break
11e00d70   PEV_inverter_control_gate
11e00d38   PEV_inverter_disable_int
11e00cf4   PEV_inverter_enable_int
11e00b84   PEV_inverter_init
11e00aa8   PEV_inverter_init_adtrig_timing
11e009b8   PEV_inverter_init_int_timing
11e00958   PEV_inverter_init_refload_timing
11e008d4   PEV_inverter_set_ab
11e007d4   PEV_inverter_set_ra
11e005e8   PEV_inverter_set_uvw
11e003cc   PEV_inverter_set_uvw_br
11e00394   PEV_inverter_start_pwm
11e00360   PEV_inverter_stop_pwm
11e0030c   PEV_sync_ad_init
11e002b4   PEV_sync_ad_out
11e00260   PEV_sync_pwm_init
11e00150   PEV_sync_pwm_out
11e00100   PEV_sync_z_out
11e000c8   PEV_updown_clear_cnt
11e00078   PEV_updown_init_maxcount
11e00034   PEV_updown_read_cnt
11e00000   PEV_updown_set_mode
0c01a28c   PIcontroller
0c01a248   PIcontroller_withAntiwindup
0c01a238   Pcontroller
11f04600   Ref_Iq_ref_direct
11f04604   Ref_wM_direct
0c01a234   SetBDN
0c01a230   SetENC_CH
0c019db8   SetGain
0c019d2c   SetLPF
0c019b74   SetRampParams
0c0197c4   SetVoltReferences
0c0191a0   StateObserver
11f034d0   Tm_sub
0c018a20   TriangularAccelerationCommandGenerator
0c018060   TriangularAccelerationCommandGeneratorInit
0c01800c   VconPI5Axis
11f047d4   WAVE_ACC_LW8079
11f047d8   WAVE_ACC_LW8174
11f047dc   WAVE_ACC_LW8174_axis
11f04808   WAVE_AccCmd1
11f04810   WAVE_AccCmd2
11f04818   WAVE_AccCmd3
11f04b10   WAVE_ENC1
11f04b14   WAVE_ENC2
11f04b18   WAVE_ENC3
11f04b04   WAVE_ENC_temp1
11f04b08   WAVE_ENC_temp2
11f04b0c   WAVE_ENC_temp3
11f02300   WAVE_Enc_error
11f04534   WAVE_FIL_Y
11f047e0   WAVE_Fz
11f04590   WAVE_HandX
11f04594   WAVE_HandY
11f04598   WAVE_HandZ
11f04530   WAVE_INIT_COUNT
11f04cd0   WAVE_Icmp1
11f04cd4   WAVE_Icmp2
11f04cd8   WAVE_Icmp3
11f04af8   WAVE_Idc1
11f04afc   WAVE_Idc2
11f04b00   WAVE_Idc3
11f04ce8   WAVE_Iff_1
11f04cec   WAVE_Iff_2
11f04cf0   WAVE_Iff_3
11f04bbc   WAVE_Ipi1
11f04bc0   WAVE_Ipi2
11f04bc4   WAVE_Ipi3
11f04bb0   WAVE_Iq1
11f04bb4   WAVE_Iq2
11f04bb8   WAVE_Iq3
11f04c4c   WAVE_IrefD1
11f04c50   WAVE_IrefD2
11f04c54   WAVE_IrefD3
11f04c58   WAVE_IrefQ1
11f04c5c   WAVE_IrefQ2
11f04c60   WAVE_IrefQ3
11f04ad4   WAVE_IresD1
11f04ad8   WAVE_IresD2
11f04adc   WAVE_IresD3
11f04ae0   WAVE_IresQ1
11f04ae4   WAVE_IresQ2
11f04ae8   WAVE_IresQ3
11f047b0   WAVE_IresU1
11f047b4   WAVE_IresU2
11f047b8   WAVE_IresU3
11f047bc   WAVE_IresV1
11f047c0   WAVE_IresV2
11f047c4   WAVE_IresV3
11f047c8   WAVE_IresW1
11f047cc   WAVE_IresW2
11f047d0   WAVE_IresW3
11f04bc8   WAVE_Isfb1
11f04bcc   WAVE_Isfb2
11f04bd0   WAVE_Isfb3
11f04ac8   WAVE_Jl_calc1
11f04acc   WAVE_Jl_calc2
11f04ad0   WAVE_Jl_calc3
11f04584   WAVE_Joint1
11f04588   WAVE_Joint2
11f0458c   WAVE_Joint3
11f04668   WAVE_Kfb1
11f04688   WAVE_Kfb2
11f046a8   WAVE_Kfb3
11f04664   WAVE_Kff1
11f04684   WAVE_Kff2
11f046a4   WAVE_Kff3
11f04660   WAVE_Kpp1
11f04680   WAVE_Kpp2
11f046a0   WAVE_Kpp3
11f04670   WAVE_Kvi1
11f04690   WAVE_Kvi2
11f046b0   WAVE_Kvi3
11f0466c   WAVE_Kvp1
11f0468c   WAVE_Kvp2
11f046ac   WAVE_Kvp3
11f0456c   WAVE_LoopCount
11f04ab0   WAVE_MRBR1
11f04ab4   WAVE_MRBR2
11f04ab8   WAVE_MRBR3
11f04a8c   WAVE_MRU1
11f04a98   WAVE_MRU2
11f04aa4   WAVE_MRU3
11f04a90   WAVE_MRV1
11f04a9c   WAVE_MRV2
11f04aa8   WAVE_MRV3
11f04a94   WAVE_MRW1
11f04aa0   WAVE_MRW2
11f04aac   WAVE_MRW3
11f04b4c   WAVE_TRG_WM1
11f04b50   WAVE_TRG_WM2
11f04b54   WAVE_TRG_WM3
11f04578   WAVE_Timer0
11f0457c   WAVE_Timer1
11f04580   WAVE_Timer2
11f04cc4   WAVE_Tq1
11f04cc8   WAVE_Tq2
11f04ccc   WAVE_Tq3
11f047f0   WAVE_U_modulation
11f04cf8   WAVE_VWX
11f04cfc   WAVE_VWY
11f04d00   WAVE_VWZ
11f047f4   WAVE_V_modulation
11f04aec   WAVE_Vdc1
11f04af0   WAVE_Vdc2
11f04af4   WAVE_Vdc3
11f02310   WAVE_Vdc_ofst
11f0480c   WAVE_VelCmd1
11f04814   WAVE_VelCmd2
11f0481c   WAVE_VelCmd3
11f04c7c   WAVE_VrefD1
11f04c84   WAVE_VrefD2
11f04c8c   WAVE_VrefD3
11f04c64   WAVE_VrefD_dcpl1
11f04c6c   WAVE_VrefD_dcpl2
11f04c74   WAVE_VrefD_dcpl3
11f04c80   WAVE_VrefQ1
11f04c88   WAVE_VrefQ2
11f04c90   WAVE_VrefQ3
11f04c68   WAVE_VrefQ_dcpl1
11f04c70   WAVE_VrefQ_dcpl2
11f04c78   WAVE_VrefQ_dcpl3
11f04c04   WAVE_VrefU1
11f04c10   WAVE_VrefU2
11f04c1c   WAVE_VrefU3
11f04c08   WAVE_VrefV1
11f04c14   WAVE_VrefV2
11f04c20   WAVE_VrefV3
11f04c0c   WAVE_VrefW1
11f04c18   WAVE_VrefW2
11f04c24   WAVE_VrefW3
11f047e4   WAVE_WSX
11f047e8   WAVE_WSY
11f047ec   WAVE_WSZ
11f047f8   WAVE_W_modulation
11f046c0   WAVE_al_calc1
11f046d0   WAVE_al_calc2
11f046e0   WAVE_al_calc3
11f046f0   WAVE_al_calc_DPD1
11f04700   WAVE_al_calc_DPD2
11f04710   WAVE_al_calc_DPD3
11f04be0   WAVE_am_TriAccCmd1
11f04be4   WAVE_am_TriAccCmd2
11f04be8   WAVE_am_TriAccCmd3
11f0484c   WAVE_aq0_1
11f0487c   WAVE_aq0_2
11f048ac   WAVE_aq0_3
11f04848   WAVE_aq1_1
11f04878   WAVE_aq1_2
11f048a8   WAVE_aq1_3
11f04844   WAVE_aq2_1
11f04874   WAVE_aq2_2
11f048a4   WAVE_aq2_3
11f04830   WAVE_av0_1
11f04860   WAVE_av0_2
11f04890   WAVE_av0_3
11f0482c   WAVE_av1_1
11f0485c   WAVE_av1_2
11f0488c   WAVE_av1_3
11f04828   WAVE_av2_1
11f04858   WAVE_av2_2
11f04888   WAVE_av2_3
11f04824   WAVE_av3_1
11f04854   WAVE_av3_2
11f04884   WAVE_av3_3
11f04820   WAVE_av4_1
11f04850   WAVE_av4_2
11f04880   WAVE_av4_3
11f04840   WAVE_bv0_1
11f04870   WAVE_bv0_2
11f048a0   WAVE_bv0_3
11f0483c   WAVE_bv1_1
11f0486c   WAVE_bv1_2
11f0489c   WAVE_bv1_3
11f04838   WAVE_bv2_1
11f04868   WAVE_bv2_2
11f04898   WAVE_bv2_3
11f04834   WAVE_bv3_1
11f04864   WAVE_bv3_2
11f04894   WAVE_bv3_3
11f045b8   WAVE_check
11f04790   WAVE_est_ISOB_qs1
11f0479c   WAVE_est_ISOB_qs2
11f047a8   WAVE_est_ISOB_qs3
11f04794   WAVE_est_ISOB_wl1
11f047a0   WAVE_est_ISOB_wl2
11f047ac   WAVE_est_ISOB_wl3
11f0478c   WAVE_est_ISOB_wm1
11f04798   WAVE_est_ISOB_wm2
11f047a4   WAVE_est_ISOB_wm3
11f04748   WAVE_est_conv_qs1
11f04754   WAVE_est_conv_qs2
11f04760   WAVE_est_conv_qs3
11f0474c   WAVE_est_conv_wl1
11f04758   WAVE_est_conv_wl2
11f04764   WAVE_est_conv_wl3
11f04744   WAVE_est_conv_wm1
11f04750   WAVE_est_conv_wm2
11f0475c   WAVE_est_conv_wm3
11f0476c   WAVE_est_prop_qs1
11f04778   WAVE_est_prop_qs2
11f04784   WAVE_est_prop_qs3
11f04770   WAVE_est_prop_wl1
11f0477c   WAVE_est_prop_wl2
11f04788   WAVE_est_prop_wl3
11f04768   WAVE_est_prop_wm1
11f04774   WAVE_est_prop_wm2
11f04780   WAVE_est_prop_wm3
11f04724   WAVE_est_qs1
11f04730   WAVE_est_qs2
11f0473c   WAVE_est_qs3
11f04728   WAVE_est_wl1
11f04734   WAVE_est_wl2
11f04740   WAVE_est_wl3
11f04720   WAVE_est_wm1
11f0472c   WAVE_est_wm2
11f04738   WAVE_est_wm3
11f04678   WAVE_fqs1
11f04698   WAVE_fqs2
11f046b8   WAVE_fqs3
11f0467c   WAVE_fwl1
11f0469c   WAVE_fwl2
11f046bc   WAVE_fwl3
11f04674   WAVE_fwm1
11f04694   WAVE_fwm2
11f046b4   WAVE_fwm3
11f0459c   WAVE_fx
11f045a0   WAVE_fy
11f045a4   WAVE_fz
11f04bd4   WAVE_jark1
11f04bd8   WAVE_jark2
11f04bdc   WAVE_jark3
11f02304   WAVE_ofst_Iu
11f02308   WAVE_ofst_Iv
11f0230c   WAVE_ofst_Iw
11f04cac   WAVE_omega_rm1
11f04cb8   WAVE_omega_rm1_ref
11f04cb0   WAVE_omega_rm2
11f04cbc   WAVE_omega_rm2_ref
11f04cb4   WAVE_omega_rm3
11f04cc0   WAVE_omega_rm3_ref
11f04ba4   WAVE_ql1
11f04ba8   WAVE_ql2
11f04bac   WAVE_ql3
11f046c8   WAVE_ql_calc1
11f046d8   WAVE_ql_calc2
11f046e8   WAVE_ql_calc3
11f046f8   WAVE_ql_calc_DPD1
11f04708   WAVE_ql_calc_DPD2
11f04718   WAVE_ql_calc_DPD3
11f04b8c   WAVE_qm1
11f04b90   WAVE_qm2
11f04b94   WAVE_qm3
11f04bf8   WAVE_qm_TriAccCmd1
11f04bfc   WAVE_qm_TriAccCmd2
11f04c00   WAVE_qm_TriAccCmd3
11f04b98   WAVE_qm_ref1
11f04b9c   WAVE_qm_ref2
11f04ba0   WAVE_qm_ref3
11f045b4   WAVE_state
11f04cf4   WAVE_tauL_dyn_2nd
11f04abc   WAVE_tauLdyn1
11f04ac0   WAVE_tauLdyn2
11f04ac4   WAVE_tauLdyn3
11f04b40   WAVE_theta_re1
11f04b44   WAVE_theta_re2
11f04b48   WAVE_theta_re3
11f04b1c   WAVE_theta_rm1
11f04b20   WAVE_theta_rm2
11f04b24   WAVE_theta_rm3
11f04b34   WAVE_theta_rm_full1
11f04b38   WAVE_theta_rm_full2
11f04b3c   WAVE_theta_rm_full3
11f04b28   WAVE_theta_rm_ref1
11f04b2c   WAVE_theta_rm_ref2
11f04b30   WAVE_theta_rm_ref3
11f04c94   WAVE_vd_lim_dif1
11f04c9c   WAVE_vd_lim_dif2
11f04ca4   WAVE_vd_lim_dif3
11f04c98   WAVE_vq_lim_dif1
11f04ca0   WAVE_vq_lim_dif2
11f04ca8   WAVE_vq_lim_dif3
11f04c28   WAVE_vu_ref_stand1
11f04c34   WAVE_vu_ref_stand2
11f04c40   WAVE_vu_ref_stand3
11f04c2c   WAVE_vv_ref_stand1
11f04c38   WAVE_vv_ref_stand2
11f04c44   WAVE_vv_ref_stand3
11f04c30   WAVE_vw_ref_stand1
11f04c3c   WAVE_vw_ref_stand2
11f04c48   WAVE_vw_ref_stand3
11f045a8   WAVE_vx
11f045ac   WAVE_vy
11f045b0   WAVE_vz
11f046c4   WAVE_wl_calc1
11f046d4   WAVE_wl_calc2
11f046e4   WAVE_wl_calc3
11f046f4   WAVE_wl_calc_DPD1
11f04704   WAVE_wl_calc_DPD2
11f04714   WAVE_wl_calc_DPD3
11f04b58   WAVE_wm1
11f04b5c   WAVE_wm2
11f04b60   WAVE_wm3
11f04b80   WAVE_wm_CCC1
11f04b84   WAVE_wm_CCC2
11f04b88   WAVE_wm_CCC3
11f04bec   WAVE_wm_TriAccCmd1
11f04bf0   WAVE_wm_TriAccCmd2
11f04bf4   WAVE_wm_TriAccCmd3
11f046cc   WAVE_wm_calc1
11f046dc   WAVE_wm_calc2
11f046ec   WAVE_wm_calc3
11f046fc   WAVE_wm_calc_DPD1
11f0470c   WAVE_wm_calc_DPD2
11f0471c   WAVE_wm_calc_DPD3
11f04b74   WAVE_wm_cmd1
11f04b78   WAVE_wm_cmd2
11f04b7c   WAVE_wm_cmd3
11f04b68   WAVE_wm_ref1
11f04b6c   WAVE_wm_ref2
11f04b70   WAVE_wm_ref3
11f04b64   WAVE_wm_ref_org
11f02ed8   Wr_DPD
11f048b4   Wr_Throth_check
11f02bc0   Wr_sub
11e03380   _CSL2_intcDispatcherDummy
11e032c8   _CSL_intcGlobalDisable
11e0333c   _CSL_intcGlobalExcepClear
11e03314   _CSL_intcGlobalExcepEnable
11e03328   _CSL_intcGlobalExtExcepEnable
11e032e8   _CSL_intcGlobalRestore
11e03260   _CSL_intcInterruptClear
11e03278   _CSL_intcInterruptRestore
11e0326c   _CSL_intcInterruptSet
11e03290   _CSL_intcQueryInterruptStatus
0c041590   __TI_CINIT_Base
0c0415b0   __TI_CINIT_Limit
0c041584   __TI_Handler_Table_Base
0c04158c   __TI_Handler_Table_Limit
UNDEFED    __TI_INITARRAY_Base
UNDEFED    __TI_INITARRAY_Limit
11f04530   __TI_STACK_END
00001000   __TI_STACK_SIZE
11f04530   __TI_STATIC_BASE
UNDEFED    __TI_TLS_INIT_Base
UNDEFED    __TI_TLS_INIT_Limit
00000001   __TI_args_main
0c03de20   __TI_cpp_init
0c03e0a0   __TI_decompress_none
0c03e0c0   __TI_decompress_rle24
0c03edac   __TI_enable_exit_profile_output
ffffffff   __TI_pprof_out_hndl
ffffffff   __TI_prof_data_size
ffffffff   __TI_prof_data_start
0c03d900   __TI_tls_init
ffffffff   __binit__
0c03a860   __c6xabi_divd
0c03bb40   __c6xabi_divf
0c03d5c0   __c6xabi_divi
0c03d780   __c6xabi_divu
0c03e020   __c6xabi_errno_addr
0c03dba0   __c6xabi_fixdu
0c03de80   __c6xabi_frcmpyd_div
0c03dee0   __c6xabi_llshru
0c03d9c0   __c6xabi_nround
0c03dc20   __c6xabi_roundf
0c03e040   __c6xabi_trunc
0c03e060   __c6xabi_truncf
ffffffff   __c_args__
0c03d5c0   __divi
0c03d780   __divu
0c03e6b4   __errno
0c03dfa0   _args_main
0c03d3c0   _auto_init_elf
0c03dca0   _c_int00
0c03eda4   _cleanup_ptr
0c03eda8   _dtors_ptr
11f002b0   _mwSinTbl
11f03530   _stack
0c03e080   abort
0c03c480   acos
11f03518   ad1
11f0351c   ad2
11f03520   ad3
0c03c660   atan
0c03cb40   atan2
0c018000   backward_diff
ffffffff   binit
11e02688   cic0Out2Evnt
0c03d4c0   copy_in
0c03b880   cos
11f04568   counter_2
0c03c068   cvt_to_float_from_u32
0c03c040   cvt_to_u32_from_float
0c03e7a0   d_current
11f02318   debug
11f02328   debug2
11f02338   debug3
11f0461c   debug_theta
11f04648   down_rotation_flag2
11f04650   down_rotation_flag3
11f04658   down_rotation_flag5
11f031f0   dyn
0c03e6b4   errno
0c03dda0   evmI2CInit
0c03d840   exit
0c03c820   expf
11f04544   flag_CalcHandCmd
11f045cc   flag_CircleStart1
11f045d0   flag_CircleStart2
11f045d4   flag_CircleStart3
11f04558   flag_FBgain
11f04560   flag_FF
11f04570   flag_FF_triple
11f0455c   flag_PPgain
11f04564   flag_SOB
11f04554   flag_Vdc_setted
11f04574   flag_cmd_end
11f04538   flag_cont_start
11f0453c   flag_dead
11f04548   flag_debug
11f04550   flag_delay
11f04540   flag_dyn_payload
11f045d8   flag_end1
11f045dc   flag_end2
11f045e0   flag_end3
11f048b0   flag_fin
11f045c4   flag_first_back
11f045c0   flag_first_go
11f045c8   flag_hard
11f045e4   flag_on
11f0454c   flag_pv
11f045bc   flag_reposition
0c03ccc0   frexp
0c03ce40   frexpf
11f00270   gpio_int_map
11f03370   gsub
11f04d88   hGpio
0c03a114   i2cEepromGetStatus2
0c039f98   i2cEepromRead2
0c039c08   i2cEepromWriteBlock2
0c039e80   i2cEepromWriteByteAddr2
11e02968   int_begin_nestint
11e02918   int_end_nestint
11f00170   intcObj
11f02348   joint
0c03cfa0   ldexp
0c03d100   ldexpf
11f04640   left_rotation_flag
11f04620   load_angle_limit_deg1
11f04624   load_angle_limit_deg2
11f04628   load_angle_limit_deg3
11f0462c   load_angle_limit_deg5
11f04630   load_angle_limit_rad1
11f04634   load_angle_limit_rad2
11f04638   load_angle_limit_rad3
11f0463c   load_angle_limit_rad5
0c03e000   main
0c03da60   memcpy
0c03d6a0   memset
0c03db00   modf
0c03df40   modff
0c03b844   mw_Osal_platformSpiCsEnter
0c03b830   mw_Osal_platformSpiCsExit
11f04a84   mw_gp__CSL_intcCpuIntrTable
0c03b438   mw_nor_erase
0c03b3cc   mw_nor_get_details
0c03b358   mw_nor_init
0c03b2a4   mw_nor_read
0c03b1e0   mw_nor_write
0c03b810   mw_platform_delaycycles
0c03b7a4   mw_platform_device_close
0c03b764   mw_platform_device_erase_block
0c03b68c   mw_platform_device_open
0c03b5f0   mw_platform_device_read
0c03b554   mw_platform_device_write
11f04a88   mw_platform_errno
11e03360   mw_setVect
0c03b058   mw_spi_claim
0c03afec   mw_spi_cmd
0c03afe0   mw_spi_cmd_read
0c03afd0   mw_spi_cmd_write
0c03af64   mw_spi_release
0c03ae20   mw_spi_xfer
11e02904   mwintc_clearSysInterrupt
11e028ec   mwintc_disableHostInterrupt
11e028d4   mwintc_disableSysInterrupt
11e028c0   mwintc_enableHostInterrupt
11e028a8   mwintc_enableSysInterrupt
11e02878   mwintc_getInterruptStatus
11e02860   mwintc_mapSystemIntrToChannel
11e02714   mwintc_setup
11e02794   mwintc_setup2
11e025f4   mwintc_setupApp
11f02a60   ob_sub
0c03b540   platform_write
0c03e7e8   position
0c0394c0   pow
0c03a280   powf
0c03e830   q_current
0c03eac8   range
11f047fc   ref_Iq_direct1
11f04800   ref_Iq_direct2
11f04804   ref_Iq_direct3
11f04cdc   ref_Iq_freq_direct1
11f04ce0   ref_Iq_freq_direct2
11f04ce4   ref_Iq_freq_direct3
11f04618   ref_wm_direct
11f04644   right_rotation_flag
0c03e3e0   sen
0c03bdc0   sin
11f04614   speed_hand
0c03d260   sqrt
11f045f4   start_back1
11f045f8   start_back2
11f045fc   start_back3
11f045e8   start_go1
11f045ec   start_go2
11f045f0   start_go3
11f04a78   tmr1regs
11f04a7c   tmr2regs
11f04a80   tmr3regs
11f032f8   tri
11f0464c   up_rotation_flag2
11f04654   up_rotation_flag3
11f0465c   up_rotation_flag5
0c03e878   velocity


GLOBAL SYMBOLS: SORTED BY Symbol Address 

address    name
--------   ----
00000001   __TI_args_main
00001000   __TI_STACK_SIZE
0c018000   backward_diff
0c01800c   VconPI5Axis
0c018060   TriangularAccelerationCommandGeneratorInit
0c018a20   TriangularAccelerationCommandGenerator
0c0191a0   StateObserver
0c0197a4   Limiter
0c0197c4   SetVoltReferences
0c019b74   SetRampParams
0c019d2c   SetLPF
0c019db8   SetGain
0c01a230   SetENC_CH
0c01a234   SetBDN
0c01a238   Pcontroller
0c01a248   PIcontroller_withAntiwindup
0c01a28c   PIcontroller
0c01a2d4   ManyRampGenerator3rdAxis
0c01a534   ManyRampGenerator2ndAxis
0c01a794   ManyRampGenerator1stAxis
0c01a9f4   CalcOffset
0c01acd8   GetVoltAndCurrent
0c01af04   GetMultiPositions
0c01b38c   CalcDynamicsInit
0c01f5f0   CalcFDTDWrInit_WmcmdInputType
0c021958   CalcFDTDTSOBInit
0c023cf4   FDTD_Tm_Init
0c0240a0   CalcPVGainInitCDM
0c025470   MW_main
0c025ab0   LimitPosCmd
0c025b10   LimDiffCalcDQ
0c025c68   Integrator_w_ref3
0c025c88   Integrator_w_ref2
0c025ca8   Integrator_w_ref
0c025cc8   Integrator_acc_ref3
0c025ce8   Integrator_acc_ref2
0c025d08   Integrator_acc_ref
0c025d28   GetVelocity
0c025d60   GetFilterdSignal
0c025f08   GeneratorCircle3rd
0c025fb0   GeneratorCircle2nd
0c026060   GeneratorCircle1st
0c026108   FDTD_Tm
0c026364   FDTD_T_SOB
0c027180   FDTDSOB
0c027cac   DecouplingControl
0c027d34   CalcGravIcmp
0c027e78   CalcJl
0c0281ac   CalcPVGain
0c029c70   CalcFDTDWr_WmcmdInputType
0c02b4d8   CalcTauLDyn
0c02bbec   CalcFDTDWrUpdate_WmcmdInputType_2nd
0c02c6a0   CalcFDTDWrUpdate_WmcmdInputType_1st2nd
0c02db98   CalcHandCmdCircle
0c02dfe0   CalcInverseCmd_vel
0c02eda0   CalcVdcMean
0c02ee74   BrakeController
0c02ef64   CalcPrefRep3axis
0c02f164   CalcPrefRep2axis
0c02f364   CalcPref2axis
0c02f454   CalcHandCmdRectangle
0c02f9a4   CalcHandCmdDiamond
0c02ffa0   CalcFDTDWr_QmrefInputType
0c0311e0   CalcFDTDWrUpdate_QmrefInputType_2nd
0c031764   CalcFDTDWrUpdate_QmrefInputType_1st2nd
0c032310   CalcFDTDWrInit_QmrefInputType
0c0341a0   ControlFunction
0c0389a0   ENC_stop_abs
0c038a4c   ENC_start_abs
0c038b00   ENC_ss_init
0c038bac   ENC_ss_get_start
0c038c60   ENC_ss_get_abs
0c038d60   ENC_ss_get_abm
0c038e48   ENC_set_refresh
0c038f00   ENC_reset_err
0c038fc8   ENC_reset_abs
0c0390a0   ENC_reset_abm
0c039168   ENC_get_status
0c039200   ENC_get_almc
0c03928c   ENC_get_abs
0c03934c   ENC_get_abm
0c039408   ENC_batt_alm_en
0c0394c0   pow
0c039c08   i2cEepromWriteBlock2
0c039e80   i2cEepromWriteByteAddr2
0c039f98   i2cEepromRead2
0c03a114   i2cEepromGetStatus2
0c03a280   powf
0c03a860   __c6xabi_divd
0c03ae20   mw_spi_xfer
0c03af64   mw_spi_release
0c03afd0   mw_spi_cmd_write
0c03afe0   mw_spi_cmd_read
0c03afec   mw_spi_cmd
0c03b058   mw_spi_claim
0c03b1e0   mw_nor_write
0c03b2a4   mw_nor_read
0c03b358   mw_nor_init
0c03b3cc   mw_nor_get_details
0c03b438   mw_nor_erase
0c03b540   platform_write
0c03b554   mw_platform_device_write
0c03b5f0   mw_platform_device_read
0c03b68c   mw_platform_device_open
0c03b764   mw_platform_device_erase_block
0c03b7a4   mw_platform_device_close
0c03b810   mw_platform_delaycycles
0c03b830   mw_Osal_platformSpiCsExit
0c03b844   mw_Osal_platformSpiCsEnter
0c03b880   cos
0c03bb40   __c6xabi_divf
0c03bdc0   sin
0c03c040   cvt_to_u32_from_float
0c03c068   cvt_to_float_from_u32
0c03c090   FPGA_write_f32
0c03c120   FPGA_write
0c03c198   FPGA_read_f32
0c03c204   FPGA_read
0c03c250   FPGA_get_fpga_ver
0c03c280   IPFPGA_write_f32
0c03c30c   IPFPGA_write
0c03c388   IPFPGA_read_f32
0c03c400   IPFPGA_read
0c03c44c   IPFPGA_get_fpga_ver
0c03c480   acos
0c03c660   atan
0c03c820   expf
0c03cb40   atan2
0c03ccc0   frexp
0c03ce40   frexpf
0c03cfa0   ldexp
0c03d100   ldexpf
0c03d260   sqrt
0c03d3c0   _auto_init_elf
0c03d4c0   copy_in
0c03d5c0   __c6xabi_divi
0c03d5c0   __divi
0c03d6a0   memset
0c03d780   __c6xabi_divu
0c03d780   __divu
0c03d840   exit
0c03d900   __TI_tls_init
0c03d9c0   __c6xabi_nround
0c03da60   memcpy
0c03db00   modf
0c03dba0   __c6xabi_fixdu
0c03dc20   __c6xabi_roundf
0c03dca0   _c_int00
0c03dd20   PEV_init
0c03dd64   PEV_get_fpga_ver
0c03dda0   evmI2CInit
0c03de20   __TI_cpp_init
0c03de80   __c6xabi_frcmpyd_div
0c03dee0   __c6xabi_llshru
0c03df40   modff
0c03dfa0   _args_main
0c03dfe0   CSL_GPIO_open
0c03e000   main
0c03e020   __c6xabi_errno_addr
0c03e040   __c6xabi_trunc
0c03e060   __c6xabi_truncf
0c03e080   C$$EXIT
0c03e080   abort
0c03e0a0   __TI_decompress_none
0c03e0c0   __TI_decompress_rle24
0c03e3e0   sen
0c03e630   LPF_cmd
0c03e6b4   __errno
0c03e6b4   errno
0c03e6b8   LPF_motor
0c03e7a0   d_current
0c03e7e8   position
0c03e830   q_current
0c03e878   velocity
0c03eac8   range
0c03eda4   _cleanup_ptr
0c03eda8   _dtors_ptr
0c03edac   __TI_enable_exit_profile_output
0c03ef5c   EMIF_IntrErr_sts
0c041584   __TI_Handler_Table_Base
0c04158c   __TI_Handler_Table_Limit
0c041590   __TI_CINIT_Base
0c0415b0   __TI_CINIT_Limit
11e00000   PEV_updown_set_mode
11e00034   PEV_updown_read_cnt
11e00078   PEV_updown_init_maxcount
11e000c8   PEV_updown_clear_cnt
11e00100   PEV_sync_z_out
11e00150   PEV_sync_pwm_out
11e00260   PEV_sync_pwm_init
11e002b4   PEV_sync_ad_out
11e0030c   PEV_sync_ad_init
11e00360   PEV_inverter_stop_pwm
11e00394   PEV_inverter_start_pwm
11e003cc   PEV_inverter_set_uvw_br
11e005e8   PEV_inverter_set_uvw
11e007d4   PEV_inverter_set_ra
11e008d4   PEV_inverter_set_ab
11e00958   PEV_inverter_init_refload_timing
11e009b8   PEV_inverter_init_int_timing
11e00aa8   PEV_inverter_init_adtrig_timing
11e00b84   PEV_inverter_init
11e00cf4   PEV_inverter_enable_int
11e00d38   PEV_inverter_disable_int
11e00d70   PEV_inverter_control_gate
11e00da8   PEV_inverter_control_break
11e00de0   PEV_int_init
11e00f10   PEV_ad_start
11e00f48   PEV_ad_set_range
11e00f98   PEV_ad_set_offset
11e00fe0   PEV_ad_set_mode
11e01040   PEV_ad_in_st
11e0106c   PEV_ad_in_grp
11e012b0   PEV_ad_in_4ch
11e01418   PEV_ad_enable_int
11e01460   PEV_ad_disable_int
11e01494   PEV_ad_abz_read
11e016e8   PEV_abz_write
11e01734   PEV_abz_set_mode
11e017a4   PEV_abz_read
11e017e8   PEV_abz_init_maxcount
11e01834   PEV_abz_in_pin
11e01864   PEV_abz_get_resolver_pos
11e018a4   PEV_abz_get_resolver_err
11e018e0   PEV_abz_clear_resolver_err
11e01914   PEV_abz_clear
11e01960   C6657_timer3_hi_stop
11e01974   C6657_timer3_hi_start
11e01994   C6657_timer3_hi_init_vector
11e019b8   C6657_timer3_hi_init
11e01a2c   C6657_timer3_hi_enable_int
11e01a84   C6657_timer3_hi_clear_eventflag
11e01a94   C6657_timer2_write
11e01aa0   C6657_timer2_stop
11e01ab4   C6657_timer2_start
11e01ad8   C6657_timer2_read
11e01ae8   C6657_timer2_init_vector
11e01b30   C6657_timer2_init
11e01ba4   C6657_timer2_enable_int
11e01bf8   C6657_timer2_disable_int
11e01c40   C6657_timer2_clear_eventflag
11e01c4c   C6657_timer2_clear
11e01c58   C6657_timer1_write
11e01c68   C6657_timer1_stop
11e01c80   C6657_timer1_start
11e01ca0   C6657_timer1_read
11e01cac   C6657_timer1_init_vector
11e01cd0   C6657_timer1_init
11e01d44   C6657_timer1_enable_int
11e01d98   C6657_timer1_disable_int
11e01de0   C6657_timer1_clear_eventflag
11e01dec   C6657_timer1_clear
11e01df8   C6657_timer0_write
11e01e08   C6657_timer0_stop
11e01e20   C6657_timer0_start
11e01e40   C6657_timer0_read
11e01e4c   C6657_timer0_init_vector
11e01e70   C6657_timer0_init
11e01ee4   C6657_timer0_enable_int
11e01f38   C6657_timer0_disable_int
11e01f78   C6657_timer0_clear_eventflag
11e01f8c   C6657_timer0_clear
11e01fa0   EMF_Write_s32
11e02018   EMF_WriteFlashRom_s32
11e02120   EMF_Write2_s32
11e021b8   EMF_Read_s32
11e0222c   EMF_ReadFpgaBoard_s32
11e022e0   EMF_ReadFlashRom_s32
11e023a8   EMF_Read3_s32
11e02414   EMF_Read2_s32
11e024cc   EMF_Initialization_s32
11e0252c   EMF_EnableIntr_s32
11e025f4   mwintc_setupApp
11e02688   cic0Out2Evnt
11e02714   mwintc_setup
11e02794   mwintc_setup2
11e02860   mwintc_mapSystemIntrToChannel
11e02878   mwintc_getInterruptStatus
11e028a8   mwintc_enableSysInterrupt
11e028c0   mwintc_enableHostInterrupt
11e028d4   mwintc_disableSysInterrupt
11e028ec   mwintc_disableHostInterrupt
11e02904   mwintc_clearSysInterrupt
11e02918   int_end_nestint
11e02968   int_begin_nestint
11e029a8   IRQ_globalRestore
11e029b0   IRQ_globalEnable
11e029d0   IRQ_globalDisable
11e02a00   CSL2_intcHwControl
11e02d20   EMF_ErrIntr_vo
11e02f00   GPI_setVector_vo
11e02fd4   GPI_int_ack_vo
11e03024   GPI_init_vo
11e0304c   GPI_enable_int_vo
11e0306c   GPI_disable_int_vo
11e030a0   CSL2_loadResource
11e030b4   CSL2_intcOpen2
11e03220   CSL_intcInterruptEnable
11e03240   CSL_intcInterruptDisable
11e03260   _CSL_intcInterruptClear
11e0326c   _CSL_intcInterruptSet
11e03278   _CSL_intcInterruptRestore
11e03290   _CSL_intcQueryInterruptStatus
11e032a8   CSL_intcGlobalEnable
11e032c8   _CSL_intcGlobalDisable
11e032e8   _CSL_intcGlobalRestore
11e03300   CSL_intcGlobalNmiEnable
11e03314   _CSL_intcGlobalExcepEnable
11e03328   _CSL_intcGlobalExtExcepEnable
11e0333c   _CSL_intcGlobalExcepClear
11e03360   mw_setVect
11e03380   _CSL2_intcDispatcherDummy
11f00170   intcObj
11f00270   gpio_int_map
11f002b0   _mwSinTbl
11f02300   WAVE_Enc_error
11f02304   WAVE_ofst_Iu
11f02308   WAVE_ofst_Iv
11f0230c   WAVE_ofst_Iw
11f02310   WAVE_Vdc_ofst
11f02318   debug
11f02328   debug2
11f02338   debug3
11f02348   joint
11f02a60   ob_sub
11f02bc0   Wr_sub
11f02ed8   Wr_DPD
11f031f0   dyn
11f032f8   tri
11f03370   gsub
11f034d0   Tm_sub
11f03518   ad1
11f0351c   ad2
11f03520   ad3
11f03524   ModRatioU
11f03528   ModRatioV
11f0352c   ModRatioW
11f03530   _stack
11f04530   WAVE_INIT_COUNT
11f04530   __TI_STACK_END
11f04530   __TI_STATIC_BASE
11f04534   WAVE_FIL_Y
11f04538   flag_cont_start
11f0453c   flag_dead
11f04540   flag_dyn_payload
11f04544   flag_CalcHandCmd
11f04548   flag_debug
11f0454c   flag_pv
11f04550   flag_delay
11f04554   flag_Vdc_setted
11f04558   flag_FBgain
11f0455c   flag_PPgain
11f04560   flag_FF
11f04564   flag_SOB
11f04568   counter_2
11f0456c   WAVE_LoopCount
11f04570   flag_FF_triple
11f04574   flag_cmd_end
11f04578   WAVE_Timer0
11f0457c   WAVE_Timer1
11f04580   WAVE_Timer2
11f04584   WAVE_Joint1
11f04588   WAVE_Joint2
11f0458c   WAVE_Joint3
11f04590   WAVE_HandX
11f04594   WAVE_HandY
11f04598   WAVE_HandZ
11f0459c   WAVE_fx
11f045a0   WAVE_fy
11f045a4   WAVE_fz
11f045a8   WAVE_vx
11f045ac   WAVE_vy
11f045b0   WAVE_vz
11f045b4   WAVE_state
11f045b8   WAVE_check
11f045bc   flag_reposition
11f045c0   flag_first_go
11f045c4   flag_first_back
11f045c8   flag_hard
11f045cc   flag_CircleStart1
11f045d0   flag_CircleStart2
11f045d4   flag_CircleStart3
11f045d8   flag_end1
11f045dc   flag_end2
11f045e0   flag_end3
11f045e4   flag_on
11f045e8   start_go1
11f045ec   start_go2
11f045f0   start_go3
11f045f4   start_back1
11f045f8   start_back2
11f045fc   start_back3
11f04600   Ref_Iq_ref_direct
11f04604   Ref_wM_direct
11f04608   Iq_off
11f0460c   Flag_ARCS_start
11f04610   Flag_ARCS_clear
11f04614   speed_hand
11f04618   ref_wm_direct
11f0461c   debug_theta
11f04620   load_angle_limit_deg1
11f04624   load_angle_limit_deg2
11f04628   load_angle_limit_deg3
11f0462c   load_angle_limit_deg5
11f04630   load_angle_limit_rad1
11f04634   load_angle_limit_rad2
11f04638   load_angle_limit_rad3
11f0463c   load_angle_limit_rad5
11f04640   left_rotation_flag
11f04644   right_rotation_flag
11f04648   down_rotation_flag2
11f0464c   up_rotation_flag2
11f04650   down_rotation_flag3
11f04654   up_rotation_flag3
11f04658   down_rotation_flag5
11f0465c   up_rotation_flag5
11f04660   WAVE_Kpp1
11f04664   WAVE_Kff1
11f04668   WAVE_Kfb1
11f0466c   WAVE_Kvp1
11f04670   WAVE_Kvi1
11f04674   WAVE_fwm1
11f04678   WAVE_fqs1
11f0467c   WAVE_fwl1
11f04680   WAVE_Kpp2
11f04684   WAVE_Kff2
11f04688   WAVE_Kfb2
11f0468c   WAVE_Kvp2
11f04690   WAVE_Kvi2
11f04694   WAVE_fwm2
11f04698   WAVE_fqs2
11f0469c   WAVE_fwl2
11f046a0   WAVE_Kpp3
11f046a4   WAVE_Kff3
11f046a8   WAVE_Kfb3
11f046ac   WAVE_Kvp3
11f046b0   WAVE_Kvi3
11f046b4   WAVE_fwm3
11f046b8   WAVE_fqs3
11f046bc   WAVE_fwl3
11f046c0   WAVE_al_calc1
11f046c4   WAVE_wl_calc1
11f046c8   WAVE_ql_calc1
11f046cc   WAVE_wm_calc1
11f046d0   WAVE_al_calc2
11f046d4   WAVE_wl_calc2
11f046d8   WAVE_ql_calc2
11f046dc   WAVE_wm_calc2
11f046e0   WAVE_al_calc3
11f046e4   WAVE_wl_calc3
11f046e8   WAVE_ql_calc3
11f046ec   WAVE_wm_calc3
11f046f0   WAVE_al_calc_DPD1
11f046f4   WAVE_wl_calc_DPD1
11f046f8   WAVE_ql_calc_DPD1
11f046fc   WAVE_wm_calc_DPD1
11f04700   WAVE_al_calc_DPD2
11f04704   WAVE_wl_calc_DPD2
11f04708   WAVE_ql_calc_DPD2
11f0470c   WAVE_wm_calc_DPD2
11f04710   WAVE_al_calc_DPD3
11f04714   WAVE_wl_calc_DPD3
11f04718   WAVE_ql_calc_DPD3
11f0471c   WAVE_wm_calc_DPD3
11f04720   WAVE_est_wm1
11f04724   WAVE_est_qs1
11f04728   WAVE_est_wl1
11f0472c   WAVE_est_wm2
11f04730   WAVE_est_qs2
11f04734   WAVE_est_wl2
11f04738   WAVE_est_wm3
11f0473c   WAVE_est_qs3
11f04740   WAVE_est_wl3
11f04744   WAVE_est_conv_wm1
11f04748   WAVE_est_conv_qs1
11f0474c   WAVE_est_conv_wl1
11f04750   WAVE_est_conv_wm2
11f04754   WAVE_est_conv_qs2
11f04758   WAVE_est_conv_wl2
11f0475c   WAVE_est_conv_wm3
11f04760   WAVE_est_conv_qs3
11f04764   WAVE_est_conv_wl3
11f04768   WAVE_est_prop_wm1
11f0476c   WAVE_est_prop_qs1
11f04770   WAVE_est_prop_wl1
11f04774   WAVE_est_prop_wm2
11f04778   WAVE_est_prop_qs2
11f0477c   WAVE_est_prop_wl2
11f04780   WAVE_est_prop_wm3
11f04784   WAVE_est_prop_qs3
11f04788   WAVE_est_prop_wl3
11f0478c   WAVE_est_ISOB_wm1
11f04790   WAVE_est_ISOB_qs1
11f04794   WAVE_est_ISOB_wl1
11f04798   WAVE_est_ISOB_wm2
11f0479c   WAVE_est_ISOB_qs2
11f047a0   WAVE_est_ISOB_wl2
11f047a4   WAVE_est_ISOB_wm3
11f047a8   WAVE_est_ISOB_qs3
11f047ac   WAVE_est_ISOB_wl3
11f047b0   WAVE_IresU1
11f047b4   WAVE_IresU2
11f047b8   WAVE_IresU3
11f047bc   WAVE_IresV1
11f047c0   WAVE_IresV2
11f047c4   WAVE_IresV3
11f047c8   WAVE_IresW1
11f047cc   WAVE_IresW2
11f047d0   WAVE_IresW3
11f047d4   WAVE_ACC_LW8079
11f047d8   WAVE_ACC_LW8174
11f047dc   WAVE_ACC_LW8174_axis
11f047e0   WAVE_Fz
11f047e4   WAVE_WSX
11f047e8   WAVE_WSY
11f047ec   WAVE_WSZ
11f047f0   WAVE_U_modulation
11f047f4   WAVE_V_modulation
11f047f8   WAVE_W_modulation
11f047fc   ref_Iq_direct1
11f04800   ref_Iq_direct2
11f04804   ref_Iq_direct3
11f04808   WAVE_AccCmd1
11f0480c   WAVE_VelCmd1
11f04810   WAVE_AccCmd2
11f04814   WAVE_VelCmd2
11f04818   WAVE_AccCmd3
11f0481c   WAVE_VelCmd3
11f04820   WAVE_av4_1
11f04824   WAVE_av3_1
11f04828   WAVE_av2_1
11f0482c   WAVE_av1_1
11f04830   WAVE_av0_1
11f04834   WAVE_bv3_1
11f04838   WAVE_bv2_1
11f0483c   WAVE_bv1_1
11f04840   WAVE_bv0_1
11f04844   WAVE_aq2_1
11f04848   WAVE_aq1_1
11f0484c   WAVE_aq0_1
11f04850   WAVE_av4_2
11f04854   WAVE_av3_2
11f04858   WAVE_av2_2
11f0485c   WAVE_av1_2
11f04860   WAVE_av0_2
11f04864   WAVE_bv3_2
11f04868   WAVE_bv2_2
11f0486c   WAVE_bv1_2
11f04870   WAVE_bv0_2
11f04874   WAVE_aq2_2
11f04878   WAVE_aq1_2
11f0487c   WAVE_aq0_2
11f04880   WAVE_av4_3
11f04884   WAVE_av3_3
11f04888   WAVE_av2_3
11f0488c   WAVE_av1_3
11f04890   WAVE_av0_3
11f04894   WAVE_bv3_3
11f04898   WAVE_bv2_3
11f0489c   WAVE_bv1_3
11f048a0   WAVE_bv0_3
11f048a4   WAVE_aq2_3
11f048a8   WAVE_aq1_3
11f048ac   WAVE_aq0_3
11f048b0   flag_fin
11f048b4   Wr_Throth_check
11f04a78   tmr1regs
11f04a7c   tmr2regs
11f04a80   tmr3regs
11f04a84   mw_gp__CSL_intcCpuIntrTable
11f04a88   mw_platform_errno
11f04a8c   WAVE_MRU1
11f04a90   WAVE_MRV1
11f04a94   WAVE_MRW1
11f04a98   WAVE_MRU2
11f04a9c   WAVE_MRV2
11f04aa0   WAVE_MRW2
11f04aa4   WAVE_MRU3
11f04aa8   WAVE_MRV3
11f04aac   WAVE_MRW3
11f04ab0   WAVE_MRBR1
11f04ab4   WAVE_MRBR2
11f04ab8   WAVE_MRBR3
11f04abc   WAVE_tauLdyn1
11f04ac0   WAVE_tauLdyn2
11f04ac4   WAVE_tauLdyn3
11f04ac8   WAVE_Jl_calc1
11f04acc   WAVE_Jl_calc2
11f04ad0   WAVE_Jl_calc3
11f04ad4   WAVE_IresD1
11f04ad8   WAVE_IresD2
11f04adc   WAVE_IresD3
11f04ae0   WAVE_IresQ1
11f04ae4   WAVE_IresQ2
11f04ae8   WAVE_IresQ3
11f04aec   WAVE_Vdc1
11f04af0   WAVE_Vdc2
11f04af4   WAVE_Vdc3
11f04af8   WAVE_Idc1
11f04afc   WAVE_Idc2
11f04b00   WAVE_Idc3
11f04b04   WAVE_ENC_temp1
11f04b08   WAVE_ENC_temp2
11f04b0c   WAVE_ENC_temp3
11f04b10   WAVE_ENC1
11f04b14   WAVE_ENC2
11f04b18   WAVE_ENC3
11f04b1c   WAVE_theta_rm1
11f04b20   WAVE_theta_rm2
11f04b24   WAVE_theta_rm3
11f04b28   WAVE_theta_rm_ref1
11f04b2c   WAVE_theta_rm_ref2
11f04b30   WAVE_theta_rm_ref3
11f04b34   WAVE_theta_rm_full1
11f04b38   WAVE_theta_rm_full2
11f04b3c   WAVE_theta_rm_full3
11f04b40   WAVE_theta_re1
11f04b44   WAVE_theta_re2
11f04b48   WAVE_theta_re3
11f04b4c   WAVE_TRG_WM1
11f04b50   WAVE_TRG_WM2
11f04b54   WAVE_TRG_WM3
11f04b58   WAVE_wm1
11f04b5c   WAVE_wm2
11f04b60   WAVE_wm3
11f04b64   WAVE_wm_ref_org
11f04b68   WAVE_wm_ref1
11f04b6c   WAVE_wm_ref2
11f04b70   WAVE_wm_ref3
11f04b74   WAVE_wm_cmd1
11f04b78   WAVE_wm_cmd2
11f04b7c   WAVE_wm_cmd3
11f04b80   WAVE_wm_CCC1
11f04b84   WAVE_wm_CCC2
11f04b88   WAVE_wm_CCC3
11f04b8c   WAVE_qm1
11f04b90   WAVE_qm2
11f04b94   WAVE_qm3
11f04b98   WAVE_qm_ref1
11f04b9c   WAVE_qm_ref2
11f04ba0   WAVE_qm_ref3
11f04ba4   WAVE_ql1
11f04ba8   WAVE_ql2
11f04bac   WAVE_ql3
11f04bb0   WAVE_Iq1
11f04bb4   WAVE_Iq2
11f04bb8   WAVE_Iq3
11f04bbc   WAVE_Ipi1
11f04bc0   WAVE_Ipi2
11f04bc4   WAVE_Ipi3
11f04bc8   WAVE_Isfb1
11f04bcc   WAVE_Isfb2
11f04bd0   WAVE_Isfb3
11f04bd4   WAVE_jark1
11f04bd8   WAVE_jark2
11f04bdc   WAVE_jark3
11f04be0   WAVE_am_TriAccCmd1
11f04be4   WAVE_am_TriAccCmd2
11f04be8   WAVE_am_TriAccCmd3
11f04bec   WAVE_wm_TriAccCmd1
11f04bf0   WAVE_wm_TriAccCmd2
11f04bf4   WAVE_wm_TriAccCmd3
11f04bf8   WAVE_qm_TriAccCmd1
11f04bfc   WAVE_qm_TriAccCmd2
11f04c00   WAVE_qm_TriAccCmd3
11f04c04   WAVE_VrefU1
11f04c08   WAVE_VrefV1
11f04c0c   WAVE_VrefW1
11f04c10   WAVE_VrefU2
11f04c14   WAVE_VrefV2
11f04c18   WAVE_VrefW2
11f04c1c   WAVE_VrefU3
11f04c20   WAVE_VrefV3
11f04c24   WAVE_VrefW3
11f04c28   WAVE_vu_ref_stand1
11f04c2c   WAVE_vv_ref_stand1
11f04c30   WAVE_vw_ref_stand1
11f04c34   WAVE_vu_ref_stand2
11f04c38   WAVE_vv_ref_stand2
11f04c3c   WAVE_vw_ref_stand2
11f04c40   WAVE_vu_ref_stand3
11f04c44   WAVE_vv_ref_stand3
11f04c48   WAVE_vw_ref_stand3
11f04c4c   WAVE_IrefD1
11f04c50   WAVE_IrefD2
11f04c54   WAVE_IrefD3
11f04c58   WAVE_IrefQ1
11f04c5c   WAVE_IrefQ2
11f04c60   WAVE_IrefQ3
11f04c64   WAVE_VrefD_dcpl1
11f04c68   WAVE_VrefQ_dcpl1
11f04c6c   WAVE_VrefD_dcpl2
11f04c70   WAVE_VrefQ_dcpl2
11f04c74   WAVE_VrefD_dcpl3
11f04c78   WAVE_VrefQ_dcpl3
11f04c7c   WAVE_VrefD1
11f04c80   WAVE_VrefQ1
11f04c84   WAVE_VrefD2
11f04c88   WAVE_VrefQ2
11f04c8c   WAVE_VrefD3
11f04c90   WAVE_VrefQ3
11f04c94   WAVE_vd_lim_dif1
11f04c98   WAVE_vq_lim_dif1
11f04c9c   WAVE_vd_lim_dif2
11f04ca0   WAVE_vq_lim_dif2
11f04ca4   WAVE_vd_lim_dif3
11f04ca8   WAVE_vq_lim_dif3
11f04cac   WAVE_omega_rm1
11f04cb0   WAVE_omega_rm2
11f04cb4   WAVE_omega_rm3
11f04cb8   WAVE_omega_rm1_ref
11f04cbc   WAVE_omega_rm2_ref
11f04cc0   WAVE_omega_rm3_ref
11f04cc4   WAVE_Tq1
11f04cc8   WAVE_Tq2
11f04ccc   WAVE_Tq3
11f04cd0   WAVE_Icmp1
11f04cd4   WAVE_Icmp2
11f04cd8   WAVE_Icmp3
11f04cdc   ref_Iq_freq_direct1
11f04ce0   ref_Iq_freq_direct2
11f04ce4   ref_Iq_freq_direct3
11f04ce8   WAVE_Iff_1
11f04cec   WAVE_Iff_2
11f04cf0   WAVE_Iff_3
11f04cf4   WAVE_tauL_dyn_2nd
11f04cf8   WAVE_VWX
11f04cfc   WAVE_VWY
11f04d00   WAVE_VWZ
11f04d80   EMF_ExtWaitErrInfo_u32s
11f04d84   EMF_ExtWaitErrCnt_u32s
11f04d88   hGpio
ffffffff   __TI_pprof_out_hndl
ffffffff   __TI_prof_data_size
ffffffff   __TI_prof_data_start
ffffffff   __binit__
ffffffff   __c_args__
ffffffff   binit
UNDEFED    __TI_INITARRAY_Base
UNDEFED    __TI_INITARRAY_Limit
UNDEFED    __TI_TLS_INIT_Base
UNDEFED    __TI_TLS_INIT_Limit

[742 symbols]
