******************************************************************************
               TMS320C6x Linker PC v7.4.24                     
******************************************************************************
>> Linked Tue Sep 30 16:18:57 2025

OUTPUT FILE NAME:   <current_control_ver2_new.out>
ENTRY POINT SYMBOL: "_c_int00"  address: 0c03f5a0


MEMORY CONFIGURATION

         name            origin    length      used     unused   attr    fill
----------------------  --------  ---------  --------  --------  ----  --------
  IPC_ISR_REG           02620244   00000004  00000000  00000004  RWIX
  DDR3_INIT_CODE        0c000000   00018000  00000000  00018000  RW X
  USER_SRAM_1_4         0c018000   000e8000  0002adec  000bd214  RWIX
  KNL0_SRAM_1_4         10800000   000fff80  00000000  000fff80  RWIX
  KNL0_BOOT_AREA        108fff80   0000007c  00000000  0000007c  RWIX
  KNL0_MAGIC_ADDRESS    108ffffc   00000004  00000000  00000004  RWIX
  CTRL_PARAS            11800000   00000100  00000000  00000100  RWIX
  KNL1_SRAM_1_2         11800100   0003ff00  00000000  0003ff00  RWIX
  CSL_INTC              11840000   00010000  00000000  00010000  RWIX
  USER_MAGIC_ADDRESS    118fff80   00000004  00000000  00000004  R   
  KNL1_BOOT_AREA        118fff84   00000078  00000000  00000078  RWIX
  KNL1_MAGIC_ADDRESS    118ffffc   00000004  00000000  00000004  RWIX
  USER_SRAM_2_4         11e00000   00008000  000033e0  00004c20  RWIX
  USER_SRAM_3_4         11f00000   00008000  0000507c  00002f84  RWIX
  TI_BOOT_ROM           20b00000   00020000  00000000  00020000  RWIX
  KNL0_SRAM_2_4         80000000   000fe000  00000000  000fe000  RWIX
  USER_SRAM_4_4         80100000   01800000  00000000  01800000  RWIX
  KNL0_SRAM_3_4         82000000   0d000000  00000000  0d000000  RWIX
  KNL0_SRAM_4_4         8f000000   01000000  00000000  01000000  RWIX
  KNL1_SRAM_2_2         90000000   10000000  00000000  10000000  RWIX


SEGMENT ALLOCATION MAP

run origin  load origin   length   init length attrs members
----------  ----------- ---------- ----------- ----- -------
0c018000    0c018000    00027ce0   00027ce0    r-x
  0c018000    0c018000    00027ce0   00027ce0    r-x .text
0c03fce0    0c03fce0    00000b3c   00000b3c    rw-
  0c03fce0    0c03fce0    00000b3c   00000b3c    rw- .fardata
0c040880    0c040880    00000078   00000078    r--
  0c040880    0c040880    00000078   00000078    r-- .const
0c0408f8    0c0408f8    00000068   00000000    rw-
  0c0408f8    0c0408f8    00000068   00000000    rw- .far
0c040980    0c040980    00000010   00000010    r--
  0c040980    0c040980    00000010   00000010    r-- .switch
0c040a00    0c040a00    000024e0   000024e0    r--
  0c040a00    0c040a00    000024e0   000024e0    r-- .cinit
11e00000    11e00000    000033e0   000033e0    r-x
  11e00000    11e00000    000033e0   000033e0    r-x .text_2
11f00000    11f00000    000022b8   000022b8    rw-
  11f00000    11f00000    000022b8   000022b8    rw- .data_2
11f02300    11f02300    00002320   00001320    rw-
  11f02300    11f02300    00001320   00001320    rw- .DATA_ON_HIGHER_SPEED
  11f03620    11f03620    00001000   00000000    rw- .stack
11f04620    11f04620    00000aa4   00000728    rw-
  11f04620    11f04620    00000728   00000728    rw- .neardata
  11f04d48    11f04d48    0000037c   00000000    rw- .bss


SECTION ALLOCATION MAP

 output                                  attributes/
section   page    origin      length       input sections
--------  ----  ----------  ----------   ----------------
.text      0    0c018000    00027ce0     
                  0c018000    0001ea00     current_control_ver2_new.obj (.text)
                  0c036a00    00003420     current_control_ver2_new.obj (.text:retain)
                  0c039e20    00000b20     enc.obj (.text)
                  0c03a940    00000700     rts6600_elf.lib : pow.obj (.text:pow)
                  0c03b040    000006c0     mwio4.lib : mw_i2c_eeprom.obj (.text)
                  0c03b700    000005e0     rts6600_elf.lib : powf.obj (.text:powf)
                  0c03bce0    000005c0                     : divd.obj (.text:__c6xabi_divd)
                  0c03c2a0    000003c0     mwio4.lib : mw_spi.obj (.text)
                  0c03c660    00000360               : mw_flash.obj (.text)
                  0c03c9c0    00000340               : mw_platform.obj (.text)
                  0c03cd00    000002c0     rts6600_elf.lib : cos.obj (.text:cos)
                  0c03cfc0    00000280                     : divf.obj (.text:__c6xabi_divf)
                  0c03d240    00000280                     : sin.obj (.text:sin)
                  0c03d4c0    00000240                     : cosf.obj (.text:cosf)
                  0c03d700    00000240     mwio4.lib : FPGA_LIB.obj (.text)
                  0c03d940    00000240     rts6600_elf.lib : sinf.obj (.text:sinf)
                  0c03db80    00000200     mwio4.lib : IPFPGA_LIB.obj (.text)
                  0c03dd80    000001e0     rts6600_elf.lib : acos.obj (.text:acos)
                  0c03df60    000001c0                     : atan.obj (.text:atan)
                  0c03e120    000001a0                     : expf.obj (.text:expf)
                  0c03e2c0    00000180                     : copy_decompress_rle.obj (.text:__TI_decompress_rle_core)
                  0c03e440    00000180                     : atan2.obj (.text:atan2)
                  0c03e5c0    00000180                     : frexp.obj (.text:frexp)
                  0c03e740    00000160                     : frexpf.obj (.text:frexpf)
                  0c03e8a0    00000160                     : ldexp.obj (.text:ldexp)
                  0c03ea00    00000160                     : ldexpf.obj (.text:ldexpf)
                  0c03eb60    00000160                     : sqrt.obj (.text:sqrt)
                  0c03ecc0    00000100                     : autoinit.obj (.text:_auto_init_elf)
                  0c03edc0    00000100                     : cpy_tbl.obj (.text:copy_in)
                  0c03eec0    000000e0                     : divi.obj (.text:__divi)
                  0c03efa0    000000e0                     : memset.obj (.text:memset)
                  0c03f080    000000c0                     : divu.obj (.text:__divu)
                  0c03f140    000000c0                     : exit.obj (.text:exit)
                  0c03f200    000000c0                     : tls.obj (.text:tls:init:__TI_tls_init)
                  0c03f2c0    000000a0                     : round.obj (.text:__c6xabi_nround)
                  0c03f360    000000a0                     : memcpy64.obj (.text:memcpy)
                  0c03f400    000000a0                     : modf.obj (.text:modf)
                  0c03f4a0    00000080                     : fixdu.obj (.text:__c6xabi_fixdu)
                  0c03f520    00000080                     : roundf.obj (.text:__c6xabi_roundf)
                  0c03f5a0    00000080                     : boot.obj (.text:_c_int00)
                  0c03f620    00000080     mwio4.lib : PEV_LIB.obj (.text)
                  0c03f6a0    00000080               : mw_i2c.obj (.text)
                  0c03f720    00000060     rts6600_elf.lib : cpp_init.obj (.text:__TI_cpp_init)
                  0c03f780    00000060                     : frcmpyd_div.obj (.text:__c6xabi_frcmpyd_div)
                  0c03f7e0    00000060                     : llshift.obj (.text:__c6xabi_llshru)
                  0c03f840    00000060                     : modff.obj (.text:modff)
                  0c03f8a0    00000040                     : args_main.obj (.text:_args_main)
                  0c03f8e0    00000020     ti.csl.ae66 : csl_gpioGetBaseAddress.oe66 (.text:CSL_GPIO_open)
                  0c03f900    00000020     Main.obj (.text)
                  0c03f920    00000020     rts6600_elf.lib : errno.obj (.text:__c6xabi_errno_addr)
                  0c03f940    00000020                     : trunc.obj (.text:__c6xabi_trunc)
                  0c03f960    00000020                     : truncf.obj (.text:__c6xabi_truncf)
                  0c03f980    00000020                     : exit.obj (.text:abort)
                  0c03f9a0    00000020                     : copy_decompress_none.obj (.text:decompress:none:__TI_decompress_none)
                  0c03f9c0    00000020                     : copy_decompress_rle.obj (.text:decompress:rle24:__TI_decompress_rle24)
                  0c03f9e0    00000010     mwio4.lib : EMIF16.obj ($Tramp$S$$EMF_EnableIntr_s32)
                  0c03f9f0    00000010               : gpio_int.obj ($Tramp$S$$GPI_init_vo)
                  0c03fa00    00000010               : mwintc.obj ($Tramp$S$$mwintc_setupApp)
                  0c03fa10    00000010               : PEV_INV_LIB.obj ($Tramp$S$$PEV_ad_set_offset)
                  0c03fa20    00000010               : EMIF16.obj ($Tramp$S$$EMF_Read_s32)
                  0c03fa30    00000010               : EMIF16.obj ($Tramp$S$$EMF_ReadFpgaBoard_s32)
                  0c03fa40    00000010               : EMIF16.obj ($Tramp$S$$EMF_Write2_s32)
                  0c03fa50    00000010               : gpio_int.obj ($Tramp$S$$GPI_int_ack_vo)
                  0c03fa60    00000010               : timer_lib.obj ($Tramp$S$$C6657_timer2_read)
                  0c03fa70    00000010               : timer_lib.obj ($Tramp$S$$C6657_timer1_read)
                  0c03fa80    00000010               : timer_lib.obj ($Tramp$S$$C6657_timer1_start)
                  0c03fa90    00000010               : timer_lib.obj ($Tramp$S$$C6657_timer1_clear)
                  0c03faa0    00000010               : timer_lib.obj ($Tramp$S$$C6657_timer0_read)
                  0c03fab0    00000010               : timer_lib.obj ($Tramp$S$$C6657_timer0_start)
                  0c03fac0    00000010               : timer_lib.obj ($Tramp$S$$C6657_timer0_clear)
                  0c03fad0    00000010               : timer_lib.obj ($Tramp$S$$C6657_timer1_stop)
                  0c03fae0    00000010               : timer_lib.obj ($Tramp$S$$C6657_timer0_stop)
                  0c03faf0    00000010               : timer_lib.obj ($Tramp$S$$C6657_timer2_start)
                  0c03fb00    00000010               : timer_lib.obj ($Tramp$S$$C6657_timer2_clear)
                  0c03fb10    00000010               : timer_lib.obj ($Tramp$S$$C6657_timer2_stop)
                  0c03fb20    00000010               : PEV_INV_LIB.obj ($Tramp$S$$PEV_inverter_start_pwm)
                  0c03fb30    00000010               : timer_lib.obj ($Tramp$S$$C6657_timer2_disable_int)
                  0c03fb40    00000010               : timer_lib.obj ($Tramp$S$$C6657_timer1_disable_int)
                  0c03fb50    00000010               : timer_lib.obj ($Tramp$S$$C6657_timer0_disable_int)
                  0c03fb60    00000010               : PEV_INV_LIB.obj ($Tramp$S$$PEV_ad_disable_int)
                  0c03fb70    00000010               : mwintc.obj ($Tramp$S$$IRQ_globalEnable)
                  0c03fb80    00000010               : timer_lib.obj ($Tramp$S$$C6657_timer2_init)
                  0c03fb90    00000010               : timer_lib.obj ($Tramp$S$$C6657_timer1_init)
                  0c03fba0    00000010               : timer_lib.obj ($Tramp$S$$C6657_timer0_init)
                  0c03fbb0    00000010               : PEV_INV_LIB.obj ($Tramp$S$$PEV_inverter_control_break)
                  0c03fbc0    00000010               : PEV_INV_LIB.obj ($Tramp$S$$PEV_inverter_enable_int)
                  0c03fbd0    00000010               : PEV_INV_LIB.obj ($Tramp$S$$PEV_inverter_init_refload_timing)
                  0c03fbe0    00000010               : PEV_INV_LIB.obj ($Tramp$S$$PEV_inverter_init_adtrig_timing)
                  0c03fbf0    00000010               : PEV_INV_LIB.obj ($Tramp$S$$PEV_inverter_set_uvw)
                  0c03fc00    00000010               : PEV_INV_LIB.obj ($Tramp$S$$PEV_ad_set_mode)
                  0c03fc10    00000010               : PEV_INV_LIB.obj ($Tramp$S$$PEV_ad_set_range)
                  0c03fc20    00000010               : PEV_INV_LIB.obj ($Tramp$S$$PEV_sync_pwm_out)
                  0c03fc30    00000010               : PEV_INV_LIB.obj ($Tramp$S$$PEV_sync_pwm_init)
                  0c03fc40    00000010               : PEV_INV_LIB.obj ($Tramp$S$$PEV_sync_ad_out)
                  0c03fc50    00000010               : PEV_INV_LIB.obj ($Tramp$S$$PEV_sync_ad_init)
                  0c03fc60    00000010               : PEV_INV_LIB.obj ($Tramp$S$$PEV_inverter_init)
                  0c03fc70    00000010               : gpio_int.obj ($Tramp$S$$GPI_enable_int_vo)
                  0c03fc80    00000010               : gpio_int.obj ($Tramp$S$$GPI_setVector_vo)
                  0c03fc90    00000010               : PEV_INV_LIB.obj ($Tramp$S$$PEV_int_init)
                  0c03fca0    00000010               : mwintc.obj ($Tramp$S$$IRQ_globalDisable)
                  0c03fcb0    00000010               : PEV_INV_LIB.obj ($Tramp$S$$PEV_ad_in_grp)
                  0c03fcc0    00000010               : PEV_INV_LIB.obj ($Tramp$S$$PEV_ad_in_st)
                  0c03fcd0    00000010               : PEV_INV_LIB.obj ($Tramp$S$$PEV_inverter_set_uvw_br)

.fardata   0    0c03fce0    00000b3c     
                  0c03fce0    00000120     current_control_ver2_new.obj (.fardata:sen)
                  0c03fe00    000000a8     mwio4.lib : mw_platform.obj (.fardata)
                  0c03fea8    00000088     rts6600_elf.lib : pow.obj (.fardata:A1$1)
                  0c03ff30    00000084     current_control_ver2_new.obj (.fardata:LPF_cmd)
                  0c03ffb4    00000004     rts6600_elf.lib : errno.obj (.fardata)
                  0c03ffb8    00000084     current_control_ver2_new.obj (.fardata:LPF_motor)
                  0c04003c    00000004     --HOLE--
                  0c040040    00000060     rts6600_elf.lib : acos.obj (.fardata:asin_consts$1)
                  0c0400a0    00000048     current_control_ver2_new.obj (.fardata:d_current)
                  0c0400e8    00000048     current_control_ver2_new.obj (.fardata:position)
                  0c040130    00000048     current_control_ver2_new.obj (.fardata:q_current)
                  0c040178    00000048     current_control_ver2_new.obj (.fardata:velocity)
                  0c0401c0    00000044     rts6600_elf.lib : powf.obj (.fardata:A1$1)
                  0c040204    00000004     --HOLE--
                  0c040208    00000040                     : pow.obj (.fardata:A2$2)
                  0c040248    00000040                     : cos.obj (.fardata:R$1)
                  0c040288    00000040                     : sin.obj (.fardata:R$1)
                  0c0402c8    00000040                     : atan.obj (.fardata:arctan_consts$1)
                  0c040308    00000038                     : pow.obj (.fardata:Q$4)
                  0c040340    00000024     current_control_ver2_new.obj (.fardata:J$111)
                  0c040364    00000004     --HOLE--
                  0c040368    00000020     rts6600_elf.lib : atan.obj (.fardata:A$2)
                  0c040388    00000020                     : powf.obj (.fardata:A2$2)
                  0c0403a8    00000020                     : pow.obj (.fardata:P$3)
                  0c0403c8    00000020     current_control_ver2_new.obj (.fardata:range)
                  0c0403e8    0000001c     rts6600_elf.lib : expf.obj (.fardata:exp_consts$1)
                  0c040404    00000004     --HOLE--
                  0c040408    00000010                     : cosf.obj (.fardata:R$1)
                  0c040418    00000010                     : sinf.obj (.fardata:R$1)
                  0c040428    0000000c                     : powf.obj (.fardata:Q$4)
                  0c040434    00000004     --HOLE--
                  0c040438    0000000c     current_control_ver2_new.obj (.fardata:Vdc_mean$192)
                  0c040444    00000004     --HOLE--
                  0c040448    0000000c     current_control_ver2_new.obj (.fardata:Vdc_sum$191)
                  0c040454    00000004     --HOLE--
                  0c040458    0000000c     current_control_ver2_new.obj (.fardata:counter$190)
                  0c040464    00000004     --HOLE--
                  0c040468    0000000c     current_control_ver2_new.obj (.fardata:est_Qs_Z$31)
                  0c040474    00000004     --HOLE--
                  0c040478    0000000c     current_control_ver2_new.obj (.fardata:est_Qs_Z1$28)
                  0c040484    00000004     --HOLE--
                  0c040488    0000000c     current_control_ver2_new.obj (.fardata:est_wL_Z$32)
                  0c040494    00000004     --HOLE--
                  0c040498    0000000c     current_control_ver2_new.obj (.fardata:est_wL_Z1$29)
                  0c0404a4    00000004     --HOLE--
                  0c0404a8    0000000c     current_control_ver2_new.obj (.fardata:est_wM_Z$30)
                  0c0404b4    00000004     --HOLE--
                  0c0404b8    0000000c     current_control_ver2_new.obj (.fardata:est_wM_Z1$27)
                  0c0404c4    00000004     --HOLE--
                  0c0404c8    0000000c     current_control_ver2_new.obj (.fardata:goalZ$58)
                  0c0404d4    00000004     --HOLE--
                  0c0404d8    0000000c     current_control_ver2_new.obj (.fardata:goalZ$70)
                  0c0404e4    00000004     --HOLE--
                  0c0404e8    0000000c     current_control_ver2_new.obj (.fardata:goalZ$79)
                  0c0404f4    00000004     --HOLE--
                  0c0404f8    0000000c     current_control_ver2_new.obj (.fardata:hand_cmd$3)
                  0c040504    00000004     --HOLE--
                  0c040508    0000000c     current_control_ver2_new.obj (.fardata:hand_vel$4)
                  0c040514    00000004     --HOLE--
                  0c040518    0000000c     current_control_ver2_new.obj (.fardata:joint_cmd$5)
                  0c040524    00000004     --HOLE--
                  0c040528    0000000c     current_control_ver2_new.obj (.fardata:loop_count_num$162)
                  0c040534    00000004     --HOLE--
                  0c040538    0000000c     current_control_ver2_new.obj (.fardata:m_Z$182)
                  0c040544    00000004     --HOLE--
                  0c040548    0000000c     current_control_ver2_new.obj (.fardata:m_Z1$189)
                  0c040554    00000004     --HOLE--
                  0c040558    0000000c     current_control_ver2_new.obj (.fardata:motor_cmd$6)
                  0c040564    00000004     --HOLE--
                  0c040568    0000000c     current_control_ver2_new.obj (.fardata:motor_vel_cmd$7)
                  0c040574    00000004     --HOLE--
                  0c040578    0000000c     current_control_ver2_new.obj (.fardata:n_Z$181)
                  0c040584    00000004     --HOLE--
                  0c040588    0000000c     current_control_ver2_new.obj (.fardata:n_Z1$188)
                  0c040594    00000004     --HOLE--
                  0c040598    0000000c     current_control_ver2_new.obj (.fardata:p1$110)
                  0c0405a4    00000004     --HOLE--
                  0c0405a8    0000000c     current_control_ver2_new.obj (.fardata:ql_Z$168)
                  0c0405b4    00000004     --HOLE--
                  0c0405b8    0000000c     current_control_ver2_new.obj (.fardata:ql_Z$180)
                  0c0405c4    00000004     --HOLE--
                  0c0405c8    0000000c     current_control_ver2_new.obj (.fardata:ql_Z1$174)
                  0c0405d4    00000004     --HOLE--
                  0c0405d8    0000000c     current_control_ver2_new.obj (.fardata:ql_Z1$187)
                  0c0405e4    00000004     --HOLE--
                  0c0405e8    0000000c     current_control_ver2_new.obj (.fardata:qm_Z$165)
                  0c0405f4    00000004     --HOLE--
                  0c0405f8    0000000c     current_control_ver2_new.obj (.fardata:qm_Z$177)
                  0c040604    00000004     --HOLE--
                  0c040608    0000000c     current_control_ver2_new.obj (.fardata:qm_Z1$171)
                  0c040614    00000004     --HOLE--
                  0c040618    0000000c     current_control_ver2_new.obj (.fardata:qm_Z1$184)
                  0c040624    00000004     --HOLE--
                  0c040628    0000000c     current_control_ver2_new.obj (.fardata:qm_prev$161)
                  0c040634    00000004     --HOLE--
                  0c040638    0000000c     current_control_ver2_new.obj (.fardata:qs_Z$166)
                  0c040644    00000004     --HOLE--
                  0c040648    0000000c     current_control_ver2_new.obj (.fardata:qs_Z$178)
                  0c040654    00000004     --HOLE--
                  0c040658    0000000c     current_control_ver2_new.obj (.fardata:qs_Z$34)
                  0c040664    00000004     --HOLE--
                  0c040668    0000000c     current_control_ver2_new.obj (.fardata:qs_Z$40)
                  0c040674    00000004     --HOLE--
                  0c040678    0000000c     current_control_ver2_new.obj (.fardata:qs_Z1$172)
                  0c040684    00000004     --HOLE--
                  0c040688    0000000c     current_control_ver2_new.obj (.fardata:qs_Z1$185)
                  0c040694    00000004     --HOLE--
                  0c040698    0000000c     current_control_ver2_new.obj (.fardata:qs_Z1$37)
                  0c0406a4    00000004     --HOLE--
                  0c0406a8    0000000c     current_control_ver2_new.obj (.fardata:qs_Z1$43)
                  0c0406b4    0000000c     rts6600_elf.lib : exit.obj (.fardata)
                  0c0406c0    0000000c     current_control_ver2_new.obj (.fardata:sign_invers$163)
                  0c0406cc    00000004     --HOLE--
                  0c0406d0    0000000c     current_control_ver2_new.obj (.fardata:start_hand)
                  0c0406dc    00000004     --HOLE--
                  0c0406e0    0000000c     current_control_ver2_new.obj (.fardata:wl_Z$167)
                  0c0406ec    00000004     --HOLE--
                  0c0406f0    0000000c     current_control_ver2_new.obj (.fardata:wl_Z$179)
                  0c0406fc    00000004     --HOLE--
                  0c040700    0000000c     current_control_ver2_new.obj (.fardata:wl_Z$35)
                  0c04070c    00000004     --HOLE--
                  0c040710    0000000c     current_control_ver2_new.obj (.fardata:wl_Z$41)
                  0c04071c    00000004     --HOLE--
                  0c040720    0000000c     current_control_ver2_new.obj (.fardata:wl_Z1$173)
                  0c04072c    00000004     --HOLE--
                  0c040730    0000000c     current_control_ver2_new.obj (.fardata:wl_Z1$186)
                  0c04073c    00000004     --HOLE--
                  0c040740    0000000c     current_control_ver2_new.obj (.fardata:wl_Z1$38)
                  0c04074c    00000004     --HOLE--
                  0c040750    0000000c     current_control_ver2_new.obj (.fardata:wl_Z1$44)
                  0c04075c    00000004     --HOLE--
                  0c040760    0000000c     current_control_ver2_new.obj (.fardata:wm_Z$164)
                  0c04076c    00000004     --HOLE--
                  0c040770    0000000c     current_control_ver2_new.obj (.fardata:wm_Z$176)
                  0c04077c    00000004     --HOLE--
                  0c040780    0000000c     current_control_ver2_new.obj (.fardata:wm_Z$33)
                  0c04078c    00000004     --HOLE--
                  0c040790    0000000c     current_control_ver2_new.obj (.fardata:wm_Z$39)
                  0c04079c    00000004     --HOLE--
                  0c0407a0    0000000c     current_control_ver2_new.obj (.fardata:wm_Z1$170)
                  0c0407ac    00000004     --HOLE--
                  0c0407b0    0000000c     current_control_ver2_new.obj (.fardata:wm_Z1$183)
                  0c0407bc    00000004     --HOLE--
                  0c0407c0    0000000c     current_control_ver2_new.obj (.fardata:wm_Z1$36)
                  0c0407cc    00000004     --HOLE--
                  0c0407d0    0000000c     current_control_ver2_new.obj (.fardata:wm_Z1$42)
                  0c0407dc    00000004     --HOLE--
                  0c0407e0    0000000c     current_control_ver2_new.obj (.fardata:wm_prev$160)
                  0c0407ec    00000004     --HOLE--
                  0c0407f0    0000000c     current_control_ver2_new.obj (.fardata:z_Z$169)
                  0c0407fc    00000004     --HOLE--
                  0c040800    0000000c     current_control_ver2_new.obj (.fardata:z_Z1$175)
                  0c04080c    00000004     --HOLE--
                  0c040810    00000008     current_control_ver2_new.obj (.fardata:loop_count_num$194)
                  0c040818    00000004     rts6600_elf.lib : powf.obj (.fardata:P$3)

.const     0    0c040880    00000078     
                  0c040880    00000020     current_control_ver2_new.obj (.const:$P$T1$23)
                  0c0408a0    00000020     current_control_ver2_new.obj (.const:$P$T2$24)
                  0c0408c0    0000000c     current_control_ver2_new.obj (.const:$P$T0$22)
                  0c0408cc    00000004     --HOLE-- [fill = 0]
                  0c0408d0    0000000c     current_control_ver2_new.obj (.const:$P$T3$193)
                  0c0408dc    00000004     --HOLE-- [fill = 0]
                  0c0408e0    00000008     current_control_ver2_new.obj (.const:cmd_1_soft)
                  0c0408e8    00000008     current_control_ver2_new.obj (.const:cmd_2_soft)
                  0c0408f0    00000008     current_control_ver2_new.obj (.const:cmd_3_soft)

.far       0    0c0408f8    00000068     UNINITIALIZED
                  0c0408f8    0000005c     current_control_ver2_new.obj (.far)
                  0c040954    0000000c     mwio4.lib : EMIF16.obj (.far)

.switch    0    0c040980    00000010     
                  0c040980    00000010     mwio4.lib : mw_flash.obj (.switch:mw_nor_erase)

.cinit     0    0c040a00    000024e0     
                  0c040a00    00002069     (.cinit..data_2.load) [load image, compression = rle]
                  0c042a69    00000003     --HOLE-- [fill = 0]
                  0c042a6c    000003b3     (.cinit..fardata.load) [load image, compression = rle]
                  0c042e1f    00000001     --HOLE-- [fill = 0]
                  0c042e20    0000007c     (.cinit..neardata.load) [load image, compression = rle]
                  0c042e9c    0000001a     (.cinit..DATA_ON_HIGHER_SPEED.load) [load image, compression = rle]
                  0c042eb6    00000002     --HOLE-- [fill = 0]
                  0c042eb8    00000008     (__TI_handler_table)
                  0c042ec0    00000020     (__TI_cinit_table)

.text_2    0    11e00000    000033e0     
                  11e00000    00001960     mwio4.lib : PEV_INV_LIB.obj (.text)
                  11e01960    00000640               : timer_lib.obj (.text)
                  11e01fa0    00000620               : EMIF16.obj (.text)
                  11e025c0    00000440               : mwintc.obj (.text)
                  11e02a00    00000320               : csl2_intcHwControl.obj (.text:csl_section:intc)
                  11e02d20    000001e0               : EMIF16.obj (.text:retain)
                  11e02f00    000001a0               : gpio_int.obj (.text)
                  11e030a0    00000180               : csl2_intcOpen.obj (.text:csl_section:intc)
                  11e03220    00000140               : _csl2_intcIntrEnDisRes_eabi.obj (.text)
                  11e03360    00000020               : _csl2_intcDispatcher.obj (.text:csl_section:intc)
                  11e03380    00000020               : _csl2_intcDispatcher.obj (.text:csl_section:intc:retain)
                  11e033a0    00000010     ti.csl.ae66 : csl_gpioGetBaseAddress.oe66 ($Tramp$S$$CSL_GPIO_open)
                  11e033b0    00000010     rts6600_elf.lib : fixdu.obj ($Tramp$S$$__c6xabi_fixdu)
                  11e033c0    00000010                     : divd.obj ($Tramp$S$$__c6xabi_divd)
                  11e033d0    00000010                     : divi.obj ($Tramp$S$$__c6xabi_divi)

.data_2    0    11f00000    000022b8     
                  11f00000    00000170     mwio4.lib : PEV_INV_LIB.obj (.far) [fill = 0]
                  11f00170    000000c0               : gpio_int.obj (.far) [fill = 0]
                  11f00230    00000024               : timer_lib.obj (.far) [fill = 0]
                  11f00254    00000018               : csl2_intcHwControl.obj (.switch:CSL2_intcHwControl)
                  11f0026c    00000004     --HOLE--
                  11f00270    00000040               : gpio_int.obj (.fardata:gpio_int_map)
                  11f002b0    00002008               : _mwsintbl.obj (.const:_mwSinTbl)

.DATA_ON_HIGHER_SPEED 
*          0    11f02300    00001320     
                  11f02300    00001308     current_control_ver2_new.obj (.DATA_ON_HIGHER_SPEED:init)
                  11f03608    00000018     current_control_ver2_new.obj (.DATA_ON_HIGHER_SPEED:uninit) [fill = 0]

.stack     0    11f03620    00001000     UNINITIALIZED
                  11f03620    00000008     rts6600_elf.lib : boot.obj (.stack)
                  11f03628    00000ff8     --HOLE--

.neardata 
*          0    11f04620    00000728     
                  11f04620    00000714     current_control_ver2_new.obj (.neardata)
                  11f04d34    0000000c     mwio4.lib : timer_lib.obj (.neardata)
                  11f04d40    00000004               : csl2_intcOpen.obj (.neardata)
                  11f04d44    00000004               : mw_platform.obj (.neardata)

.bss       0    11f04d48    0000037c     UNINITIALIZED
                  11f04d48    0000036c     current_control_ver2_new.obj (.bss)
                  11f050b4    00000008     mwio4.lib : EMIF16.obj (.bss)
                  11f050bc    00000004               : gpio_int.obj (.bss)
                  11f050c0    00000004               : mw_spi.obj (.bss)


LINKER GENERATED COPY TABLES

__TI_cinit_table @ 0c042ec0 records: 4, size/record: 8, table size: 32
	.data_2: load addr=0c040a00, load size=00002069 bytes, run addr=11f00000, run size=000022b8 bytes, compression=rle
	.fardata: load addr=0c042a6c, load size=000003b3 bytes, run addr=0c03fce0, run size=00000b3c bytes, compression=rle
	.neardata: load addr=0c042e20, load size=0000007c bytes, run addr=11f04620, run size=00000728 bytes, compression=rle
	.DATA_ON_HIGHER_SPEED: load addr=0c042e9c, load size=0000001a bytes, run addr=11f02300, run size=00001320 bytes, compression=rle


LINKER GENERATED HANDLER TABLE

__TI_handler_table @ 0c042eb8 records: 2, size/record: 4, table size: 8
	index: 0, handler: __TI_decompress_rle24
	index: 1, handler: __TI_decompress_none


FAR CALL TRAMPOLINES

callee name               trampoline name
   callee addr  tramp addr   call addr  call info
--------------  -----------  ---------  ----------------
$.text:mwio4.lib<EMIF16.obj>$0x58c  $Tramp$S$$EMF_EnableIntr_s32
   11e0252c     0c03f9e0     0c03f90c   Main.obj (.text)
$.text:mwio4.lib<gpio_int.obj>$0x124  $Tramp$S$$GPI_init_vo
   11e03024     0c03f9f0     0c03f908   Main.obj (.text)
$.text:mwio4.lib<mwintc.obj>$0x34  $Tramp$S$$mwintc_setupApp
   11e025f4     0c03fa00     0c03f904   Main.obj (.text)
$.text:mwio4.lib<PEV_INV_LIB.obj>$0xf98  $Tramp$S$$PEV_ad_set_offset
   11e00f98     0c03fa10     0c03f640   mwio4.lib : PEV_LIB.obj (.text)
$.text:mwio4.lib<EMIF16.obj>$0x218  $Tramp$S$$EMF_Read_s32
   11e021b8     0c03fa20     0c03d914   mwio4.lib : FPGA_LIB.obj (.text)
                             0c03dd50             : IPFPGA_LIB.obj (.text)
                             0c03f668             : PEV_LIB.obj (.text)
$.text:mwio4.lib<EMIF16.obj>$0x28c  $Tramp$S$$EMF_ReadFpgaBoard_s32
   11e0222c     0c03fa30     0c03d888   mwio4.lib : FPGA_LIB.obj (.text)
                             0c03d8e8             : FPGA_LIB.obj (.text)
                             0c03dcb4             : IPFPGA_LIB.obj (.text)
                             0c03dd24             : IPFPGA_LIB.obj (.text)
$.text:mwio4.lib<EMIF16.obj>$0x180  $Tramp$S$$EMF_Write2_s32
   11e02120     0c03fa40     0c03d7b4   mwio4.lib : FPGA_LIB.obj (.text)
                             0c03d824             : FPGA_LIB.obj (.text)
                             0c03dbe4             : IPFPGA_LIB.obj (.text)
                             0c03dc50             : IPFPGA_LIB.obj (.text)
$.text:mwio4.lib<gpio_int.obj>$0xd4  $Tramp$S$$GPI_int_ack_vo
   11e02fd4     0c03fa50     0c039d44   current_control_ver2_new.obj (.text:retain)
$.text:mwio4.lib<timer_lib.obj>$0x178  $Tramp$S$$C6657_timer2_read
   11e01ad8     0c03fa60     0c039cf8   current_control_ver2_new.obj (.text:retain)
$.text:mwio4.lib<timer_lib.obj>$0x340  $Tramp$S$$C6657_timer1_read
   11e01ca0     0c03fa70     0c038334   current_control_ver2_new.obj (.text:retain)
                             0c03895c   current_control_ver2_new.obj (.text:retain)
$.text:mwio4.lib<timer_lib.obj>$0x320  $Tramp$S$$C6657_timer1_start
   11e01c80     0c03fa80     0c0374dc   current_control_ver2_new.obj (.text:retain)
$.text:mwio4.lib<timer_lib.obj>$0x48c  $Tramp$S$$C6657_timer1_clear
   11e01dec     0c03fa90     0c0374d8   current_control_ver2_new.obj (.text:retain)
$.text:mwio4.lib<timer_lib.obj>$0x4e0  $Tramp$S$$C6657_timer0_read
   11e01e40     0c03faa0     0c037480   current_control_ver2_new.obj (.text:retain)
$.text:mwio4.lib<timer_lib.obj>$0x4c0  $Tramp$S$$C6657_timer0_start
   11e01e20     0c03fab0     0c037380   current_control_ver2_new.obj (.text:retain)
$.text:mwio4.lib<timer_lib.obj>$0x62c  $Tramp$S$$C6657_timer0_clear
   11e01f8c     0c03fac0     0c037378   current_control_ver2_new.obj (.text:retain)
$.text:mwio4.lib<timer_lib.obj>$0x308  $Tramp$S$$C6657_timer1_stop
   11e01c68     0c03fad0     0c037364   current_control_ver2_new.obj (.text:retain)
$.text:mwio4.lib<timer_lib.obj>$0x4a8  $Tramp$S$$C6657_timer0_stop
   11e01e08     0c03fae0     0c037354   current_control_ver2_new.obj (.text:retain)
$.text:mwio4.lib<timer_lib.obj>$0x154  $Tramp$S$$C6657_timer2_start
   11e01ab4     0c03faf0     0c036acc   current_control_ver2_new.obj (.text:retain)
$.text:mwio4.lib<timer_lib.obj>$0x2ec  $Tramp$S$$C6657_timer2_clear
   11e01c4c     0c03fb00     0c036ac8   current_control_ver2_new.obj (.text:retain)
$.text:mwio4.lib<timer_lib.obj>$0x140  $Tramp$S$$C6657_timer2_stop
   11e01aa0     0c03fb10     0c036ac0   current_control_ver2_new.obj (.text:retain)
$.text:mwio4.lib<PEV_INV_LIB.obj>$0x394  $Tramp$S$$PEV_inverter_start_pwm
   11e00394     0c03fb20     0c025b00   current_control_ver2_new.obj (.text)
                             0c025b08   current_control_ver2_new.obj (.text)
                             0c025b0c   current_control_ver2_new.obj (.text)
$.text:mwio4.lib<timer_lib.obj>$0x298  $Tramp$S$$C6657_timer2_disable_int
   11e01bf8     0c03fb30     0c025af0   current_control_ver2_new.obj (.text)
$.text:mwio4.lib<timer_lib.obj>$0x438  $Tramp$S$$C6657_timer1_disable_int
   11e01d98     0c03fb40     0c025aec   current_control_ver2_new.obj (.text)
$.text:mwio4.lib<timer_lib.obj>$0x5d8  $Tramp$S$$C6657_timer0_disable_int
   11e01f38     0c03fb50     0c025ae8   current_control_ver2_new.obj (.text)
$.text:mwio4.lib<PEV_INV_LIB.obj>$0x1460  $Tramp$S$$PEV_ad_disable_int
   11e01460     0c03fb60     0c025ad0   current_control_ver2_new.obj (.text)
                             0c025ad8   current_control_ver2_new.obj (.text)
                             0c025ae0   current_control_ver2_new.obj (.text)
$.text:mwio4.lib<mwintc.obj>$0x3f0  $Tramp$S$$IRQ_globalEnable
   11e029b0     0c03fb70     0c025acc   current_control_ver2_new.obj (.text)
$.text:mwio4.lib<timer_lib.obj>$0x1d0  $Tramp$S$$C6657_timer2_init
   11e01b30     0c03fb80     0c025ac4   current_control_ver2_new.obj (.text)
$.text:mwio4.lib<timer_lib.obj>$0x370  $Tramp$S$$C6657_timer1_init
   11e01cd0     0c03fb90     0c025ab8   current_control_ver2_new.obj (.text)
$.text:mwio4.lib<timer_lib.obj>$0x510  $Tramp$S$$C6657_timer0_init
   11e01e70     0c03fba0     0c025aac   current_control_ver2_new.obj (.text)
$.text:mwio4.lib<PEV_INV_LIB.obj>$0xda8  $Tramp$S$$PEV_inverter_control_break
   11e00da8     0c03fbb0     0c025a8c   current_control_ver2_new.obj (.text)
                             0c025a94   current_control_ver2_new.obj (.text)
                             0c025aa0   current_control_ver2_new.obj (.text)
$.text:mwio4.lib<PEV_INV_LIB.obj>$0xcf4  $Tramp$S$$PEV_inverter_enable_int
   11e00cf4     0c03fbc0     0c025a74   current_control_ver2_new.obj (.text)
                             0c025a80   current_control_ver2_new.obj (.text)
                             0c025a84   current_control_ver2_new.obj (.text)
$.text:mwio4.lib<PEV_INV_LIB.obj>$0x958  $Tramp$S$$PEV_inverter_init_refload_timing
   11e00958     0c03fbd0     0c025a58   current_control_ver2_new.obj (.text)
                             0c025a68   current_control_ver2_new.obj (.text)
                             0c025a6c   current_control_ver2_new.obj (.text)
$.text:mwio4.lib<PEV_INV_LIB.obj>$0xaa8  $Tramp$S$$PEV_inverter_init_adtrig_timing
   11e00aa8     0c03fbe0     0c025a34   current_control_ver2_new.obj (.text)
                             0c025a48   current_control_ver2_new.obj (.text)
                             0c025a4c   current_control_ver2_new.obj (.text)
$.text:mwio4.lib<PEV_INV_LIB.obj>$0x5e8  $Tramp$S$$PEV_inverter_set_uvw
   11e005e8     0c03fbf0     0c025a04   current_control_ver2_new.obj (.text)
                             0c025a14   current_control_ver2_new.obj (.text)
                             0c025a28   current_control_ver2_new.obj (.text)
$.text:mwio4.lib<PEV_INV_LIB.obj>$0xfe0  $Tramp$S$$PEV_ad_set_mode
   11e00fe0     0c03fc00     0c0259b0   current_control_ver2_new.obj (.text)
                             0c0259c8   current_control_ver2_new.obj (.text)
                             0c0259d8   current_control_ver2_new.obj (.text)
$.text:mwio4.lib<PEV_INV_LIB.obj>$0xf48  $Tramp$S$$PEV_ad_set_range
   11e00f48     0c03fc10     0c0259ac   current_control_ver2_new.obj (.text)
                             0c0259b8   current_control_ver2_new.obj (.text)
                             0c0259d0   current_control_ver2_new.obj (.text)
$.text:mwio4.lib<PEV_INV_LIB.obj>$0x150  $Tramp$S$$PEV_sync_pwm_out
   11e00150     0c03fc20     0c025984   current_control_ver2_new.obj (.text)
                             0c025990   current_control_ver2_new.obj (.text)
$.text:mwio4.lib<PEV_INV_LIB.obj>$0x260  $Tramp$S$$PEV_sync_pwm_init
   11e00260     0c03fc30     0c025960   current_control_ver2_new.obj (.text)
                             0c02596c   current_control_ver2_new.obj (.text)
                             0c025974   current_control_ver2_new.obj (.text)
$.text:mwio4.lib<PEV_INV_LIB.obj>$0x2b4  $Tramp$S$$PEV_sync_ad_out
   11e002b4     0c03fc40     0c025954   current_control_ver2_new.obj (.text)
$.text:mwio4.lib<PEV_INV_LIB.obj>$0x30c  $Tramp$S$$PEV_sync_ad_init
   11e0030c     0c03fc50     0c025934   current_control_ver2_new.obj (.text)
                             0c025944   current_control_ver2_new.obj (.text)
                             0c02594c   current_control_ver2_new.obj (.text)
$.text:mwio4.lib<PEV_INV_LIB.obj>$0xb84  $Tramp$S$$PEV_inverter_init
   11e00b84     0c03fc60     0c025908   current_control_ver2_new.obj (.text)
                             0c025918   current_control_ver2_new.obj (.text)
                             0c025928   current_control_ver2_new.obj (.text)
$.text:mwio4.lib<gpio_int.obj>$0x14c  $Tramp$S$$GPI_enable_int_vo
   11e0304c     0c03fc70     0c0258e8   current_control_ver2_new.obj (.text)
$.text:mwio4.lib<gpio_int.obj>$0x0  $Tramp$S$$GPI_setVector_vo
   11e02f00     0c03fc80     0c0258e4   current_control_ver2_new.obj (.text)
$.text:mwio4.lib<PEV_INV_LIB.obj>$0xde0  $Tramp$S$$PEV_int_init
   11e00de0     0c03fc90     0c0258b8   current_control_ver2_new.obj (.text)
$.text:mwio4.lib<mwintc.obj>$0x410  $Tramp$S$$IRQ_globalDisable
   11e029d0     0c03fca0     0c0254f8   current_control_ver2_new.obj (.text)
$.text:mwio4.lib<PEV_INV_LIB.obj>$0x106c  $Tramp$S$$PEV_ad_in_grp
   11e0106c     0c03fcb0     0c01aad4   current_control_ver2_new.obj (.text)
                             0c01ada8   current_control_ver2_new.obj (.text)
$.text:mwio4.lib<PEV_INV_LIB.obj>$0x1040  $Tramp$S$$PEV_ad_in_st
   11e01040     0c03fcc0     0c01aaa0   current_control_ver2_new.obj (.text)
                             0c01aac4   current_control_ver2_new.obj (.text)
                             0c01aad0   current_control_ver2_new.obj (.text)
                             0c01ad68   current_control_ver2_new.obj (.text)
                             0c01ad94   current_control_ver2_new.obj (.text)
                             0c01ada4   current_control_ver2_new.obj (.text)
$.text:mwio4.lib<PEV_INV_LIB.obj>$0x3cc  $Tramp$S$$PEV_inverter_set_uvw_br
   11e003cc     0c03fcd0     0c019a80   current_control_ver2_new.obj (.text)
                             0c019aac   current_control_ver2_new.obj (.text)
                             0c019acc   current_control_ver2_new.obj (.text)
$.text:CSL_GPIO_open:ti.csl.ae66<csl_gpioGetBaseAddress.oe66>$0x0  $Tramp$S$$CSL_GPIO_open
   0c03f8e0     11e033a0     11e03028   mwio4.lib : gpio_int.obj (.text)
$.text:__c6xabi_fixdu:rts6600_elf.lib<fixdu.obj>$0x0  $Tramp$S$$__c6xabi_fixdu
   0c03f4a0     11e033b0     11e01a1c   mwio4.lib : timer_lib.obj (.text)
                             11e01b90             : timer_lib.obj (.text)
                             11e01d30             : timer_lib.obj (.text)
                             11e01ed0             : timer_lib.obj (.text)
$.text:__c6xabi_divd:rts6600_elf.lib<divd.obj>$0x0  $Tramp$S$$__c6xabi_divd
   0c03bce0     11e033c0     11e01a14   mwio4.lib : timer_lib.obj (.text)
                             11e01b88             : timer_lib.obj (.text)
                             11e01d28             : timer_lib.obj (.text)
                             11e01ec8             : timer_lib.obj (.text)
$.text:__divi:rts6600_elf.lib<divi.obj>$0x0  $Tramp$S$$__c6xabi_divi
   0c03eec0     11e033d0     11e001f8   mwio4.lib : PEV_INV_LIB.obj (.text)
                             11e00448             : PEV_INV_LIB.obj (.text)
                             11e00470             : PEV_INV_LIB.obj (.text)
                             11e00658             : PEV_INV_LIB.obj (.text)
                             11e00684             : PEV_INV_LIB.obj (.text)
                             11e00a48             : PEV_INV_LIB.obj (.text)
                             11e00b24             : PEV_INV_LIB.obj (.text)
                             11e00bec             : PEV_INV_LIB.obj (.text)

[52 trampolines]
[107 trampoline calls]


GLOBAL SYMBOLS: SORTED ALPHABETICALLY BY Name 

address    name
--------   ----
0c02a228   BrakeController
0c03f980   C$$EXIT
11e01f8c   C6657_timer0_clear
11e01f78   C6657_timer0_clear_eventflag
11e01f38   C6657_timer0_disable_int
11e01ee4   C6657_timer0_enable_int
11e01e70   C6657_timer0_init
11e01e4c   C6657_timer0_init_vector
11e01e40   C6657_timer0_read
11e01e20   C6657_timer0_start
11e01e08   C6657_timer0_stop
11e01df8   C6657_timer0_write
11e01dec   C6657_timer1_clear
11e01de0   C6657_timer1_clear_eventflag
11e01d98   C6657_timer1_disable_int
11e01d44   C6657_timer1_enable_int
11e01cd0   C6657_timer1_init
11e01cac   C6657_timer1_init_vector
11e01ca0   C6657_timer1_read
11e01c80   C6657_timer1_start
11e01c68   C6657_timer1_stop
11e01c58   C6657_timer1_write
11e01c4c   C6657_timer2_clear
11e01c40   C6657_timer2_clear_eventflag
11e01bf8   C6657_timer2_disable_int
11e01ba4   C6657_timer2_enable_int
11e01b30   C6657_timer2_init
11e01ae8   C6657_timer2_init_vector
11e01ad8   C6657_timer2_read
11e01ab4   C6657_timer2_start
11e01aa0   C6657_timer2_stop
11e01a94   C6657_timer2_write
11e01a84   C6657_timer3_hi_clear_eventflag
11e01a2c   C6657_timer3_hi_enable_int
11e019b8   C6657_timer3_hi_init
11e01994   C6657_timer3_hi_init_vector
11e01974   C6657_timer3_hi_start
11e01960   C6657_timer3_hi_stop
11e02a00   CSL2_intcHwControl
11e030b4   CSL2_intcOpen2
11e030a0   CSL2_loadResource
0c03f8e0   CSL_GPIO_open
11e032a8   CSL_intcGlobalEnable
11e03300   CSL_intcGlobalNmiEnable
11e03240   CSL_intcInterruptDisable
11e03220   CSL_intcInterruptEnable
0c01b40c   CalcDynamicsInit
0c0219d4   CalcFDTDTSOBInit
0c034d90   CalcFDTDWrInit_QmrefInputType
0c01f670   CalcFDTDWrInit_WmcmdInputType
0c034178   CalcFDTDWrUpdate_QmrefInputType_1st2nd
0c033bd0   CalcFDTDWrUpdate_QmrefInputType_2nd
0c031c44   CalcFDTDWrUpdate_WmcmdInputType_1st2nd
0c0311a0   CalcFDTDWrUpdate_WmcmdInputType_2nd
0c02feb0   CalcFDTDWr_QmrefInputType
0c02e640   CalcFDTDWr_WmcmdInputType
0c027da4   CalcGravIcmp
0c029d04   CalcHandCmdCircle
0c02e044   CalcHandCmdDiamond
0c02db00   CalcHandCmdRectangle
0c02cd40   CalcInverseCmd_vel
0c027ed8   CalcJl
0c02ca04   CalcJlWr
0c01aa34   CalcOffset
0c028204   CalcPVGain
0c024120   CalcPVGainInitCDM
0c02c910   CalcPref2axis
0c02c710   CalcPrefRep2axis
0c02c510   CalcPrefRep3axis
0c02bdf0   CalcTauLDyn
0c02a14c   CalcVdcMean
0c02a314   CalcWrGain
0c036a00   ControlFunction
0c027d0c   DecouplingControl
11e0252c   EMF_EnableIntr_s32
11e02d20   EMF_ErrIntr_vo
11f050b8   EMF_ExtWaitErrCnt_u32s
11f050b4   EMF_ExtWaitErrInfo_u32s
11e024cc   EMF_Initialization_s32
11e02414   EMF_Read2_s32
11e023a8   EMF_Read3_s32
11e022e0   EMF_ReadFlashRom_s32
11e0222c   EMF_ReadFpgaBoard_s32
11e021b8   EMF_Read_s32
11e02120   EMF_Write2_s32
11e02018   EMF_WriteFlashRom_s32
11e01fa0   EMF_Write_s32
0c040954   EMIF_IntrErr_sts
0c03a888   ENC_batt_alm_en
0c03a7cc   ENC_get_abm
0c03a70c   ENC_get_abs
0c03a680   ENC_get_almc
0c03a5e8   ENC_get_status
0c03a520   ENC_reset_abm
0c03a448   ENC_reset_abs
0c03a380   ENC_reset_err
0c03a2c8   ENC_set_refresh
0c03a1e0   ENC_ss_get_abm
0c03a0e0   ENC_ss_get_abs
0c03a02c   ENC_ss_get_start
0c039f80   ENC_ss_init
0c039ecc   ENC_start_abs
0c039e20   ENC_stop_abs
0c0271e0   FDTDSOB
0c0263c4   FDTD_T_SOB
0c026168   FDTD_Tm
0c023d74   FDTD_Tm_Init
0c03d910   FPGA_get_fpga_ver
0c03d8c4   FPGA_read
0c03d858   FPGA_read_f32
0c03d7e0   FPGA_write
0c03d750   FPGA_write_f32
11f04718   Flag_ARCS_clear
11f04714   Flag_ARCS_start
11e0306c   GPI_disable_int_vo
11e0304c   GPI_enable_int_vo
11e03024   GPI_init_vo
11e02fd4   GPI_int_ack_vo
11e02f00   GPI_setVector_vo
0c0260c0   GeneratorCircle1st
0c026010   GeneratorCircle2nd
0c025f68   GeneratorCircle3rd
0c025dc8   GetFilterdSignal
0c01af48   GetMultiPositions
0c025d94   GetVelocity
0c01ad18   GetVoltAndCurrent
0c03dd4c   IPFPGA_get_fpga_ver
0c03dd00   IPFPGA_read
0c03dc88   IPFPGA_read_f32
0c03dc0c   IPFPGA_write
0c03db80   IPFPGA_write_f32
11e029d0   IRQ_globalDisable
11e029b0   IRQ_globalEnable
11e029a8   IRQ_globalRestore
0c025d74   Integrator_acc_ref
0c025d54   Integrator_acc_ref2
0c025d34   Integrator_acc_ref3
0c025d14   Integrator_w_ref
0c025cf4   Integrator_w_ref2
0c025cd4   Integrator_w_ref3
11f04710   Iq_off
0c03ff30   LPF_cmd
0c03ffb8   LPF_motor
0c025b78   LimDiffCalcDQ
0c025b14   LimitPosCmd
0c0197a4   Limiter
0c0254f0   MW_main
0c01a7d4   ManyRampGenerator1stAxis
0c01a574   ManyRampGenerator2ndAxis
0c01a314   ManyRampGenerator3rdAxis
11f03614   ModRatioU
11f03618   ModRatioV
11f0361c   ModRatioW
11e01914   PEV_abz_clear
11e018e0   PEV_abz_clear_resolver_err
11e018a4   PEV_abz_get_resolver_err
11e01864   PEV_abz_get_resolver_pos
11e01834   PEV_abz_in_pin
11e017e8   PEV_abz_init_maxcount
11e017a4   PEV_abz_read
11e01734   PEV_abz_set_mode
11e016e8   PEV_abz_write
11e01494   PEV_ad_abz_read
11e01460   PEV_ad_disable_int
11e01418   PEV_ad_enable_int
11e012b0   PEV_ad_in_4ch
11e0106c   PEV_ad_in_grp
11e01040   PEV_ad_in_st
11e00fe0   PEV_ad_set_mode
11e00f98   PEV_ad_set_offset
11e00f48   PEV_ad_set_range
11e00f10   PEV_ad_start
0c03f664   PEV_get_fpga_ver
0c03f620   PEV_init
11e00de0   PEV_int_init
11e00da8   PEV_inverter_control_break
11e00d70   PEV_inverter_control_gate
11e00d38   PEV_inverter_disable_int
11e00cf4   PEV_inverter_enable_int
11e00b84   PEV_inverter_init
11e00aa8   PEV_inverter_init_adtrig_timing
11e009b8   PEV_inverter_init_int_timing
11e00958   PEV_inverter_init_refload_timing
11e008d4   PEV_inverter_set_ab
11e007d4   PEV_inverter_set_ra
11e005e8   PEV_inverter_set_uvw
11e003cc   PEV_inverter_set_uvw_br
11e00394   PEV_inverter_start_pwm
11e00360   PEV_inverter_stop_pwm
11e0030c   PEV_sync_ad_init
11e002b4   PEV_sync_ad_out
11e00260   PEV_sync_pwm_init
11e00150   PEV_sync_pwm_out
11e00100   PEV_sync_z_out
11e000c8   PEV_updown_clear_cnt
11e00078   PEV_updown_init_maxcount
11e00034   PEV_updown_read_cnt
11e00000   PEV_updown_set_mode
0c01a2cc   PIcontroller
0c01a288   PIcontroller_withAntiwindup
0c01a278   Pcontroller
11f046fc   Ref_Iq_ref_direct
11f04700   Ref_Iq_ref_direct1
11f04704   Ref_Iq_ref_direct2
11f04708   Ref_Iq_ref_direct3
11f0470c   Ref_wM_direct
0c01a274   SetBDN
0c01a270   SetENC_CH
0c019dc8   SetGain
0c019d40   SetLPF
0c019b84   SetRampParams
0c0197c4   SetVoltReferences
0c0191a0   StateObserver
11f035c0   Tm_sub
0c018a20   TriangularAccelerationCommandGenerator
0c018060   TriangularAccelerationCommandGeneratorInit
0c01800c   VconPI5Axis
11f0493c   WAVE_ACC_LW8079
11f04940   WAVE_ACC_LW8174
11f04944   WAVE_ACC_LW8174_axis
11f04970   WAVE_AccCmd1
11f04978   WAVE_AccCmd2
11f04980   WAVE_AccCmd3
11f04dd8   WAVE_ENC1
11f04ddc   WAVE_ENC2
11f04de0   WAVE_ENC3
11f04dcc   WAVE_ENC_temp1
11f04dd0   WAVE_ENC_temp2
11f04dd4   WAVE_ENC_temp3
11f02300   WAVE_Enc_error
11f04624   WAVE_FIL_Y
11f04fa4   WAVE_Freq
11f04948   WAVE_Fz
11f0468c   WAVE_HandX
11f04690   WAVE_HandY
11f04694   WAVE_HandZ
11f04620   WAVE_INIT_COUNT
11f04f98   WAVE_Icmd1
11f04f9c   WAVE_Icmd2
11f04fa0   WAVE_Icmd3
11f04f8c   WAVE_Icmp1
11f04f90   WAVE_Icmp2
11f04f94   WAVE_Icmp3
11f04dc0   WAVE_Idc1
11f04dc4   WAVE_Idc2
11f04dc8   WAVE_Idc3
11f04fb8   WAVE_Iff_1
11f04fbc   WAVE_Iff_2
11f04fc0   WAVE_Iff_3
11f04e78   WAVE_Iq1
11f04e7c   WAVE_Iq2
11f04e80   WAVE_Iq3
11f04f08   WAVE_IrefD1
11f04f0c   WAVE_IrefD2
11f04f10   WAVE_IrefD3
11f04f14   WAVE_IrefQ1
11f04f18   WAVE_IrefQ2
11f04f1c   WAVE_IrefQ3
11f04d9c   WAVE_IresD1
11f04da0   WAVE_IresD2
11f04da4   WAVE_IresD3
11f04da8   WAVE_IresQ1
11f04dac   WAVE_IresQ2
11f04db0   WAVE_IresQ3
11f04918   WAVE_IresU1
11f0491c   WAVE_IresU2
11f04920   WAVE_IresU3
11f04924   WAVE_IresV1
11f04928   WAVE_IresV2
11f0492c   WAVE_IresV3
11f04930   WAVE_IresW1
11f04934   WAVE_IresW2
11f04938   WAVE_IresW3
11f04e84   WAVE_Isfb1
11f04e88   WAVE_Isfb2
11f04e8c   WAVE_Isfb3
11f04d90   WAVE_Jl_Wr1
11f04d94   WAVE_Jl_Wr2
11f04d98   WAVE_Jl_Wr3
11f04d84   WAVE_Jl_calc1
11f04d88   WAVE_Jl_calc2
11f04d8c   WAVE_Jl_calc3
11f04680   WAVE_Joint1
11f04684   WAVE_Joint2
11f04688   WAVE_Joint3
11f04770   WAVE_Kfb1
11f04790   WAVE_Kfb1_wr
11f047b0   WAVE_Kfb2
11f047d0   WAVE_Kfb2_wr
11f047f0   WAVE_Kfb3
11f04810   WAVE_Kfb3_wr
11f0476c   WAVE_Kff1
11f0478c   WAVE_Kff1_wr
11f047ac   WAVE_Kff2
11f047cc   WAVE_Kff2_wr
11f047ec   WAVE_Kff3
11f0480c   WAVE_Kff3_wr
11f04768   WAVE_Kpp1
11f04788   WAVE_Kpp1_wr
11f047a8   WAVE_Kpp2
11f047c8   WAVE_Kpp2_wr
11f047e8   WAVE_Kpp3
11f04808   WAVE_Kpp3_wr
11f04778   WAVE_Kvi1
11f04798   WAVE_Kvi1_wr
11f047b8   WAVE_Kvi2
11f047d8   WAVE_Kvi2_wr
11f047f8   WAVE_Kvi3
11f04818   WAVE_Kvi3_wr
11f04774   WAVE_Kvp1
11f04794   WAVE_Kvp1_wr
11f047b4   WAVE_Kvp2
11f047d4   WAVE_Kvp2_wr
11f047f4   WAVE_Kvp3
11f04814   WAVE_Kvp3_wr
11f0465c   WAVE_LoopCount
11f04d6c   WAVE_MRBR1
11f04d70   WAVE_MRBR2
11f04d74   WAVE_MRBR3
11f04d48   WAVE_MRU1
11f04d54   WAVE_MRU2
11f04d60   WAVE_MRU3
11f04d4c   WAVE_MRV1
11f04d58   WAVE_MRV2
11f04d64   WAVE_MRV3
11f04d50   WAVE_MRW1
11f04d5c   WAVE_MRW2
11f04d68   WAVE_MRW3
11f04e14   WAVE_TRG_WM1
11f04e18   WAVE_TRG_WM2
11f04e1c   WAVE_TRG_WM3
11f04fa8   WAVE_Tfra
11f04674   WAVE_Timer0
11f04678   WAVE_Timer1
11f0467c   WAVE_Timer2
11f04f80   WAVE_Tq1
11f04f84   WAVE_Tq2
11f04f88   WAVE_Tq3
11f04958   WAVE_U_modulation
11f04fc8   WAVE_VWX
11f04fcc   WAVE_VWY
11f04fd0   WAVE_VWZ
11f0495c   WAVE_V_modulation
11f04db4   WAVE_Vdc1
11f04db8   WAVE_Vdc2
11f04dbc   WAVE_Vdc3
11f02310   WAVE_Vdc_ofst
11f04974   WAVE_VelCmd1
11f0497c   WAVE_VelCmd2
11f04984   WAVE_VelCmd3
11f04f38   WAVE_VrefD1
11f04f40   WAVE_VrefD2
11f04f48   WAVE_VrefD3
11f04f20   WAVE_VrefD_dcpl1
11f04f28   WAVE_VrefD_dcpl2
11f04f30   WAVE_VrefD_dcpl3
11f04f3c   WAVE_VrefQ1
11f04f44   WAVE_VrefQ2
11f04f4c   WAVE_VrefQ3
11f04f24   WAVE_VrefQ_dcpl1
11f04f2c   WAVE_VrefQ_dcpl2
11f04f34   WAVE_VrefQ_dcpl3
11f04ec0   WAVE_VrefU1
11f04ecc   WAVE_VrefU2
11f04ed8   WAVE_VrefU3
11f04ec4   WAVE_VrefV1
11f04ed0   WAVE_VrefV2
11f04edc   WAVE_VrefV3
11f04ec8   WAVE_VrefW1
11f04ed4   WAVE_VrefW2
11f04ee0   WAVE_VrefW3
11f0494c   WAVE_WSX
11f04950   WAVE_WSY
11f04954   WAVE_WSZ
11f04960   WAVE_W_modulation
11f04828   WAVE_al_calc1
11f04838   WAVE_al_calc2
11f04848   WAVE_al_calc3
11f04858   WAVE_al_calc_DPD1
11f04868   WAVE_al_calc_DPD2
11f04878   WAVE_al_calc_DPD3
11f04e9c   WAVE_am_TriAccCmd1
11f04ea0   WAVE_am_TriAccCmd2
11f04ea4   WAVE_am_TriAccCmd3
11f049b4   WAVE_aq0_1
11f04a44   WAVE_aq0_1_wr
11f049e4   WAVE_aq0_2
11f04a74   WAVE_aq0_2_wr
11f04a14   WAVE_aq0_3
11f04aa4   WAVE_aq0_3_wr
11f049b0   WAVE_aq1_1
11f04a40   WAVE_aq1_1_wr
11f049e0   WAVE_aq1_2
11f04a70   WAVE_aq1_2_wr
11f04a10   WAVE_aq1_3
11f04aa0   WAVE_aq1_3_wr
11f049ac   WAVE_aq2_1
11f04a3c   WAVE_aq2_1_wr
11f049dc   WAVE_aq2_2
11f04a6c   WAVE_aq2_2_wr
11f04a0c   WAVE_aq2_3
11f04a9c   WAVE_aq2_3_wr
11f04998   WAVE_av0_1
11f04a28   WAVE_av0_1_wr
11f049c8   WAVE_av0_2
11f04a58   WAVE_av0_2_wr
11f049f8   WAVE_av0_3
11f04a88   WAVE_av0_3_wr
11f04994   WAVE_av1_1
11f04a24   WAVE_av1_1_wr
11f049c4   WAVE_av1_2
11f04a54   WAVE_av1_2_wr
11f049f4   WAVE_av1_3
11f04a84   WAVE_av1_3_wr
11f04990   WAVE_av2_1
11f04a20   WAVE_av2_1_wr
11f049c0   WAVE_av2_2
11f04a50   WAVE_av2_2_wr
11f049f0   WAVE_av2_3
11f04a80   WAVE_av2_3_wr
11f0498c   WAVE_av3_1
11f04a1c   WAVE_av3_1_wr
11f049bc   WAVE_av3_2
11f04a4c   WAVE_av3_2_wr
11f049ec   WAVE_av3_3
11f04a7c   WAVE_av3_3_wr
11f04988   WAVE_av4_1
11f04a18   WAVE_av4_1_wr
11f049b8   WAVE_av4_2
11f04a48   WAVE_av4_2_wr
11f049e8   WAVE_av4_3
11f04a78   WAVE_av4_3_wr
11f049a8   WAVE_bv0_1
11f04a38   WAVE_bv0_1_wr
11f049d8   WAVE_bv0_2
11f04a68   WAVE_bv0_2_wr
11f04a08   WAVE_bv0_3
11f04a98   WAVE_bv0_3_wr
11f049a4   WAVE_bv1_1
11f04a34   WAVE_bv1_1_wr
11f049d4   WAVE_bv1_2
11f04a64   WAVE_bv1_2_wr
11f04a04   WAVE_bv1_3
11f04a94   WAVE_bv1_3_wr
11f049a0   WAVE_bv2_1
11f04a30   WAVE_bv2_1_wr
11f049d0   WAVE_bv2_2
11f04a60   WAVE_bv2_2_wr
11f04a00   WAVE_bv2_3
11f04a90   WAVE_bv2_3_wr
11f0499c   WAVE_bv3_1
11f04a2c   WAVE_bv3_1_wr
11f049cc   WAVE_bv3_2
11f04a5c   WAVE_bv3_2_wr
11f049fc   WAVE_bv3_3
11f04a8c   WAVE_bv3_3_wr
11f046b4   WAVE_check
11f048f8   WAVE_est_ISOB_qs1
11f04904   WAVE_est_ISOB_qs2
11f04910   WAVE_est_ISOB_qs3
11f048fc   WAVE_est_ISOB_wl1
11f04908   WAVE_est_ISOB_wl2
11f04914   WAVE_est_ISOB_wl3
11f048f4   WAVE_est_ISOB_wm1
11f04900   WAVE_est_ISOB_wm2
11f0490c   WAVE_est_ISOB_wm3
11f048b0   WAVE_est_conv_qs1
11f048bc   WAVE_est_conv_qs2
11f048c8   WAVE_est_conv_qs3
11f048b4   WAVE_est_conv_wl1
11f048c0   WAVE_est_conv_wl2
11f048cc   WAVE_est_conv_wl3
11f048ac   WAVE_est_conv_wm1
11f048b8   WAVE_est_conv_wm2
11f048c4   WAVE_est_conv_wm3
11f048d4   WAVE_est_prop_qs1
11f048e0   WAVE_est_prop_qs2
11f048ec   WAVE_est_prop_qs3
11f048d8   WAVE_est_prop_wl1
11f048e4   WAVE_est_prop_wl2
11f048f0   WAVE_est_prop_wl3
11f048d0   WAVE_est_prop_wm1
11f048dc   WAVE_est_prop_wm2
11f048e8   WAVE_est_prop_wm3
11f0488c   WAVE_est_qs1
11f04898   WAVE_est_qs2
11f048a4   WAVE_est_qs3
11f04890   WAVE_est_wl1
11f0489c   WAVE_est_wl2
11f048a8   WAVE_est_wl3
11f04888   WAVE_est_wm1
11f04894   WAVE_est_wm2
11f048a0   WAVE_est_wm3
11f04780   WAVE_fqs1
11f047a0   WAVE_fqs1_wr
11f047c0   WAVE_fqs2
11f047e0   WAVE_fqs2_wr
11f04800   WAVE_fqs3
11f04820   WAVE_fqs3_wr
11f04784   WAVE_fwl1
11f047a4   WAVE_fwl1_wr
11f047c4   WAVE_fwl2
11f047e4   WAVE_fwl2_wr
11f04804   WAVE_fwl3
11f04824   WAVE_fwl3_wr
11f0477c   WAVE_fwm1
11f0479c   WAVE_fwm1_wr
11f047bc   WAVE_fwm2
11f047dc   WAVE_fwm2_wr
11f047fc   WAVE_fwm3
11f0481c   WAVE_fwm3_wr
11f04698   WAVE_fx
11f0469c   WAVE_fy
11f046a0   WAVE_fz
11f04e90   WAVE_jark1
11f04e94   WAVE_jark2
11f04e98   WAVE_jark3
11f02304   WAVE_ofst_Iu
11f02308   WAVE_ofst_Iv
11f0230c   WAVE_ofst_Iw
11f04f68   WAVE_omega_rm1
11f04f74   WAVE_omega_rm1_ref
11f04f6c   WAVE_omega_rm2
11f04f78   WAVE_omega_rm2_ref
11f04f70   WAVE_omega_rm3
11f04f7c   WAVE_omega_rm3_ref
11f04e6c   WAVE_ql1
11f04e70   WAVE_ql2
11f04e74   WAVE_ql3
11f04830   WAVE_ql_calc1
11f04840   WAVE_ql_calc2
11f04850   WAVE_ql_calc3
11f04860   WAVE_ql_calc_DPD1
11f04870   WAVE_ql_calc_DPD2
11f04880   WAVE_ql_calc_DPD3
11f04e54   WAVE_qm1
11f04e58   WAVE_qm2
11f04e5c   WAVE_qm3
11f04eb4   WAVE_qm_TriAccCmd1
11f04eb8   WAVE_qm_TriAccCmd2
11f04ebc   WAVE_qm_TriAccCmd3
11f04e60   WAVE_qm_ref1
11f04e64   WAVE_qm_ref2
11f04e68   WAVE_qm_ref3
11f046b0   WAVE_state
11f04fc4   WAVE_tauL_dyn_2nd
11f04d78   WAVE_tauLdyn1
11f04d7c   WAVE_tauLdyn2
11f04d80   WAVE_tauLdyn3
11f04e08   WAVE_theta_re1
11f04e0c   WAVE_theta_re2
11f04e10   WAVE_theta_re3
11f04de4   WAVE_theta_rm1
11f04de8   WAVE_theta_rm2
11f04dec   WAVE_theta_rm3
11f04dfc   WAVE_theta_rm_full1
11f04e00   WAVE_theta_rm_full2
11f04e04   WAVE_theta_rm_full3
11f04df0   WAVE_theta_rm_ref1
11f04df4   WAVE_theta_rm_ref2
11f04df8   WAVE_theta_rm_ref3
11f04f50   WAVE_vd_lim_dif1
11f04f58   WAVE_vd_lim_dif2
11f04f60   WAVE_vd_lim_dif3
11f04f54   WAVE_vq_lim_dif1
11f04f5c   WAVE_vq_lim_dif2
11f04f64   WAVE_vq_lim_dif3
11f04ee4   WAVE_vu_ref_stand1
11f04ef0   WAVE_vu_ref_stand2
11f04efc   WAVE_vu_ref_stand3
11f04ee8   WAVE_vv_ref_stand1
11f04ef4   WAVE_vv_ref_stand2
11f04f00   WAVE_vv_ref_stand3
11f04eec   WAVE_vw_ref_stand1
11f04ef8   WAVE_vw_ref_stand2
11f04f04   WAVE_vw_ref_stand3
11f046a4   WAVE_vx
11f046a8   WAVE_vy
11f046ac   WAVE_vz
11f0482c   WAVE_wl_calc1
11f0483c   WAVE_wl_calc2
11f0484c   WAVE_wl_calc3
11f0485c   WAVE_wl_calc_DPD1
11f0486c   WAVE_wl_calc_DPD2
11f0487c   WAVE_wl_calc_DPD3
11f04e20   WAVE_wm1
11f04e24   WAVE_wm2
11f04e28   WAVE_wm3
11f04e48   WAVE_wm_CCC1
11f04e4c   WAVE_wm_CCC2
11f04e50   WAVE_wm_CCC3
11f04ea8   WAVE_wm_TriAccCmd1
11f04eac   WAVE_wm_TriAccCmd2
11f04eb0   WAVE_wm_TriAccCmd3
11f04834   WAVE_wm_calc1
11f04844   WAVE_wm_calc2
11f04854   WAVE_wm_calc3
11f04864   WAVE_wm_calc_DPD1
11f04874   WAVE_wm_calc_DPD2
11f04884   WAVE_wm_calc_DPD3
11f04e3c   WAVE_wm_cmd1
11f04e40   WAVE_wm_cmd2
11f04e44   WAVE_wm_cmd3
11f04e30   WAVE_wm_ref1
11f04e34   WAVE_wm_ref2
11f04e38   WAVE_wm_ref3
11f04e2c   WAVE_wm_ref_org
11f04aa8   Wave_FRAFreq
11f04aac   Wave_FRATime
11f04ab4   Wave_FRAtest_flag
11f04ab0   Wave_Nif
11f02fc8   Wr_DPD
11f04abc   Wr_Throth_check
11f02cb0   Wr_sub
11e03380   _CSL2_intcDispatcherDummy
11e032c8   _CSL_intcGlobalDisable
11e0333c   _CSL_intcGlobalExcepClear
11e03314   _CSL_intcGlobalExcepEnable
11e03328   _CSL_intcGlobalExtExcepEnable
11e032e8   _CSL_intcGlobalRestore
11e03260   _CSL_intcInterruptClear
11e03278   _CSL_intcInterruptRestore
11e0326c   _CSL_intcInterruptSet
11e03290   _CSL_intcQueryInterruptStatus
0c042ec0   __TI_CINIT_Base
0c042ee0   __TI_CINIT_Limit
0c042eb8   __TI_Handler_Table_Base
0c042ec0   __TI_Handler_Table_Limit
UNDEFED    __TI_INITARRAY_Base
UNDEFED    __TI_INITARRAY_Limit
11f04620   __TI_STACK_END
00001000   __TI_STACK_SIZE
11f04620   __TI_STATIC_BASE
UNDEFED    __TI_TLS_INIT_Base
UNDEFED    __TI_TLS_INIT_Limit
00000001   __TI_args_main
0c03f720   __TI_cpp_init
0c03f9a0   __TI_decompress_none
0c03f9c0   __TI_decompress_rle24
0c0406bc   __TI_enable_exit_profile_output
ffffffff   __TI_pprof_out_hndl
ffffffff   __TI_prof_data_size
ffffffff   __TI_prof_data_start
0c03f200   __TI_tls_init
ffffffff   __binit__
0c03bce0   __c6xabi_divd
0c03cfc0   __c6xabi_divf
0c03eec0   __c6xabi_divi
0c03f080   __c6xabi_divu
0c03f920   __c6xabi_errno_addr
0c03f4a0   __c6xabi_fixdu
0c03f780   __c6xabi_frcmpyd_div
0c03f7e0   __c6xabi_llshru
0c03f2c0   __c6xabi_nround
0c03f520   __c6xabi_roundf
0c03f940   __c6xabi_trunc
0c03f960   __c6xabi_truncf
ffffffff   __c_args__
0c03eec0   __divi
0c03f080   __divu
0c03ffb4   __errno
0c03f8a0   _args_main
0c03ecc0   _auto_init_elf
0c03f5a0   _c_int00
0c0406b4   _cleanup_ptr
0c0406b8   _dtors_ptr
11f002b0   _mwSinTbl
11f03620   _stack
0c03f980   abort
0c03dd80   acos
11f03608   ad1
11f0360c   ad2
11f03610   ad3
0c03df60   atan
0c03e440   atan2
0c018000   backward_diff
ffffffff   binit
11e02688   cic0Out2Evnt
0c03edc0   copy_in
0c03cd00   cos
0c03d4c0   cosf
11f04658   counter_2
0c03d728   cvt_to_float_from_u32
0c03d700   cvt_to_u32_from_float
0c0400a0   d_current
11f02318   debug
11f02328   debug2
11f02338   debug3
11f04724   debug_theta
11f04750   down_rotation_flag2
11f04758   down_rotation_flag3
11f04760   down_rotation_flag5
11f032e0   dyn
0c03ffb4   errno
0c03f6a0   evmI2CInit
0c03f140   exit
0c03e120   expf
11f04634   flag_CalcHandCmd
11f046c8   flag_CircleStart1
11f046cc   flag_CircleStart2
11f046d0   flag_CircleStart3
11f04648   flag_FBgain
11f04650   flag_FF
11f04660   flag_FF_triple
11f04668   flag_FRA_Axis
11f04670   flag_FRA_test_end
11f0466c   flag_FRA_test_start
11f0464c   flag_PPgain
11f04654   flag_SOB
11f04644   flag_Vdc_setted
11f04664   flag_cmd_end
11f04628   flag_cont_start
11f0462c   flag_dead
11f04638   flag_debug
11f04640   flag_delay
11f04630   flag_dyn_payload
11f046d4   flag_end1
11f046d8   flag_end2
11f046dc   flag_end3
11f04ab8   flag_fin
11f046c0   flag_first_back
11f046bc   flag_first_go
11f046c4   flag_hard
11f046e0   flag_on
11f0463c   flag_pv
11f046b8   flag_reposition
0c03e5c0   frexp
0c03e740   frexpf
11f00270   gpio_int_map
11f03460   gsub
11f050bc   hGpio
0c03b594   i2cEepromGetStatus2
0c03b418   i2cEepromRead2
0c03b088   i2cEepromWriteBlock2
0c03b300   i2cEepromWriteByteAddr2
11e02968   int_begin_nestint
11e02918   int_end_nestint
11f00170   intcObj
11f02348   joint
0c03e8a0   ldexp
0c03ea00   ldexpf
11f04748   left_rotation_flag
11f04728   load_angle_limit_deg1
11f0472c   load_angle_limit_deg2
11f04730   load_angle_limit_deg3
11f04734   load_angle_limit_deg5
11f04738   load_angle_limit_rad1
11f0473c   load_angle_limit_rad2
11f04740   load_angle_limit_rad3
11f04744   load_angle_limit_rad5
0c03f900   main
0c03f360   memcpy
0c03efa0   memset
0c03f400   modf
0c03f840   modff
0c03ccc4   mw_Osal_platformSpiCsEnter
0c03ccb0   mw_Osal_platformSpiCsExit
11f04d40   mw_gp__CSL_intcCpuIntrTable
0c03c8b8   mw_nor_erase
0c03c84c   mw_nor_get_details
0c03c7d8   mw_nor_init
0c03c724   mw_nor_read
0c03c660   mw_nor_write
0c03cc90   mw_platform_delaycycles
0c03cc24   mw_platform_device_close
0c03cbe4   mw_platform_device_erase_block
0c03cb0c   mw_platform_device_open
0c03ca70   mw_platform_device_read
0c03c9d4   mw_platform_device_write
11f04d44   mw_platform_errno
11e03360   mw_setVect
0c03c4d8   mw_spi_claim
0c03c46c   mw_spi_cmd
0c03c460   mw_spi_cmd_read
0c03c450   mw_spi_cmd_write
0c03c3e4   mw_spi_release
0c03c2a0   mw_spi_xfer
11e02904   mwintc_clearSysInterrupt
11e028ec   mwintc_disableHostInterrupt
11e028d4   mwintc_disableSysInterrupt
11e028c0   mwintc_enableHostInterrupt
11e028a8   mwintc_enableSysInterrupt
11e02878   mwintc_getInterruptStatus
11e02860   mwintc_mapSystemIntrToChannel
11e02714   mwintc_setup
11e02794   mwintc_setup2
11e025f4   mwintc_setupApp
11f02b50   ob_sub
0c03c9c0   platform_write
0c0400e8   position
0c03a940   pow
0c03b700   powf
0c040130   q_current
0c0403c8   range
11f04964   ref_Iq_direct1
11f04968   ref_Iq_direct2
11f0496c   ref_Iq_direct3
11f04fac   ref_Iq_freq_direct1
11f04fb0   ref_Iq_freq_direct2
11f04fb4   ref_Iq_freq_direct3
11f04720   ref_wm_direct
11f0474c   right_rotation_flag
0c03fce0   sen
0c03d240   sin
0c03d940   sinf
11f0471c   speed_hand
0c03eb60   sqrt
11f046f0   start_back1
11f046f4   start_back2
11f046f8   start_back3
11f046e4   start_go1
11f046e8   start_go2
11f046ec   start_go3
11f04d34   tmr1regs
11f04d38   tmr2regs
11f04d3c   tmr3regs
11f033e8   tri
11f04754   up_rotation_flag2
11f0475c   up_rotation_flag3
11f04764   up_rotation_flag5
0c040178   velocity


GLOBAL SYMBOLS: SORTED BY Symbol Address 

address    name
--------   ----
00000001   __TI_args_main
00001000   __TI_STACK_SIZE
0c018000   backward_diff
0c01800c   VconPI5Axis
0c018060   TriangularAccelerationCommandGeneratorInit
0c018a20   TriangularAccelerationCommandGenerator
0c0191a0   StateObserver
0c0197a4   Limiter
0c0197c4   SetVoltReferences
0c019b84   SetRampParams
0c019d40   SetLPF
0c019dc8   SetGain
0c01a270   SetENC_CH
0c01a274   SetBDN
0c01a278   Pcontroller
0c01a288   PIcontroller_withAntiwindup
0c01a2cc   PIcontroller
0c01a314   ManyRampGenerator3rdAxis
0c01a574   ManyRampGenerator2ndAxis
0c01a7d4   ManyRampGenerator1stAxis
0c01aa34   CalcOffset
0c01ad18   GetVoltAndCurrent
0c01af48   GetMultiPositions
0c01b40c   CalcDynamicsInit
0c01f670   CalcFDTDWrInit_WmcmdInputType
0c0219d4   CalcFDTDTSOBInit
0c023d74   FDTD_Tm_Init
0c024120   CalcPVGainInitCDM
0c0254f0   MW_main
0c025b14   LimitPosCmd
0c025b78   LimDiffCalcDQ
0c025cd4   Integrator_w_ref3
0c025cf4   Integrator_w_ref2
0c025d14   Integrator_w_ref
0c025d34   Integrator_acc_ref3
0c025d54   Integrator_acc_ref2
0c025d74   Integrator_acc_ref
0c025d94   GetVelocity
0c025dc8   GetFilterdSignal
0c025f68   GeneratorCircle3rd
0c026010   GeneratorCircle2nd
0c0260c0   GeneratorCircle1st
0c026168   FDTD_Tm
0c0263c4   FDTD_T_SOB
0c0271e0   FDTDSOB
0c027d0c   DecouplingControl
0c027da4   CalcGravIcmp
0c027ed8   CalcJl
0c028204   CalcPVGain
0c029d04   CalcHandCmdCircle
0c02a14c   CalcVdcMean
0c02a228   BrakeController
0c02a314   CalcWrGain
0c02bdf0   CalcTauLDyn
0c02c510   CalcPrefRep3axis
0c02c710   CalcPrefRep2axis
0c02c910   CalcPref2axis
0c02ca04   CalcJlWr
0c02cd40   CalcInverseCmd_vel
0c02db00   CalcHandCmdRectangle
0c02e044   CalcHandCmdDiamond
0c02e640   CalcFDTDWr_WmcmdInputType
0c02feb0   CalcFDTDWr_QmrefInputType
0c0311a0   CalcFDTDWrUpdate_WmcmdInputType_2nd
0c031c44   CalcFDTDWrUpdate_WmcmdInputType_1st2nd
0c033bd0   CalcFDTDWrUpdate_QmrefInputType_2nd
0c034178   CalcFDTDWrUpdate_QmrefInputType_1st2nd
0c034d90   CalcFDTDWrInit_QmrefInputType
0c036a00   ControlFunction
0c039e20   ENC_stop_abs
0c039ecc   ENC_start_abs
0c039f80   ENC_ss_init
0c03a02c   ENC_ss_get_start
0c03a0e0   ENC_ss_get_abs
0c03a1e0   ENC_ss_get_abm
0c03a2c8   ENC_set_refresh
0c03a380   ENC_reset_err
0c03a448   ENC_reset_abs
0c03a520   ENC_reset_abm
0c03a5e8   ENC_get_status
0c03a680   ENC_get_almc
0c03a70c   ENC_get_abs
0c03a7cc   ENC_get_abm
0c03a888   ENC_batt_alm_en
0c03a940   pow
0c03b088   i2cEepromWriteBlock2
0c03b300   i2cEepromWriteByteAddr2
0c03b418   i2cEepromRead2
0c03b594   i2cEepromGetStatus2
0c03b700   powf
0c03bce0   __c6xabi_divd
0c03c2a0   mw_spi_xfer
0c03c3e4   mw_spi_release
0c03c450   mw_spi_cmd_write
0c03c460   mw_spi_cmd_read
0c03c46c   mw_spi_cmd
0c03c4d8   mw_spi_claim
0c03c660   mw_nor_write
0c03c724   mw_nor_read
0c03c7d8   mw_nor_init
0c03c84c   mw_nor_get_details
0c03c8b8   mw_nor_erase
0c03c9c0   platform_write
0c03c9d4   mw_platform_device_write
0c03ca70   mw_platform_device_read
0c03cb0c   mw_platform_device_open
0c03cbe4   mw_platform_device_erase_block
0c03cc24   mw_platform_device_close
0c03cc90   mw_platform_delaycycles
0c03ccb0   mw_Osal_platformSpiCsExit
0c03ccc4   mw_Osal_platformSpiCsEnter
0c03cd00   cos
0c03cfc0   __c6xabi_divf
0c03d240   sin
0c03d4c0   cosf
0c03d700   cvt_to_u32_from_float
0c03d728   cvt_to_float_from_u32
0c03d750   FPGA_write_f32
0c03d7e0   FPGA_write
0c03d858   FPGA_read_f32
0c03d8c4   FPGA_read
0c03d910   FPGA_get_fpga_ver
0c03d940   sinf
0c03db80   IPFPGA_write_f32
0c03dc0c   IPFPGA_write
0c03dc88   IPFPGA_read_f32
0c03dd00   IPFPGA_read
0c03dd4c   IPFPGA_get_fpga_ver
0c03dd80   acos
0c03df60   atan
0c03e120   expf
0c03e440   atan2
0c03e5c0   frexp
0c03e740   frexpf
0c03e8a0   ldexp
0c03ea00   ldexpf
0c03eb60   sqrt
0c03ecc0   _auto_init_elf
0c03edc0   copy_in
0c03eec0   __c6xabi_divi
0c03eec0   __divi
0c03efa0   memset
0c03f080   __c6xabi_divu
0c03f080   __divu
0c03f140   exit
0c03f200   __TI_tls_init
0c03f2c0   __c6xabi_nround
0c03f360   memcpy
0c03f400   modf
0c03f4a0   __c6xabi_fixdu
0c03f520   __c6xabi_roundf
0c03f5a0   _c_int00
0c03f620   PEV_init
0c03f664   PEV_get_fpga_ver
0c03f6a0   evmI2CInit
0c03f720   __TI_cpp_init
0c03f780   __c6xabi_frcmpyd_div
0c03f7e0   __c6xabi_llshru
0c03f840   modff
0c03f8a0   _args_main
0c03f8e0   CSL_GPIO_open
0c03f900   main
0c03f920   __c6xabi_errno_addr
0c03f940   __c6xabi_trunc
0c03f960   __c6xabi_truncf
0c03f980   C$$EXIT
0c03f980   abort
0c03f9a0   __TI_decompress_none
0c03f9c0   __TI_decompress_rle24
0c03fce0   sen
0c03ff30   LPF_cmd
0c03ffb4   __errno
0c03ffb4   errno
0c03ffb8   LPF_motor
0c0400a0   d_current
0c0400e8   position
0c040130   q_current
0c040178   velocity
0c0403c8   range
0c0406b4   _cleanup_ptr
0c0406b8   _dtors_ptr
0c0406bc   __TI_enable_exit_profile_output
0c040954   EMIF_IntrErr_sts
0c042eb8   __TI_Handler_Table_Base
0c042ec0   __TI_CINIT_Base
0c042ec0   __TI_Handler_Table_Limit
0c042ee0   __TI_CINIT_Limit
11e00000   PEV_updown_set_mode
11e00034   PEV_updown_read_cnt
11e00078   PEV_updown_init_maxcount
11e000c8   PEV_updown_clear_cnt
11e00100   PEV_sync_z_out
11e00150   PEV_sync_pwm_out
11e00260   PEV_sync_pwm_init
11e002b4   PEV_sync_ad_out
11e0030c   PEV_sync_ad_init
11e00360   PEV_inverter_stop_pwm
11e00394   PEV_inverter_start_pwm
11e003cc   PEV_inverter_set_uvw_br
11e005e8   PEV_inverter_set_uvw
11e007d4   PEV_inverter_set_ra
11e008d4   PEV_inverter_set_ab
11e00958   PEV_inverter_init_refload_timing
11e009b8   PEV_inverter_init_int_timing
11e00aa8   PEV_inverter_init_adtrig_timing
11e00b84   PEV_inverter_init
11e00cf4   PEV_inverter_enable_int
11e00d38   PEV_inverter_disable_int
11e00d70   PEV_inverter_control_gate
11e00da8   PEV_inverter_control_break
11e00de0   PEV_int_init
11e00f10   PEV_ad_start
11e00f48   PEV_ad_set_range
11e00f98   PEV_ad_set_offset
11e00fe0   PEV_ad_set_mode
11e01040   PEV_ad_in_st
11e0106c   PEV_ad_in_grp
11e012b0   PEV_ad_in_4ch
11e01418   PEV_ad_enable_int
11e01460   PEV_ad_disable_int
11e01494   PEV_ad_abz_read
11e016e8   PEV_abz_write
11e01734   PEV_abz_set_mode
11e017a4   PEV_abz_read
11e017e8   PEV_abz_init_maxcount
11e01834   PEV_abz_in_pin
11e01864   PEV_abz_get_resolver_pos
11e018a4   PEV_abz_get_resolver_err
11e018e0   PEV_abz_clear_resolver_err
11e01914   PEV_abz_clear
11e01960   C6657_timer3_hi_stop
11e01974   C6657_timer3_hi_start
11e01994   C6657_timer3_hi_init_vector
11e019b8   C6657_timer3_hi_init
11e01a2c   C6657_timer3_hi_enable_int
11e01a84   C6657_timer3_hi_clear_eventflag
11e01a94   C6657_timer2_write
11e01aa0   C6657_timer2_stop
11e01ab4   C6657_timer2_start
11e01ad8   C6657_timer2_read
11e01ae8   C6657_timer2_init_vector
11e01b30   C6657_timer2_init
11e01ba4   C6657_timer2_enable_int
11e01bf8   C6657_timer2_disable_int
11e01c40   C6657_timer2_clear_eventflag
11e01c4c   C6657_timer2_clear
11e01c58   C6657_timer1_write
11e01c68   C6657_timer1_stop
11e01c80   C6657_timer1_start
11e01ca0   C6657_timer1_read
11e01cac   C6657_timer1_init_vector
11e01cd0   C6657_timer1_init
11e01d44   C6657_timer1_enable_int
11e01d98   C6657_timer1_disable_int
11e01de0   C6657_timer1_clear_eventflag
11e01dec   C6657_timer1_clear
11e01df8   C6657_timer0_write
11e01e08   C6657_timer0_stop
11e01e20   C6657_timer0_start
11e01e40   C6657_timer0_read
11e01e4c   C6657_timer0_init_vector
11e01e70   C6657_timer0_init
11e01ee4   C6657_timer0_enable_int
11e01f38   C6657_timer0_disable_int
11e01f78   C6657_timer0_clear_eventflag
11e01f8c   C6657_timer0_clear
11e01fa0   EMF_Write_s32
11e02018   EMF_WriteFlashRom_s32
11e02120   EMF_Write2_s32
11e021b8   EMF_Read_s32
11e0222c   EMF_ReadFpgaBoard_s32
11e022e0   EMF_ReadFlashRom_s32
11e023a8   EMF_Read3_s32
11e02414   EMF_Read2_s32
11e024cc   EMF_Initialization_s32
11e0252c   EMF_EnableIntr_s32
11e025f4   mwintc_setupApp
11e02688   cic0Out2Evnt
11e02714   mwintc_setup
11e02794   mwintc_setup2
11e02860   mwintc_mapSystemIntrToChannel
11e02878   mwintc_getInterruptStatus
11e028a8   mwintc_enableSysInterrupt
11e028c0   mwintc_enableHostInterrupt
11e028d4   mwintc_disableSysInterrupt
11e028ec   mwintc_disableHostInterrupt
11e02904   mwintc_clearSysInterrupt
11e02918   int_end_nestint
11e02968   int_begin_nestint
11e029a8   IRQ_globalRestore
11e029b0   IRQ_globalEnable
11e029d0   IRQ_globalDisable
11e02a00   CSL2_intcHwControl
11e02d20   EMF_ErrIntr_vo
11e02f00   GPI_setVector_vo
11e02fd4   GPI_int_ack_vo
11e03024   GPI_init_vo
11e0304c   GPI_enable_int_vo
11e0306c   GPI_disable_int_vo
11e030a0   CSL2_loadResource
11e030b4   CSL2_intcOpen2
11e03220   CSL_intcInterruptEnable
11e03240   CSL_intcInterruptDisable
11e03260   _CSL_intcInterruptClear
11e0326c   _CSL_intcInterruptSet
11e03278   _CSL_intcInterruptRestore
11e03290   _CSL_intcQueryInterruptStatus
11e032a8   CSL_intcGlobalEnable
11e032c8   _CSL_intcGlobalDisable
11e032e8   _CSL_intcGlobalRestore
11e03300   CSL_intcGlobalNmiEnable
11e03314   _CSL_intcGlobalExcepEnable
11e03328   _CSL_intcGlobalExtExcepEnable
11e0333c   _CSL_intcGlobalExcepClear
11e03360   mw_setVect
11e03380   _CSL2_intcDispatcherDummy
11f00170   intcObj
11f00270   gpio_int_map
11f002b0   _mwSinTbl
11f02300   WAVE_Enc_error
11f02304   WAVE_ofst_Iu
11f02308   WAVE_ofst_Iv
11f0230c   WAVE_ofst_Iw
11f02310   WAVE_Vdc_ofst
11f02318   debug
11f02328   debug2
11f02338   debug3
11f02348   joint
11f02b50   ob_sub
11f02cb0   Wr_sub
11f02fc8   Wr_DPD
11f032e0   dyn
11f033e8   tri
11f03460   gsub
11f035c0   Tm_sub
11f03608   ad1
11f0360c   ad2
11f03610   ad3
11f03614   ModRatioU
11f03618   ModRatioV
11f0361c   ModRatioW
11f03620   _stack
11f04620   WAVE_INIT_COUNT
11f04620   __TI_STACK_END
11f04620   __TI_STATIC_BASE
11f04624   WAVE_FIL_Y
11f04628   flag_cont_start
11f0462c   flag_dead
11f04630   flag_dyn_payload
11f04634   flag_CalcHandCmd
11f04638   flag_debug
11f0463c   flag_pv
11f04640   flag_delay
11f04644   flag_Vdc_setted
11f04648   flag_FBgain
11f0464c   flag_PPgain
11f04650   flag_FF
11f04654   flag_SOB
11f04658   counter_2
11f0465c   WAVE_LoopCount
11f04660   flag_FF_triple
11f04664   flag_cmd_end
11f04668   flag_FRA_Axis
11f0466c   flag_FRA_test_start
11f04670   flag_FRA_test_end
11f04674   WAVE_Timer0
11f04678   WAVE_Timer1
11f0467c   WAVE_Timer2
11f04680   WAVE_Joint1
11f04684   WAVE_Joint2
11f04688   WAVE_Joint3
11f0468c   WAVE_HandX
11f04690   WAVE_HandY
11f04694   WAVE_HandZ
11f04698   WAVE_fx
11f0469c   WAVE_fy
11f046a0   WAVE_fz
11f046a4   WAVE_vx
11f046a8   WAVE_vy
11f046ac   WAVE_vz
11f046b0   WAVE_state
11f046b4   WAVE_check
11f046b8   flag_reposition
11f046bc   flag_first_go
11f046c0   flag_first_back
11f046c4   flag_hard
11f046c8   flag_CircleStart1
11f046cc   flag_CircleStart2
11f046d0   flag_CircleStart3
11f046d4   flag_end1
11f046d8   flag_end2
11f046dc   flag_end3
11f046e0   flag_on
11f046e4   start_go1
11f046e8   start_go2
11f046ec   start_go3
11f046f0   start_back1
11f046f4   start_back2
11f046f8   start_back3
11f046fc   Ref_Iq_ref_direct
11f04700   Ref_Iq_ref_direct1
11f04704   Ref_Iq_ref_direct2
11f04708   Ref_Iq_ref_direct3
11f0470c   Ref_wM_direct
11f04710   Iq_off
11f04714   Flag_ARCS_start
11f04718   Flag_ARCS_clear
11f0471c   speed_hand
11f04720   ref_wm_direct
11f04724   debug_theta
11f04728   load_angle_limit_deg1
11f0472c   load_angle_limit_deg2
11f04730   load_angle_limit_deg3
11f04734   load_angle_limit_deg5
11f04738   load_angle_limit_rad1
11f0473c   load_angle_limit_rad2
11f04740   load_angle_limit_rad3
11f04744   load_angle_limit_rad5
11f04748   left_rotation_flag
11f0474c   right_rotation_flag
11f04750   down_rotation_flag2
11f04754   up_rotation_flag2
11f04758   down_rotation_flag3
11f0475c   up_rotation_flag3
11f04760   down_rotation_flag5
11f04764   up_rotation_flag5
11f04768   WAVE_Kpp1
11f0476c   WAVE_Kff1
11f04770   WAVE_Kfb1
11f04774   WAVE_Kvp1
11f04778   WAVE_Kvi1
11f0477c   WAVE_fwm1
11f04780   WAVE_fqs1
11f04784   WAVE_fwl1
11f04788   WAVE_Kpp1_wr
11f0478c   WAVE_Kff1_wr
11f04790   WAVE_Kfb1_wr
11f04794   WAVE_Kvp1_wr
11f04798   WAVE_Kvi1_wr
11f0479c   WAVE_fwm1_wr
11f047a0   WAVE_fqs1_wr
11f047a4   WAVE_fwl1_wr
11f047a8   WAVE_Kpp2
11f047ac   WAVE_Kff2
11f047b0   WAVE_Kfb2
11f047b4   WAVE_Kvp2
11f047b8   WAVE_Kvi2
11f047bc   WAVE_fwm2
11f047c0   WAVE_fqs2
11f047c4   WAVE_fwl2
11f047c8   WAVE_Kpp2_wr
11f047cc   WAVE_Kff2_wr
11f047d0   WAVE_Kfb2_wr
11f047d4   WAVE_Kvp2_wr
11f047d8   WAVE_Kvi2_wr
11f047dc   WAVE_fwm2_wr
11f047e0   WAVE_fqs2_wr
11f047e4   WAVE_fwl2_wr
11f047e8   WAVE_Kpp3
11f047ec   WAVE_Kff3
11f047f0   WAVE_Kfb3
11f047f4   WAVE_Kvp3
11f047f8   WAVE_Kvi3
11f047fc   WAVE_fwm3
11f04800   WAVE_fqs3
11f04804   WAVE_fwl3
11f04808   WAVE_Kpp3_wr
11f0480c   WAVE_Kff3_wr
11f04810   WAVE_Kfb3_wr
11f04814   WAVE_Kvp3_wr
11f04818   WAVE_Kvi3_wr
11f0481c   WAVE_fwm3_wr
11f04820   WAVE_fqs3_wr
11f04824   WAVE_fwl3_wr
11f04828   WAVE_al_calc1
11f0482c   WAVE_wl_calc1
11f04830   WAVE_ql_calc1
11f04834   WAVE_wm_calc1
11f04838   WAVE_al_calc2
11f0483c   WAVE_wl_calc2
11f04840   WAVE_ql_calc2
11f04844   WAVE_wm_calc2
11f04848   WAVE_al_calc3
11f0484c   WAVE_wl_calc3
11f04850   WAVE_ql_calc3
11f04854   WAVE_wm_calc3
11f04858   WAVE_al_calc_DPD1
11f0485c   WAVE_wl_calc_DPD1
11f04860   WAVE_ql_calc_DPD1
11f04864   WAVE_wm_calc_DPD1
11f04868   WAVE_al_calc_DPD2
11f0486c   WAVE_wl_calc_DPD2
11f04870   WAVE_ql_calc_DPD2
11f04874   WAVE_wm_calc_DPD2
11f04878   WAVE_al_calc_DPD3
11f0487c   WAVE_wl_calc_DPD3
11f04880   WAVE_ql_calc_DPD3
11f04884   WAVE_wm_calc_DPD3
11f04888   WAVE_est_wm1
11f0488c   WAVE_est_qs1
11f04890   WAVE_est_wl1
11f04894   WAVE_est_wm2
11f04898   WAVE_est_qs2
11f0489c   WAVE_est_wl2
11f048a0   WAVE_est_wm3
11f048a4   WAVE_est_qs3
11f048a8   WAVE_est_wl3
11f048ac   WAVE_est_conv_wm1
11f048b0   WAVE_est_conv_qs1
11f048b4   WAVE_est_conv_wl1
11f048b8   WAVE_est_conv_wm2
11f048bc   WAVE_est_conv_qs2
11f048c0   WAVE_est_conv_wl2
11f048c4   WAVE_est_conv_wm3
11f048c8   WAVE_est_conv_qs3
11f048cc   WAVE_est_conv_wl3
11f048d0   WAVE_est_prop_wm1
11f048d4   WAVE_est_prop_qs1
11f048d8   WAVE_est_prop_wl1
11f048dc   WAVE_est_prop_wm2
11f048e0   WAVE_est_prop_qs2
11f048e4   WAVE_est_prop_wl2
11f048e8   WAVE_est_prop_wm3
11f048ec   WAVE_est_prop_qs3
11f048f0   WAVE_est_prop_wl3
11f048f4   WAVE_est_ISOB_wm1
11f048f8   WAVE_est_ISOB_qs1
11f048fc   WAVE_est_ISOB_wl1
11f04900   WAVE_est_ISOB_wm2
11f04904   WAVE_est_ISOB_qs2
11f04908   WAVE_est_ISOB_wl2
11f0490c   WAVE_est_ISOB_wm3
11f04910   WAVE_est_ISOB_qs3
11f04914   WAVE_est_ISOB_wl3
11f04918   WAVE_IresU1
11f0491c   WAVE_IresU2
11f04920   WAVE_IresU3
11f04924   WAVE_IresV1
11f04928   WAVE_IresV2
11f0492c   WAVE_IresV3
11f04930   WAVE_IresW1
11f04934   WAVE_IresW2
11f04938   WAVE_IresW3
11f0493c   WAVE_ACC_LW8079
11f04940   WAVE_ACC_LW8174
11f04944   WAVE_ACC_LW8174_axis
11f04948   WAVE_Fz
11f0494c   WAVE_WSX
11f04950   WAVE_WSY
11f04954   WAVE_WSZ
11f04958   WAVE_U_modulation
11f0495c   WAVE_V_modulation
11f04960   WAVE_W_modulation
11f04964   ref_Iq_direct1
11f04968   ref_Iq_direct2
11f0496c   ref_Iq_direct3
11f04970   WAVE_AccCmd1
11f04974   WAVE_VelCmd1
11f04978   WAVE_AccCmd2
11f0497c   WAVE_VelCmd2
11f04980   WAVE_AccCmd3
11f04984   WAVE_VelCmd3
11f04988   WAVE_av4_1
11f0498c   WAVE_av3_1
11f04990   WAVE_av2_1
11f04994   WAVE_av1_1
11f04998   WAVE_av0_1
11f0499c   WAVE_bv3_1
11f049a0   WAVE_bv2_1
11f049a4   WAVE_bv1_1
11f049a8   WAVE_bv0_1
11f049ac   WAVE_aq2_1
11f049b0   WAVE_aq1_1
11f049b4   WAVE_aq0_1
11f049b8   WAVE_av4_2
11f049bc   WAVE_av3_2
11f049c0   WAVE_av2_2
11f049c4   WAVE_av1_2
11f049c8   WAVE_av0_2
11f049cc   WAVE_bv3_2
11f049d0   WAVE_bv2_2
11f049d4   WAVE_bv1_2
11f049d8   WAVE_bv0_2
11f049dc   WAVE_aq2_2
11f049e0   WAVE_aq1_2
11f049e4   WAVE_aq0_2
11f049e8   WAVE_av4_3
11f049ec   WAVE_av3_3
11f049f0   WAVE_av2_3
11f049f4   WAVE_av1_3
11f049f8   WAVE_av0_3
11f049fc   WAVE_bv3_3
11f04a00   WAVE_bv2_3
11f04a04   WAVE_bv1_3
11f04a08   WAVE_bv0_3
11f04a0c   WAVE_aq2_3
11f04a10   WAVE_aq1_3
11f04a14   WAVE_aq0_3
11f04a18   WAVE_av4_1_wr
11f04a1c   WAVE_av3_1_wr
11f04a20   WAVE_av2_1_wr
11f04a24   WAVE_av1_1_wr
11f04a28   WAVE_av0_1_wr
11f04a2c   WAVE_bv3_1_wr
11f04a30   WAVE_bv2_1_wr
11f04a34   WAVE_bv1_1_wr
11f04a38   WAVE_bv0_1_wr
11f04a3c   WAVE_aq2_1_wr
11f04a40   WAVE_aq1_1_wr
11f04a44   WAVE_aq0_1_wr
11f04a48   WAVE_av4_2_wr
11f04a4c   WAVE_av3_2_wr
11f04a50   WAVE_av2_2_wr
11f04a54   WAVE_av1_2_wr
11f04a58   WAVE_av0_2_wr
11f04a5c   WAVE_bv3_2_wr
11f04a60   WAVE_bv2_2_wr
11f04a64   WAVE_bv1_2_wr
11f04a68   WAVE_bv0_2_wr
11f04a6c   WAVE_aq2_2_wr
11f04a70   WAVE_aq1_2_wr
11f04a74   WAVE_aq0_2_wr
11f04a78   WAVE_av4_3_wr
11f04a7c   WAVE_av3_3_wr
11f04a80   WAVE_av2_3_wr
11f04a84   WAVE_av1_3_wr
11f04a88   WAVE_av0_3_wr
11f04a8c   WAVE_bv3_3_wr
11f04a90   WAVE_bv2_3_wr
11f04a94   WAVE_bv1_3_wr
11f04a98   WAVE_bv0_3_wr
11f04a9c   WAVE_aq2_3_wr
11f04aa0   WAVE_aq1_3_wr
11f04aa4   WAVE_aq0_3_wr
11f04aa8   Wave_FRAFreq
11f04aac   Wave_FRATime
11f04ab0   Wave_Nif
11f04ab4   Wave_FRAtest_flag
11f04ab8   flag_fin
11f04abc   Wr_Throth_check
11f04d34   tmr1regs
11f04d38   tmr2regs
11f04d3c   tmr3regs
11f04d40   mw_gp__CSL_intcCpuIntrTable
11f04d44   mw_platform_errno
11f04d48   WAVE_MRU1
11f04d4c   WAVE_MRV1
11f04d50   WAVE_MRW1
11f04d54   WAVE_MRU2
11f04d58   WAVE_MRV2
11f04d5c   WAVE_MRW2
11f04d60   WAVE_MRU3
11f04d64   WAVE_MRV3
11f04d68   WAVE_MRW3
11f04d6c   WAVE_MRBR1
11f04d70   WAVE_MRBR2
11f04d74   WAVE_MRBR3
11f04d78   WAVE_tauLdyn1
11f04d7c   WAVE_tauLdyn2
11f04d80   WAVE_tauLdyn3
11f04d84   WAVE_Jl_calc1
11f04d88   WAVE_Jl_calc2
11f04d8c   WAVE_Jl_calc3
11f04d90   WAVE_Jl_Wr1
11f04d94   WAVE_Jl_Wr2
11f04d98   WAVE_Jl_Wr3
11f04d9c   WAVE_IresD1
11f04da0   WAVE_IresD2
11f04da4   WAVE_IresD3
11f04da8   WAVE_IresQ1
11f04dac   WAVE_IresQ2
11f04db0   WAVE_IresQ3
11f04db4   WAVE_Vdc1
11f04db8   WAVE_Vdc2
11f04dbc   WAVE_Vdc3
11f04dc0   WAVE_Idc1
11f04dc4   WAVE_Idc2
11f04dc8   WAVE_Idc3
11f04dcc   WAVE_ENC_temp1
11f04dd0   WAVE_ENC_temp2
11f04dd4   WAVE_ENC_temp3
11f04dd8   WAVE_ENC1
11f04ddc   WAVE_ENC2
11f04de0   WAVE_ENC3
11f04de4   WAVE_theta_rm1
11f04de8   WAVE_theta_rm2
11f04dec   WAVE_theta_rm3
11f04df0   WAVE_theta_rm_ref1
11f04df4   WAVE_theta_rm_ref2
11f04df8   WAVE_theta_rm_ref3
11f04dfc   WAVE_theta_rm_full1
11f04e00   WAVE_theta_rm_full2
11f04e04   WAVE_theta_rm_full3
11f04e08   WAVE_theta_re1
11f04e0c   WAVE_theta_re2
11f04e10   WAVE_theta_re3
11f04e14   WAVE_TRG_WM1
11f04e18   WAVE_TRG_WM2
11f04e1c   WAVE_TRG_WM3
11f04e20   WAVE_wm1
11f04e24   WAVE_wm2
11f04e28   WAVE_wm3
11f04e2c   WAVE_wm_ref_org
11f04e30   WAVE_wm_ref1
11f04e34   WAVE_wm_ref2
11f04e38   WAVE_wm_ref3
11f04e3c   WAVE_wm_cmd1
11f04e40   WAVE_wm_cmd2
11f04e44   WAVE_wm_cmd3
11f04e48   WAVE_wm_CCC1
11f04e4c   WAVE_wm_CCC2
11f04e50   WAVE_wm_CCC3
11f04e54   WAVE_qm1
11f04e58   WAVE_qm2
11f04e5c   WAVE_qm3
11f04e60   WAVE_qm_ref1
11f04e64   WAVE_qm_ref2
11f04e68   WAVE_qm_ref3
11f04e6c   WAVE_ql1
11f04e70   WAVE_ql2
11f04e74   WAVE_ql3
11f04e78   WAVE_Iq1
11f04e7c   WAVE_Iq2
11f04e80   WAVE_Iq3
11f04e84   WAVE_Isfb1
11f04e88   WAVE_Isfb2
11f04e8c   WAVE_Isfb3
11f04e90   WAVE_jark1
11f04e94   WAVE_jark2
11f04e98   WAVE_jark3
11f04e9c   WAVE_am_TriAccCmd1
11f04ea0   WAVE_am_TriAccCmd2
11f04ea4   WAVE_am_TriAccCmd3
11f04ea8   WAVE_wm_TriAccCmd1
11f04eac   WAVE_wm_TriAccCmd2
11f04eb0   WAVE_wm_TriAccCmd3
11f04eb4   WAVE_qm_TriAccCmd1
11f04eb8   WAVE_qm_TriAccCmd2
11f04ebc   WAVE_qm_TriAccCmd3
11f04ec0   WAVE_VrefU1
11f04ec4   WAVE_VrefV1
11f04ec8   WAVE_VrefW1
11f04ecc   WAVE_VrefU2
11f04ed0   WAVE_VrefV2
11f04ed4   WAVE_VrefW2
11f04ed8   WAVE_VrefU3
11f04edc   WAVE_VrefV3
11f04ee0   WAVE_VrefW3
11f04ee4   WAVE_vu_ref_stand1
11f04ee8   WAVE_vv_ref_stand1
11f04eec   WAVE_vw_ref_stand1
11f04ef0   WAVE_vu_ref_stand2
11f04ef4   WAVE_vv_ref_stand2
11f04ef8   WAVE_vw_ref_stand2
11f04efc   WAVE_vu_ref_stand3
11f04f00   WAVE_vv_ref_stand3
11f04f04   WAVE_vw_ref_stand3
11f04f08   WAVE_IrefD1
11f04f0c   WAVE_IrefD2
11f04f10   WAVE_IrefD3
11f04f14   WAVE_IrefQ1
11f04f18   WAVE_IrefQ2
11f04f1c   WAVE_IrefQ3
11f04f20   WAVE_VrefD_dcpl1
11f04f24   WAVE_VrefQ_dcpl1
11f04f28   WAVE_VrefD_dcpl2
11f04f2c   WAVE_VrefQ_dcpl2
11f04f30   WAVE_VrefD_dcpl3
11f04f34   WAVE_VrefQ_dcpl3
11f04f38   WAVE_VrefD1
11f04f3c   WAVE_VrefQ1
11f04f40   WAVE_VrefD2
11f04f44   WAVE_VrefQ2
11f04f48   WAVE_VrefD3
11f04f4c   WAVE_VrefQ3
11f04f50   WAVE_vd_lim_dif1
11f04f54   WAVE_vq_lim_dif1
11f04f58   WAVE_vd_lim_dif2
11f04f5c   WAVE_vq_lim_dif2
11f04f60   WAVE_vd_lim_dif3
11f04f64   WAVE_vq_lim_dif3
11f04f68   WAVE_omega_rm1
11f04f6c   WAVE_omega_rm2
11f04f70   WAVE_omega_rm3
11f04f74   WAVE_omega_rm1_ref
11f04f78   WAVE_omega_rm2_ref
11f04f7c   WAVE_omega_rm3_ref
11f04f80   WAVE_Tq1
11f04f84   WAVE_Tq2
11f04f88   WAVE_Tq3
11f04f8c   WAVE_Icmp1
11f04f90   WAVE_Icmp2
11f04f94   WAVE_Icmp3
11f04f98   WAVE_Icmd1
11f04f9c   WAVE_Icmd2
11f04fa0   WAVE_Icmd3
11f04fa4   WAVE_Freq
11f04fa8   WAVE_Tfra
11f04fac   ref_Iq_freq_direct1
11f04fb0   ref_Iq_freq_direct2
11f04fb4   ref_Iq_freq_direct3
11f04fb8   WAVE_Iff_1
11f04fbc   WAVE_Iff_2
11f04fc0   WAVE_Iff_3
11f04fc4   WAVE_tauL_dyn_2nd
11f04fc8   WAVE_VWX
11f04fcc   WAVE_VWY
11f04fd0   WAVE_VWZ
11f050b4   EMF_ExtWaitErrInfo_u32s
11f050b8   EMF_ExtWaitErrCnt_u32s
11f050bc   hGpio
ffffffff   __TI_pprof_out_hndl
ffffffff   __TI_prof_data_size
ffffffff   __TI_prof_data_start
ffffffff   __binit__
ffffffff   __c_args__
ffffffff   binit
UNDEFED    __TI_INITARRAY_Base
UNDEFED    __TI_INITARRAY_Limit
UNDEFED    __TI_TLS_INIT_Base
UNDEFED    __TI_TLS_INIT_Limit

[821 symbols]
